2026-04-28 07:27:19.198 | INFO     | DuckDB     | DuckDB | 所有核心表结构初始化完成 (含热点板块)
2026-04-28 07:27:19.198 | INFO     | DuckDB     | DuckDB 核心就绪: E:\1target\p9_project\quant-platform\data\meta\meta.db
2026-04-28 07:27:21.970 | INFO     | API-Server | P9 Quant Platform Background Tasks Startup...
2026-04-28 07:28:11.745 | INFO     | ConceptSync | concept: 获取到 879 个概念分类
2026-04-28 07:28:11.745 | WARNING  | ConceptSync | concept: 无有效成分股数据
2026-04-28 07:28:11.745 | WARNING  | ConceptSync | 标准概念同步失败: name 'failed' is not defined
2026-04-28 07:28:11.887 | WARNING  | ConceptSync | 同花顺概念也同步失败: 请指定正确的接口名
2026-04-28 07:28:11.888 | WARNING  | ConceptSync | 概念数据同步不可用（Tushare API 权限或网络问题），板块热度功能不受影响
2026-04-28 07:28:24.366 | INFO     | HeatCalc   | 加载了 5212 只股票的最近日线数据
2026-04-28 07:28:25.017 | INFO     | HeatCalc   | 热度计算完成: 0 概念, 110 板块
2026-04-28 07:28:50.718 | ERROR    | RedisManager | Redis 连接失败 (localhost:6379): Error 10061 connecting to localhost:6379. 由于目标计算机积极拒绝，无法连接。.
2026-04-28 07:29:28.617 | INFO     | API-Screener | 📡 [API] 收到选股请求: break20
2026-04-28 07:29:28.617 | INFO     | API-Screener | 🚀 [Thread] 选股任务线程已启动: break20
2026-04-28 07:29:28.618 | INFO     | Screener   | 🔍 [Engine] run_scan 开始执行: break20, 频率: day
2026-04-28 07:29:28.618 | INFO     | Screener   | [1/10] 加载股票元数据...
2026-04-28 07:29:28.625 | INFO     | Screener   | [3/10] 启动并行引擎 (32 核心) 加载并扫描 5510 只股票...
2026-04-28 07:29:28.632 | INFO     | Screener   | 📡 [Loader] 识别到桥接函数: break20.generate_signals()
2026-04-28 07:29:29.482 | INFO     | Screener   | 成功预加载大盘基准数据: 000905.SH (261 行)
2026-04-28 07:29:29.482 | INFO     | Screener   | [4.5/10] ⚡ QMT 极速行情引擎激活中：拉取当日最新真实验证切片(含夜盘离线快照)...
2026-04-28 07:29:31.513 | INFO     | Screener   | [5/37] 串行任务区块 1/32 计算中...
2026-04-28 07:30:31.072 | INFO     | Screener   | [6/37] 串行任务区块 2/32 计算中...
2026-04-28 07:31:25.475 | INFO     | Screener   | [7/37] 串行任务区块 3/32 计算中...
2026-04-28 07:32:28.669 | INFO     | Screener   | [8/37] 串行任务区块 4/32 计算中...
2026-04-28 07:33:16.779 | INFO     | Screener   | [9/37] 串行任务区块 5/32 计算中...
2026-04-28 07:34:03.749 | INFO     | Screener   | [10/37] 串行任务区块 6/32 计算中...
2026-04-28 07:34:55.869 | INFO     | Screener   | [11/37] 串行任务区块 7/32 计算中...
2026-04-28 07:35:53.781 | INFO     | Screener   | [12/37] 串行任务区块 8/32 计算中...
2026-04-28 07:36:48.678 | INFO     | Screener   | [13/37] 串行任务区块 9/32 计算中...
2026-04-28 07:37:43.319 | INFO     | Screener   | [14/37] 串行任务区块 10/32 计算中...
2026-04-28 07:38:43.286 | INFO     | Screener   | [15/37] 串行任务区块 11/32 计算中...
2026-04-28 07:39:36.724 | INFO     | Screener   | [16/37] 串行任务区块 12/32 计算中...
2026-04-28 07:40:32.186 | INFO     | Screener   | [17/37] 串行任务区块 13/32 计算中...
2026-04-28 07:41:29.186 | INFO     | Screener   | [18/37] 串行任务区块 14/32 计算中...
2026-04-28 07:42:26.713 | INFO     | Screener   | [19/37] 串行任务区块 15/32 计算中...
2026-04-28 07:43:21.425 | INFO     | Screener   | [20/37] 串行任务区块 16/32 计算中...
2026-04-28 07:44:19.560 | INFO     | Screener   | [21/37] 串行任务区块 17/32 计算中...
2026-04-28 07:45:19.530 | INFO     | Screener   | [22/37] 串行任务区块 18/32 计算中...
2026-04-28 07:46:13.573 | INFO     | Screener   | [23/37] 串行任务区块 19/32 计算中...
2026-04-28 07:47:07.704 | INFO     | Screener   | [24/37] 串行任务区块 20/32 计算中...
2026-04-28 07:47:59.772 | INFO     | Screener   | [25/37] 串行任务区块 21/32 计算中...
2026-04-28 07:49:00.317 | INFO     | Screener   | [26/37] 串行任务区块 22/32 计算中...
2026-04-28 07:49:54.121 | INFO     | Screener   | [27/37] 串行任务区块 23/32 计算中...
2026-04-28 07:50:45.825 | INFO     | Screener   | [28/37] 串行任务区块 24/32 计算中...
2026-04-28 07:51:42.072 | INFO     | Screener   | [29/37] 串行任务区块 25/32 计算中...
2026-04-28 07:52:39.961 | INFO     | Screener   | [30/37] 串行任务区块 26/32 计算中...
2026-04-28 07:53:32.473 | INFO     | Screener   | [31/37] 串行任务区块 27/32 计算中...
2026-04-28 07:54:31.559 | INFO     | Screener   | [32/37] 串行任务区块 28/32 计算中...
2026-04-28 07:55:27.977 | INFO     | Screener   | [33/37] 串行任务区块 29/32 计算中...
2026-04-28 07:56:25.561 | INFO     | Screener   | [34/37] 串行任务区块 30/32 计算中...
2026-04-28 07:57:17.225 | INFO     | Screener   | [35/37] 串行任务区块 31/32 计算中...
2026-04-28 07:58:11.734 | WARNING  | DuckDB     | DuckDB | 数据库占用中，准备重试... (1/5)
2026-04-28 07:58:12.302 | WARNING  | DuckDB     | DuckDB | 数据库占用中，准备重试... (2/5)
2026-04-28 07:58:12.873 | WARNING  | DuckDB     | DuckDB | 数据库占用中，准备重试... (3/5)
2026-04-28 07:58:13.443 | WARNING  | DuckDB     | DuckDB | 数据库占用中，准备重试... (4/5)
2026-04-28 07:58:13.581 | INFO     | Screener   | [36/37] 串行任务区块 32/32 计算中...
2026-04-28 07:58:14.019 | ERROR    | DuckDB     | DuckDB | 无法连接到数据库: IO Error: Cannot open file "E:\1target\p9_project\quant-platform\data\meta\meta.db": 另一个程序正在使用此文件，进程无法访问。

File is already open in 
C:\Python314\python.exe (PID 36896)
2026-04-28 07:58:14.019 | ERROR    | DuckDB     | DuckDB | 初始化表结构失败: IO Error: Cannot open file "E:\1target\p9_project\quant-platform\data\meta\meta.db": 另一个程序正在使用此文件，进程无法访问。

File is already open in 
C:\Python314\python.exe (PID 36896)
2026-04-28 07:58:23.448 | INFO     | ConceptSync | concept: 获取到 879 个概念分类
2026-04-28 07:58:23.448 | WARNING  | ConceptSync | concept: 无有效成分股数据
2026-04-28 07:58:23.448 | WARNING  | ConceptSync | 标准概念同步失败: name 'failed' is not defined
2026-04-28 07:58:23.587 | WARNING  | ConceptSync | 同花顺概念也同步失败: 请指定正确的接口名
2026-04-28 07:58:23.587 | WARNING  | ConceptSync | 概念数据同步不可用（Tushare API 权限或网络问题），板块热度功能不受影响
2026-04-28 19:03:54.921 | INFO     | DuckDB     | DuckDB | 所有核心表结构初始化完成 (含热点板块)
2026-04-28 19:03:54.921 | INFO     | DuckDB     | DuckDB 核心就绪: E:\1target\p9_project\quant-platform\data\meta\meta.db
2026-04-28 19:04:29.390 | INFO     | DuckDB     | DuckDB | 所有核心表结构初始化完成 (含热点板块)
2026-04-28 19:04:29.391 | INFO     | DuckDB     | DuckDB 核心就绪: E:\1target\p9_project\quant-platform\data\meta\meta.db
2026-04-28 19:04:30.219 | INFO     | API-Server | P9 Quant Platform Background Tasks Startup...
2026-04-28 19:05:45.477 | INFO     | HeatCalc   | 加载了 5212 只股票的最近日线数据
2026-04-28 19:05:46.201 | INFO     | HeatCalc   | 热度计算完成: 0 概念, 110 板块
2026-04-28 19:06:10.301 | ERROR    | RedisManager | Redis 连接失败 (localhost:6379): Error 10061 connecting to localhost:6379. 由于目标计算机积极拒绝，无法连接。.
2026-04-28 19:07:43.967 | INFO     | API-Screener | 📡 [API] 收到选股请求: BREAK20
2026-04-28 19:07:43.968 | INFO     | API-Screener | 🚀 [Thread] 选股任务线程已启动: BREAK20
2026-04-28 19:07:43.968 | INFO     | Screener   | 🔍 [Engine] run_scan 开始执行: BREAK20, 频率: daily
2026-04-28 19:07:43.968 | INFO     | Screener   | [1/10] 加载股票元数据...
2026-04-28 19:07:43.989 | INFO     | Screener   | [3/10] 启动并行引擎 (32 核心) 加载并扫描 5201 只股票...
2026-04-28 19:07:43.992 | ERROR    | Screener   | 无法定位策略: BREAK20
2026-04-28 19:16:17.821 | INFO     | DuckDB     | DuckDB | 所有核心表结构初始化完成 (含热点板块)
2026-04-28 19:16:17.822 | INFO     | DuckDB     | DuckDB 核心就绪: E:\1target\p9_project\quant-platform\data\meta\meta.db
2026-04-28 19:16:18.388 | INFO     | API-Server | P9 Quant Platform Background Tasks Startup...
2026-04-28 21:40:28.914 | WARNING  | DuckDB     | DuckDB | 数据库占用中，准备重试... (1/5)
2026-04-28 21:40:29.484 | WARNING  | DuckDB     | DuckDB | 数据库占用中，准备重试... (2/5)
2026-04-28 21:40:30.051 | WARNING  | DuckDB     | DuckDB | 数据库占用中，准备重试... (3/5)
2026-04-28 21:40:30.627 | WARNING  | DuckDB     | DuckDB | 数据库占用中，准备重试... (4/5)
2026-04-28 21:40:31.305 | ERROR    | DuckDB     | DuckDB | 无法连接到数据库: IO Error: Cannot open file "E:\1target\p9_project\quant-platform\data\meta\meta.db": 另一个程序正在使用此文件，进程无法访问。

File is already open in 
C:\Python314\python.exe (PID 25480)
2026-04-28 21:40:31.305 | ERROR    | DuckDB     | DuckDB | 初始化表结构失败: IO Error: Cannot open file "E:\1target\p9_project\quant-platform\data\meta\meta.db": 另一个程序正在使用此文件，进程无法访问。

File is already open in 
C:\Python314\python.exe (PID 25480)
2026-04-28 21:41:02.254 | INFO     | DuckDB     | DuckDB | 所有核心表结构初始化完成 (含热点板块)
2026-04-28 21:41:02.255 | INFO     | DuckDB     | DuckDB 核心就绪: E:\1target\p9_project\quant-platform\data\meta\meta.db
2026-04-28 21:41:02.822 | INFO     | API-Server | P9 Quant Platform Background Tasks Startup...
2026-04-28 21:44:45.950 | INFO     | DuckDB     | DuckDB | 所有核心表结构初始化完成 (含热点板块)
2026-04-28 21:44:45.951 | INFO     | DuckDB     | DuckDB 核心就绪: E:\1target\p9_project\quant-platform\data\meta\meta.db
2026-04-28 21:44:46.382 | INFO     | API-Server | P9 Quant Platform Background Tasks Startup...
2026-04-28 21:47:24.416 | INFO     | DuckDB     | DuckDB | 所有核心表结构初始化完成 (含热点板块)
2026-04-28 21:47:24.416 | INFO     | DuckDB     | DuckDB 核心就绪: E:\1target\p9_project\quant-platform\data\meta\meta.db
2026-04-28 21:47:24.852 | INFO     | API-Server | P9 Quant Platform Background Tasks Startup...
2026-04-28 21:47:51.097 | INFO     | HeatCalc   | 加载了 5212 只股票的最近日线数据
2026-04-28 21:47:54.565 | INFO     | HeatCalc   | 热度计算完成: 0 概念, 110 板块
2026-04-28 21:48:18.080 | ERROR    | RedisManager | Redis 连接失败 (localhost:6379): Error 10061 connecting to localhost:6379. 由于目标计算机积极拒绝，无法连接。.
2026-04-28 21:48:45.525 | WARNING  | DuckDB     | DuckDB | 数据库占用中，准备重试... (1/5)
2026-04-28 21:48:46.095 | WARNING  | DuckDB     | DuckDB | 数据库占用中，准备重试... (2/5)
2026-04-28 21:48:46.671 | WARNING  | DuckDB     | DuckDB | 数据库占用中，准备重试... (3/5)
2026-04-28 21:48:47.243 | WARNING  | DuckDB     | DuckDB | 数据库占用中，准备重试... (4/5)
2026-04-28 21:48:47.813 | ERROR    | DuckDB     | DuckDB | 无法连接到数据库: IO Error: Cannot open file "E:\1target\p9_project\quant-platform\data\meta\meta.db": 另一个程序正在使用此文件，进程无法访问。

File is already open in 
D:\Program Files\Python313\python.exe (PID 15704)
2026-04-28 21:48:47.823 | ERROR    | DuckDB     | DuckDB | 初始化表结构失败: IO Error: Cannot open file "E:\1target\p9_project\quant-platform\data\meta\meta.db": 另一个程序正在使用此文件，进程无法访问。

File is already open in 
D:\Program Files\Python313\python.exe (PID 15704)
2026-04-28 21:49:18.689 | INFO     | ConceptSync | concept: 获取到 879 个概念分类
2026-04-28 21:49:18.690 | WARNING  | ConceptSync | concept: 无有效成分股数据
2026-04-28 21:49:18.828 | WARNING  | ConceptSync | 同花顺概念也同步失败: 请指定正确的接口名
2026-04-28 21:49:18.830 | WARNING  | ConceptSync | 概念数据同步不可用（Tushare API 权限或网络问题），板块热度功能不受影响
2026-04-28 21:51:20.213 | WARNING  | DuckDB     | DuckDB | 数据库占用中，准备重试... (1/5)
2026-04-28 21:51:20.783 | WARNING  | DuckDB     | DuckDB | 数据库占用中，准备重试... (2/5)
2026-04-28 21:51:21.353 | WARNING  | DuckDB     | DuckDB | 数据库占用中，准备重试... (3/5)
2026-04-28 21:51:21.924 | WARNING  | DuckDB     | DuckDB | 数据库占用中，准备重试... (4/5)
2026-04-28 21:51:22.498 | ERROR    | DuckDB     | DuckDB | 无法连接到数据库: IO Error: Cannot open file "E:\1target\p9_project\quant-platform\data\meta\meta.db": 另一个程序正在使用此文件，进程无法访问。

File is already open in 
D:\Program Files\Python313\python.exe (PID 15704)
2026-04-28 21:51:22.508 | ERROR    | DuckDB     | DuckDB | 初始化表结构失败: IO Error: Cannot open file "E:\1target\p9_project\quant-platform\data\meta\meta.db": 另一个程序正在使用此文件，进程无法访问。

File is already open in 
D:\Program Files\Python313\python.exe (PID 15704)
2026-04-28 21:52:52.771 | INFO     | DuckDB     | DuckDB | 所有核心表结构初始化完成 (含热点板块)
2026-04-28 21:52:52.771 | INFO     | DuckDB     | DuckDB 核心就绪: E:\1target\p9_project\quant-platform\data\meta\meta.db
2026-04-28 21:52:53.037 | INFO     | ConceptSync | concept: 获取到 879 个概念分类
2026-04-28 21:52:53.037 | WARNING  | ConceptSync | concept: 无有效成分股数据
2026-04-28 21:52:53.133 | WARNING  | ConceptSync | 同花顺概念也同步失败: 请指定正确的接口名
2026-04-28 21:52:53.142 | WARNING  | ConceptSync | 概念数据同步不可用（Tushare API 权限或网络问题），板块热度功能不受影响
2026-04-28 21:54:01.075 | INFO     | DuckDB     | DuckDB | 所有核心表结构初始化完成 (含热点板块)
2026-04-28 21:54:01.076 | INFO     | DuckDB     | DuckDB 核心就绪: E:\1target\p9_project\quant-platform\data\meta\meta.db
2026-04-28 21:54:01.334 | INFO     | ConceptSync | concept: 获取到 879 个概念分类
2026-04-28 22:03:41.964 | INFO     | ConceptSync | concept: 写入 34444 条概念映射到 DuckDB
2026-04-28 22:03:41.967 | INFO     | ConceptSync | 标准概念同步完成: 873 概念, 34444 映射
2026-04-28 22:04:09.116 | INFO     | DuckDB     | DuckDB | 所有核心表结构初始化完成 (含热点板块)
2026-04-28 22:04:09.116 | INFO     | DuckDB     | DuckDB 核心就绪: E:\1target\p9_project\quant-platform\data\meta\meta.db
2026-04-28 22:04:11.788 | INFO     | HeatCalc   | 加载了 5212 只股票的最近日线数据
2026-04-28 22:04:20.007 | INFO     | HeatCalc   | 热度计算完成: 873 概念, 110 板块
2026-04-28 22:04:59.937 | INFO     | DuckDB     | DuckDB | 所有核心表结构初始化完成 (含热点板块)
2026-04-28 22:04:59.938 | INFO     | DuckDB     | DuckDB 核心就绪: E:\1target\p9_project\quant-platform\data\meta\meta.db
2026-04-28 22:05:00.393 | INFO     | API-Server | P9 Quant Platform Background Tasks Startup...
2026-04-28 22:22:20.329 | INFO     | DuckDB     | DuckDB | 所有核心表结构初始化完成 (含热点板块)
2026-04-28 22:22:20.329 | INFO     | DuckDB     | DuckDB 核心就绪: E:\1target\p9_project\quant-platform\data\meta\meta.db
2026-04-28 22:22:20.836 | INFO     | API-Server | P9 Quant Platform Background Tasks Startup...
2026-04-28 22:27:55.983 | INFO     | DuckDB     | DuckDB | 所有核心表结构初始化完成 (含热点板块)
2026-04-28 22:27:55.983 | INFO     | DuckDB     | DuckDB 核心就绪: E:\1target\p9_project\quant-platform\data\meta\meta.db
2026-04-28 22:27:56.451 | INFO     | API-Server | P9 Quant Platform Background Tasks Startup...
2026-04-28 22:32:13.582 | INFO     | DuckDB     | DuckDB | 所有核心表结构初始化完成 (含热点板块)
2026-04-28 22:32:13.582 | INFO     | DuckDB     | DuckDB 核心就绪: E:\1target\p9_project\quant-platform\data\meta\meta.db
2026-04-28 22:32:14.032 | INFO     | API-Server | P9 Quant Platform Background Tasks Startup...
2026-04-28 22:48:59.890 | INFO     | DuckDB     | DuckDB | 所有核心表结构初始化完成 (含热点板块)
2026-04-28 22:48:59.890 | INFO     | DuckDB     | DuckDB 核心就绪: E:\1target\p9_project\quant-platform\data\meta\meta.db
2026-04-28 22:49:00.334 | INFO     | API-Server | P9 Quant Platform Background Tasks Startup...
2026-04-28 22:53:36.789 | WARNING  | DuckDB     | DuckDB | 数据库占用中，准备重试... (1/5)
2026-04-28 22:53:37.365 | WARNING  | DuckDB     | DuckDB | 数据库占用中，准备重试... (2/5)
2026-04-28 22:53:37.944 | WARNING  | DuckDB     | DuckDB | 数据库占用中，准备重试... (3/5)
2026-04-28 22:53:38.531 | WARNING  | DuckDB     | DuckDB | 数据库占用中，准备重试... (4/5)
2026-04-28 22:53:39.124 | ERROR    | DuckDB     | DuckDB | 无法连接到数据库: IO Error: Cannot open file "E:\1target\p9_project\quant-platform\data\meta\meta.db": 另一个程序正在使用此文件，进程无法访问。

File is already open in 
D:\Program Files\Python313\python.exe (PID 12932)
2026-04-28 22:53:39.126 | ERROR    | DuckDB     | DuckDB | 初始化表结构失败: IO Error: Cannot open file "E:\1target\p9_project\quant-platform\data\meta\meta.db": 另一个程序正在使用此文件，进程无法访问。

File is already open in 
D:\Program Files\Python313\python.exe (PID 12932)
2026-04-28 22:54:28.513 | INFO     | DuckDB     | DuckDB | 所有核心表结构初始化完成 (含热点板块)
2026-04-28 22:54:28.513 | INFO     | DuckDB     | DuckDB 核心就绪: E:\1target\p9_project\quant-platform\data\meta\meta.db
2026-04-28 22:54:28.962 | INFO     | API-Server | P9 Quant Platform Background Tasks Startup...
2026-04-28 22:59:57.160 | INFO     | TushareSync | sync_index_members | API预检通过 (date=20260331), 返回 300 行
2026-04-28 22:59:57.307 | INFO     | TushareSync | sync_index_members | 沪深300: API返回 300 只
2026-04-28 22:59:59.908 | INFO     | DuckDB     | upsert_index_members | HS300: 300 只成分股已更新
2026-04-28 22:59:59.909 | INFO     | TushareSync | sync_index_members | 沪深300: 300 只成分股写入完成 (来源: Tushare index_weight (20260331))
2026-04-28 23:00:00.094 | INFO     | TushareSync | sync_index_members | 中证500: API返回 500 只
2026-04-28 23:00:03.859 | INFO     | DuckDB     | upsert_index_members | ZZ500: 500 只成分股已更新
2026-04-28 23:00:03.860 | INFO     | TushareSync | sync_index_members | 中证500: 500 只成分股写入完成 (来源: Tushare index_weight (20260331))
2026-04-28 23:00:04.034 | INFO     | TushareSync | sync_index_members | 中证1000: API返回 1000 只
2026-04-28 23:00:10.863 | INFO     | DuckDB     | upsert_index_members | ZZ1000: 1000 只成分股已更新
2026-04-28 23:00:10.864 | INFO     | TushareSync | sync_index_members | 中证1000: 1000 只成分股写入完成 (来源: Tushare index_weight (20260331))
2026-04-28 23:12:06.812 | WARNING  | DataManager | HTTP 指数获取失败: HTTPConnectionPool(host='qt.gtimg.cn', port=80): Read timed out. (read timeout=1.5)
2026-04-28 23:17:24.082 | INFO     | DuckDB     | DuckDB | 所有核心表结构初始化完成 (含热点板块)
2026-04-28 23:17:24.082 | INFO     | DuckDB     | DuckDB 核心就绪: E:\1target\p9_project\quant-platform\data\meta\meta.db
2026-04-28 23:17:24.639 | INFO     | API-Server | P9 Quant Platform Background Tasks Startup...
2026-04-28 23:17:29.649 | INFO     | ParquetPipeline | ParquetPipeline | Fetching daily k-lines from 20260418 to 20260428...
2026-04-28 23:17:29.996 | INFO     | ParquetPipeline | ParquetPipeline | Pulling market for 20260428...
2026-04-28 23:17:30.799 | INFO     | ParquetPipeline | ParquetPipeline | Pulling market for 20260427...
2026-04-28 23:17:31.567 | INFO     | ParquetPipeline | ParquetPipeline | Pulling market for 20260424...
2026-04-28 23:17:32.503 | INFO     | ParquetPipeline | ParquetPipeline | Pulling market for 20260423...
2026-04-28 23:17:33.414 | INFO     | ParquetPipeline | ParquetPipeline | Pulling market for 20260422...
2026-04-28 23:17:34.234 | INFO     | ParquetPipeline | ParquetPipeline | Pulling market for 20260421...
2026-04-28 23:17:35.085 | INFO     | ParquetPipeline | ParquetPipeline | Pulling market for 20260420...
2026-04-28 23:17:35.881 | INFO     | ParquetPipeline | ParquetPipeline | Writing 5507 stocks to Parquet...
2026-04-28 23:17:37.826 | ERROR    | ParquetPipeline | ParquetPipeline | Sync failed: Cannot compare Timestamp with datetime.date. Use ts == pd.Timestamp(date) or ts.date() == date instead.
2026-04-28 23:27:21.391 | INFO     | DuckDB     | DuckDB | 所有核心表结构初始化完成 (含热点板块)
2026-04-28 23:27:21.391 | INFO     | DuckDB     | DuckDB 核心就绪: E:\1target\p9_project\quant-platform\data\meta\meta.db
2026-04-28 23:27:21.952 | INFO     | API-Server | P9 Quant Platform Background Tasks Startup...
2026-04-28 23:27:21.965 | INFO     | CronScheduler | CronScheduler | 每日数据收割机被安排在每个工作日的 17:30 执行。
2026-04-28 23:27:21.965 | INFO     | CronScheduler | CronScheduler | Redis→DuckDB 收割机已安排在每个工作日 15:30 执行。
2026-04-28 23:27:21.965 | INFO     | CronScheduler | CronScheduler | 概念数据同步已安排在每日 09:00 执行。
2026-04-28 23:27:21.966 | INFO     | CronScheduler | CronScheduler | 板块热度重算已安排在每个交易日 5 分钟/次。
2026-04-28 23:27:21.966 | INFO     | CronScheduler | CronScheduler | 收盘热度终版快照已安排在 15:30 执行。
2026-04-28 23:27:21.966 | INFO     | CronScheduler | CronScheduler | 自动调度服务(APScheduler) 已启动。
2026-04-28 23:27:26.978 | INFO     | ParquetPipeline | ParquetPipeline | Fetching daily k-lines from 20260418 to 20260428...
2026-04-28 23:27:27.346 | INFO     | ParquetPipeline | ParquetPipeline | Pulling market for 20260428...
2026-04-28 23:27:28.120 | INFO     | ParquetPipeline | ParquetPipeline | Pulling market for 20260427...
2026-04-28 23:27:28.920 | INFO     | ParquetPipeline | ParquetPipeline | Pulling market for 20260424...
2026-04-28 23:27:29.738 | INFO     | ParquetPipeline | ParquetPipeline | Pulling market for 20260423...
2026-04-28 23:27:30.523 | INFO     | ParquetPipeline | ParquetPipeline | Pulling market for 20260422...
2026-04-28 23:27:31.293 | INFO     | ParquetPipeline | ParquetPipeline | Pulling market for 20260421...
2026-04-28 23:27:32.172 | INFO     | ParquetPipeline | ParquetPipeline | Pulling market for 20260420...
2026-04-28 23:27:33.077 | INFO     | ParquetPipeline | ParquetPipeline | Writing 5507 stocks to Parquet...
2026-04-28 23:27:34.216 | ERROR    | ParquetPipeline | ParquetPipeline | Sync failed: Cannot compare Timestamp with datetime.date. Use ts == pd.Timestamp(date) or ts.date() == date instead.
2026-04-28 23:27:48.243 | INFO     | CronScheduler | CronScheduler ========= [全自动日线/面料收取管道] 起步 =========
2026-04-28 23:27:48.309 | INFO     | QMT-StockSync | QMT 返回 5202 只股票代码
2026-04-28 23:27:48.315 | WARNING  | QMT-StockSync | 检测到 310 只退市/摘牌股票，正在标记...
2026-04-28 23:27:48.321 | INFO     | DuckDB     | 标记退市: ['920433', '920375', '920225', '920021', '920175', '920230', '920092', '920924', '920896', '920523', '920344', '920608', '920198', '920981', '920166', '920267', '920057', '920593', '920266', '920974', '920422', '920469', '920508', '920675', '920639', '920118', '920139', '920304', '920418', '920526', '920152', '920110', '920809', '920039', '920578', '920188', '920857', '920058', '920278', '920519', '920204', '920075', '920768', '920701', '920992', '920237', '920833', '920670', '920045', '920599', '920592', '920078', '920634', '920252', '920008', '920007', '920158', '920690', '920566', '920046', '920407', '920123', '920873', '920786', '920112', '920808', '920223', '920183', '920000', '920174', '920826', '920906', '920946', '920030', '920932', '920262', '920790', '920978', '920001', '920679', '920527', '920834', '920985', '920018', '920132', '920478', '920685', '920009', '920522', '920370', '920020', '920245', '920271', '920892', '920016', '920168', '920082', '920720', '920396', '920261', '920689', '920199', '920177', '920026', '920006', '920149', '920130', '920146', '920471', '920642', '920179', '920564', '920415', '920779', '920914', '920729', '920273', '920656', '920056', '920579', '920856', '920270', '920066', '920663', '920576', '920504', '920227', '920378', '920019', '920128', '920061', '920414', '920207', '920717', '920208', '920050', '920510', '920799', '920275', '920419', '920964', '920122', '920837', '920035', '920055', '920765', '920305', '920169', '920455', '920810', '920961', '920807', '920033', '920496', '920029', '920553', '920160', '920926', '920751', '920068', '920475', '920180', '920957', '920077', '920047', '920076', '920832', '920012', '920855', '920195', '920509', '920950', '920163', '920454', '920014', '920726', '920363', '920556', '920580', '920086', '920015', '920871', '920351', '920284', '920703', '920247', '920062', '920098', '920735', '920159', '920274', '920476', '920970', '920879', '920005', '920037', '920121', '920184', '920640', '920885', '920866', '920491', '920753', '920002', '920719', '920802', '920770', '920027', '920101', '920942', '920299', '920300', '920069', '920212', '920368', '920088', '920060', '920263', '920023', '920489', '920185', '920436', '920119', '920792', '920260', '920357', '920011', '920100', '920427', '920651', '920221', '920895', '920087', '920570', '920821', '920405', '920718', '920694', '920339', '920682', '920425', '920925', '920547', '600355', '920627', '920931', '920665', '920080', '920725', '920099', '920693', '920108', '920819', '920571', '920976', '920181', '920781', '920091', '920943', '920003', '920106', '920662', '920010', '920249', '920641', '920145', '920239', '920394', '920371', '920395', '920190', '920167', '920402', '920171', '920445', '920125', '920116', '920374', '920403', '920367', '920429', '920699', '920028', '920505', '920242', '920953', '920971', '920806', '920575', '920982', '920438', '920111', '920022', '920346', '920392', '920124', '920541', '920748', '920036', '920089', '920017', '920493', '920191', '920090', '920870', '920706', '920187', '920876', '920839', '920533']
2026-04-28 23:27:48.322 | INFO     | QMT-StockSync | 检测到 2 只新股，正在获取详情...
2026-04-28 23:27:48.372 | INFO     | DuckDB     | 更新股票元数据: 2 条
2026-04-28 23:27:48.372 | INFO     | QMT-StockSync | 成功添加 2 只新股
2026-04-28 23:27:48.372 | INFO     | QMT-StockSync | 股票同步完成: QMT 5202 只, DB活跃 5510 只, 新增 2, 退市 310
2026-04-28 23:27:48.373 | INFO     | CronScheduler | 股票列表同步: 新增 2, 退市 310
2026-04-28 23:27:48.373 | INFO     | TushareSync | Fetching stock basics from Tushare...
2026-04-28 23:27:48.769 | INFO     | DuckDB     | 更新股票元数据: 5510 条
2026-04-28 23:27:48.769 | INFO     | TushareSync | Successfully synced 5510 stock basics.
2026-04-28 23:27:48.771 | INFO     | TushareSync | Fetching daily basics snapshot from Tushare (Date: Latest)...
2026-04-28 23:27:49.385 | INFO     | TushareSync | Pulling more financial indicators (ROE, Margin) in chunks of 100...
2026-04-28 23:29:58.183 | INFO     | DuckDB     | 更新股票基本面数据: 5488 条
2026-04-28 23:29:58.184 | INFO     | TushareSync | Successfully synced 5488 fundamentals records with enhanced indicators.
2026-04-28 23:29:58.184 | INFO     | ParquetPipeline | ParquetPipeline | Fetching daily k-lines from 20260421 to 20260428...
2026-04-28 23:29:58.358 | INFO     | ParquetPipeline | ParquetPipeline | Pulling market for 20260428...
2026-04-28 23:29:59.114 | INFO     | ParquetPipeline | ParquetPipeline | Pulling market for 20260427...
2026-04-28 23:29:59.944 | INFO     | ParquetPipeline | ParquetPipeline | Pulling market for 20260424...
2026-04-28 23:30:00.720 | INFO     | ParquetPipeline | ParquetPipeline | Pulling market for 20260423...
2026-04-28 23:30:01.780 | INFO     | ParquetPipeline | ParquetPipeline | Pulling market for 20260422...
2026-04-28 23:30:02.509 | INFO     | ParquetPipeline | ParquetPipeline | Pulling market for 20260421...
2026-04-28 23:30:03.274 | INFO     | ParquetPipeline | ParquetPipeline | Writing 5507 stocks to Parquet...
2026-04-28 23:30:04.243 | ERROR    | ParquetPipeline | ParquetPipeline | Sync failed: Cannot compare Timestamp with datetime.date. Use ts == pd.Timestamp(date) or ts.date() == date instead.
2026-04-28 23:30:04.284 | INFO     | CronScheduler | CronScheduler ========= [收取管道] 完美结束 =========
2026-04-28 23:30:09.047 | INFO     | CronScheduler | CronScheduler | 每日数据收割机被安排在每个工作日的 08:30 执行。
2026-04-28 23:30:09.047 | INFO     | CronScheduler | CronScheduler | 每日数据收割机被安排在每个工作日的 17:30 执行。
2026-04-28 23:30:09.047 | INFO     | CronScheduler | CronScheduler | Redis→DuckDB 收割机已安排在每个工作日 15:30 执行。
2026-04-28 23:30:09.048 | INFO     | CronScheduler | CronScheduler | 概念数据同步已安排在每日 09:00 执行。
2026-04-28 23:30:09.048 | INFO     | CronScheduler | CronScheduler | 板块热度重算已安排在每个交易日 5 分钟/次。
2026-04-28 23:30:09.048 | INFO     | CronScheduler | CronScheduler | 收盘热度终版快照已安排在 15:30 执行。
2026-04-28 23:30:13.837 | INFO     | CronScheduler | CronScheduler ========= [全自动日线/面料收取管道] 起步 =========
2026-04-28 23:30:13.886 | INFO     | QMT-StockSync | QMT 返回 5202 只股票代码
2026-04-28 23:30:13.892 | WARNING  | QMT-StockSync | 检测到 310 只退市/摘牌股票，正在标记...
2026-04-28 23:30:13.905 | INFO     | DuckDB     | 标记退市: ['920433', '920375', '920225', '920021', '920175', '920230', '920092', '920924', '920896', '920523', '920344', '920608', '920198', '920981', '920166', '920267', '920057', '920593', '920266', '920974', '920422', '920469', '920508', '920675', '920639', '920118', '920139', '920304', '920418', '920526', '920152', '920110', '920809', '920039', '920578', '920188', '920857', '920058', '920278', '920519', '920204', '920075', '920768', '920701', '920992', '920237', '920833', '920670', '920045', '920599', '920592', '920078', '920634', '920252', '920008', '920007', '920158', '920690', '920566', '920046', '920407', '920123', '920873', '920786', '920112', '920808', '920223', '920183', '920000', '920174', '920826', '920906', '920946', '920030', '920932', '920262', '920790', '920978', '920001', '920679', '920527', '920834', '920985', '920018', '920132', '920478', '920685', '920009', '920522', '920370', '920020', '920156', '920245', '920271', '920892', '920016', '920168', '920082', '920720', '920396', '920261', '920689', '920199', '920177', '920026', '920006', '920149', '920130', '920146', '920471', '920642', '920179', '920564', '920415', '920779', '920914', '920729', '920273', '920656', '920056', '920579', '920856', '920270', '920066', '920663', '920576', '920504', '920227', '920378', '920019', '920128', '920061', '920414', '920207', '920717', '920208', '920050', '920510', '920799', '920275', '920419', '920964', '920122', '920837', '920035', '920055', '920765', '920305', '920169', '920455', '920810', '920961', '920807', '920033', '920496', '920029', '920553', '920160', '920926', '920751', '920068', '920475', '920180', '920957', '920077', '920047', '920076', '920832', '920012', '920855', '920195', '920509', '920950', '920163', '920454', '920014', '920726', '920363', '920556', '920580', '920086', '920015', '920871', '920351', '920284', '920703', '920247', '920062', '920098', '920735', '920159', '920274', '920476', '920970', '920879', '920005', '920037', '920121', '920184', '920640', '920885', '920866', '920491', '920753', '920002', '920719', '920802', '920770', '920027', '920101', '920942', '920299', '920300', '920069', '920212', '920368', '920088', '920060', '920263', '920023', '920489', '920185', '920436', '920119', '920792', '920260', '920357', '920011', '920100', '920427', '920651', '920221', '920895', '920087', '920570', '920821', '920405', '920718', '920694', '920339', '920682', '920425', '920925', '920547', '920627', '920931', '920665', '920080', '920725', '920099', '920693', '920108', '920819', '920571', '920976', '920181', '920781', '920091', '920943', '920003', '920106', '920662', '920010', '920249', '920641', '920145', '920239', '920394', '920371', '920395', '920190', '920167', '920402', '920171', '920445', '920125', '920116', '920374', '920403', '920367', '920429', '920699', '920028', '920505', '920242', '920953', '920971', '920806', '920575', '920982', '920438', '920111', '920022', '920346', '920392', '920124', '920541', '920748', '920036', '920089', '920017', '920493', '920191', '920090', '920870', '920706', '920187', '920876', '920839', '920533']
2026-04-28 23:30:13.905 | INFO     | QMT-StockSync | 股票同步完成: QMT 5202 只, DB活跃 5512 只, 新增 0, 退市 310
2026-04-28 23:30:13.907 | INFO     | CronScheduler | 股票列表同步: 新增 0, 退市 310
2026-04-28 23:30:13.907 | INFO     | TushareSync | Fetching stock basics from Tushare...
2026-04-28 23:30:14.279 | INFO     | DuckDB     | 更新股票元数据: 5510 条
2026-04-28 23:30:14.279 | INFO     | TushareSync | Successfully synced 5510 stock basics.
2026-04-28 23:30:14.280 | INFO     | TushareSync | Fetching daily basics snapshot from Tushare (Date: Latest)...
2026-04-28 23:30:14.951 | INFO     | TushareSync | Pulling more financial indicators (ROE, Margin) in chunks of 100...
2026-04-28 23:30:59.779 | INFO     | DuckDB     | DuckDB | 所有核心表结构初始化完成 (含热点板块)
2026-04-28 23:30:59.779 | INFO     | DuckDB     | DuckDB 核心就绪: E:\1target\p9_project\quant-platform\data\meta\meta.db
2026-04-28 23:31:00.350 | INFO     | API-Server | P9 Quant Platform Background Tasks Startup...
2026-04-28 23:31:00.353 | INFO     | CronScheduler | CronScheduler | 每日数据收割机被安排在每个工作日的 08:30 执行。
2026-04-28 23:31:00.354 | INFO     | CronScheduler | CronScheduler | 每日数据收割机被安排在每个工作日的 17:30 执行。
2026-04-28 23:31:00.354 | INFO     | CronScheduler | CronScheduler | Redis→DuckDB 收割机已安排在每个工作日 15:30 执行。
2026-04-28 23:31:00.354 | INFO     | CronScheduler | CronScheduler | 概念数据同步已安排在每日 09:00 执行。
2026-04-28 23:31:00.354 | INFO     | CronScheduler | CronScheduler | 板块热度重算已安排在每个交易日 5 分钟/次。
2026-04-28 23:31:00.355 | INFO     | CronScheduler | CronScheduler | 收盘热度终版快照已安排在 15:30 执行。
2026-04-28 23:31:00.355 | INFO     | CronScheduler | CronScheduler | 自动调度服务(APScheduler) 已启动。
2026-04-28 23:31:05.432 | INFO     | ParquetPipeline | ParquetPipeline | Fetching daily k-lines from 20260418 to 20260428...
2026-04-28 23:31:05.579 | INFO     | ParquetPipeline | ParquetPipeline | Pulling market for 20260428...
2026-04-28 23:31:07.015 | INFO     | ParquetPipeline | ParquetPipeline | Pulling market for 20260427...
2026-04-28 23:31:07.829 | INFO     | ParquetPipeline | ParquetPipeline | Pulling market for 20260424...
2026-04-28 23:31:08.616 | INFO     | ParquetPipeline | ParquetPipeline | Pulling market for 20260423...
2026-04-28 23:31:09.759 | INFO     | ParquetPipeline | ParquetPipeline | Pulling market for 20260422...
2026-04-28 23:31:10.885 | INFO     | ParquetPipeline | ParquetPipeline | Pulling market for 20260421...
2026-04-28 23:31:11.659 | INFO     | ParquetPipeline | ParquetPipeline | Pulling market for 20260420...
2026-04-28 23:31:11.810 | INFO     | CronScheduler | CronScheduler ========= [全自动日线/面料收取管道] 起步 =========
2026-04-28 23:31:11.850 | INFO     | QMT-StockSync | QMT 返回 5202 只股票代码
2026-04-28 23:31:11.857 | WARNING  | QMT-StockSync | 检测到 310 只退市/摘牌股票，正在标记...
2026-04-28 23:31:11.861 | INFO     | DuckDB     | 标记退市: ['920020', '920015', '920566', '920455', '920275', '920160', '920580', '920010', '920806', '920180', '920429', '920001', '920068', '920725', '920158', '920050', '920665', '920925', '920693', '920425', '920092', '920110', '920896', '920748', '920575', '920221', '920953', '920174', '920553', '920496', '920821', '920108', '920188', '920156', '920183', '920418', '920128', '920985', '920523', '920819', '920422', '920008', '920371', '920685', '920006', '920026', '920970', '920055', '920809', '920957', '920119', '920976', '920199', '920152', '920471', '920964', '920191', '920837', '920808', '920009', '920454', '920662', '920169', '920405', '920184', '920839', '920069', '920926', '920181', '920974', '920028', '920089', '920950', '920375', '920223', '920656', '920505', '920374', '920407', '920005', '920799', '920037', '920017', '920086', '920252', '920056', '920099', '920270', '920022', '920914', '920198', '920833', '920091', '920014', '920266', '920699', '920810', '920080', '920978', '920367', '920088', '920116', '920394', '920476', '920273', '920522', '920895', '920018', '920344', '920670', '920641', '920718', '920002', '920212', '920541', '920527', '920171', '920932', '920396', '920242', '920011', '920892', '920100', '920395', '920000', '920475', '920992', '920177', '920961', '920368', '920077', '920185', '920274', '920046', '920870', '920023', '920445', '920167', '920076', '920351', '920168', '920130', '920510', '920491', '920039', '920790', '920493', '920012', '920768', '920230', '920179', '920857', '920735', '920509', '920225', '920267', '920339', '920121', '920118', '920570', '920593', '920640', '920832', '920057', '920579', '920045', '920098', '920378', '920123', '920392', '920751', '920078', '920639', '920304', '920101', '920239', '920163', '920802', '920159', '920627', '920682', '920058', '920060', '920427', '920608', '920779', '920679', '920195', '920419', '920175', '920016', '920663', '920027', '920124', '920146', '920599', '920021', '920033', '920478', '920263', '920305', '920075', '920436', '920125', '920855', '920066', '920262', '920719', '920007', '920706', '920873', '920111', '920300', '920876', '920299', '920694', '920578', '920717', '920433', '920753', '920726', '920781', '920227', '920866', '920634', '920036', '920943', '920166', '920571', '920061', '920856', '920982', '920284', '920082', '920924', '920526', '920770', '920271', '920690', '920556', '920035', '920090', '920132', '920062', '920469', '920278', '920204', '920187', '920363', '920689', '920786', '920504', '920508', '920139', '920261', '920249', '920260', '920019', '920592', '920237', '920208', '920576', '920245', '920931', '920547', '920403', '920981', '920346', '920826', '920370', '920402', '920414', '920871', '920792', '920675', '920906', '920701', '920030', '920879', '920438', '920003', '920357', '920651', '920029', '920122', '920112', '920489', '920834', '920642', '920247', '920729', '920190', '920533', '920106', '920807', '920720', '920942', '920519', '920047', '920149', '920207', '920885', '920946', '920765', '920145', '920703', '920564', '920971', '920087', '920415']
2026-04-28 23:31:11.862 | INFO     | QMT-StockSync | 股票同步完成: QMT 5202 只, DB活跃 5512 只, 新增 0, 退市 310
2026-04-28 23:31:11.863 | INFO     | CronScheduler | 股票列表同步: 新增 0, 退市 310
2026-04-28 23:31:11.863 | INFO     | TushareSync | Fetching stock basics from Tushare...
2026-04-28 23:31:12.374 | INFO     | DuckDB     | 更新股票元数据: 5510 条
2026-04-28 23:31:12.374 | INFO     | TushareSync | Successfully synced 5510 stock basics.
2026-04-28 23:31:12.376 | INFO     | TushareSync | Fetching daily basics snapshot from Tushare (Date: Latest)...
2026-04-28 23:31:12.631 | INFO     | ParquetPipeline | ParquetPipeline | Writing 5507 stocks to Parquet...
2026-04-28 23:31:13.694 | ERROR    | ParquetPipeline | ParquetPipeline | Sync failed: Cannot compare Timestamp with datetime.date. Use ts == pd.Timestamp(date) or ts.date() == date instead.
2026-04-28 23:31:14.570 | INFO     | TushareSync | Pulling more financial indicators (ROE, Margin) in chunks of 100...
2026-04-28 23:33:34.488 | INFO     | DuckDB     | 更新股票基本面数据: 5488 条
2026-04-28 23:33:34.488 | INFO     | TushareSync | Successfully synced 5488 fundamentals records with enhanced indicators.
2026-04-28 23:33:34.490 | INFO     | ParquetPipeline | ParquetPipeline | Fetching daily k-lines from 20260421 to 20260428...
2026-04-28 23:33:34.628 | INFO     | ParquetPipeline | ParquetPipeline | Pulling market for 20260428...
2026-04-28 23:33:35.545 | INFO     | ParquetPipeline | ParquetPipeline | Pulling market for 20260427...
2026-04-28 23:33:36.314 | INFO     | ParquetPipeline | ParquetPipeline | Pulling market for 20260424...
2026-04-28 23:33:37.126 | INFO     | ParquetPipeline | ParquetPipeline | Pulling market for 20260423...
2026-04-28 23:33:37.920 | INFO     | ParquetPipeline | ParquetPipeline | Pulling market for 20260422...
2026-04-28 23:33:38.703 | INFO     | ParquetPipeline | ParquetPipeline | Pulling market for 20260421...
2026-04-28 23:33:39.842 | INFO     | ParquetPipeline | ParquetPipeline | Writing 5507 stocks to Parquet...
2026-04-28 23:33:41.309 | ERROR    | ParquetPipeline | ParquetPipeline | Sync failed: Cannot compare Timestamp with datetime.date. Use ts == pd.Timestamp(date) or ts.date() == date instead.
2026-04-28 23:33:41.359 | INFO     | CronScheduler | CronScheduler ========= [收取管道] 完美结束 =========
