2026-05-08 00:15:08.066 | INFO     | API-SimTrader | 开关: 卖出=执行(close) 选股=关 买入=不买
2026-05-08 00:15:08.067 | INFO     | API-SimTrader | 开关: 卖出=执行(close) 选股=开 买入=不买
2026-05-08 00:15:08.068 | INFO     | API-SimTrader | 开关: 卖出=执行(close) 选股=开 买入=执行
2026-05-08 00:15:08.751 | INFO     | API-SimTrader | 开关: 卖出=执行(intraday) 选股=开 买入=执行
2026-05-08 00:16:05.364 | INFO     | DuckDB     | DuckDB | 所有核心表结构初始化完成 (含热点板块)
2026-05-08 00:16:05.364 | INFO     | DuckDB     | DuckDB 核心就绪: E:\1target\p9_project\quant-platform\data\meta\meta.db
2026-05-08 00:16:05.862 | INFO     | API-Server | P9 Quant Platform Background Tasks Startup...
2026-05-08 00:16:05.864 | INFO     | CronScheduler | CronScheduler | 每日数据收割机被安排在每个工作日的 08:30 执行。
2026-05-08 00:16:05.864 | INFO     | CronScheduler | CronScheduler | 每日数据收割机被安排在每个工作日的 17:30 执行。
2026-05-08 00:16:05.865 | INFO     | CronScheduler | CronScheduler | Redis→DuckDB 收割机已安排在每个工作日 15:30 执行。
2026-05-08 00:16:05.865 | INFO     | CronScheduler | CronScheduler | 模拟盘尾盘交易已安排在 14:52 执行。
2026-05-08 00:16:05.865 | INFO     | CronScheduler | CronScheduler | 盘中监控全量扫描已安排（每分钟，兜底）。
2026-05-08 00:16:05.866 | INFO     | CronScheduler | CronScheduler | 概念数据同步已安排在每日 09:00 执行。
2026-05-08 00:16:05.866 | INFO     | CronScheduler | CronScheduler | 板块热度重算已安排在每个交易日 5 分钟/次。
2026-05-08 00:16:05.869 | INFO     | CronScheduler | CronScheduler | 收盘热度终版快照已安排在 15:30 执行。
2026-05-08 00:16:05.869 | INFO     | CronScheduler | CronScheduler | 自动调度服务(APScheduler) 已启动。
2026-05-08 00:16:10.883 | INFO     | ParquetPipeline | ParquetPipeline | Fetching daily k-lines from 20260428 to 20260508...
2026-05-08 00:16:11.026 | INFO     | ParquetPipeline | ParquetPipeline | Pulling market for 20260508...
2026-05-08 00:16:11.154 | INFO     | ParquetPipeline | ParquetPipeline | Pulling market for 20260507...
2026-05-08 00:16:11.953 | INFO     | ParquetPipeline | ParquetPipeline | Pulling market for 20260506...
2026-05-08 00:16:13.019 | INFO     | ParquetPipeline | ParquetPipeline | Pulling market for 20260430...
2026-05-08 00:16:14.033 | INFO     | ParquetPipeline | ParquetPipeline | Pulling market for 20260429...
2026-05-08 00:16:14.853 | INFO     | ParquetPipeline | ParquetPipeline | Pulling market for 20260428...
2026-05-08 00:16:16.116 | INFO     | ParquetPipeline | ParquetPipeline | Writing 5508 stocks to Parquet...
2026-05-08 00:20:31.504 | INFO     | DuckDB     | DuckDB | 创建虚拟视图成功: kline_daily_view -> E:/1target/p9_project/quant-platform/data/parquet/daily/*.parquet
2026-05-08 00:20:31.505 | INFO     | ParquetPipeline | ParquetPipeline | Daily K-lines fully synced.
2026-05-08 00:24:19.692 | INFO     | DuckDB     | DuckDB | 所有核心表结构初始化完成 (含热点板块)
2026-05-08 00:24:19.692 | INFO     | DuckDB     | DuckDB 核心就绪: E:\1target\p9_project\quant-platform\data\meta\meta.db
2026-05-08 00:24:20.198 | INFO     | API-Server | P9 Quant Platform Background Tasks Startup...
2026-05-08 00:24:20.202 | INFO     | CronScheduler | CronScheduler | 每日数据收割机被安排在每个工作日的 08:30 执行。
2026-05-08 00:24:20.211 | INFO     | CronScheduler | CronScheduler | 每日数据收割机被安排在每个工作日的 17:30 执行。
2026-05-08 00:24:20.211 | INFO     | CronScheduler | CronScheduler | Redis→DuckDB 收割机已安排在每个工作日 15:30 执行。
2026-05-08 00:24:20.211 | INFO     | CronScheduler | CronScheduler | 模拟盘尾盘交易已安排在 14:52 执行。
2026-05-08 00:24:20.212 | INFO     | CronScheduler | CronScheduler | 盘中监控全量扫描已安排（每分钟，兜底）。
2026-05-08 00:24:20.212 | INFO     | CronScheduler | CronScheduler | 概念数据同步已安排在每日 09:00 执行。
2026-05-08 00:24:20.213 | INFO     | CronScheduler | CronScheduler | 板块热度重算已安排在每个交易日 5 分钟/次。
2026-05-08 00:24:20.213 | INFO     | CronScheduler | CronScheduler | 收盘热度终版快照已安排在 15:30 执行。
2026-05-08 00:24:20.213 | INFO     | CronScheduler | CronScheduler | 自动调度服务(APScheduler) 已启动。
2026-05-08 00:24:25.220 | INFO     | ParquetPipeline | ParquetPipeline | Fetching daily k-lines from 20260428 to 20260508...
2026-05-08 00:24:25.335 | INFO     | ParquetPipeline | ParquetPipeline | Pulling market for 20260508...
2026-05-08 00:24:25.451 | INFO     | ParquetPipeline | ParquetPipeline | Pulling market for 20260507...
2026-05-08 00:24:26.191 | INFO     | ParquetPipeline | ParquetPipeline | Pulling market for 20260506...
2026-05-08 00:24:26.911 | INFO     | ParquetPipeline | ParquetPipeline | Pulling market for 20260430...
2026-05-08 00:24:27.633 | INFO     | ParquetPipeline | ParquetPipeline | Pulling market for 20260429...
2026-05-08 00:24:28.375 | INFO     | ParquetPipeline | ParquetPipeline | Pulling market for 20260428...
2026-05-08 00:24:29.102 | INFO     | ParquetPipeline | ParquetPipeline | Writing 5508 stocks to Parquet...
2026-05-08 00:25:25.419 | INFO     | DuckDB     | DuckDB | 创建虚拟视图成功: kline_daily_view -> E:/1target/p9_project/quant-platform/data/parquet/daily/*.parquet
2026-05-08 00:25:25.419 | INFO     | ParquetPipeline | ParquetPipeline | Daily K-lines fully synced.
2026-05-08 07:38:55.836 | WARNING  | DuckDB     | DuckDB | 数据库占用中，准备重试... (1/5)
2026-05-08 07:38:56.416 | WARNING  | DuckDB     | DuckDB | 数据库占用中，准备重试... (2/5)
2026-05-08 07:38:56.997 | WARNING  | DuckDB     | DuckDB | 数据库占用中，准备重试... (3/5)
2026-05-08 07:38:57.576 | WARNING  | DuckDB     | DuckDB | 数据库占用中，准备重试... (4/5)
2026-05-08 07:38:58.164 | ERROR    | DuckDB     | DuckDB | 无法连接到数据库: IO Error: Cannot open file "E:\1target\p9_project\quant-platform\data\meta\meta.db": 另一个程序正在使用此文件，进程无法访问。

File is already open in 
C:\Python314\python.exe (PID 27392)
2026-05-08 07:38:58.164 | ERROR    | DuckDB     | DuckDB | 初始化表结构失败: IO Error: Cannot open file "E:\1target\p9_project\quant-platform\data\meta\meta.db": 另一个程序正在使用此文件，进程无法访问。

File is already open in 
C:\Python314\python.exe (PID 27392)
2026-05-08 07:44:50.631 | WARNING  | DuckDB     | DuckDB | 数据库占用中，准备重试... (1/5)
2026-05-08 07:44:51.217 | WARNING  | DuckDB     | DuckDB | 数据库占用中，准备重试... (2/5)
2026-05-08 07:44:51.800 | WARNING  | DuckDB     | DuckDB | 数据库占用中，准备重试... (3/5)
2026-05-08 07:44:52.381 | WARNING  | DuckDB     | DuckDB | 数据库占用中，准备重试... (4/5)
2026-05-08 07:44:52.962 | ERROR    | DuckDB     | DuckDB | 无法连接到数据库: IO Error: Cannot open file "E:\1target\p9_project\quant-platform\data\meta\meta.db": 另一个程序正在使用此文件，进程无法访问。

File is already open in 
C:\Python314\python.exe (PID 27392)
2026-05-08 07:44:52.962 | ERROR    | DuckDB     | DuckDB | 初始化表结构失败: IO Error: Cannot open file "E:\1target\p9_project\quant-platform\data\meta\meta.db": 另一个程序正在使用此文件，进程无法访问。

File is already open in 
C:\Python314\python.exe (PID 27392)
2026-05-08 07:58:18.112 | WARNING  | DuckDB     | DuckDB | 数据库占用中，准备重试... (1/5)
2026-05-08 07:58:18.696 | WARNING  | DuckDB     | DuckDB | 数据库占用中，准备重试... (2/5)
2026-05-08 07:58:19.278 | WARNING  | DuckDB     | DuckDB | 数据库占用中，准备重试... (3/5)
2026-05-08 07:58:19.859 | WARNING  | DuckDB     | DuckDB | 数据库占用中，准备重试... (4/5)
2026-05-08 07:58:20.438 | ERROR    | DuckDB     | DuckDB | 无法连接到数据库: IO Error: Cannot open file "E:\1target\p9_project\quant-platform\data\meta\meta.db": 另一个程序正在使用此文件，进程无法访问。

File is already open in 
C:\Python314\python.exe (PID 27392)
2026-05-08 07:58:20.438 | ERROR    | DuckDB     | DuckDB | 初始化表结构失败: IO Error: Cannot open file "E:\1target\p9_project\quant-platform\data\meta\meta.db": 另一个程序正在使用此文件，进程无法访问。

File is already open in 
C:\Python314\python.exe (PID 27392)
2026-05-08 08:14:22.361 | WARNING  | DuckDB     | DuckDB | 数据库占用中，准备重试... (1/5)
2026-05-08 08:14:22.941 | WARNING  | DuckDB     | DuckDB | 数据库占用中，准备重试... (2/5)
2026-05-08 08:14:23.521 | WARNING  | DuckDB     | DuckDB | 数据库占用中，准备重试... (3/5)
2026-05-08 08:14:24.102 | WARNING  | DuckDB     | DuckDB | 数据库占用中，准备重试... (4/5)
2026-05-08 08:14:24.682 | ERROR    | DuckDB     | DuckDB | 无法连接到数据库: IO Error: Cannot open file "E:\1target\p9_project\quant-platform\data\meta\meta.db": 另一个程序正在使用此文件，进程无法访问。

File is already open in 
C:\Python314\python.exe (PID 27392)
2026-05-08 08:14:24.683 | ERROR    | DuckDB     | DuckDB | 初始化表结构失败: IO Error: Cannot open file "E:\1target\p9_project\quant-platform\data\meta\meta.db": 另一个程序正在使用此文件，进程无法访问。

File is already open in 
C:\Python314\python.exe (PID 27392)
2026-05-08 08:18:45.393 | WARNING  | DuckDB     | DuckDB | 数据库占用中，准备重试... (1/5)
2026-05-08 08:18:45.979 | WARNING  | DuckDB     | DuckDB | 数据库占用中，准备重试... (2/5)
2026-05-08 08:18:46.560 | WARNING  | DuckDB     | DuckDB | 数据库占用中，准备重试... (3/5)
2026-05-08 08:18:47.143 | WARNING  | DuckDB     | DuckDB | 数据库占用中，准备重试... (4/5)
2026-05-08 08:18:47.726 | ERROR    | DuckDB     | DuckDB | 无法连接到数据库: IO Error: Cannot open file "E:\1target\p9_project\quant-platform\data\meta\meta.db": 另一个程序正在使用此文件，进程无法访问。

File is already open in 
C:\Python314\python.exe (PID 27392)
2026-05-08 08:18:47.727 | ERROR    | DuckDB     | DuckDB | 初始化表结构失败: IO Error: Cannot open file "E:\1target\p9_project\quant-platform\data\meta\meta.db": 另一个程序正在使用此文件，进程无法访问。

File is already open in 
C:\Python314\python.exe (PID 27392)
2026-05-08 08:30:00.009 | INFO     | CronScheduler | CronScheduler ========= [全自动日线/面料收取管道] 起步 =========
2026-05-08 08:30:00.094 | INFO     | QMT-StockSync | QMT 返回 5204 只股票代码
2026-05-08 08:30:00.104 | WARNING  | QMT-StockSync | 检测到 312 只退市/摘牌股票，正在标记...
2026-05-08 08:30:00.113 | INFO     | DuckDB     | 标记退市: ['920045', '920357', '920433', '920720', '920027', '920656', '920489', '920159', '920012', '920125', '920690', '920505', '920807', '920368', '920227', '920971', '920092', '920230', '920871', '920000', '920478', '920110', '920946', '920080', '920837', '920932', '920300', '920892', '920438', '920023', '920799', '920790', '920039', '920035', '920729', '920943', '920076', '920086', '920866', '920403', '920670', '920578', '920223', '920726', '920896', '920273', '920370', '920419', '920062', '920185', '920942', '920011', '920663', '920112', '920249', '920640', '920725', '920001', '920642', '920985', '920576', '920957', '920207', '920026', '920098', '920579', '920221', '920187', '920509', '920346', '920191', '920832', '920856', '920855', '920395', '920925', '920553', '920007', '920247', '920175', '920100', '920006', '920717', '920239', '920047', '920177', '920261', '920454', '920168', '920190', '920839', '920924', '920058', '920056', '920718', '920008', '920299', '920068', '920974', '920020', '920163', '920834', '920181', '920808', '920121', '920118', '920953', '920087', '920792', '920167', '920284', '920351', '920689', '920570', '920078', '920305', '920981', '920139', '920037', '920378', '920022', '920278', '920274', '920895', '920123', '920212', '920188', '920522', '920198', '920275', '920036', '920906', '920556', '920061', '920060', '920694', '920271', '920089', '920519', '920371', '920077', '920768', '920186', '920180', '920885', '920160', '920339', '920685', '920526', '920608', '920015', '920124', '920527', '920992', '920806', '920414', '920374', '920267', '920106', '920564', '920069', '920753', '920075', '920066', '920651', '920033', '920982', '920017', '920436', '920003', '920394', '920101', '920873', '920266', '920427', '920090', '920128', '920833', '920422', '920156', '920405', '920599', '920425', '920662', '920028', '920781', '920970', '920046', '920879', '920809', '920802', '920641', '920950', '920263', '920748', '920005', '920751', '920504', '920415', '920961', '920132', '920184', '920719', '920580', '920019', '920627', '920821', '920639', '920964', '920195', '920014', '920375', '920770', '920050', '920183', '920575', '920541', '920146', '920679', '920566', '920021', '920857', '920914', '920260', '920870', '920469', '920931', '920002', '920179', '920252', '920009', '920493', '920508', '920108', '920735', '920765', '920099', '920367', '920204', '920533', '920245', '920082', '920978', '920116', '920407', '920665', '920496', '920510', '920016', '920491', '920237', '920166', '920119', '920402', '920819', '920200', '920145', '920158', '920826', '920392', '920270', '920976', '920363', '920779', '920475', '920706', '920169', '920057', '920592', '920699', '920476', '920418', '920130', '920171', '920174', '920634', '920926', '920703', '920242', '920429', '920010', '920344', '920675', '920571', '920396', '920029', '920208', '920152', '920693', '920455', '920091', '920030', '920701', '920471', '920149', '920593', '920225', '920055', '920088', '920199', '920682', '920445', '920786', '920262', '920810', '920018', '920547', '920122', '920304', '920876', '920111', '920523']
2026-05-08 08:30:00.114 | INFO     | QMT-StockSync | 检测到 2 只新股，正在获取详情...
2026-05-08 08:30:00.183 | INFO     | DuckDB     | 更新股票元数据: 2 条
2026-05-08 08:30:00.183 | INFO     | QMT-StockSync | 成功添加 2 只新股
2026-05-08 08:30:00.183 | INFO     | QMT-StockSync | 股票同步完成: QMT 5204 只, DB活跃 5514 只, 新增 2, 退市 312
2026-05-08 08:30:00.185 | INFO     | CronScheduler | 股票列表同步: 新增 2, 退市 312
2026-05-08 08:30:00.185 | INFO     | TushareSync | Fetching stock basics from Tushare...
2026-05-08 08:30:00.623 | INFO     | DuckDB     | 更新股票元数据: 5513 条
2026-05-08 08:30:00.623 | INFO     | TushareSync | Successfully synced 5513 stock basics.
2026-05-08 08:30:00.625 | INFO     | TushareSync | Fetching daily basics snapshot from Tushare (Date: Latest)...
2026-05-08 08:30:00.884 | WARNING  | TushareSync | No daily basic data found.
2026-05-08 08:30:00.885 | INFO     | ParquetPipeline | ParquetPipeline | Fetching daily k-lines from 20260501 to 20260508...
2026-05-08 08:30:00.984 | INFO     | ParquetPipeline | ParquetPipeline | Pulling market for 20260508...
2026-05-08 08:30:01.126 | INFO     | ParquetPipeline | ParquetPipeline | Pulling market for 20260507...
2026-05-08 08:30:01.878 | INFO     | ParquetPipeline | ParquetPipeline | Pulling market for 20260506...
2026-05-08 08:30:02.647 | INFO     | ParquetPipeline | ParquetPipeline | Writing 5493 stocks to Parquet...
2026-05-08 08:32:09.486 | INFO     | DuckDB     | DuckDB | 创建虚拟视图成功: kline_daily_view -> E:/1target/p9_project/quant-platform/data/parquet/daily/*.parquet
2026-05-08 08:32:09.486 | INFO     | ParquetPipeline | ParquetPipeline | Daily K-lines fully synced.
2026-05-08 08:32:09.535 | INFO     | CronScheduler | CronScheduler ========= [收取管道] 完美结束 =========
2026-05-08 09:00:00.017 | INFO     | CronScheduler | CronScheduler | [概念同步] 开始同步 Tushare 概念数据...
2026-05-08 09:00:00.017 | INFO     | CronScheduler | CronScheduler | [热度计算] 开始刷新板块热度...
2026-05-08 09:00:00.046 | INFO     | IntradayMonitor | 盘中监控器已就绪
2026-05-08 09:00:00.176 | INFO     | ConceptSync | concept: 获取到 879 个概念分类
2026-05-08 09:00:11.373 | INFO     | HeatCalc   | 加载了 5525 只股票的最近日线数据
2026-05-08 09:00:21.539 | INFO     | HeatCalc   | 热度计算完成: 873 概念, 110 板块
2026-05-08 09:00:42.276 | ERROR    | RedisManager | Redis 连接失败 (localhost:6379): Error 10061 connecting to localhost:6379. 由于目标计算机积极拒绝，无法连接。.
2026-05-08 09:01:24.358 | INFO     | CronScheduler | CronScheduler | [热度计算] 完成: {'concepts_processed': 873, 'sectors_processed': 110, 'trade_date': '2026-05-08'}
2026-05-08 09:05:00.009 | INFO     | CronScheduler | CronScheduler | [热度计算] 开始刷新板块热度...
2026-05-08 09:05:15.359 | INFO     | HeatCalc   | 加载了 5525 只股票的最近日线数据
2026-05-08 09:05:30.203 | INFO     | HeatCalc   | 热度计算完成: 873 概念, 110 板块
2026-05-08 09:06:22.026 | INFO     | CronScheduler | CronScheduler | [热度计算] 完成: {'concepts_processed': 873, 'sectors_processed': 110, 'trade_date': '2026-05-08'}
2026-05-08 09:10:00.009 | INFO     | CronScheduler | CronScheduler | [热度计算] 开始刷新板块热度...
2026-05-08 09:10:18.168 | INFO     | HeatCalc   | 加载了 5525 只股票的最近日线数据
2026-05-08 09:10:29.546 | INFO     | HeatCalc   | 热度计算完成: 323 概念, 110 板块
2026-05-08 09:11:10.469 | INFO     | CronScheduler | CronScheduler | [热度计算] 完成: {'concepts_processed': 323, 'sectors_processed': 110, 'trade_date': '2026-05-08'}
2026-05-08 09:11:55.575 | INFO     | ConceptSync | concept: 写入 34444 条概念映射到 DuckDB
2026-05-08 09:11:55.581 | INFO     | ConceptSync | 标准概念同步完成: 873 概念, 34444 映射
2026-05-08 09:11:55.581 | INFO     | CronScheduler | CronScheduler | [概念同步] 完成: 873 概念, 34444 映射
2026-05-08 09:15:00.008 | INFO     | CronScheduler | CronScheduler | [热度计算] 开始刷新板块热度...
2026-05-08 09:15:16.165 | INFO     | HeatCalc   | 加载了 5525 只股票的最近日线数据
2026-05-08 09:15:35.689 | INFO     | HeatCalc   | 热度计算完成: 873 概念, 110 板块
2026-05-08 09:16:19.446 | INFO     | CronScheduler | CronScheduler | [热度计算] 完成: {'concepts_processed': 873, 'sectors_processed': 110, 'trade_date': '2026-05-08'}
2026-05-08 09:20:00.005 | INFO     | CronScheduler | CronScheduler | [热度计算] 开始刷新板块热度...
2026-05-08 09:20:14.817 | INFO     | HeatCalc   | 加载了 5525 只股票的最近日线数据
2026-05-08 09:20:35.597 | INFO     | HeatCalc   | 热度计算完成: 873 概念, 110 板块
2026-05-08 09:21:22.410 | INFO     | CronScheduler | CronScheduler | [热度计算] 完成: {'concepts_processed': 873, 'sectors_processed': 110, 'trade_date': '2026-05-08'}
2026-05-08 09:25:00.002 | INFO     | CronScheduler | CronScheduler | [热度计算] 开始刷新板块热度...
2026-05-08 09:25:14.802 | INFO     | HeatCalc   | 加载了 5525 只股票的最近日线数据
2026-05-08 09:25:37.103 | INFO     | HeatCalc   | 热度计算完成: 873 概念, 110 板块
2026-05-08 09:26:22.136 | INFO     | CronScheduler | CronScheduler | [热度计算] 完成: {'concepts_processed': 873, 'sectors_processed': 110, 'trade_date': '2026-05-08'}
2026-05-08 09:30:00.011 | INFO     | CronScheduler | CronScheduler | [热度计算] 开始刷新板块热度...
2026-05-08 09:30:15.055 | INFO     | HeatCalc   | 加载了 5525 只股票的最近日线数据
2026-05-08 09:30:38.036 | INFO     | HeatCalc   | 热度计算完成: 873 概念, 110 板块
2026-05-08 09:31:33.313 | INFO     | CronScheduler | CronScheduler | [热度计算] 完成: {'concepts_processed': 873, 'sectors_processed': 110, 'trade_date': '2026-05-08'}
2026-05-08 09:35:00.013 | INFO     | CronScheduler | CronScheduler | [热度计算] 开始刷新板块热度...
2026-05-08 09:35:15.095 | INFO     | HeatCalc   | 加载了 5525 只股票的最近日线数据
2026-05-08 09:35:38.778 | INFO     | HeatCalc   | 热度计算完成: 873 概念, 110 板块
2026-05-08 09:36:28.357 | INFO     | CronScheduler | CronScheduler | [热度计算] 完成: {'concepts_processed': 873, 'sectors_processed': 110, 'trade_date': '2026-05-08'}
2026-05-08 09:40:00.013 | INFO     | CronScheduler | CronScheduler | [热度计算] 开始刷新板块热度...
2026-05-08 09:40:15.974 | INFO     | HeatCalc   | 加载了 5525 只股票的最近日线数据
2026-05-08 09:40:41.902 | INFO     | HeatCalc   | 热度计算完成: 873 概念, 110 板块
2026-05-08 09:41:23.205 | INFO     | CronScheduler | CronScheduler | [热度计算] 完成: {'concepts_processed': 873, 'sectors_processed': 110, 'trade_date': '2026-05-08'}
2026-05-08 09:45:00.002 | INFO     | CronScheduler | CronScheduler | [热度计算] 开始刷新板块热度...
2026-05-08 09:45:15.838 | INFO     | HeatCalc   | 加载了 5525 只股票的最近日线数据
2026-05-08 09:45:42.539 | INFO     | HeatCalc   | 热度计算完成: 873 概念, 110 板块
2026-05-08 09:46:33.659 | INFO     | CronScheduler | CronScheduler | [热度计算] 完成: {'concepts_processed': 873, 'sectors_processed': 110, 'trade_date': '2026-05-08'}
2026-05-08 09:50:00.006 | INFO     | CronScheduler | CronScheduler | [热度计算] 开始刷新板块热度...
2026-05-08 09:50:15.247 | INFO     | HeatCalc   | 加载了 5525 只股票的最近日线数据
2026-05-08 09:50:42.135 | INFO     | HeatCalc   | 热度计算完成: 873 概念, 110 板块
2026-05-08 09:51:32.624 | INFO     | CronScheduler | CronScheduler | [热度计算] 完成: {'concepts_processed': 873, 'sectors_processed': 110, 'trade_date': '2026-05-08'}
2026-05-08 09:55:00.007 | INFO     | CronScheduler | CronScheduler | [热度计算] 开始刷新板块热度...
2026-05-08 09:55:15.554 | INFO     | HeatCalc   | 加载了 5525 只股票的最近日线数据
2026-05-08 09:55:43.048 | INFO     | HeatCalc   | 热度计算完成: 873 概念, 110 板块
2026-05-08 09:56:26.811 | INFO     | CronScheduler | CronScheduler | [热度计算] 完成: {'concepts_processed': 873, 'sectors_processed': 110, 'trade_date': '2026-05-08'}
2026-05-08 10:00:00.005 | INFO     | CronScheduler | CronScheduler | [热度计算] 开始刷新板块热度...
2026-05-08 10:00:16.316 | INFO     | HeatCalc   | 加载了 5525 只股票的最近日线数据
2026-05-08 10:00:45.902 | INFO     | HeatCalc   | 热度计算完成: 873 概念, 110 板块
2026-05-08 10:01:36.799 | INFO     | CronScheduler | CronScheduler | [热度计算] 完成: {'concepts_processed': 873, 'sectors_processed': 110, 'trade_date': '2026-05-08'}
2026-05-08 10:05:00.010 | INFO     | CronScheduler | CronScheduler | [热度计算] 开始刷新板块热度...
2026-05-08 10:05:16.340 | INFO     | HeatCalc   | 加载了 5525 只股票的最近日线数据
2026-05-08 10:05:46.047 | INFO     | HeatCalc   | 热度计算完成: 873 概念, 110 板块
2026-05-08 10:06:33.281 | INFO     | CronScheduler | CronScheduler | [热度计算] 完成: {'concepts_processed': 873, 'sectors_processed': 110, 'trade_date': '2026-05-08'}
2026-05-08 10:10:00.005 | INFO     | CronScheduler | CronScheduler | [热度计算] 开始刷新板块热度...
2026-05-08 10:10:16.559 | INFO     | HeatCalc   | 加载了 5525 只股票的最近日线数据
2026-05-08 10:10:46.881 | INFO     | HeatCalc   | 热度计算完成: 873 概念, 110 板块
2026-05-08 10:11:37.060 | INFO     | CronScheduler | CronScheduler | [热度计算] 完成: {'concepts_processed': 873, 'sectors_processed': 110, 'trade_date': '2026-05-08'}
2026-05-08 10:15:00.011 | INFO     | CronScheduler | CronScheduler | [热度计算] 开始刷新板块热度...
2026-05-08 10:15:17.022 | INFO     | HeatCalc   | 加载了 5525 只股票的最近日线数据
2026-05-08 10:15:48.264 | INFO     | HeatCalc   | 热度计算完成: 873 概念, 110 板块
2026-05-08 10:16:38.155 | INFO     | CronScheduler | CronScheduler | [热度计算] 完成: {'concepts_processed': 873, 'sectors_processed': 110, 'trade_date': '2026-05-08'}
2026-05-08 10:20:00.012 | INFO     | CronScheduler | CronScheduler | [热度计算] 开始刷新板块热度...
2026-05-08 10:20:16.771 | INFO     | HeatCalc   | 加载了 5525 只股票的最近日线数据
2026-05-08 10:20:48.559 | INFO     | HeatCalc   | 热度计算完成: 873 概念, 110 板块
2026-05-08 10:21:38.190 | INFO     | CronScheduler | CronScheduler | [热度计算] 完成: {'concepts_processed': 873, 'sectors_processed': 110, 'trade_date': '2026-05-08'}
2026-05-08 10:25:00.016 | INFO     | CronScheduler | CronScheduler | [热度计算] 开始刷新板块热度...
2026-05-08 10:25:18.258 | INFO     | HeatCalc   | 加载了 5525 只股票的最近日线数据
2026-05-08 10:25:53.616 | INFO     | HeatCalc   | 热度计算完成: 873 概念, 110 板块
2026-05-08 10:26:37.504 | INFO     | CronScheduler | CronScheduler | [热度计算] 完成: {'concepts_processed': 873, 'sectors_processed': 110, 'trade_date': '2026-05-08'}
2026-05-08 10:30:00.001 | INFO     | CronScheduler | CronScheduler | [热度计算] 开始刷新板块热度...
2026-05-08 10:30:17.329 | INFO     | HeatCalc   | 加载了 5525 只股票的最近日线数据
2026-05-08 10:30:49.419 | INFO     | HeatCalc   | 热度计算完成: 873 概念, 110 板块
2026-05-08 10:31:31.972 | INFO     | CronScheduler | CronScheduler | [热度计算] 完成: {'concepts_processed': 873, 'sectors_processed': 110, 'trade_date': '2026-05-08'}
2026-05-08 10:35:00.011 | INFO     | CronScheduler | CronScheduler | [热度计算] 开始刷新板块热度...
2026-05-08 10:35:16.881 | INFO     | HeatCalc   | 加载了 5525 只股票的最近日线数据
2026-05-08 10:35:49.180 | INFO     | HeatCalc   | 热度计算完成: 873 概念, 110 板块
2026-05-08 10:36:36.189 | INFO     | CronScheduler | CronScheduler | [热度计算] 完成: {'concepts_processed': 873, 'sectors_processed': 110, 'trade_date': '2026-05-08'}
2026-05-08 10:40:00.005 | INFO     | CronScheduler | CronScheduler | [热度计算] 开始刷新板块热度...
2026-05-08 10:40:17.706 | INFO     | HeatCalc   | 加载了 5525 只股票的最近日线数据
2026-05-08 10:40:50.510 | INFO     | HeatCalc   | 热度计算完成: 873 概念, 110 板块
2026-05-08 10:41:38.915 | INFO     | CronScheduler | CronScheduler | [热度计算] 完成: {'concepts_processed': 873, 'sectors_processed': 110, 'trade_date': '2026-05-08'}
2026-05-08 10:45:00.004 | INFO     | CronScheduler | CronScheduler | [热度计算] 开始刷新板块热度...
2026-05-08 10:45:17.229 | INFO     | HeatCalc   | 加载了 5525 只股票的最近日线数据
2026-05-08 10:45:51.168 | INFO     | HeatCalc   | 热度计算完成: 873 概念, 110 板块
2026-05-08 10:46:35.396 | INFO     | CronScheduler | CronScheduler | [热度计算] 完成: {'concepts_processed': 873, 'sectors_processed': 110, 'trade_date': '2026-05-08'}
2026-05-08 10:50:00.008 | INFO     | CronScheduler | CronScheduler | [热度计算] 开始刷新板块热度...
2026-05-08 10:50:17.444 | INFO     | HeatCalc   | 加载了 5525 只股票的最近日线数据
2026-05-08 10:50:51.523 | INFO     | HeatCalc   | 热度计算完成: 873 概念, 110 板块
2026-05-08 10:51:44.340 | INFO     | CronScheduler | CronScheduler | [热度计算] 完成: {'concepts_processed': 873, 'sectors_processed': 110, 'trade_date': '2026-05-08'}
2026-05-08 10:55:00.002 | INFO     | CronScheduler | CronScheduler | [热度计算] 开始刷新板块热度...
2026-05-08 10:55:18.202 | INFO     | HeatCalc   | 加载了 5525 只股票的最近日线数据
2026-05-08 10:55:52.710 | INFO     | HeatCalc   | 热度计算完成: 873 概念, 110 板块
2026-05-08 10:56:37.281 | INFO     | CronScheduler | CronScheduler | [热度计算] 完成: {'concepts_processed': 873, 'sectors_processed': 110, 'trade_date': '2026-05-08'}
2026-05-08 11:00:00.010 | INFO     | CronScheduler | CronScheduler | [热度计算] 开始刷新板块热度...
2026-05-08 11:00:17.698 | INFO     | HeatCalc   | 加载了 5525 只股票的最近日线数据
2026-05-08 11:00:52.864 | INFO     | HeatCalc   | 热度计算完成: 873 概念, 110 板块
2026-05-08 11:01:42.906 | INFO     | CronScheduler | CronScheduler | [热度计算] 完成: {'concepts_processed': 873, 'sectors_processed': 110, 'trade_date': '2026-05-08'}
2026-05-08 11:05:00.010 | INFO     | CronScheduler | CronScheduler | [热度计算] 开始刷新板块热度...
2026-05-08 11:05:17.808 | INFO     | HeatCalc   | 加载了 5525 只股票的最近日线数据
2026-05-08 11:05:53.641 | INFO     | HeatCalc   | 热度计算完成: 873 概念, 110 板块
2026-05-08 11:06:40.080 | INFO     | CronScheduler | CronScheduler | [热度计算] 完成: {'concepts_processed': 873, 'sectors_processed': 110, 'trade_date': '2026-05-08'}
2026-05-08 11:10:00.005 | INFO     | CronScheduler | CronScheduler | [热度计算] 开始刷新板块热度...
2026-05-08 11:10:18.915 | INFO     | HeatCalc   | 加载了 5525 只股票的最近日线数据
2026-05-08 11:10:55.836 | INFO     | HeatCalc   | 热度计算完成: 873 概念, 110 板块
2026-05-08 11:11:39.723 | INFO     | CronScheduler | CronScheduler | [热度计算] 完成: {'concepts_processed': 873, 'sectors_processed': 110, 'trade_date': '2026-05-08'}
2026-05-08 11:15:00.011 | INFO     | CronScheduler | CronScheduler | [热度计算] 开始刷新板块热度...
2026-05-08 11:15:17.543 | INFO     | HeatCalc   | 加载了 5525 只股票的最近日线数据
2026-05-08 11:15:53.523 | INFO     | HeatCalc   | 热度计算完成: 873 概念, 110 板块
2026-05-08 11:16:39.015 | INFO     | CronScheduler | CronScheduler | [热度计算] 完成: {'concepts_processed': 873, 'sectors_processed': 110, 'trade_date': '2026-05-08'}
2026-05-08 11:20:00.012 | INFO     | CronScheduler | CronScheduler | [热度计算] 开始刷新板块热度...
2026-05-08 11:20:18.171 | INFO     | HeatCalc   | 加载了 5525 只股票的最近日线数据
2026-05-08 11:20:57.606 | INFO     | HeatCalc   | 热度计算完成: 873 概念, 110 板块
2026-05-08 11:21:41.168 | INFO     | CronScheduler | CronScheduler | [热度计算] 完成: {'concepts_processed': 873, 'sectors_processed': 110, 'trade_date': '2026-05-08'}
2026-05-08 11:25:00.007 | INFO     | CronScheduler | CronScheduler | [热度计算] 开始刷新板块热度...
2026-05-08 11:25:18.375 | INFO     | HeatCalc   | 加载了 5525 只股票的最近日线数据
2026-05-08 11:25:54.293 | INFO     | HeatCalc   | 热度计算完成: 873 概念, 110 板块
2026-05-08 11:26:44.457 | INFO     | CronScheduler | CronScheduler | [热度计算] 完成: {'concepts_processed': 873, 'sectors_processed': 110, 'trade_date': '2026-05-08'}
2026-05-08 11:30:00.011 | INFO     | CronScheduler | CronScheduler | [热度计算] 开始刷新板块热度...
2026-05-08 11:30:18.510 | INFO     | HeatCalc   | 加载了 5525 只股票的最近日线数据
2026-05-08 11:30:56.819 | INFO     | HeatCalc   | 热度计算完成: 873 概念, 110 板块
2026-05-08 11:31:40.416 | INFO     | CronScheduler | CronScheduler | [热度计算] 完成: {'concepts_processed': 873, 'sectors_processed': 110, 'trade_date': '2026-05-08'}
2026-05-08 11:35:00.002 | INFO     | CronScheduler | CronScheduler | [热度计算] 开始刷新板块热度...
2026-05-08 11:35:18.087 | INFO     | HeatCalc   | 加载了 5525 只股票的最近日线数据
2026-05-08 11:35:55.496 | INFO     | HeatCalc   | 热度计算完成: 873 概念, 110 板块
2026-05-08 11:36:46.607 | INFO     | CronScheduler | CronScheduler | [热度计算] 完成: {'concepts_processed': 873, 'sectors_processed': 110, 'trade_date': '2026-05-08'}
2026-05-08 11:40:00.006 | INFO     | CronScheduler | CronScheduler | [热度计算] 开始刷新板块热度...
2026-05-08 11:40:18.399 | INFO     | HeatCalc   | 加载了 5525 只股票的最近日线数据
2026-05-08 11:40:56.781 | INFO     | HeatCalc   | 热度计算完成: 873 概念, 110 板块
2026-05-08 11:41:41.891 | INFO     | CronScheduler | CronScheduler | [热度计算] 完成: {'concepts_processed': 873, 'sectors_processed': 110, 'trade_date': '2026-05-08'}
2026-05-08 11:45:00.011 | INFO     | CronScheduler | CronScheduler | [热度计算] 开始刷新板块热度...
2026-05-08 11:45:18.700 | INFO     | HeatCalc   | 加载了 5525 只股票的最近日线数据
2026-05-08 11:45:56.840 | INFO     | HeatCalc   | 热度计算完成: 873 概念, 110 板块
2026-05-08 11:46:46.061 | INFO     | CronScheduler | CronScheduler | [热度计算] 完成: {'concepts_processed': 873, 'sectors_processed': 110, 'trade_date': '2026-05-08'}
2026-05-08 11:50:00.007 | INFO     | CronScheduler | CronScheduler | [热度计算] 开始刷新板块热度...
2026-05-08 11:50:18.847 | INFO     | HeatCalc   | 加载了 5525 只股票的最近日线数据
2026-05-08 11:50:57.853 | INFO     | HeatCalc   | 热度计算完成: 873 概念, 110 板块
2026-05-08 11:51:45.992 | INFO     | CronScheduler | CronScheduler | [热度计算] 完成: {'concepts_processed': 873, 'sectors_processed': 110, 'trade_date': '2026-05-08'}
2026-05-08 11:55:00.013 | INFO     | CronScheduler | CronScheduler | [热度计算] 开始刷新板块热度...
2026-05-08 11:55:19.010 | INFO     | HeatCalc   | 加载了 5525 只股票的最近日线数据
2026-05-08 11:55:57.668 | INFO     | HeatCalc   | 热度计算完成: 873 概念, 110 板块
2026-05-08 11:56:45.269 | INFO     | CronScheduler | CronScheduler | [热度计算] 完成: {'concepts_processed': 873, 'sectors_processed': 110, 'trade_date': '2026-05-08'}
2026-05-08 12:00:00.010 | INFO     | CronScheduler | CronScheduler | [热度计算] 开始刷新板块热度...
2026-05-08 12:00:19.428 | INFO     | HeatCalc   | 加载了 5525 只股票的最近日线数据
2026-05-08 12:00:57.918 | INFO     | HeatCalc   | 热度计算完成: 873 概念, 110 板块
2026-05-08 12:01:41.769 | INFO     | CronScheduler | CronScheduler | [热度计算] 完成: {'concepts_processed': 873, 'sectors_processed': 110, 'trade_date': '2026-05-08'}
2026-05-08 12:05:00.008 | INFO     | CronScheduler | CronScheduler | [热度计算] 开始刷新板块热度...
2026-05-08 12:05:18.778 | INFO     | HeatCalc   | 加载了 5525 只股票的最近日线数据
2026-05-08 12:05:57.587 | INFO     | HeatCalc   | 热度计算完成: 873 概念, 110 板块
2026-05-08 12:06:44.283 | INFO     | CronScheduler | CronScheduler | [热度计算] 完成: {'concepts_processed': 873, 'sectors_processed': 110, 'trade_date': '2026-05-08'}
2026-05-08 12:10:00.005 | INFO     | CronScheduler | CronScheduler | [热度计算] 开始刷新板块热度...
2026-05-08 12:10:18.907 | INFO     | HeatCalc   | 加载了 5525 只股票的最近日线数据
2026-05-08 12:10:58.414 | INFO     | HeatCalc   | 热度计算完成: 873 概念, 110 板块
2026-05-08 12:11:42.616 | INFO     | CronScheduler | CronScheduler | [热度计算] 完成: {'concepts_processed': 873, 'sectors_processed': 110, 'trade_date': '2026-05-08'}
2026-05-08 12:15:00.011 | INFO     | CronScheduler | CronScheduler | [热度计算] 开始刷新板块热度...
2026-05-08 12:15:19.145 | INFO     | HeatCalc   | 加载了 5525 只股票的最近日线数据
2026-05-08 12:15:57.581 | INFO     | HeatCalc   | 热度计算完成: 873 概念, 110 板块
2026-05-08 12:16:45.389 | INFO     | CronScheduler | CronScheduler | [热度计算] 完成: {'concepts_processed': 873, 'sectors_processed': 110, 'trade_date': '2026-05-08'}
2026-05-08 12:20:00.012 | INFO     | CronScheduler | CronScheduler | [热度计算] 开始刷新板块热度...
2026-05-08 12:20:18.731 | INFO     | HeatCalc   | 加载了 5525 只股票的最近日线数据
2026-05-08 12:20:58.070 | INFO     | HeatCalc   | 热度计算完成: 873 概念, 110 板块
2026-05-08 12:21:43.568 | INFO     | CronScheduler | CronScheduler | [热度计算] 完成: {'concepts_processed': 873, 'sectors_processed': 110, 'trade_date': '2026-05-08'}
2026-05-08 12:25:00.001 | INFO     | CronScheduler | CronScheduler | [热度计算] 开始刷新板块热度...
2026-05-08 12:25:20.546 | INFO     | HeatCalc   | 加载了 5525 只股票的最近日线数据
2026-05-08 12:26:06.850 | INFO     | HeatCalc   | 热度计算完成: 873 概念, 110 板块
2026-05-08 12:26:57.922 | INFO     | CronScheduler | CronScheduler | [热度计算] 完成: {'concepts_processed': 873, 'sectors_processed': 110, 'trade_date': '2026-05-08'}
2026-05-08 12:30:00.009 | INFO     | CronScheduler | CronScheduler | [热度计算] 开始刷新板块热度...
2026-05-08 12:30:19.384 | INFO     | HeatCalc   | 加载了 5525 只股票的最近日线数据
2026-05-08 12:30:59.110 | INFO     | HeatCalc   | 热度计算完成: 873 概念, 110 板块
2026-05-08 12:31:39.954 | INFO     | CronScheduler | CronScheduler | [热度计算] 完成: {'concepts_processed': 873, 'sectors_processed': 110, 'trade_date': '2026-05-08'}
2026-05-08 12:35:00.012 | INFO     | CronScheduler | CronScheduler | [热度计算] 开始刷新板块热度...
2026-05-08 12:35:22.894 | INFO     | HeatCalc   | 加载了 5525 只股票的最近日线数据
2026-05-08 12:36:10.759 | INFO     | HeatCalc   | 热度计算完成: 873 概念, 110 板块
2026-05-08 12:36:55.684 | INFO     | CronScheduler | CronScheduler | [热度计算] 完成: {'concepts_processed': 873, 'sectors_processed': 110, 'trade_date': '2026-05-08'}
2026-05-08 12:40:00.005 | INFO     | CronScheduler | CronScheduler | [热度计算] 开始刷新板块热度...
2026-05-08 12:40:29.108 | INFO     | HeatCalc   | 加载了 5525 只股票的最近日线数据
2026-05-08 12:41:17.282 | INFO     | HeatCalc   | 热度计算完成: 873 概念, 110 板块
2026-05-08 12:42:01.263 | INFO     | CronScheduler | CronScheduler | [热度计算] 完成: {'concepts_processed': 873, 'sectors_processed': 110, 'trade_date': '2026-05-08'}
2026-05-08 12:45:00.011 | INFO     | CronScheduler | CronScheduler | [热度计算] 开始刷新板块热度...
2026-05-08 12:45:22.281 | INFO     | HeatCalc   | 加载了 5525 只股票的最近日线数据
2026-05-08 12:46:09.258 | INFO     | HeatCalc   | 热度计算完成: 873 概念, 110 板块
2026-05-08 12:46:58.352 | INFO     | CronScheduler | CronScheduler | [热度计算] 完成: {'concepts_processed': 873, 'sectors_processed': 110, 'trade_date': '2026-05-08'}
2026-05-08 12:50:00.009 | INFO     | CronScheduler | CronScheduler | [热度计算] 开始刷新板块热度...
2026-05-08 12:50:19.583 | INFO     | HeatCalc   | 加载了 5525 只股票的最近日线数据
2026-05-08 12:51:01.870 | INFO     | HeatCalc   | 热度计算完成: 873 概念, 110 板块
2026-05-08 12:51:48.684 | INFO     | CronScheduler | CronScheduler | [热度计算] 完成: {'concepts_processed': 873, 'sectors_processed': 110, 'trade_date': '2026-05-08'}
2026-05-08 12:55:00.015 | INFO     | CronScheduler | CronScheduler | [热度计算] 开始刷新板块热度...
2026-05-08 12:55:19.508 | INFO     | HeatCalc   | 加载了 5525 只股票的最近日线数据
2026-05-08 12:56:00.987 | INFO     | HeatCalc   | 热度计算完成: 873 概念, 110 板块
2026-05-08 12:56:50.342 | INFO     | CronScheduler | CronScheduler | [热度计算] 完成: {'concepts_processed': 873, 'sectors_processed': 110, 'trade_date': '2026-05-08'}
2026-05-08 13:00:00.011 | INFO     | CronScheduler | CronScheduler | [热度计算] 开始刷新板块热度...
2026-05-08 13:00:19.799 | INFO     | HeatCalc   | 加载了 5525 只股票的最近日线数据
2026-05-08 13:01:01.200 | INFO     | HeatCalc   | 热度计算完成: 873 概念, 110 板块
2026-05-08 13:01:45.149 | INFO     | CronScheduler | CronScheduler | [热度计算] 完成: {'concepts_processed': 873, 'sectors_processed': 110, 'trade_date': '2026-05-08'}
2026-05-08 13:05:00.014 | INFO     | CronScheduler | CronScheduler | [热度计算] 开始刷新板块热度...
2026-05-08 13:05:22.834 | INFO     | HeatCalc   | 加载了 5525 只股票的最近日线数据
2026-05-08 13:06:08.532 | INFO     | HeatCalc   | 热度计算完成: 873 概念, 110 板块
2026-05-08 13:06:54.045 | INFO     | CronScheduler | CronScheduler | [热度计算] 完成: {'concepts_processed': 873, 'sectors_processed': 110, 'trade_date': '2026-05-08'}
2026-05-08 13:10:00.001 | INFO     | CronScheduler | CronScheduler | [热度计算] 开始刷新板块热度...
2026-05-08 13:10:22.019 | INFO     | HeatCalc   | 加载了 5525 只股票的最近日线数据
2026-05-08 13:11:07.195 | INFO     | HeatCalc   | 热度计算完成: 873 概念, 110 板块
2026-05-08 13:11:52.956 | INFO     | CronScheduler | CronScheduler | [热度计算] 完成: {'concepts_processed': 873, 'sectors_processed': 110, 'trade_date': '2026-05-08'}
2026-05-08 13:15:00.002 | INFO     | CronScheduler | CronScheduler | [热度计算] 开始刷新板块热度...
2026-05-08 13:15:21.732 | INFO     | HeatCalc   | 加载了 5525 只股票的最近日线数据
2026-05-08 13:16:06.668 | INFO     | HeatCalc   | 热度计算完成: 873 概念, 110 板块
2026-05-08 13:16:47.970 | INFO     | CronScheduler | CronScheduler | [热度计算] 完成: {'concepts_processed': 873, 'sectors_processed': 110, 'trade_date': '2026-05-08'}
2026-05-08 13:20:00.010 | INFO     | CronScheduler | CronScheduler | [热度计算] 开始刷新板块热度...
2026-05-08 13:20:22.330 | INFO     | HeatCalc   | 加载了 5525 只股票的最近日线数据
2026-05-08 13:21:08.824 | INFO     | HeatCalc   | 热度计算完成: 873 概念, 110 板块
2026-05-08 13:22:00.112 | INFO     | CronScheduler | CronScheduler | [热度计算] 完成: {'concepts_processed': 873, 'sectors_processed': 110, 'trade_date': '2026-05-08'}
2026-05-08 13:25:00.014 | INFO     | CronScheduler | CronScheduler | [热度计算] 开始刷新板块热度...
2026-05-08 13:25:19.938 | INFO     | HeatCalc   | 加载了 5525 只股票的最近日线数据
2026-05-08 13:26:01.593 | INFO     | HeatCalc   | 热度计算完成: 873 概念, 110 板块
2026-05-08 13:26:46.242 | INFO     | CronScheduler | CronScheduler | [热度计算] 完成: {'concepts_processed': 873, 'sectors_processed': 110, 'trade_date': '2026-05-08'}
2026-05-08 13:30:00.006 | INFO     | CronScheduler | CronScheduler | [热度计算] 开始刷新板块热度...
2026-05-08 13:30:19.488 | INFO     | HeatCalc   | 加载了 5525 只股票的最近日线数据
2026-05-08 13:31:02.641 | INFO     | HeatCalc   | 热度计算完成: 873 概念, 110 板块
2026-05-08 13:31:44.797 | INFO     | CronScheduler | CronScheduler | [热度计算] 完成: {'concepts_processed': 873, 'sectors_processed': 110, 'trade_date': '2026-05-08'}
2026-05-08 13:35:00.015 | INFO     | CronScheduler | CronScheduler | [热度计算] 开始刷新板块热度...
2026-05-08 13:35:19.762 | INFO     | HeatCalc   | 加载了 5525 只股票的最近日线数据
2026-05-08 13:36:02.040 | INFO     | HeatCalc   | 热度计算完成: 873 概念, 110 板块
2026-05-08 13:36:51.871 | INFO     | CronScheduler | CronScheduler | [热度计算] 完成: {'concepts_processed': 873, 'sectors_processed': 110, 'trade_date': '2026-05-08'}
2026-05-08 13:40:00.008 | INFO     | CronScheduler | CronScheduler | [热度计算] 开始刷新板块热度...
2026-05-08 13:40:20.644 | INFO     | HeatCalc   | 加载了 5525 只股票的最近日线数据
2026-05-08 13:41:05.886 | INFO     | HeatCalc   | 热度计算完成: 873 概念, 110 板块
2026-05-08 13:41:57.464 | INFO     | CronScheduler | CronScheduler | [热度计算] 完成: {'concepts_processed': 873, 'sectors_processed': 110, 'trade_date': '2026-05-08'}
2026-05-08 13:45:00.008 | INFO     | CronScheduler | CronScheduler | [热度计算] 开始刷新板块热度...
2026-05-08 13:45:20.920 | INFO     | HeatCalc   | 加载了 5525 只股票的最近日线数据
2026-05-08 13:46:07.177 | INFO     | HeatCalc   | 热度计算完成: 873 概念, 110 板块
2026-05-08 13:46:57.296 | INFO     | CronScheduler | CronScheduler | [热度计算] 完成: {'concepts_processed': 873, 'sectors_processed': 110, 'trade_date': '2026-05-08'}
2026-05-08 13:50:00.009 | INFO     | CronScheduler | CronScheduler | [热度计算] 开始刷新板块热度...
2026-05-08 13:50:22.588 | INFO     | HeatCalc   | 加载了 5525 只股票的最近日线数据
2026-05-08 13:51:10.791 | INFO     | HeatCalc   | 热度计算完成: 873 概念, 110 板块
2026-05-08 13:51:59.570 | INFO     | CronScheduler | CronScheduler | [热度计算] 完成: {'concepts_processed': 873, 'sectors_processed': 110, 'trade_date': '2026-05-08'}
2026-05-08 13:55:00.005 | INFO     | CronScheduler | CronScheduler | [热度计算] 开始刷新板块热度...
2026-05-08 13:55:23.242 | INFO     | HeatCalc   | 加载了 5525 只股票的最近日线数据
2026-05-08 13:56:12.453 | INFO     | HeatCalc   | 热度计算完成: 873 概念, 110 板块
2026-05-08 13:56:51.703 | INFO     | CronScheduler | CronScheduler | [热度计算] 完成: {'concepts_processed': 873, 'sectors_processed': 110, 'trade_date': '2026-05-08'}
2026-05-08 14:00:00.005 | INFO     | CronScheduler | CronScheduler | [热度计算] 开始刷新板块热度...
2026-05-08 14:00:23.695 | INFO     | HeatCalc   | 加载了 5525 只股票的最近日线数据
2026-05-08 14:01:14.119 | INFO     | HeatCalc   | 热度计算完成: 873 概念, 110 板块
2026-05-08 14:01:59.958 | INFO     | CronScheduler | CronScheduler | [热度计算] 完成: {'concepts_processed': 873, 'sectors_processed': 110, 'trade_date': '2026-05-08'}
2026-05-08 14:05:00.012 | INFO     | CronScheduler | CronScheduler | [热度计算] 开始刷新板块热度...
2026-05-08 14:05:25.636 | INFO     | HeatCalc   | 加载了 5525 只股票的最近日线数据
2026-05-08 14:06:35.582 | INFO     | HeatCalc   | 热度计算完成: 873 概念, 110 板块
2026-05-08 14:07:25.852 | INFO     | CronScheduler | CronScheduler | [热度计算] 完成: {'concepts_processed': 873, 'sectors_processed': 110, 'trade_date': '2026-05-08'}
2026-05-08 14:10:00.013 | INFO     | CronScheduler | CronScheduler | [热度计算] 开始刷新板块热度...
2026-05-08 14:10:22.727 | INFO     | HeatCalc   | 加载了 5525 只股票的最近日线数据
2026-05-08 14:11:11.658 | INFO     | HeatCalc   | 热度计算完成: 873 概念, 110 板块
2026-05-08 14:11:50.700 | INFO     | CronScheduler | CronScheduler | [热度计算] 完成: {'concepts_processed': 873, 'sectors_processed': 110, 'trade_date': '2026-05-08'}
2026-05-08 14:15:00.009 | INFO     | CronScheduler | CronScheduler | [热度计算] 开始刷新板块热度...
2026-05-08 14:15:23.871 | INFO     | HeatCalc   | 加载了 5525 只股票的最近日线数据
2026-05-08 14:16:11.864 | INFO     | HeatCalc   | 热度计算完成: 873 概念, 110 板块
2026-05-08 14:17:01.534 | INFO     | CronScheduler | CronScheduler | [热度计算] 完成: {'concepts_processed': 873, 'sectors_processed': 110, 'trade_date': '2026-05-08'}
2026-05-08 14:20:00.003 | INFO     | CronScheduler | CronScheduler | [热度计算] 开始刷新板块热度...
2026-05-08 14:20:20.043 | INFO     | HeatCalc   | 加载了 5525 只股票的最近日线数据
2026-05-08 14:21:05.524 | INFO     | HeatCalc   | 热度计算完成: 873 概念, 110 板块
2026-05-08 14:21:53.782 | INFO     | CronScheduler | CronScheduler | [热度计算] 完成: {'concepts_processed': 873, 'sectors_processed': 110, 'trade_date': '2026-05-08'}
2026-05-08 14:25:00.012 | INFO     | CronScheduler | CronScheduler | [热度计算] 开始刷新板块热度...
2026-05-08 14:25:20.659 | INFO     | HeatCalc   | 加载了 5525 只股票的最近日线数据
2026-05-08 14:26:06.362 | INFO     | HeatCalc   | 热度计算完成: 873 概念, 110 板块
2026-05-08 14:26:55.602 | INFO     | CronScheduler | CronScheduler | [热度计算] 完成: {'concepts_processed': 873, 'sectors_processed': 110, 'trade_date': '2026-05-08'}
2026-05-08 14:30:00.013 | INFO     | CronScheduler | CronScheduler | [热度计算] 开始刷新板块热度...
2026-05-08 14:30:21.069 | INFO     | HeatCalc   | 加载了 5525 只股票的最近日线数据
2026-05-08 14:31:07.223 | INFO     | HeatCalc   | 热度计算完成: 873 概念, 110 板块
2026-05-08 14:31:53.227 | INFO     | CronScheduler | CronScheduler | [热度计算] 完成: {'concepts_processed': 873, 'sectors_processed': 110, 'trade_date': '2026-05-08'}
2026-05-08 14:35:00.015 | INFO     | CronScheduler | CronScheduler | [热度计算] 开始刷新板块热度...
2026-05-08 14:35:20.079 | INFO     | HeatCalc   | 加载了 5525 只股票的最近日线数据
2026-05-08 14:36:05.553 | INFO     | HeatCalc   | 热度计算完成: 873 概念, 110 板块
2026-05-08 14:36:56.948 | INFO     | CronScheduler | CronScheduler | [热度计算] 完成: {'concepts_processed': 873, 'sectors_processed': 110, 'trade_date': '2026-05-08'}
2026-05-08 14:40:00.001 | INFO     | CronScheduler | CronScheduler | [热度计算] 开始刷新板块热度...
2026-05-08 14:40:20.464 | INFO     | HeatCalc   | 加载了 5525 只股票的最近日线数据
2026-05-08 14:41:06.320 | INFO     | HeatCalc   | 热度计算完成: 873 概念, 110 板块
2026-05-08 14:41:50.723 | INFO     | CronScheduler | CronScheduler | [热度计算] 完成: {'concepts_processed': 873, 'sectors_processed': 110, 'trade_date': '2026-05-08'}
2026-05-08 14:45:00.008 | INFO     | CronScheduler | CronScheduler | [热度计算] 开始刷新板块热度...
2026-05-08 14:45:20.237 | INFO     | HeatCalc   | 加载了 5525 只股票的最近日线数据
2026-05-08 14:46:05.938 | INFO     | HeatCalc   | 热度计算完成: 873 概念, 110 板块
2026-05-08 14:46:57.690 | INFO     | CronScheduler | CronScheduler | [热度计算] 完成: {'concepts_processed': 873, 'sectors_processed': 110, 'trade_date': '2026-05-08'}
2026-05-08 14:50:00.011 | INFO     | CronScheduler | CronScheduler | [热度计算] 开始刷新板块热度...
2026-05-08 14:50:20.477 | INFO     | HeatCalc   | 加载了 5525 只股票的最近日线数据
2026-05-08 14:51:06.354 | INFO     | HeatCalc   | 热度计算完成: 873 概念, 110 板块
2026-05-08 14:51:56.294 | INFO     | CronScheduler | CronScheduler | [热度计算] 完成: {'concepts_processed': 873, 'sectors_processed': 110, 'trade_date': '2026-05-08'}
2026-05-08 14:52:00.016 | INFO     | CronScheduler | CronScheduler | [模拟盘] 14:52 开始执行尾盘交易: 2026-05-08
2026-05-08 14:53:05.898 | INFO     | SimLoader  | QMT 实时行情已注入: 5201 只股票
2026-05-08 14:53:08.225 | INFO     | Screener   | 🧬 [Loader] 识别到类继承策略: MA5AngleOriginalStrategy
2026-05-08 14:53:16.735 | INFO     | CronScheduler | CronScheduler | [模拟盘] 全部告警（应卖0笔 应买0笔）
2026-05-08 14:55:00.008 | INFO     | CronScheduler | CronScheduler | [热度计算] 开始刷新板块热度...
2026-05-08 14:55:21.673 | INFO     | HeatCalc   | 加载了 5525 只股票的最近日线数据
2026-05-08 14:56:09.801 | INFO     | HeatCalc   | 热度计算完成: 873 概念, 110 板块
2026-05-08 14:56:47.792 | INFO     | CronScheduler | CronScheduler | [热度计算] 完成: {'concepts_processed': 873, 'sectors_processed': 110, 'trade_date': '2026-05-08'}
2026-05-08 15:30:00.029 | INFO     | CronScheduler | CronScheduler | [热度终版] 开始执行收盘快照...
2026-05-08 15:30:00.037 | INFO     | CronScheduler | CronScheduler | [Redis收割] 开始将盘中最高价缓存同步回 DuckDB...
2026-05-08 15:30:21.796 | INFO     | HeatCalc   | 加载了 5525 只股票的最近日线数据
2026-05-08 15:30:24.622 | ERROR    | CronScheduler | CronScheduler | [Redis收割] 严重异常: Error 10061 connecting to localhost:6379. 由于目标计算机积极拒绝，无法连接。.
2026-05-08 15:31:03.728 | INFO     | HeatCalc   | 热度计算完成: 873 概念, 110 板块
2026-05-08 15:31:46.938 | INFO     | CronScheduler | CronScheduler | [热度终版] 完成: {'concepts_processed': 873, 'sectors_processed': 110, 'trade_date': '2026-05-08'}
2026-05-08 15:42:30.205 | WARNING  | DuckDB     | DuckDB | 数据库占用中，准备重试... (1/5)
2026-05-08 15:42:30.803 | WARNING  | DuckDB     | DuckDB | 数据库占用中，准备重试... (2/5)
2026-05-08 15:42:31.397 | WARNING  | DuckDB     | DuckDB | 数据库占用中，准备重试... (3/5)
2026-05-08 15:42:31.994 | WARNING  | DuckDB     | DuckDB | 数据库占用中，准备重试... (4/5)
2026-05-08 15:42:32.589 | ERROR    | DuckDB     | DuckDB | 无法连接到数据库: IO Error: Cannot open file "E:\1target\p9_project\quant-platform\data\meta\meta.db": 另一个程序正在使用此文件，进程无法访问。

File is already open in 
C:\Python314\python.exe (PID 27392)
2026-05-08 15:42:32.589 | ERROR    | DuckDB     | DuckDB | 初始化表结构失败: IO Error: Cannot open file "E:\1target\p9_project\quant-platform\data\meta\meta.db": 另一个程序正在使用此文件，进程无法访问。

File is already open in 
C:\Python314\python.exe (PID 27392)
2026-05-08 17:26:32.504 | WARNING  | DuckDB     | DuckDB | 数据库占用中，准备重试... (1/5)
2026-05-08 17:26:33.095 | WARNING  | DuckDB     | DuckDB | 数据库占用中，准备重试... (2/5)
2026-05-08 17:26:33.688 | WARNING  | DuckDB     | DuckDB | 数据库占用中，准备重试... (3/5)
2026-05-08 17:26:34.281 | WARNING  | DuckDB     | DuckDB | 数据库占用中，准备重试... (4/5)
2026-05-08 17:26:34.876 | ERROR    | DuckDB     | DuckDB | 无法连接到数据库: IO Error: Cannot open file "E:\1target\p9_project\quant-platform\data\meta\meta.db": 另一个程序正在使用此文件，进程无法访问。

File is already open in 
C:\Python314\python.exe (PID 27392)
2026-05-08 17:26:34.876 | ERROR    | DuckDB     | DuckDB | 初始化表结构失败: IO Error: Cannot open file "E:\1target\p9_project\quant-platform\data\meta\meta.db": 另一个程序正在使用此文件，进程无法访问。

File is already open in 
C:\Python314\python.exe (PID 27392)
2026-05-08 17:30:00.010 | INFO     | CronScheduler | CronScheduler ========= [全自动日线/面料收取管道] 起步 =========
2026-05-08 17:30:00.143 | INFO     | QMT-StockSync | QMT 返回 5204 只股票代码
2026-05-08 17:30:00.196 | WARNING  | QMT-StockSync | 检测到 312 只退市/摘牌股票，正在标记...
2026-05-08 17:30:00.355 | INFO     | DuckDB     | 标记退市: ['920045', '920357', '920433', '920720', '920027', '920656', '920489', '920159', '920012', '920125', '920690', '920505', '920807', '920368', '920227', '920971', '920092', '920230', '920871', '920000', '920478', '920110', '920946', '920080', '920837', '920932', '920300', '920892', '920438', '920023', '920799', '920790', '920039', '920035', '920729', '920943', '920076', '920086', '920866', '920403', '920670', '920578', '920223', '920726', '920896', '920273', '920370', '920419', '920062', '920185', '920942', '920011', '920663', '920112', '920249', '920640', '920725', '920001', '920642', '920985', '920576', '920957', '920207', '920026', '920098', '920579', '920221', '920187', '920509', '920346', '920191', '920832', '920856', '920855', '920395', '920925', '920553', '920007', '920247', '920175', '920100', '920006', '920717', '920239', '920047', '920177', '920261', '920454', '920168', '920190', '920839', '920924', '920058', '920056', '920718', '920008', '920299', '920068', '920974', '920020', '920163', '920834', '920181', '920808', '920121', '920118', '920953', '920087', '920792', '920167', '920284', '920351', '920689', '920570', '920078', '920305', '920981', '920139', '920037', '920378', '920022', '920278', '920274', '920895', '920123', '920212', '920188', '920522', '920198', '920275', '920036', '920906', '920556', '920061', '920060', '920694', '920271', '920089', '920519', '920371', '920077', '920768', '920186', '920180', '920885', '920160', '920339', '920685', '920526', '920608', '920015', '920124', '920527', '920992', '920806', '920414', '920374', '920267', '920106', '920564', '920069', '920753', '920075', '920066', '920651', '920033', '920982', '920017', '920436', '920003', '920394', '920101', '920873', '920266', '920427', '920090', '920128', '920833', '920422', '920156', '920405', '920599', '920425', '920662', '920028', '920781', '920970', '920046', '920879', '920809', '920802', '920641', '920950', '920263', '920748', '920005', '920751', '920504', '920415', '920961', '920132', '920184', '920719', '920580', '920019', '920627', '920821', '920639', '920964', '920195', '920014', '920375', '920770', '920050', '920183', '920575', '920541', '920146', '920679', '920566', '920021', '920857', '920914', '920260', '920870', '920469', '920931', '920002', '920179', '920252', '920009', '920493', '920508', '920108', '920735', '920765', '920099', '920367', '920204', '920533', '920245', '920082', '920978', '920116', '920407', '920665', '920496', '920510', '920016', '920491', '920237', '920166', '920119', '920402', '920819', '920200', '920145', '920158', '920826', '920392', '920270', '920976', '920363', '920779', '920475', '920706', '920169', '920057', '920592', '920699', '920476', '920418', '920130', '920171', '920174', '920634', '920926', '920703', '920242', '920429', '920010', '920344', '920675', '920571', '920396', '920029', '920208', '920152', '920693', '920455', '920091', '920030', '920701', '920471', '920149', '920593', '920225', '920055', '920088', '920199', '920682', '920445', '920786', '920262', '920810', '920018', '920547', '920122', '920304', '920876', '920111', '920523']
2026-05-08 17:30:00.356 | INFO     | QMT-StockSync | 股票同步完成: QMT 5204 只, DB活跃 5516 只, 新增 0, 退市 312
2026-05-08 17:30:00.365 | INFO     | CronScheduler | 股票列表同步: 新增 0, 退市 312
2026-05-08 17:30:00.365 | INFO     | TushareSync | Fetching stock basics from Tushare...
2026-05-08 17:30:01.520 | INFO     | DuckDB     | 更新股票元数据: 5513 条
2026-05-08 17:30:01.520 | INFO     | TushareSync | Successfully synced 5513 stock basics.
2026-05-08 17:30:01.525 | INFO     | TushareSync | Fetching daily basics snapshot from Tushare (Date: Latest)...
2026-05-08 17:30:04.082 | INFO     | TushareSync | Pulling more financial indicators (ROE, Margin) in chunks of 100...
2026-05-08 17:32:49.390 | INFO     | DuckDB     | 更新股票基本面数据: 5491 条
2026-05-08 17:32:49.390 | INFO     | TushareSync | Successfully synced 5491 fundamentals records with enhanced indicators.
2026-05-08 17:32:49.399 | INFO     | ParquetPipeline | ParquetPipeline | Fetching daily k-lines from 20260501 to 20260508...
2026-05-08 17:32:49.568 | INFO     | ParquetPipeline | ParquetPipeline | Pulling market for 20260508...
2026-05-08 17:32:50.461 | INFO     | ParquetPipeline | ParquetPipeline | Pulling market for 20260507...
2026-05-08 17:32:51.444 | INFO     | ParquetPipeline | ParquetPipeline | Pulling market for 20260506...
2026-05-08 17:32:52.350 | INFO     | ParquetPipeline | ParquetPipeline | Writing 5494 stocks to Parquet...
2026-05-08 17:35:18.928 | INFO     | DuckDB     | DuckDB | 创建虚拟视图成功: kline_daily_view -> E:/1target/p9_project/quant-platform/data/parquet/daily/*.parquet
2026-05-08 17:35:18.928 | INFO     | ParquetPipeline | ParquetPipeline | Daily K-lines fully synced.
2026-05-08 17:35:19.050 | INFO     | CronScheduler | CronScheduler ========= [收取管道] 完美结束 =========
2026-05-08 18:04:18.332 | WARNING  | DuckDB     | DuckDB | 数据库占用中，准备重试... (1/5)
2026-05-08 18:04:18.931 | WARNING  | DuckDB     | DuckDB | 数据库占用中，准备重试... (2/5)
2026-05-08 18:04:19.525 | WARNING  | DuckDB     | DuckDB | 数据库占用中，准备重试... (3/5)
2026-05-08 18:04:20.118 | WARNING  | DuckDB     | DuckDB | 数据库占用中，准备重试... (4/5)
2026-05-08 18:04:20.708 | ERROR    | DuckDB     | DuckDB | 无法连接到数据库: IO Error: Cannot open file "E:\1target\p9_project\quant-platform\data\meta\meta.db": 另一个程序正在使用此文件，进程无法访问。

File is already open in 
C:\Python314\python.exe (PID 27392)
2026-05-08 18:04:20.709 | ERROR    | DuckDB     | DuckDB | 初始化表结构失败: IO Error: Cannot open file "E:\1target\p9_project\quant-platform\data\meta\meta.db": 另一个程序正在使用此文件，进程无法访问。

File is already open in 
C:\Python314\python.exe (PID 27392)
2026-05-08 18:08:22.119 | WARNING  | DuckDB     | DuckDB | 数据库占用中，准备重试... (1/5)
2026-05-08 18:08:22.716 | WARNING  | DuckDB     | DuckDB | 数据库占用中，准备重试... (2/5)
2026-05-08 18:08:23.313 | WARNING  | DuckDB     | DuckDB | 数据库占用中，准备重试... (3/5)
2026-05-08 18:08:23.913 | WARNING  | DuckDB     | DuckDB | 数据库占用中，准备重试... (4/5)
2026-05-08 18:08:24.333 | WARNING  | DuckDB     | DuckDB | 数据库占用中，准备重试... (1/5)
2026-05-08 18:08:24.507 | ERROR    | DuckDB     | DuckDB | 无法连接到数据库: IO Error: Cannot open file "E:\1target\p9_project\quant-platform\data\meta\meta.db": 另一个程序正在使用此文件，进程无法访问。

File is already open in 
C:\Python314\python.exe (PID 27392)
2026-05-08 18:08:24.508 | ERROR    | DuckDB     | DuckDB | 初始化表结构失败: IO Error: Cannot open file "E:\1target\p9_project\quant-platform\data\meta\meta.db": 另一个程序正在使用此文件，进程无法访问。

File is already open in 
C:\Python314\python.exe (PID 27392)
2026-05-08 18:08:24.937 | WARNING  | DuckDB     | DuckDB | 数据库占用中，准备重试... (2/5)
2026-05-08 18:08:25.539 | WARNING  | DuckDB     | DuckDB | 数据库占用中，准备重试... (3/5)
2026-05-08 18:08:26.139 | WARNING  | DuckDB     | DuckDB | 数据库占用中，准备重试... (4/5)
2026-05-08 18:08:26.738 | ERROR    | DuckDB     | DuckDB | 无法连接到数据库: IO Error: Cannot open file "E:\1target\p9_project\quant-platform\data\meta\meta.db": 另一个程序正在使用此文件，进程无法访问。

File is already open in 
C:\Python314\python.exe (PID 27392)
2026-05-08 18:08:26.738 | ERROR    | DuckDB     | DuckDB | 初始化表结构失败: IO Error: Cannot open file "E:\1target\p9_project\quant-platform\data\meta\meta.db": 另一个程序正在使用此文件，进程无法访问。

File is already open in 
C:\Python314\python.exe (PID 27392)
2026-05-08 18:16:41.517 | WARNING  | DuckDB     | DuckDB | 数据库占用中，准备重试... (1/5)
2026-05-08 18:16:42.120 | WARNING  | DuckDB     | DuckDB | 数据库占用中，准备重试... (2/5)
2026-05-08 18:16:42.733 | WARNING  | DuckDB     | DuckDB | 数据库占用中，准备重试... (3/5)
2026-05-08 18:16:43.328 | WARNING  | DuckDB     | DuckDB | 数据库占用中，准备重试... (4/5)
2026-05-08 18:16:43.927 | ERROR    | DuckDB     | DuckDB | 无法连接到数据库: IO Error: Cannot open file "E:\1target\p9_project\quant-platform\data\meta\meta.db": 另一个程序正在使用此文件，进程无法访问。

File is already open in 
C:\Python314\python.exe (PID 27392)
2026-05-08 18:16:43.927 | ERROR    | DuckDB     | DuckDB | 初始化表结构失败: IO Error: Cannot open file "E:\1target\p9_project\quant-platform\data\meta\meta.db": 另一个程序正在使用此文件，进程无法访问。

File is already open in 
C:\Python314\python.exe (PID 27392)
2026-05-08 20:14:24.650 | WARNING  | DuckDB     | DuckDB | 数据库占用中，准备重试... (1/5)
2026-05-08 20:14:25.245 | WARNING  | DuckDB     | DuckDB | 数据库占用中，准备重试... (2/5)
2026-05-08 20:14:25.841 | WARNING  | DuckDB     | DuckDB | 数据库占用中，准备重试... (3/5)
2026-05-08 20:14:26.448 | WARNING  | DuckDB     | DuckDB | 数据库占用中，准备重试... (4/5)
2026-05-08 20:14:27.063 | ERROR    | DuckDB     | DuckDB | 无法连接到数据库: IO Error: Cannot open file "E:\1target\p9_project\quant-platform\data\meta\meta.db": 另一个程序正在使用此文件，进程无法访问。

File is already open in 
C:\Python314\python.exe (PID 27392)
2026-05-08 20:14:27.063 | ERROR    | DuckDB     | DuckDB | 初始化表结构失败: IO Error: Cannot open file "E:\1target\p9_project\quant-platform\data\meta\meta.db": 另一个程序正在使用此文件，进程无法访问。

File is already open in 
C:\Python314\python.exe (PID 27392)
2026-05-08 20:18:51.650 | WARNING  | DuckDB     | DuckDB | 数据库占用中，准备重试... (1/5)
2026-05-08 20:18:52.245 | WARNING  | DuckDB     | DuckDB | 数据库占用中，准备重试... (2/5)
2026-05-08 20:18:52.841 | WARNING  | DuckDB     | DuckDB | 数据库占用中，准备重试... (3/5)
2026-05-08 20:18:53.435 | WARNING  | DuckDB     | DuckDB | 数据库占用中，准备重试... (4/5)
2026-05-08 20:18:54.034 | ERROR    | DuckDB     | DuckDB | 无法连接到数据库: IO Error: Cannot open file "E:\1target\p9_project\quant-platform\data\meta\meta.db": 另一个程序正在使用此文件，进程无法访问。

File is already open in 
C:\Python314\python.exe (PID 27392)
2026-05-08 20:18:54.042 | ERROR    | DuckDB     | DuckDB | 初始化表结构失败: IO Error: Cannot open file "E:\1target\p9_project\quant-platform\data\meta\meta.db": 另一个程序正在使用此文件，进程无法访问。

File is already open in 
C:\Python314\python.exe (PID 27392)
2026-05-08 20:22:52.335 | WARNING  | DuckDB     | DuckDB | 数据库占用中，准备重试... (1/5)
2026-05-08 20:22:52.927 | WARNING  | DuckDB     | DuckDB | 数据库占用中，准备重试... (2/5)
2026-05-08 20:22:53.524 | WARNING  | DuckDB     | DuckDB | 数据库占用中，准备重试... (3/5)
2026-05-08 20:22:54.123 | WARNING  | DuckDB     | DuckDB | 数据库占用中，准备重试... (4/5)
2026-05-08 20:22:54.720 | ERROR    | DuckDB     | DuckDB | 无法连接到数据库: IO Error: Cannot open file "E:\1target\p9_project\quant-platform\data\meta\meta.db": 另一个程序正在使用此文件，进程无法访问。

File is already open in 
C:\Python314\python.exe (PID 27392)
2026-05-08 20:22:54.720 | ERROR    | DuckDB     | DuckDB | 初始化表结构失败: IO Error: Cannot open file "E:\1target\p9_project\quant-platform\data\meta\meta.db": 另一个程序正在使用此文件，进程无法访问。

File is already open in 
C:\Python314\python.exe (PID 27392)
2026-05-08 20:23:42.004 | WARNING  | DuckDB     | DuckDB | 数据库占用中，准备重试... (1/5)
2026-05-08 20:23:42.599 | WARNING  | DuckDB     | DuckDB | 数据库占用中，准备重试... (2/5)
2026-05-08 20:23:43.195 | WARNING  | DuckDB     | DuckDB | 数据库占用中，准备重试... (3/5)
2026-05-08 20:23:43.787 | WARNING  | DuckDB     | DuckDB | 数据库占用中，准备重试... (4/5)
2026-05-08 20:23:44.385 | ERROR    | DuckDB     | DuckDB | 无法连接到数据库: IO Error: Cannot open file "E:\1target\p9_project\quant-platform\data\meta\meta.db": 另一个程序正在使用此文件，进程无法访问。

File is already open in 
C:\Python314\python.exe (PID 27392)
2026-05-08 20:23:44.386 | ERROR    | DuckDB     | DuckDB | 初始化表结构失败: IO Error: Cannot open file "E:\1target\p9_project\quant-platform\data\meta\meta.db": 另一个程序正在使用此文件，进程无法访问。

File is already open in 
C:\Python314\python.exe (PID 27392)
2026-05-08 20:29:22.726 | WARNING  | DuckDB     | DuckDB | 数据库占用中，准备重试... (1/5)
2026-05-08 20:29:23.321 | WARNING  | DuckDB     | DuckDB | 数据库占用中，准备重试... (2/5)
2026-05-08 20:29:23.920 | WARNING  | DuckDB     | DuckDB | 数据库占用中，准备重试... (3/5)
2026-05-08 20:29:24.514 | WARNING  | DuckDB     | DuckDB | 数据库占用中，准备重试... (4/5)
2026-05-08 20:29:25.111 | ERROR    | DuckDB     | DuckDB | 无法连接到数据库: IO Error: Cannot open file "E:\1target\p9_project\quant-platform\data\meta\meta.db": 另一个程序正在使用此文件，进程无法访问。

File is already open in 
C:\Python314\python.exe (PID 27392)
2026-05-08 20:29:25.112 | ERROR    | DuckDB     | DuckDB | 初始化表结构失败: IO Error: Cannot open file "E:\1target\p9_project\quant-platform\data\meta\meta.db": 另一个程序正在使用此文件，进程无法访问。

File is already open in 
C:\Python314\python.exe (PID 27392)
2026-05-08 20:31:51.659 | WARNING  | DuckDB     | DuckDB | 数据库占用中，准备重试... (1/5)
2026-05-08 20:31:52.266 | WARNING  | DuckDB     | DuckDB | 数据库占用中，准备重试... (2/5)
2026-05-08 20:31:52.863 | WARNING  | DuckDB     | DuckDB | 数据库占用中，准备重试... (3/5)
2026-05-08 20:31:53.464 | WARNING  | DuckDB     | DuckDB | 数据库占用中，准备重试... (4/5)
2026-05-08 20:31:54.065 | ERROR    | DuckDB     | DuckDB | 无法连接到数据库: IO Error: Cannot open file "E:\1target\p9_project\quant-platform\data\meta\meta.db": 另一个程序正在使用此文件，进程无法访问。

File is already open in 
C:\Python314\python.exe (PID 27392)
2026-05-08 20:31:54.065 | ERROR    | DuckDB     | DuckDB | 初始化表结构失败: IO Error: Cannot open file "E:\1target\p9_project\quant-platform\data\meta\meta.db": 另一个程序正在使用此文件，进程无法访问。

File is already open in 
C:\Python314\python.exe (PID 27392)
2026-05-08 20:38:51.887 | WARNING  | DuckDB     | DuckDB | 数据库占用中，准备重试... (1/5)
2026-05-08 20:38:52.478 | WARNING  | DuckDB     | DuckDB | 数据库占用中，准备重试... (2/5)
2026-05-08 20:38:53.075 | WARNING  | DuckDB     | DuckDB | 数据库占用中，准备重试... (3/5)
2026-05-08 20:38:53.667 | WARNING  | DuckDB     | DuckDB | 数据库占用中，准备重试... (4/5)
2026-05-08 20:38:54.264 | ERROR    | DuckDB     | DuckDB | 无法连接到数据库: IO Error: Cannot open file "E:\1target\p9_project\quant-platform\data\meta\meta.db": 另一个程序正在使用此文件，进程无法访问。

File is already open in 
C:\Python314\python.exe (PID 27392)
2026-05-08 20:38:54.265 | ERROR    | DuckDB     | DuckDB | 初始化表结构失败: IO Error: Cannot open file "E:\1target\p9_project\quant-platform\data\meta\meta.db": 另一个程序正在使用此文件，进程无法访问。

File is already open in 
C:\Python314\python.exe (PID 27392)
2026-05-08 21:16:32.767 | WARNING  | DuckDB     | DuckDB | 数据库占用中，准备重试... (1/5)
2026-05-08 21:16:33.362 | WARNING  | DuckDB     | DuckDB | 数据库占用中，准备重试... (2/5)
2026-05-08 21:16:33.954 | WARNING  | DuckDB     | DuckDB | 数据库占用中，准备重试... (3/5)
2026-05-08 21:16:34.544 | WARNING  | DuckDB     | DuckDB | 数据库占用中，准备重试... (4/5)
2026-05-08 21:16:35.137 | ERROR    | DuckDB     | DuckDB | 无法连接到数据库: IO Error: Cannot open file "E:\1target\p9_project\quant-platform\data\meta\meta.db": 另一个程序正在使用此文件，进程无法访问。

File is already open in 
C:\Python314\python.exe (PID 27392)
2026-05-08 21:16:35.138 | ERROR    | DuckDB     | DuckDB | 初始化表结构失败: IO Error: Cannot open file "E:\1target\p9_project\quant-platform\data\meta\meta.db": 另一个程序正在使用此文件，进程无法访问。

File is already open in 
C:\Python314\python.exe (PID 27392)
2026-05-08 21:49:49.960 | WARNING  | DuckDB     | DuckDB | 数据库占用中，准备重试... (1/5)
2026-05-08 21:49:50.552 | WARNING  | DuckDB     | DuckDB | 数据库占用中，准备重试... (2/5)
2026-05-08 21:49:51.149 | WARNING  | DuckDB     | DuckDB | 数据库占用中，准备重试... (3/5)
2026-05-08 21:49:51.749 | WARNING  | DuckDB     | DuckDB | 数据库占用中，准备重试... (4/5)
2026-05-08 21:49:52.347 | ERROR    | DuckDB     | DuckDB | 无法连接到数据库: IO Error: Cannot open file "E:\1target\p9_project\quant-platform\data\meta\meta.db": 另一个程序正在使用此文件，进程无法访问。

File is already open in 
C:\Python314\python.exe (PID 27392)
2026-05-08 21:49:52.348 | ERROR    | DuckDB     | DuckDB | 初始化表结构失败: IO Error: Cannot open file "E:\1target\p9_project\quant-platform\data\meta\meta.db": 另一个程序正在使用此文件，进程无法访问。

File is already open in 
C:\Python314\python.exe (PID 27392)
2026-05-08 21:50:55.953 | WARNING  | DuckDB     | DuckDB | 数据库占用中，准备重试... (1/5)
2026-05-08 21:50:56.561 | WARNING  | DuckDB     | DuckDB | 数据库占用中，准备重试... (2/5)
2026-05-08 21:50:57.161 | WARNING  | DuckDB     | DuckDB | 数据库占用中，准备重试... (3/5)
2026-05-08 21:50:57.757 | WARNING  | DuckDB     | DuckDB | 数据库占用中，准备重试... (4/5)
2026-05-08 21:50:58.358 | ERROR    | DuckDB     | DuckDB | 无法连接到数据库: IO Error: Cannot open file "E:\1target\p9_project\quant-platform\data\meta\meta.db": 另一个程序正在使用此文件，进程无法访问。

File is already open in 
C:\Python314\python.exe (PID 27392)
2026-05-08 21:50:58.358 | ERROR    | DuckDB     | DuckDB | 初始化表结构失败: IO Error: Cannot open file "E:\1target\p9_project\quant-platform\data\meta\meta.db": 另一个程序正在使用此文件，进程无法访问。

File is already open in 
C:\Python314\python.exe (PID 27392)
2026-05-08 21:55:34.564 | WARNING  | DuckDB     | DuckDB | 数据库占用中，准备重试... (1/5)
2026-05-08 21:55:35.158 | WARNING  | DuckDB     | DuckDB | 数据库占用中，准备重试... (2/5)
2026-05-08 21:55:35.755 | WARNING  | DuckDB     | DuckDB | 数据库占用中，准备重试... (3/5)
2026-05-08 21:55:36.350 | WARNING  | DuckDB     | DuckDB | 数据库占用中，准备重试... (4/5)
2026-05-08 21:55:36.941 | ERROR    | DuckDB     | DuckDB | 无法连接到数据库: IO Error: Cannot open file "E:\1target\p9_project\quant-platform\data\meta\meta.db": 另一个程序正在使用此文件，进程无法访问。

File is already open in 
C:\Python314\python.exe (PID 27392)
2026-05-08 21:55:36.942 | ERROR    | DuckDB     | DuckDB | 初始化表结构失败: IO Error: Cannot open file "E:\1target\p9_project\quant-platform\data\meta\meta.db": 另一个程序正在使用此文件，进程无法访问。

File is already open in 
C:\Python314\python.exe (PID 27392)
2026-05-08 21:59:52.245 | WARNING  | DuckDB     | DuckDB | 数据库占用中，准备重试... (1/5)
2026-05-08 21:59:52.845 | WARNING  | DuckDB     | DuckDB | 数据库占用中，准备重试... (2/5)
2026-05-08 21:59:53.441 | WARNING  | DuckDB     | DuckDB | 数据库占用中，准备重试... (3/5)
2026-05-08 21:59:54.043 | WARNING  | DuckDB     | DuckDB | 数据库占用中，准备重试... (4/5)
2026-05-08 21:59:54.646 | ERROR    | DuckDB     | DuckDB | 无法连接到数据库: IO Error: Cannot open file "E:\1target\p9_project\quant-platform\data\meta\meta.db": 另一个程序正在使用此文件，进程无法访问。

File is already open in 
C:\Python314\python.exe (PID 27392)
2026-05-08 21:59:54.647 | ERROR    | DuckDB     | DuckDB | 初始化表结构失败: IO Error: Cannot open file "E:\1target\p9_project\quant-platform\data\meta\meta.db": 另一个程序正在使用此文件，进程无法访问。

File is already open in 
C:\Python314\python.exe (PID 27392)
2026-05-08 23:00:32.274 | WARNING  | DuckDB     | DuckDB | 数据库占用中，准备重试... (1/5)
2026-05-08 23:00:32.870 | WARNING  | DuckDB     | DuckDB | 数据库占用中，准备重试... (2/5)
2026-05-08 23:00:33.471 | WARNING  | DuckDB     | DuckDB | 数据库占用中，准备重试... (3/5)
2026-05-08 23:00:34.067 | WARNING  | DuckDB     | DuckDB | 数据库占用中，准备重试... (4/5)
2026-05-08 23:00:34.666 | ERROR    | DuckDB     | DuckDB | 无法连接到数据库: IO Error: Cannot open file "E:\1target\p9_project\quant-platform\data\meta\meta.db": 另一个程序正在使用此文件，进程无法访问。

File is already open in 
C:\Python314\python.exe (PID 27392)
2026-05-08 23:00:34.666 | ERROR    | DuckDB     | DuckDB | 初始化表结构失败: IO Error: Cannot open file "E:\1target\p9_project\quant-platform\data\meta\meta.db": 另一个程序正在使用此文件，进程无法访问。

File is already open in 
C:\Python314\python.exe (PID 27392)
