2026-05-15 01:59:28.496 | INFO     | API-SimTrader | 开关: 卖出=告警(close) 选股=关 买入=执行 监控=开
2026-05-15 01:59:29.359 | INFO     | API-SimTrader | 开关: 卖出=告警(close) 选股=开 买入=执行 监控=开
2026-05-15 01:59:32.304 | INFO     | API-SimTrader | 开关: 卖出=执行(close) 选股=开 买入=执行 监控=开
2026-05-15 02:07:39.183 | INFO     | IntradayMonitor | 盘中监控已停止
2026-05-15 02:07:39.184 | INFO     | API-SimTrader | 开关: 卖出=执行(close) 选股=开 买入=执行 监控=关
2026-05-15 02:07:41.976 | INFO     | IntradayMonitor | 盘中监控已启动，模式=intraday
2026-05-15 02:07:41.976 | INFO     | API-SimTrader | 开关: 卖出=执行(close) 选股=开 买入=执行 监控=开
2026-05-15 02:40:12.216 | WARNING  | DuckDB     | DuckDB | 数据库占用中，准备重试... (1/5)
2026-05-15 02:40:12.795 | WARNING  | DuckDB     | DuckDB | 数据库占用中，准备重试... (2/5)
2026-05-15 02:40:13.371 | WARNING  | DuckDB     | DuckDB | 数据库占用中，准备重试... (3/5)
2026-05-15 02:40:13.944 | WARNING  | DuckDB     | DuckDB | 数据库占用中，准备重试... (4/5)
2026-05-15 02:40:14.521 | ERROR    | DuckDB     | DuckDB | 无法连接到数据库: IO Error: Cannot open file "E:\1target\p9_project\quant-platform\data\meta\meta.db": 另一个程序正在使用此文件，进程无法访问。

File is already open in 
D:\Program Files\Python313\python.exe (PID 19692)
2026-05-15 02:40:14.522 | ERROR    | DuckDB     | DuckDB | 初始化表结构失败: IO Error: Cannot open file "E:\1target\p9_project\quant-platform\data\meta\meta.db": 另一个程序正在使用此文件，进程无法访问。

File is already open in 
D:\Program Files\Python313\python.exe (PID 19692)
2026-05-15 08:04:54.214 | INFO     | API-SimTrader | 开关: 卖出=执行(close) 选股=关 买入=不买 监控=开
2026-05-15 08:05:14.053 | WARNING  | DuckDB     | DuckDB | 数据库占用中，准备重试... (1/5)
2026-05-15 08:05:14.710 | WARNING  | DuckDB     | DuckDB | 数据库占用中，准备重试... (2/5)
2026-05-15 08:05:15.375 | WARNING  | DuckDB     | DuckDB | 数据库占用中，准备重试... (3/5)
2026-05-15 08:05:16.033 | WARNING  | DuckDB     | DuckDB | 数据库占用中，准备重试... (4/5)
2026-05-15 08:05:16.691 | ERROR    | DuckDB     | DuckDB | 无法连接到数据库: IO Error: Cannot open file "E:\1target\p9_project\quant-platform\data\meta\meta.db": 另一个程序正在使用此文件，进程无法访问。

File is already open in 
D:\Program Files\Python313\python.exe (PID 19692)
2026-05-15 08:05:16.692 | ERROR    | DuckDB     | DuckDB | 初始化表结构失败: IO Error: Cannot open file "E:\1target\p9_project\quant-platform\data\meta\meta.db": 另一个程序正在使用此文件，进程无法访问。

File is already open in 
D:\Program Files\Python313\python.exe (PID 19692)
2026-05-15 08:05:35.804 | INFO     | DuckDB     | DuckDB | 所有核心表结构初始化完成 (含热点板块)
2026-05-15 08:05:35.804 | INFO     | DuckDB     | DuckDB 核心就绪: E:\1target\p9_project\quant-platform\data\meta\meta.db
2026-05-15 08:05:37.155 | INFO     | API-Server | P9 Quant Platform Background Tasks Startup...
2026-05-15 08:05:37.163 | INFO     | CronScheduler | CronScheduler | 每日数据收割机被安排在每个工作日的 08:30 执行。
2026-05-15 08:05:37.164 | INFO     | CronScheduler | CronScheduler | 每日数据收割机被安排在每个工作日的 17:30 执行。
2026-05-15 08:05:37.164 | INFO     | CronScheduler | CronScheduler | Redis→DuckDB 收割机已安排在每个工作日 15:30 执行。
2026-05-15 08:05:37.165 | INFO     | CronScheduler | CronScheduler | 模拟盘尾盘交易已安排在 14:52 执行。
2026-05-15 08:05:37.166 | INFO     | CronScheduler | CronScheduler | 盘中监控全量扫描已安排（每分钟，兜底）。
2026-05-15 08:05:37.166 | INFO     | CronScheduler | CronScheduler | 概念数据同步已安排在每日 09:00 执行。
2026-05-15 08:05:37.167 | INFO     | CronScheduler | CronScheduler | 板块热度重算已安排在每个交易日 5 分钟/次。
2026-05-15 08:05:37.168 | INFO     | CronScheduler | CronScheduler | 收盘热度终版快照已安排在 15:30 执行。
2026-05-15 08:05:37.168 | INFO     | CronScheduler | CronScheduler | 指数日线更新已安排在 15:35 执行。
2026-05-15 08:05:37.189 | INFO     | CronScheduler | CronScheduler | 盘中监控未自动启动（MONITOR_ENABLED=False）
2026-05-15 08:05:37.189 | INFO     | CronScheduler | CronScheduler | 自动调度服务(APScheduler) 已启动。
2026-05-15 08:05:40.176 | INFO     | IntradayMonitor | 盘中监控器已创建（待启动）
2026-05-15 08:05:42.200 | INFO     | ParquetPipeline | ParquetPipeline | Fetching daily k-lines from 20260505 to 20260515...
2026-05-15 08:05:42.362 | INFO     | ParquetPipeline | ParquetPipeline | Pulling market for 20260515...
2026-05-15 08:05:42.481 | INFO     | ParquetPipeline | ParquetPipeline | Pulling market for 20260514...
2026-05-15 08:05:43.400 | INFO     | ParquetPipeline | ParquetPipeline | Pulling market for 20260513...
2026-05-15 08:05:44.449 | INFO     | ParquetPipeline | ParquetPipeline | Pulling market for 20260512...
2026-05-15 08:05:45.329 | INFO     | ParquetPipeline | ParquetPipeline | Pulling market for 20260511...
2026-05-15 08:05:46.226 | INFO     | ParquetPipeline | ParquetPipeline | Pulling market for 20260508...
2026-05-15 08:05:46.997 | INFO     | IntradayMonitor | 盘中监控已启动，模式=close
2026-05-15 08:05:47.013 | INFO     | API-SimTrader | 开关: 卖出=告警(close) 选股=开 买入=不买 券商=关 监控=开
2026-05-15 08:05:47.451 | INFO     | ParquetPipeline | ParquetPipeline | Pulling market for 20260507...
2026-05-15 08:05:48.355 | INFO     | ParquetPipeline | ParquetPipeline | Pulling market for 20260506...
2026-05-15 08:05:49.569 | INFO     | ParquetPipeline | ParquetPipeline | Writing 5498 stocks to Parquet...
2026-05-15 08:05:50.136 | INFO     | API-SimTrader | 开关: 卖出=告警(close) 选股=开 买入=不买 券商=关 监控=开
2026-05-15 08:08:56.490 | INFO     | DuckDB     | DuckDB | 创建虚拟视图成功: kline_daily_view -> E:/1target/p9_project/quant-platform/data/parquet/daily/*.parquet
2026-05-15 08:08:56.491 | INFO     | ParquetPipeline | ParquetPipeline | Daily K-lines fully synced.
2026-05-15 08:30:00.002 | INFO     | CronScheduler | CronScheduler ========= [全自动日线/面料收取管道] 起步 =========
2026-05-15 08:30:00.090 | INFO     | QMT-StockSync | QMT 返回 5205 只股票代码
2026-05-15 08:30:00.101 | WARNING  | QMT-StockSync | 检测到 312 只退市/摘牌股票，正在标记...
2026-05-15 08:30:00.109 | INFO     | DuckDB     | 标记退市: ['920663', '920266', '920964', '920174', '920179', '920509', '920363', '920689', '920098', '920195', '920953', '920057', '920249', '920344', '920058', '920720', '920128', '920227', '920198', '920089', '920190', '920436', '920971', '920132', '920547', '920799', '920706', '920575', '920405', '920367', '920028', '920091', '920665', '920304', '920181', '920924', '920455', '920267', '920394', '920662', '920005', '920168', '920651', '920855', '920892', '920101', '920809', '920493', '920156', '920578', '920020', '920593', '920685', '920895', '920914', '920207', '920821', '920112', '920082', '920627', '920504', '920717', '920719', '920046', '920023', '920970', '920008', '920121', '920160', '920943', '920003', '920608', '920556', '920060', '920212', '920942', '920786', '920149', '920982', '920510', '920185', '920526', '920146', '920183', '920599', '920080', '920826', '920152', '920701', '920021', '920180', '920125', '920985', '920078', '920171', '920726', '920009', '920284', '920261', '920419', '920422', '920357', '920239', '920030', '920158', '920019', '920765', '920016', '920642', '920167', '920946', '920957', '920221', '920533', '920374', '920392', '920564', '920068', '920017', '920077', '920022', '920768', '920592', '920199', '920675', '920047', '920703', '920177', '920075', '920056', '920925', '920299', '920395', '920110', '920519', '920527', '920092', '920033', '920175', '920505', '920790', '920779', '920992', '920751', '920753', '920682', '920896', '920396', '920029', '920906', '920076', '920781', '920223', '920245', '920200', '920000', '920263', '920086', '920718', '920163', '920808', '920087', '920926', '920124', '920252', '920640', '920522', '920802', '920523', '920262', '920108', '920679', '920099', '920748', '920770', '920159', '920471', '920050', '920208', '920693', '920641', '920188', '920729', '920438', '920119', '920496', '920069', '920111', '920225', '920833', '920278', '920247', '920839', '920807', '920300', '920475', '920039', '920415', '920885', '920130', '920015', '920445', '920061', '920305', '920346', '920571', '920062', '920230', '920932', '920186', '920011', '920857', '920368', '920508', '920275', '920469', '920725', '920489', '920429', '920027', '920184', '920579', '920819', '920792', '920026', '920014', '920810', '920974', '920478', '920370', '920237', '920950', '920260', '920541', '920981', '920036', '920879', '920403', '920402', '920010', '920856', '920106', '920375', '920066', '920870', '920242', '920270', '920832', '920491', '920806', '920273', '920834', '920407', '920425', '920414', '920699', '920169', '920871', '920351', '920139', '920476', '920118', '920055', '920978', '920145', '920002', '920873', '920961', '920553', '920339', '920576', '920735', '920580', '920006', '920418', '920037', '920837', '920639', '920035', '920116', '920656', '920371', '920876', '920012', '920566', '920123', '920976', '920454', '920100', '920427', '920045', '920670', '920271', '920187', '920274', '920122', '920001', '920166', '920191', '920931', '920433', '920204', '920690', '920018', '920007', '920634', '920090', '920088', '920378', '920866', '920570', '920694']
2026-05-15 08:30:00.110 | INFO     | QMT-StockSync | 股票同步完成: QMT 5205 只, DB活跃 5517 只, 新增 0, 退市 312
2026-05-15 08:30:00.115 | INFO     | CronScheduler | 股票列表同步: 新增 0, 退市 312
2026-05-15 08:30:00.116 | INFO     | TushareSync | Fetching stock basics from Tushare...
2026-05-15 08:30:00.636 | INFO     | DuckDB     | 更新股票元数据: 5515 条
2026-05-15 08:30:00.636 | INFO     | TushareSync | Successfully synced 5515 stock basics.
2026-05-15 08:30:00.640 | INFO     | TushareSync | Fetching daily basics snapshot from Tushare (Date: Latest)...
2026-05-15 08:30:00.858 | WARNING  | TushareSync | No daily basic data found.
2026-05-15 08:30:00.860 | INFO     | ParquetPipeline | ParquetPipeline | Fetching daily k-lines from 20260508 to 20260515...
2026-05-15 08:30:00.971 | INFO     | ParquetPipeline | ParquetPipeline | Pulling market for 20260515...
2026-05-15 08:30:01.120 | INFO     | ParquetPipeline | ParquetPipeline | Pulling market for 20260514...
2026-05-15 08:30:02.133 | INFO     | ParquetPipeline | ParquetPipeline | Pulling market for 20260513...
2026-05-15 08:30:02.982 | INFO     | ParquetPipeline | ParquetPipeline | Pulling market for 20260512...
2026-05-15 08:30:04.042 | INFO     | ParquetPipeline | ParquetPipeline | Pulling market for 20260511...
2026-05-15 08:30:04.946 | INFO     | ParquetPipeline | ParquetPipeline | Pulling market for 20260508...
2026-05-15 08:30:05.744 | INFO     | ParquetPipeline | ParquetPipeline | Writing 5497 stocks to Parquet...
2026-05-15 08:34:16.054 | INFO     | DuckDB     | DuckDB | 创建虚拟视图成功: kline_daily_view -> E:/1target/p9_project/quant-platform/data/parquet/daily/*.parquet
2026-05-15 08:34:16.055 | INFO     | ParquetPipeline | ParquetPipeline | Daily K-lines fully synced.
2026-05-15 08:34:16.286 | INFO     | CronScheduler | CronScheduler ========= [收取管道] 完美结束 =========
2026-05-15 09:00:00.007 | INFO     | CronScheduler | CronScheduler | [概念同步] 开始同步 Tushare 概念数据...
2026-05-15 09:00:00.008 | INFO     | CronScheduler | CronScheduler | [热度计算] 开始刷新板块热度...
2026-05-15 09:00:00.217 | INFO     | ConceptSync | concept: 获取到 879 个概念分类
2026-05-15 09:00:32.848 | INFO     | HeatCalc   | 加载了 5518 只股票的最近日线数据
2026-05-15 09:01:15.137 | INFO     | HeatCalc   | 热度计算完成: 873 概念, 110 板块
2026-05-15 09:01:43.237 | ERROR    | RedisManager | Redis 连接失败 (localhost:6379): Error 10061 connecting to localhost:6379. 由于目标计算机积极拒绝，无法连接。.
2026-05-15 09:02:30.911 | INFO     | CronScheduler | CronScheduler | [热度计算] 完成: {'concepts_processed': 873, 'sectors_processed': 110, 'trade_date': '2026-05-15'}
2026-05-15 09:05:00.012 | INFO     | CronScheduler | CronScheduler | [热度计算] 开始刷新板块热度...
2026-05-15 09:05:44.531 | INFO     | HeatCalc   | 加载了 5518 只股票的最近日线数据
2026-05-15 09:06:27.237 | INFO     | HeatCalc   | 热度计算完成: 873 概念, 110 板块
2026-05-15 09:07:08.530 | INFO     | CronScheduler | CronScheduler | [热度计算] 完成: {'concepts_processed': 873, 'sectors_processed': 110, 'trade_date': '2026-05-15'}
2026-05-15 09:10:00.009 | INFO     | CronScheduler | CronScheduler | [热度计算] 开始刷新板块热度...
2026-05-15 09:11:18.131 | INFO     | HeatCalc   | 加载了 5518 只股票的最近日线数据
2026-05-15 09:11:36.622 | INFO     | HeatCalc   | 热度计算完成: 121 概念, 110 板块
2026-05-15 09:12:31.158 | INFO     | CronScheduler | CronScheduler | [热度计算] 完成: {'concepts_processed': 121, 'sectors_processed': 110, 'trade_date': '2026-05-15'}
2026-05-15 09:15:00.014 | INFO     | CronScheduler | CronScheduler | [热度计算] 开始刷新板块热度...
2026-05-15 09:16:15.101 | INFO     | HeatCalc   | 加载了 5518 只股票的最近日线数据
2026-05-15 09:17:27.784 | INFO     | HeatCalc   | 热度计算完成: 671 概念, 110 板块
2026-05-15 09:18:13.565 | INFO     | ConceptSync | concept: 写入 34444 条概念映射到 DuckDB
2026-05-15 09:18:13.578 | INFO     | ConceptSync | 标准概念同步完成: 873 概念, 34444 映射
2026-05-15 09:18:13.579 | INFO     | CronScheduler | CronScheduler | [概念同步] 完成: 873 概念, 34444 映射
2026-05-15 09:18:19.389 | INFO     | CronScheduler | CronScheduler | [热度计算] 完成: {'concepts_processed': 671, 'sectors_processed': 110, 'trade_date': '2026-05-15'}
2026-05-15 09:20:00.009 | INFO     | CronScheduler | CronScheduler | [热度计算] 开始刷新板块热度...
2026-05-15 09:20:41.534 | INFO     | HeatCalc   | 加载了 5518 只股票的最近日线数据
2026-05-15 09:21:35.506 | INFO     | HeatCalc   | 热度计算完成: 873 概念, 110 板块
2026-05-15 09:22:23.670 | INFO     | CronScheduler | CronScheduler | [热度计算] 完成: {'concepts_processed': 873, 'sectors_processed': 110, 'trade_date': '2026-05-15'}
2026-05-15 09:25:00.013 | INFO     | CronScheduler | CronScheduler | [热度计算] 开始刷新板块热度...
2026-05-15 09:25:42.839 | INFO     | HeatCalc   | 加载了 5518 只股票的最近日线数据
2026-05-15 09:26:40.030 | INFO     | HeatCalc   | 热度计算完成: 873 概念, 110 板块
2026-05-15 09:27:31.671 | INFO     | CronScheduler | CronScheduler | [热度计算] 完成: {'concepts_processed': 873, 'sectors_processed': 110, 'trade_date': '2026-05-15'}
2026-05-15 09:30:00.004 | INFO     | CronScheduler | CronScheduler | [热度计算] 开始刷新板块热度...
2026-05-15 09:30:43.240 | INFO     | HeatCalc   | 加载了 5518 只股票的最近日线数据
2026-05-15 09:31:41.809 | INFO     | HeatCalc   | 热度计算完成: 873 概念, 110 板块
2026-05-15 09:32:27.653 | INFO     | CronScheduler | CronScheduler | [热度计算] 完成: {'concepts_processed': 873, 'sectors_processed': 110, 'trade_date': '2026-05-15'}
2026-05-15 09:35:00.016 | INFO     | CronScheduler | CronScheduler | [热度计算] 开始刷新板块热度...
2026-05-15 09:35:43.090 | INFO     | HeatCalc   | 加载了 5518 只股票的最近日线数据
2026-05-15 09:36:41.476 | INFO     | HeatCalc   | 热度计算完成: 873 概念, 110 板块
2026-05-15 09:37:23.270 | INFO     | CronScheduler | CronScheduler | [热度计算] 完成: {'concepts_processed': 873, 'sectors_processed': 110, 'trade_date': '2026-05-15'}
2026-05-15 09:40:00.011 | INFO     | CronScheduler | CronScheduler | [热度计算] 开始刷新板块热度...
2026-05-15 09:40:42.699 | INFO     | HeatCalc   | 加载了 5518 只股票的最近日线数据
2026-05-15 09:41:36.257 | INFO     | HeatCalc   | 热度计算完成: 873 概念, 110 板块
2026-05-15 09:42:17.813 | INFO     | CronScheduler | CronScheduler | [热度计算] 完成: {'concepts_processed': 873, 'sectors_processed': 110, 'trade_date': '2026-05-15'}
2026-05-15 09:45:00.003 | INFO     | CronScheduler | CronScheduler | [热度计算] 开始刷新板块热度...
2026-05-15 09:45:41.914 | INFO     | HeatCalc   | 加载了 5518 只股票的最近日线数据
2026-05-15 09:46:39.988 | INFO     | HeatCalc   | 热度计算完成: 873 概念, 110 板块
2026-05-15 09:47:25.595 | INFO     | CronScheduler | CronScheduler | [热度计算] 完成: {'concepts_processed': 873, 'sectors_processed': 110, 'trade_date': '2026-05-15'}
2026-05-15 09:50:00.015 | INFO     | CronScheduler | CronScheduler | [热度计算] 开始刷新板块热度...
2026-05-15 09:50:42.843 | INFO     | HeatCalc   | 加载了 5518 只股票的最近日线数据
2026-05-15 09:51:43.410 | INFO     | HeatCalc   | 热度计算完成: 873 概念, 110 板块
2026-05-15 09:52:34.867 | INFO     | CronScheduler | CronScheduler | [热度计算] 完成: {'concepts_processed': 873, 'sectors_processed': 110, 'trade_date': '2026-05-15'}
2026-05-15 09:55:00.015 | INFO     | CronScheduler | CronScheduler | [热度计算] 开始刷新板块热度...
2026-05-15 09:55:43.686 | INFO     | HeatCalc   | 加载了 5518 只股票的最近日线数据
2026-05-15 09:56:46.639 | INFO     | HeatCalc   | 热度计算完成: 873 概念, 110 板块
2026-05-15 09:57:27.119 | INFO     | CronScheduler | CronScheduler | [热度计算] 完成: {'concepts_processed': 873, 'sectors_processed': 110, 'trade_date': '2026-05-15'}
2026-05-15 10:00:00.013 | INFO     | CronScheduler | CronScheduler | [热度计算] 开始刷新板块热度...
2026-05-15 10:00:44.023 | INFO     | HeatCalc   | 加载了 5518 只股票的最近日线数据
2026-05-15 10:01:50.375 | INFO     | HeatCalc   | 热度计算完成: 873 概念, 110 板块
2026-05-15 10:02:39.712 | INFO     | CronScheduler | CronScheduler | [热度计算] 完成: {'concepts_processed': 873, 'sectors_processed': 110, 'trade_date': '2026-05-15'}
2026-05-15 10:05:00.015 | INFO     | CronScheduler | CronScheduler | [热度计算] 开始刷新板块热度...
2026-05-15 10:05:44.262 | INFO     | HeatCalc   | 加载了 5518 只股票的最近日线数据
2026-05-15 10:06:53.155 | INFO     | HeatCalc   | 热度计算完成: 873 概念, 110 板块
2026-05-15 10:07:39.296 | INFO     | CronScheduler | CronScheduler | [热度计算] 完成: {'concepts_processed': 873, 'sectors_processed': 110, 'trade_date': '2026-05-15'}
2026-05-15 10:10:00.004 | INFO     | CronScheduler | CronScheduler | [热度计算] 开始刷新板块热度...
2026-05-15 10:10:45.520 | INFO     | HeatCalc   | 加载了 5518 只股票的最近日线数据
2026-05-15 10:11:54.902 | INFO     | HeatCalc   | 热度计算完成: 873 概念, 110 板块
2026-05-15 10:12:44.083 | INFO     | CronScheduler | CronScheduler | [热度计算] 完成: {'concepts_processed': 873, 'sectors_processed': 110, 'trade_date': '2026-05-15'}
2026-05-15 10:15:00.009 | INFO     | CronScheduler | CronScheduler | [热度计算] 开始刷新板块热度...
2026-05-15 10:15:46.312 | INFO     | HeatCalc   | 加载了 5518 只股票的最近日线数据
2026-05-15 10:16:45.539 | INFO     | HeatCalc   | 热度计算完成: 873 概念, 110 板块
2026-05-15 10:17:36.281 | INFO     | CronScheduler | CronScheduler | [热度计算] 完成: {'concepts_processed': 873, 'sectors_processed': 110, 'trade_date': '2026-05-15'}
2026-05-15 10:20:00.004 | INFO     | CronScheduler | CronScheduler | [热度计算] 开始刷新板块热度...
2026-05-15 10:20:44.875 | INFO     | HeatCalc   | 加载了 5518 只股票的最近日线数据
2026-05-15 10:21:47.530 | INFO     | HeatCalc   | 热度计算完成: 873 概念, 110 板块
2026-05-15 10:22:37.259 | INFO     | CronScheduler | CronScheduler | [热度计算] 完成: {'concepts_processed': 873, 'sectors_processed': 110, 'trade_date': '2026-05-15'}
2026-05-15 10:25:00.008 | INFO     | CronScheduler | CronScheduler | [热度计算] 开始刷新板块热度...
2026-05-15 10:25:43.746 | INFO     | HeatCalc   | 加载了 5518 只股票的最近日线数据
2026-05-15 10:26:43.354 | INFO     | HeatCalc   | 热度计算完成: 873 概念, 110 板块
2026-05-15 10:27:31.873 | INFO     | CronScheduler | CronScheduler | [热度计算] 完成: {'concepts_processed': 873, 'sectors_processed': 110, 'trade_date': '2026-05-15'}
2026-05-15 10:30:00.001 | INFO     | CronScheduler | CronScheduler | [热度计算] 开始刷新板块热度...
2026-05-15 10:30:43.297 | INFO     | HeatCalc   | 加载了 5518 只股票的最近日线数据
2026-05-15 10:31:45.541 | INFO     | HeatCalc   | 热度计算完成: 873 概念, 110 板块
2026-05-15 10:32:30.863 | INFO     | CronScheduler | CronScheduler | [热度计算] 完成: {'concepts_processed': 873, 'sectors_processed': 110, 'trade_date': '2026-05-15'}
2026-05-15 10:35:00.015 | INFO     | CronScheduler | CronScheduler | [热度计算] 开始刷新板块热度...
2026-05-15 10:35:45.153 | INFO     | HeatCalc   | 加载了 5518 只股票的最近日线数据
2026-05-15 10:36:49.880 | INFO     | HeatCalc   | 热度计算完成: 873 概念, 110 板块
2026-05-15 10:37:38.758 | INFO     | CronScheduler | CronScheduler | [热度计算] 完成: {'concepts_processed': 873, 'sectors_processed': 110, 'trade_date': '2026-05-15'}
2026-05-15 10:40:00.013 | INFO     | CronScheduler | CronScheduler | [热度计算] 开始刷新板块热度...
2026-05-15 10:40:44.597 | INFO     | HeatCalc   | 加载了 5518 只股票的最近日线数据
2026-05-15 10:41:49.740 | INFO     | HeatCalc   | 热度计算完成: 873 概念, 110 板块
2026-05-15 10:42:38.072 | INFO     | CronScheduler | CronScheduler | [热度计算] 完成: {'concepts_processed': 873, 'sectors_processed': 110, 'trade_date': '2026-05-15'}
2026-05-15 10:45:00.014 | INFO     | CronScheduler | CronScheduler | [热度计算] 开始刷新板块热度...
2026-05-15 10:45:46.651 | INFO     | HeatCalc   | 加载了 5518 只股票的最近日线数据
2026-05-15 10:46:55.912 | INFO     | HeatCalc   | 热度计算完成: 873 概念, 110 板块
2026-05-15 10:47:35.517 | INFO     | CronScheduler | CronScheduler | [热度计算] 完成: {'concepts_processed': 873, 'sectors_processed': 110, 'trade_date': '2026-05-15'}
2026-05-15 10:50:00.016 | INFO     | CronScheduler | CronScheduler | [热度计算] 开始刷新板块热度...
2026-05-15 10:50:44.196 | INFO     | HeatCalc   | 加载了 5518 只股票的最近日线数据
2026-05-15 10:51:51.802 | INFO     | HeatCalc   | 热度计算完成: 873 概念, 110 板块
2026-05-15 10:52:38.065 | INFO     | CronScheduler | CronScheduler | [热度计算] 完成: {'concepts_processed': 873, 'sectors_processed': 110, 'trade_date': '2026-05-15'}
2026-05-15 10:55:00.005 | INFO     | CronScheduler | CronScheduler | [热度计算] 开始刷新板块热度...
2026-05-15 10:55:45.440 | INFO     | HeatCalc   | 加载了 5518 只股票的最近日线数据
2026-05-15 10:56:53.477 | INFO     | HeatCalc   | 热度计算完成: 873 概念, 110 板块
2026-05-15 10:57:38.611 | INFO     | CronScheduler | CronScheduler | [热度计算] 完成: {'concepts_processed': 873, 'sectors_processed': 110, 'trade_date': '2026-05-15'}
2026-05-15 11:00:00.003 | INFO     | CronScheduler | CronScheduler | [热度计算] 开始刷新板块热度...
2026-05-15 11:00:44.953 | INFO     | HeatCalc   | 加载了 5518 只股票的最近日线数据
2026-05-15 11:01:54.803 | INFO     | HeatCalc   | 热度计算完成: 873 概念, 110 板块
2026-05-15 11:02:43.284 | INFO     | CronScheduler | CronScheduler | [热度计算] 完成: {'concepts_processed': 873, 'sectors_processed': 110, 'trade_date': '2026-05-15'}
2026-05-15 11:05:00.011 | INFO     | CronScheduler | CronScheduler | [热度计算] 开始刷新板块热度...
2026-05-15 11:05:43.223 | INFO     | HeatCalc   | 加载了 5518 只股票的最近日线数据
2026-05-15 11:06:51.434 | INFO     | HeatCalc   | 热度计算完成: 873 概念, 110 板块
2026-05-15 11:07:39.035 | INFO     | CronScheduler | CronScheduler | [热度计算] 完成: {'concepts_processed': 873, 'sectors_processed': 110, 'trade_date': '2026-05-15'}
2026-05-15 11:10:00.011 | INFO     | CronScheduler | CronScheduler | [热度计算] 开始刷新板块热度...
2026-05-15 11:10:44.737 | INFO     | HeatCalc   | 加载了 5518 只股票的最近日线数据
2026-05-15 11:11:53.487 | INFO     | HeatCalc   | 热度计算完成: 873 概念, 110 板块
2026-05-15 11:12:38.404 | INFO     | CronScheduler | CronScheduler | [热度计算] 完成: {'concepts_processed': 873, 'sectors_processed': 110, 'trade_date': '2026-05-15'}
2026-05-15 11:15:00.010 | INFO     | CronScheduler | CronScheduler | [热度计算] 开始刷新板块热度...
2026-05-15 11:15:45.911 | INFO     | HeatCalc   | 加载了 5518 只股票的最近日线数据
2026-05-15 11:16:57.272 | INFO     | HeatCalc   | 热度计算完成: 873 概念, 110 板块
2026-05-15 11:17:42.077 | INFO     | CronScheduler | CronScheduler | [热度计算] 完成: {'concepts_processed': 873, 'sectors_processed': 110, 'trade_date': '2026-05-15'}
2026-05-15 11:20:00.014 | INFO     | CronScheduler | CronScheduler | [热度计算] 开始刷新板块热度...
2026-05-15 11:20:48.453 | INFO     | HeatCalc   | 加载了 5518 只股票的最近日线数据
2026-05-15 11:22:02.362 | INFO     | HeatCalc   | 热度计算完成: 873 概念, 110 板块
2026-05-15 11:22:52.404 | INFO     | CronScheduler | CronScheduler | [热度计算] 完成: {'concepts_processed': 873, 'sectors_processed': 110, 'trade_date': '2026-05-15'}
2026-05-15 11:25:00.007 | INFO     | CronScheduler | CronScheduler | [热度计算] 开始刷新板块热度...
2026-05-15 11:25:48.689 | INFO     | HeatCalc   | 加载了 5518 只股票的最近日线数据
2026-05-15 11:27:04.942 | INFO     | HeatCalc   | 热度计算完成: 873 概念, 110 板块
2026-05-15 11:27:47.677 | INFO     | CronScheduler | CronScheduler | [热度计算] 完成: {'concepts_processed': 873, 'sectors_processed': 110, 'trade_date': '2026-05-15'}
2026-05-15 11:30:00.011 | INFO     | CronScheduler | CronScheduler | [热度计算] 开始刷新板块热度...
2026-05-15 11:30:47.737 | INFO     | HeatCalc   | 加载了 5518 只股票的最近日线数据
2026-05-15 11:32:02.724 | INFO     | HeatCalc   | 热度计算完成: 873 概念, 110 板块
2026-05-15 11:32:53.089 | INFO     | CronScheduler | CronScheduler | [热度计算] 完成: {'concepts_processed': 873, 'sectors_processed': 110, 'trade_date': '2026-05-15'}
2026-05-15 11:35:00.011 | INFO     | CronScheduler | CronScheduler | [热度计算] 开始刷新板块热度...
2026-05-15 11:35:47.053 | INFO     | HeatCalc   | 加载了 5518 只股票的最近日线数据
2026-05-15 11:37:02.328 | INFO     | HeatCalc   | 热度计算完成: 873 概念, 110 板块
2026-05-15 11:37:46.356 | INFO     | CronScheduler | CronScheduler | [热度计算] 完成: {'concepts_processed': 873, 'sectors_processed': 110, 'trade_date': '2026-05-15'}
2026-05-15 11:40:00.009 | INFO     | CronScheduler | CronScheduler | [热度计算] 开始刷新板块热度...
2026-05-15 11:40:47.571 | INFO     | HeatCalc   | 加载了 5518 只股票的最近日线数据
2026-05-15 11:42:04.523 | INFO     | HeatCalc   | 热度计算完成: 873 概念, 110 板块
2026-05-15 11:42:51.038 | INFO     | CronScheduler | CronScheduler | [热度计算] 完成: {'concepts_processed': 873, 'sectors_processed': 110, 'trade_date': '2026-05-15'}
2026-05-15 11:45:00.010 | INFO     | CronScheduler | CronScheduler | [热度计算] 开始刷新板块热度...
2026-05-15 11:45:47.071 | INFO     | HeatCalc   | 加载了 5518 只股票的最近日线数据
2026-05-15 11:47:04.675 | INFO     | HeatCalc   | 热度计算完成: 873 概念, 110 板块
2026-05-15 11:47:57.205 | INFO     | CronScheduler | CronScheduler | [热度计算] 完成: {'concepts_processed': 873, 'sectors_processed': 110, 'trade_date': '2026-05-15'}
2026-05-15 11:50:00.009 | INFO     | CronScheduler | CronScheduler | [热度计算] 开始刷新板块热度...
2026-05-15 11:50:47.652 | INFO     | HeatCalc   | 加载了 5518 只股票的最近日线数据
2026-05-15 11:52:06.464 | INFO     | HeatCalc   | 热度计算完成: 873 概念, 110 板块
2026-05-15 11:52:51.451 | INFO     | CronScheduler | CronScheduler | [热度计算] 完成: {'concepts_processed': 873, 'sectors_processed': 110, 'trade_date': '2026-05-15'}
2026-05-15 11:55:00.014 | INFO     | CronScheduler | CronScheduler | [热度计算] 开始刷新板块热度...
2026-05-15 11:55:49.129 | INFO     | HeatCalc   | 加载了 5518 只股票的最近日线数据
2026-05-15 11:57:08.939 | INFO     | HeatCalc   | 热度计算完成: 873 概念, 110 板块
2026-05-15 11:57:52.527 | INFO     | CronScheduler | CronScheduler | [热度计算] 完成: {'concepts_processed': 873, 'sectors_processed': 110, 'trade_date': '2026-05-15'}
2026-05-15 12:00:00.012 | INFO     | CronScheduler | CronScheduler | [热度计算] 开始刷新板块热度...
2026-05-15 12:00:49.369 | INFO     | HeatCalc   | 加载了 5518 只股票的最近日线数据
2026-05-15 12:02:10.415 | INFO     | HeatCalc   | 热度计算完成: 873 概念, 110 板块
2026-05-15 12:02:59.879 | INFO     | CronScheduler | CronScheduler | [热度计算] 完成: {'concepts_processed': 873, 'sectors_processed': 110, 'trade_date': '2026-05-15'}
2026-05-15 12:05:00.014 | INFO     | CronScheduler | CronScheduler | [热度计算] 开始刷新板块热度...
2026-05-15 12:05:49.488 | INFO     | HeatCalc   | 加载了 5518 只股票的最近日线数据
2026-05-15 12:07:11.987 | INFO     | HeatCalc   | 热度计算完成: 873 概念, 110 板块
2026-05-15 12:07:56.584 | INFO     | CronScheduler | CronScheduler | [热度计算] 完成: {'concepts_processed': 873, 'sectors_processed': 110, 'trade_date': '2026-05-15'}
2026-05-15 12:10:00.012 | INFO     | CronScheduler | CronScheduler | [热度计算] 开始刷新板块热度...
2026-05-15 12:10:50.121 | INFO     | HeatCalc   | 加载了 5518 只股票的最近日线数据
2026-05-15 12:12:12.635 | INFO     | HeatCalc   | 热度计算完成: 873 概念, 110 板块
2026-05-15 12:13:02.719 | INFO     | CronScheduler | CronScheduler | [热度计算] 完成: {'concepts_processed': 873, 'sectors_processed': 110, 'trade_date': '2026-05-15'}
2026-05-15 12:15:00.010 | INFO     | CronScheduler | CronScheduler | [热度计算] 开始刷新板块热度...
2026-05-15 12:15:50.897 | INFO     | HeatCalc   | 加载了 5518 只股票的最近日线数据
2026-05-15 12:17:12.083 | INFO     | HeatCalc   | 热度计算完成: 873 概念, 110 板块
2026-05-15 12:17:57.386 | INFO     | CronScheduler | CronScheduler | [热度计算] 完成: {'concepts_processed': 873, 'sectors_processed': 110, 'trade_date': '2026-05-15'}
2026-05-15 12:20:00.016 | INFO     | CronScheduler | CronScheduler | [热度计算] 开始刷新板块热度...
2026-05-15 12:20:50.551 | INFO     | HeatCalc   | 加载了 5518 只股票的最近日线数据
2026-05-15 12:22:15.359 | INFO     | HeatCalc   | 热度计算完成: 873 概念, 110 板块
2026-05-15 12:23:00.994 | INFO     | CronScheduler | CronScheduler | [热度计算] 完成: {'concepts_processed': 873, 'sectors_processed': 110, 'trade_date': '2026-05-15'}
2026-05-15 12:25:00.005 | INFO     | CronScheduler | CronScheduler | [热度计算] 开始刷新板块热度...
2026-05-15 12:25:56.237 | INFO     | HeatCalc   | 加载了 5518 只股票的最近日线数据
2026-05-15 12:27:20.653 | INFO     | HeatCalc   | 热度计算完成: 873 概念, 110 板块
2026-05-15 12:28:07.381 | INFO     | CronScheduler | CronScheduler | [热度计算] 完成: {'concepts_processed': 873, 'sectors_processed': 110, 'trade_date': '2026-05-15'}
2026-05-15 12:30:00.005 | INFO     | CronScheduler | CronScheduler | [热度计算] 开始刷新板块热度...
2026-05-15 12:30:48.516 | INFO     | HeatCalc   | 加载了 5518 只股票的最近日线数据
2026-05-15 12:32:10.306 | INFO     | HeatCalc   | 热度计算完成: 873 概念, 110 板块
2026-05-15 12:32:58.783 | INFO     | CronScheduler | CronScheduler | [热度计算] 完成: {'concepts_processed': 873, 'sectors_processed': 110, 'trade_date': '2026-05-15'}
2026-05-15 12:35:00.011 | INFO     | CronScheduler | CronScheduler | [热度计算] 开始刷新板块热度...
2026-05-15 12:35:51.356 | INFO     | HeatCalc   | 加载了 5518 只股票的最近日线数据
2026-05-15 12:37:18.814 | INFO     | HeatCalc   | 热度计算完成: 873 概念, 110 板块
2026-05-15 12:38:09.926 | INFO     | CronScheduler | CronScheduler | [热度计算] 完成: {'concepts_processed': 873, 'sectors_processed': 110, 'trade_date': '2026-05-15'}
2026-05-15 12:40:00.010 | INFO     | CronScheduler | CronScheduler | [热度计算] 开始刷新板块热度...
2026-05-15 12:40:50.565 | INFO     | HeatCalc   | 加载了 5518 只股票的最近日线数据
2026-05-15 12:42:15.126 | INFO     | HeatCalc   | 热度计算完成: 873 概念, 110 板块
2026-05-15 12:43:08.943 | INFO     | CronScheduler | CronScheduler | [热度计算] 完成: {'concepts_processed': 873, 'sectors_processed': 110, 'trade_date': '2026-05-15'}
2026-05-15 12:45:00.001 | INFO     | CronScheduler | CronScheduler | [热度计算] 开始刷新板块热度...
2026-05-15 12:45:50.687 | INFO     | HeatCalc   | 加载了 5518 只股票的最近日线数据
2026-05-15 12:47:14.898 | INFO     | HeatCalc   | 热度计算完成: 873 概念, 110 板块
2026-05-15 12:48:02.938 | INFO     | CronScheduler | CronScheduler | [热度计算] 完成: {'concepts_processed': 873, 'sectors_processed': 110, 'trade_date': '2026-05-15'}
2026-05-15 12:50:00.005 | INFO     | CronScheduler | CronScheduler | [热度计算] 开始刷新板块热度...
2026-05-15 12:50:50.929 | INFO     | HeatCalc   | 加载了 5518 只股票的最近日线数据
2026-05-15 12:52:18.033 | INFO     | HeatCalc   | 热度计算完成: 873 概念, 110 板块
2026-05-15 12:53:04.954 | INFO     | CronScheduler | CronScheduler | [热度计算] 完成: {'concepts_processed': 873, 'sectors_processed': 110, 'trade_date': '2026-05-15'}
2026-05-15 12:55:00.006 | INFO     | CronScheduler | CronScheduler | [热度计算] 开始刷新板块热度...
2026-05-15 12:55:51.472 | INFO     | HeatCalc   | 加载了 5518 只股票的最近日线数据
2026-05-15 12:57:19.209 | INFO     | HeatCalc   | 热度计算完成: 873 概念, 110 板块
2026-05-15 12:57:59.310 | INFO     | CronScheduler | CronScheduler | [热度计算] 完成: {'concepts_processed': 873, 'sectors_processed': 110, 'trade_date': '2026-05-15'}
2026-05-15 13:00:00.016 | INFO     | CronScheduler | CronScheduler | [热度计算] 开始刷新板块热度...
2026-05-15 13:00:49.122 | INFO     | HeatCalc   | 加载了 5518 只股票的最近日线数据
2026-05-15 13:02:14.230 | INFO     | HeatCalc   | 热度计算完成: 873 概念, 110 板块
2026-05-15 13:03:08.799 | INFO     | CronScheduler | CronScheduler | [热度计算] 完成: {'concepts_processed': 873, 'sectors_processed': 110, 'trade_date': '2026-05-15'}
2026-05-15 13:05:00.008 | INFO     | CronScheduler | CronScheduler | [热度计算] 开始刷新板块热度...
2026-05-15 13:05:50.976 | INFO     | HeatCalc   | 加载了 5518 只股票的最近日线数据
2026-05-15 13:07:19.349 | INFO     | HeatCalc   | 热度计算完成: 873 概念, 110 板块
2026-05-15 13:08:09.212 | INFO     | CronScheduler | CronScheduler | [热度计算] 完成: {'concepts_processed': 873, 'sectors_processed': 110, 'trade_date': '2026-05-15'}
2026-05-15 13:10:00.004 | INFO     | CronScheduler | CronScheduler | [热度计算] 开始刷新板块热度...
2026-05-15 13:10:51.717 | INFO     | HeatCalc   | 加载了 5518 只股票的最近日线数据
2026-05-15 13:12:19.082 | INFO     | HeatCalc   | 热度计算完成: 873 概念, 110 板块
2026-05-15 13:13:00.710 | INFO     | CronScheduler | CronScheduler | [热度计算] 完成: {'concepts_processed': 873, 'sectors_processed': 110, 'trade_date': '2026-05-15'}
2026-05-15 13:15:00.002 | INFO     | CronScheduler | CronScheduler | [热度计算] 开始刷新板块热度...
2026-05-15 13:15:50.505 | INFO     | HeatCalc   | 加载了 5518 只股票的最近日线数据
2026-05-15 13:17:18.066 | INFO     | HeatCalc   | 热度计算完成: 873 概念, 110 板块
2026-05-15 13:18:02.074 | INFO     | CronScheduler | CronScheduler | [热度计算] 完成: {'concepts_processed': 873, 'sectors_processed': 110, 'trade_date': '2026-05-15'}
2026-05-15 13:20:00.010 | INFO     | CronScheduler | CronScheduler | [热度计算] 开始刷新板块热度...
2026-05-15 13:20:50.878 | INFO     | HeatCalc   | 加载了 5518 只股票的最近日线数据
2026-05-15 13:22:18.543 | INFO     | HeatCalc   | 热度计算完成: 873 概念, 110 板块
2026-05-15 13:23:10.801 | INFO     | CronScheduler | CronScheduler | [热度计算] 完成: {'concepts_processed': 873, 'sectors_processed': 110, 'trade_date': '2026-05-15'}
2026-05-15 13:25:00.012 | INFO     | CronScheduler | CronScheduler | [热度计算] 开始刷新板块热度...
2026-05-15 13:25:51.722 | INFO     | HeatCalc   | 加载了 5518 只股票的最近日线数据
2026-05-15 13:27:21.684 | INFO     | HeatCalc   | 热度计算完成: 873 概念, 110 板块
2026-05-15 13:28:10.635 | INFO     | CronScheduler | CronScheduler | [热度计算] 完成: {'concepts_processed': 873, 'sectors_processed': 110, 'trade_date': '2026-05-15'}
2026-05-15 13:30:00.001 | INFO     | CronScheduler | CronScheduler | [热度计算] 开始刷新板块热度...
2026-05-15 13:30:51.156 | INFO     | HeatCalc   | 加载了 5518 只股票的最近日线数据
2026-05-15 13:32:19.261 | INFO     | HeatCalc   | 热度计算完成: 873 概念, 110 板块
2026-05-15 13:33:05.298 | INFO     | CronScheduler | CronScheduler | [热度计算] 完成: {'concepts_processed': 873, 'sectors_processed': 110, 'trade_date': '2026-05-15'}
2026-05-15 13:35:00.004 | INFO     | CronScheduler | CronScheduler | [热度计算] 开始刷新板块热度...
2026-05-15 13:35:51.037 | INFO     | HeatCalc   | 加载了 5518 只股票的最近日线数据
2026-05-15 13:37:20.655 | INFO     | HeatCalc   | 热度计算完成: 873 概念, 110 板块
2026-05-15 13:38:06.497 | INFO     | CronScheduler | CronScheduler | [热度计算] 完成: {'concepts_processed': 873, 'sectors_processed': 110, 'trade_date': '2026-05-15'}
2026-05-15 13:40:00.010 | INFO     | CronScheduler | CronScheduler | [热度计算] 开始刷新板块热度...
2026-05-15 13:40:53.684 | INFO     | HeatCalc   | 加载了 5518 只股票的最近日线数据
2026-05-15 13:42:26.627 | INFO     | HeatCalc   | 热度计算完成: 873 概念, 110 板块
2026-05-15 13:43:12.239 | INFO     | CronScheduler | CronScheduler | [热度计算] 完成: {'concepts_processed': 873, 'sectors_processed': 110, 'trade_date': '2026-05-15'}
2026-05-15 13:45:00.014 | INFO     | CronScheduler | CronScheduler | [热度计算] 开始刷新板块热度...
2026-05-15 13:45:53.317 | INFO     | HeatCalc   | 加载了 5518 只股票的最近日线数据
2026-05-15 13:47:25.156 | INFO     | HeatCalc   | 热度计算完成: 873 概念, 110 板块
2026-05-15 13:48:19.225 | INFO     | CronScheduler | CronScheduler | [热度计算] 完成: {'concepts_processed': 873, 'sectors_processed': 110, 'trade_date': '2026-05-15'}
2026-05-15 13:50:00.005 | INFO     | CronScheduler | CronScheduler | [热度计算] 开始刷新板块热度...
2026-05-15 13:50:51.612 | INFO     | HeatCalc   | 加载了 5518 只股票的最近日线数据
2026-05-15 13:52:20.541 | INFO     | HeatCalc   | 热度计算完成: 873 概念, 110 板块
2026-05-15 13:53:02.288 | INFO     | CronScheduler | CronScheduler | [热度计算] 完成: {'concepts_processed': 873, 'sectors_processed': 110, 'trade_date': '2026-05-15'}
2026-05-15 13:55:00.015 | INFO     | CronScheduler | CronScheduler | [热度计算] 开始刷新板块热度...
2026-05-15 13:55:50.620 | INFO     | HeatCalc   | 加载了 5518 只股票的最近日线数据
2026-05-15 13:57:21.727 | INFO     | HeatCalc   | 热度计算完成: 873 概念, 110 板块
2026-05-15 13:58:11.022 | INFO     | CronScheduler | CronScheduler | [热度计算] 完成: {'concepts_processed': 873, 'sectors_processed': 110, 'trade_date': '2026-05-15'}
2026-05-15 14:00:00.003 | INFO     | CronScheduler | CronScheduler | [热度计算] 开始刷新板块热度...
2026-05-15 14:00:53.490 | INFO     | HeatCalc   | 加载了 5518 只股票的最近日线数据
2026-05-15 14:02:24.339 | INFO     | HeatCalc   | 热度计算完成: 873 概念, 110 板块
2026-05-15 14:03:13.809 | INFO     | CronScheduler | CronScheduler | [热度计算] 完成: {'concepts_processed': 873, 'sectors_processed': 110, 'trade_date': '2026-05-15'}
2026-05-15 14:05:00.014 | INFO     | CronScheduler | CronScheduler | [热度计算] 开始刷新板块热度...
2026-05-15 14:05:53.255 | INFO     | HeatCalc   | 加载了 5518 只股票的最近日线数据
2026-05-15 14:07:27.381 | INFO     | HeatCalc   | 热度计算完成: 873 概念, 110 板块
2026-05-15 14:08:07.733 | INFO     | CronScheduler | CronScheduler | [热度计算] 完成: {'concepts_processed': 873, 'sectors_processed': 110, 'trade_date': '2026-05-15'}
2026-05-15 14:10:00.001 | INFO     | CronScheduler | CronScheduler | [热度计算] 开始刷新板块热度...
2026-05-15 14:10:52.372 | INFO     | HeatCalc   | 加载了 5518 只股票的最近日线数据
2026-05-15 14:12:21.829 | INFO     | HeatCalc   | 热度计算完成: 873 概念, 110 板块
2026-05-15 14:13:08.752 | INFO     | CronScheduler | CronScheduler | [热度计算] 完成: {'concepts_processed': 873, 'sectors_processed': 110, 'trade_date': '2026-05-15'}
2026-05-15 14:15:00.008 | INFO     | CronScheduler | CronScheduler | [热度计算] 开始刷新板块热度...
2026-05-15 14:15:53.352 | INFO     | HeatCalc   | 加载了 5518 只股票的最近日线数据
2026-05-15 14:17:26.702 | INFO     | HeatCalc   | 热度计算完成: 873 概念, 110 板块
2026-05-15 14:18:08.603 | INFO     | CronScheduler | CronScheduler | [热度计算] 完成: {'concepts_processed': 873, 'sectors_processed': 110, 'trade_date': '2026-05-15'}
2026-05-15 14:20:00.014 | INFO     | CronScheduler | CronScheduler | [热度计算] 开始刷新板块热度...
2026-05-15 14:20:52.901 | INFO     | HeatCalc   | 加载了 5518 只股票的最近日线数据
2026-05-15 14:22:25.640 | INFO     | HeatCalc   | 热度计算完成: 873 概念, 110 板块
2026-05-15 14:23:10.422 | INFO     | CronScheduler | CronScheduler | [热度计算] 完成: {'concepts_processed': 873, 'sectors_processed': 110, 'trade_date': '2026-05-15'}
2026-05-15 14:25:00.005 | INFO     | CronScheduler | CronScheduler | [热度计算] 开始刷新板块热度...
2026-05-15 14:25:50.304 | INFO     | HeatCalc   | 加载了 5518 只股票的最近日线数据
2026-05-15 14:27:20.773 | INFO     | HeatCalc   | 热度计算完成: 873 概念, 110 板块
2026-05-15 14:28:04.244 | INFO     | CronScheduler | CronScheduler | [热度计算] 完成: {'concepts_processed': 873, 'sectors_processed': 110, 'trade_date': '2026-05-15'}
2026-05-15 14:30:00.012 | INFO     | CronScheduler | CronScheduler | [热度计算] 开始刷新板块热度...
2026-05-15 14:30:50.331 | INFO     | HeatCalc   | 加载了 5518 只股票的最近日线数据
2026-05-15 14:32:21.667 | INFO     | HeatCalc   | 热度计算完成: 873 概念, 110 板块
2026-05-15 14:33:07.352 | INFO     | CronScheduler | CronScheduler | [热度计算] 完成: {'concepts_processed': 873, 'sectors_processed': 110, 'trade_date': '2026-05-15'}
2026-05-15 14:35:00.005 | INFO     | CronScheduler | CronScheduler | [热度计算] 开始刷新板块热度...
2026-05-15 14:35:52.291 | INFO     | HeatCalc   | 加载了 5518 只股票的最近日线数据
2026-05-15 14:37:26.883 | INFO     | HeatCalc   | 热度计算完成: 873 概念, 110 板块
2026-05-15 14:38:07.869 | INFO     | CronScheduler | CronScheduler | [热度计算] 完成: {'concepts_processed': 873, 'sectors_processed': 110, 'trade_date': '2026-05-15'}
2026-05-15 14:40:00.011 | INFO     | CronScheduler | CronScheduler | [热度计算] 开始刷新板块热度...
2026-05-15 14:40:51.443 | INFO     | HeatCalc   | 加载了 5518 只股票的最近日线数据
2026-05-15 14:42:21.733 | INFO     | HeatCalc   | 热度计算完成: 873 概念, 110 板块
2026-05-15 14:43:07.870 | INFO     | CronScheduler | CronScheduler | [热度计算] 完成: {'concepts_processed': 873, 'sectors_processed': 110, 'trade_date': '2026-05-15'}
2026-05-15 14:45:00.003 | INFO     | CronScheduler | CronScheduler | [热度计算] 开始刷新板块热度...
2026-05-15 14:45:51.505 | INFO     | HeatCalc   | 加载了 5518 只股票的最近日线数据
2026-05-15 14:47:25.554 | INFO     | HeatCalc   | 热度计算完成: 873 概念, 110 板块
2026-05-15 14:48:17.408 | INFO     | CronScheduler | CronScheduler | [热度计算] 完成: {'concepts_processed': 873, 'sectors_processed': 110, 'trade_date': '2026-05-15'}
2026-05-15 14:50:00.012 | INFO     | CronScheduler | CronScheduler | [热度计算] 开始刷新板块热度...
2026-05-15 14:50:52.588 | INFO     | HeatCalc   | 加载了 5518 只股票的最近日线数据
2026-05-15 14:52:00.005 | INFO     | CronScheduler | CronScheduler | [模拟盘] 14:52 开始执行尾盘交易: 2026-05-15
2026-05-15 14:52:11.715 | INFO     | HeatCalc   | 热度计算完成: 873 概念, 110 板块
2026-05-15 14:54:44.003 | INFO     | SimLoader  | QMT 实时行情已注入: 5203 只股票
2026-05-15 14:54:49.662 | INFO     | Screener   | 🧬 [Loader] 识别到类继承策略: MA5AngleOriginalStrategy
2026-05-15 14:55:14.852 | INFO     | CronScheduler | CronScheduler | [模拟盘] 全部告警（应卖0笔 应买12笔）
2026-05-15 14:55:15.327 | INFO     | CronScheduler | CronScheduler | [热度计算] 完成: {'concepts_processed': 873, 'sectors_processed': 110, 'trade_date': '2026-05-15'}
2026-05-15 15:30:00.008 | INFO     | CronScheduler | CronScheduler | [热度终版] 开始执行收盘快照...
2026-05-15 15:30:00.009 | INFO     | CronScheduler | CronScheduler | [Redis收割] 开始将盘中最高价缓存同步回 DuckDB...
2026-05-15 15:30:21.852 | ERROR    | CronScheduler | CronScheduler | [Redis收割] 严重异常: Error 10061 connecting to localhost:6379. 由于目标计算机积极拒绝，无法连接。.
2026-05-15 15:30:52.946 | INFO     | HeatCalc   | 加载了 5518 只股票的最近日线数据
2026-05-15 15:32:29.725 | INFO     | HeatCalc   | 热度计算完成: 873 概念, 110 板块
2026-05-15 15:33:12.663 | INFO     | CronScheduler | CronScheduler | [热度终版] 完成: {'concepts_processed': 873, 'sectors_processed': 110, 'trade_date': '2026-05-15'}
2026-05-15 15:35:01.411 | INFO     | IndexUpdater | IndexUpdater | index_000001: +1 条
2026-05-15 15:35:02.059 | INFO     | IndexUpdater | IndexUpdater | index_000300: +1 条
2026-05-15 15:35:02.695 | INFO     | IndexUpdater | IndexUpdater | index_000905: +1 条
2026-05-15 15:35:03.243 | INFO     | IndexUpdater | IndexUpdater | index_000852: +1 条
2026-05-15 15:35:03.850 | INFO     | IndexUpdater | IndexUpdater | index_000510: +1 条
2026-05-15 15:35:04.420 | INFO     | IndexUpdater | IndexUpdater | index_399006: +1 条
2026-05-15 15:35:04.424 | INFO     | CronScheduler | CronScheduler | [指数更新] 更新了 6 个指数，共 6 条
2026-05-15 23:09:42.032 | INFO     | API-SimTrader | 开关: 卖出=执行(close) 选股=开 买入=不买 券商=关 监控=开
2026-05-15 23:09:44.457 | INFO     | API-SimTrader | 开关: 卖出=执行(close) 选股=开 买入=执行 券商=关 监控=开
2026-05-15 23:09:44.497 | INFO     | API-SimTrader | 开关: 卖出=执行(close) 选股=开 买入=不买 券商=关 监控=开
2026-05-15 23:09:45.053 | INFO     | API-SimTrader | 开关: 卖出=执行(close) 选股=开 买入=执行 券商=关 监控=开
2026-05-15 23:10:55.177 | INFO     | API-SimTrader | 开关: 卖出=执行(close) 选股=开 买入=执行 券商=开 监控=开
2026-05-15 23:10:55.517 | INFO     | API-SimTrader | 开关: 卖出=执行(close) 选股=开 买入=执行 券商=关 监控=开
2026-05-15 23:10:56.730 | INFO     | API-SimTrader | 开关: 卖出=执行(close) 选股=开 买入=执行 券商=开 监控=开
2026-05-15 23:10:57.135 | INFO     | API-SimTrader | 开关: 卖出=执行(close) 选股=开 买入=执行 券商=关 监控=开
2026-05-15 23:15:00.994 | INFO     | API-Backtest | 回测配置已保存
2026-05-15 23:18:17.819 | WARNING  | API-Backtest | 回测结果保存失败: name 'datetime' is not defined
