2026-05-04 08:47:21.346 | INFO     | DuckDB     | DuckDB | 所有核心表结构初始化完成 (含热点板块)
2026-05-04 08:47:21.347 | INFO     | DuckDB     | DuckDB 核心就绪: E:\1target\p9_project\quant-platform\data\meta\meta.db
2026-05-04 08:47:23.857 | INFO     | API-Server | P9 Quant Platform Background Tasks Startup...
2026-05-04 08:47:23.869 | INFO     | CronScheduler | CronScheduler | 每日数据收割机被安排在每个工作日的 08:30 执行。
2026-05-04 08:47:23.870 | INFO     | CronScheduler | CronScheduler | 每日数据收割机被安排在每个工作日的 17:30 执行。
2026-05-04 08:47:23.871 | INFO     | CronScheduler | CronScheduler | Redis→DuckDB 收割机已安排在每个工作日 15:30 执行。
2026-05-04 08:47:23.873 | INFO     | CronScheduler | CronScheduler | 概念数据同步已安排在每日 09:00 执行。
2026-05-04 08:47:23.874 | INFO     | CronScheduler | CronScheduler | 板块热度重算已安排在每个交易日 5 分钟/次。
2026-05-04 08:47:23.880 | INFO     | CronScheduler | CronScheduler | 收盘热度终版快照已安排在 15:30 执行。
2026-05-04 08:47:23.881 | INFO     | CronScheduler | CronScheduler | 自动调度服务(APScheduler) 已启动。
2026-05-04 08:47:28.893 | INFO     | ParquetPipeline | ParquetPipeline | Fetching daily k-lines from 20260424 to 20260504...
2026-05-04 08:47:29.035 | INFO     | ParquetPipeline | ParquetPipeline | Pulling market for 20260430...
2026-05-04 08:47:29.902 | INFO     | ParquetPipeline | ParquetPipeline | Pulling market for 20260429...
2026-05-04 08:47:30.977 | INFO     | ParquetPipeline | ParquetPipeline | Pulling market for 20260428...
2026-05-04 08:47:31.821 | INFO     | ParquetPipeline | ParquetPipeline | Pulling market for 20260427...
2026-05-04 08:47:32.717 | INFO     | ParquetPipeline | ParquetPipeline | Pulling market for 20260424...
2026-05-04 08:47:34.022 | INFO     | ParquetPipeline | ParquetPipeline | Writing 5508 stocks to Parquet...
2026-05-04 08:48:09.912 | INFO     | HeatCalc   | 加载了 5525 只股票的最近日线数据
2026-05-04 08:49:04.721 | INFO     | HeatCalc   | 热度计算完成: 873 概念, 110 板块
2026-05-04 08:49:26.329 | ERROR    | RedisManager | Redis 连接失败 (localhost:6379): Error 10061 connecting to localhost:6379. 由于目标计算机积极拒绝，无法连接。.
2026-05-04 08:52:23.837 | INFO     | DuckDB     | DuckDB | 创建虚拟视图成功: kline_daily_view -> E:/1target/p9_project/quant-platform/data/parquet/daily/*.parquet
2026-05-04 08:52:23.838 | INFO     | ParquetPipeline | ParquetPipeline | Daily K-lines fully synced.
2026-05-04 09:00:00.002 | INFO     | CronScheduler | CronScheduler | [概念同步] 开始同步 Tushare 概念数据...
2026-05-04 09:00:00.005 | INFO     | CronScheduler | CronScheduler | [热度计算] 开始刷新板块热度...
2026-05-04 09:00:00.172 | INFO     | ConceptSync | concept: 获取到 879 个概念分类
2026-05-04 09:00:40.982 | INFO     | HeatCalc   | 加载了 5525 只股票的最近日线数据
2026-05-04 09:01:31.689 | INFO     | HeatCalc   | 热度计算完成: 873 概念, 110 板块
2026-05-04 09:02:18.010 | INFO     | CronScheduler | CronScheduler | [热度计算] 完成: {'concepts_processed': 873, 'sectors_processed': 110, 'trade_date': '2026-05-04'}
2026-05-04 09:05:00.014 | INFO     | CronScheduler | CronScheduler | [热度计算] 开始刷新板块热度...
2026-05-04 09:05:49.652 | INFO     | HeatCalc   | 加载了 5525 只股票的最近日线数据
2026-05-04 09:06:49.215 | INFO     | HeatCalc   | 热度计算完成: 873 概念, 110 板块
2026-05-04 09:07:39.664 | INFO     | CronScheduler | CronScheduler | [热度计算] 完成: {'concepts_processed': 873, 'sectors_processed': 110, 'trade_date': '2026-05-04'}
2026-05-04 09:10:00.007 | INFO     | CronScheduler | CronScheduler | [热度计算] 开始刷新板块热度...
2026-05-04 09:11:17.985 | INFO     | HeatCalc   | 加载了 5525 只股票的最近日线数据
2026-05-04 09:11:43.635 | INFO     | HeatCalc   | 热度计算完成: 144 概念, 110 板块
2026-05-04 09:12:28.083 | INFO     | CronScheduler | CronScheduler | [热度计算] 完成: {'concepts_processed': 144, 'sectors_processed': 110, 'trade_date': '2026-05-04'}
2026-05-04 09:15:00.013 | INFO     | CronScheduler | CronScheduler | [热度计算] 开始刷新板块热度...
2026-05-04 09:16:14.456 | INFO     | HeatCalc   | 加载了 5525 只股票的最近日线数据
2026-05-04 09:17:22.951 | INFO     | HeatCalc   | 热度计算完成: 488 概念, 110 板块
2026-05-04 09:18:07.564 | INFO     | CronScheduler | CronScheduler | [热度计算] 完成: {'concepts_processed': 488, 'sectors_processed': 110, 'trade_date': '2026-05-04'}
2026-05-04 09:19:55.553 | INFO     | ConceptSync | concept: 写入 34444 条概念映射到 DuckDB
2026-05-04 09:19:55.559 | INFO     | ConceptSync | 标准概念同步完成: 873 概念, 34444 映射
2026-05-04 09:19:55.562 | INFO     | CronScheduler | CronScheduler | [概念同步] 完成: 873 概念, 34444 映射
2026-05-04 09:20:00.007 | INFO     | CronScheduler | CronScheduler | [热度计算] 开始刷新板块热度...
2026-05-04 09:20:56.952 | INFO     | HeatCalc   | 加载了 5525 只股票的最近日线数据
2026-05-04 09:22:02.244 | INFO     | HeatCalc   | 热度计算完成: 873 概念, 110 板块
2026-05-04 09:22:50.395 | INFO     | CronScheduler | CronScheduler | [热度计算] 完成: {'concepts_processed': 873, 'sectors_processed': 110, 'trade_date': '2026-05-04'}
2026-05-04 09:25:00.008 | INFO     | CronScheduler | CronScheduler | [热度计算] 开始刷新板块热度...
2026-05-04 09:25:50.754 | INFO     | HeatCalc   | 加载了 5525 只股票的最近日线数据
2026-05-04 09:26:57.186 | INFO     | HeatCalc   | 热度计算完成: 873 概念, 110 板块
2026-05-04 09:27:48.796 | INFO     | CronScheduler | CronScheduler | [热度计算] 完成: {'concepts_processed': 873, 'sectors_processed': 110, 'trade_date': '2026-05-04'}
2026-05-04 09:30:00.013 | INFO     | CronScheduler | CronScheduler | [热度计算] 开始刷新板块热度...
2026-05-04 09:30:56.881 | INFO     | HeatCalc   | 加载了 5525 只股票的最近日线数据
2026-05-04 09:32:06.878 | INFO     | HeatCalc   | 热度计算完成: 873 概念, 110 板块
2026-05-04 09:32:59.080 | INFO     | CronScheduler | CronScheduler | [热度计算] 完成: {'concepts_processed': 873, 'sectors_processed': 110, 'trade_date': '2026-05-04'}
2026-05-04 09:35:00.011 | INFO     | CronScheduler | CronScheduler | [热度计算] 开始刷新板块热度...
2026-05-04 09:35:59.702 | INFO     | HeatCalc   | 加载了 5525 只股票的最近日线数据
2026-05-04 09:37:13.718 | INFO     | HeatCalc   | 热度计算完成: 873 概念, 110 板块
2026-05-04 09:38:04.739 | INFO     | CronScheduler | CronScheduler | [热度计算] 完成: {'concepts_processed': 873, 'sectors_processed': 110, 'trade_date': '2026-05-04'}
2026-05-04 09:40:00.005 | INFO     | CronScheduler | CronScheduler | [热度计算] 开始刷新板块热度...
2026-05-04 09:40:58.710 | INFO     | HeatCalc   | 加载了 5525 只股票的最近日线数据
2026-05-04 09:42:13.458 | INFO     | HeatCalc   | 热度计算完成: 873 概念, 110 板块
2026-05-04 09:43:01.990 | INFO     | CronScheduler | CronScheduler | [热度计算] 完成: {'concepts_processed': 873, 'sectors_processed': 110, 'trade_date': '2026-05-04'}
2026-05-04 09:45:00.012 | INFO     | CronScheduler | CronScheduler | [热度计算] 开始刷新板块热度...
2026-05-04 09:45:58.524 | INFO     | HeatCalc   | 加载了 5525 只股票的最近日线数据
2026-05-04 09:47:15.952 | INFO     | HeatCalc   | 热度计算完成: 873 概念, 110 板块
2026-05-04 09:48:05.351 | INFO     | CronScheduler | CronScheduler | [热度计算] 完成: {'concepts_processed': 873, 'sectors_processed': 110, 'trade_date': '2026-05-04'}
2026-05-04 09:50:00.009 | INFO     | CronScheduler | CronScheduler | [热度计算] 开始刷新板块热度...
2026-05-04 09:51:00.445 | INFO     | HeatCalc   | 加载了 5525 只股票的最近日线数据
2026-05-04 09:52:21.841 | INFO     | HeatCalc   | 热度计算完成: 873 概念, 110 板块
2026-05-04 09:53:09.888 | INFO     | CronScheduler | CronScheduler | [热度计算] 完成: {'concepts_processed': 873, 'sectors_processed': 110, 'trade_date': '2026-05-04'}
2026-05-04 09:55:00.006 | INFO     | CronScheduler | CronScheduler | [热度计算] 开始刷新板块热度...
2026-05-04 09:56:00.719 | INFO     | HeatCalc   | 加载了 5525 只股票的最近日线数据
2026-05-04 09:57:23.530 | INFO     | HeatCalc   | 热度计算完成: 873 概念, 110 板块
2026-05-04 09:58:12.719 | INFO     | CronScheduler | CronScheduler | [热度计算] 完成: {'concepts_processed': 873, 'sectors_processed': 110, 'trade_date': '2026-05-04'}
2026-05-04 10:00:00.009 | INFO     | CronScheduler | CronScheduler | [热度计算] 开始刷新板块热度...
2026-05-04 10:00:58.732 | INFO     | HeatCalc   | 加载了 5525 只股票的最近日线数据
2026-05-04 10:02:20.993 | INFO     | HeatCalc   | 热度计算完成: 873 概念, 110 板块
2026-05-04 10:03:09.798 | INFO     | CronScheduler | CronScheduler | [热度计算] 完成: {'concepts_processed': 873, 'sectors_processed': 110, 'trade_date': '2026-05-04'}
2026-05-04 10:05:00.003 | INFO     | CronScheduler | CronScheduler | [热度计算] 开始刷新板块热度...
2026-05-04 10:06:02.076 | INFO     | HeatCalc   | 加载了 5525 只股票的最近日线数据
2026-05-04 10:07:27.551 | INFO     | HeatCalc   | 热度计算完成: 873 概念, 110 板块
2026-05-04 10:08:18.137 | INFO     | CronScheduler | CronScheduler | [热度计算] 完成: {'concepts_processed': 873, 'sectors_processed': 110, 'trade_date': '2026-05-04'}
2026-05-04 10:10:00.006 | INFO     | CronScheduler | CronScheduler | [热度计算] 开始刷新板块热度...
2026-05-04 10:11:00.507 | INFO     | HeatCalc   | 加载了 5525 只股票的最近日线数据
2026-05-04 10:12:23.194 | INFO     | HeatCalc   | 热度计算完成: 873 概念, 110 板块
2026-05-04 10:13:13.046 | INFO     | CronScheduler | CronScheduler | [热度计算] 完成: {'concepts_processed': 873, 'sectors_processed': 110, 'trade_date': '2026-05-04'}
2026-05-04 10:15:00.011 | INFO     | CronScheduler | CronScheduler | [热度计算] 开始刷新板块热度...
2026-05-04 10:16:02.226 | INFO     | HeatCalc   | 加载了 5525 只股票的最近日线数据
2026-05-04 10:17:27.754 | INFO     | HeatCalc   | 热度计算完成: 873 概念, 110 板块
2026-05-04 10:18:09.779 | INFO     | CronScheduler | CronScheduler | [热度计算] 完成: {'concepts_processed': 873, 'sectors_processed': 110, 'trade_date': '2026-05-04'}
2026-05-04 10:20:00.002 | INFO     | CronScheduler | CronScheduler | [热度计算] 开始刷新板块热度...
2026-05-04 10:20:58.660 | INFO     | HeatCalc   | 加载了 5525 只股票的最近日线数据
2026-05-04 10:22:21.784 | INFO     | HeatCalc   | 热度计算完成: 873 概念, 110 板块
2026-05-04 10:23:02.607 | INFO     | CronScheduler | CronScheduler | [热度计算] 完成: {'concepts_processed': 873, 'sectors_processed': 110, 'trade_date': '2026-05-04'}
2026-05-04 10:25:00.013 | INFO     | CronScheduler | CronScheduler | [热度计算] 开始刷新板块热度...
2026-05-04 10:25:59.649 | INFO     | HeatCalc   | 加载了 5525 只股票的最近日线数据
2026-05-04 10:27:27.034 | INFO     | HeatCalc   | 热度计算完成: 873 概念, 110 板块
2026-05-04 10:28:13.477 | INFO     | CronScheduler | CronScheduler | [热度计算] 完成: {'concepts_processed': 873, 'sectors_processed': 110, 'trade_date': '2026-05-04'}
2026-05-04 10:30:00.006 | INFO     | CronScheduler | CronScheduler | [热度计算] 开始刷新板块热度...
2026-05-04 10:30:57.340 | INFO     | HeatCalc   | 加载了 5525 只股票的最近日线数据
2026-05-04 10:32:18.864 | INFO     | HeatCalc   | 热度计算完成: 873 概念, 110 板块
2026-05-04 10:32:59.509 | INFO     | CronScheduler | CronScheduler | [热度计算] 完成: {'concepts_processed': 873, 'sectors_processed': 110, 'trade_date': '2026-05-04'}
2026-05-04 10:35:00.008 | INFO     | CronScheduler | CronScheduler | [热度计算] 开始刷新板块热度...
2026-05-04 10:35:59.748 | INFO     | HeatCalc   | 加载了 5525 只股票的最近日线数据
2026-05-04 10:37:26.358 | INFO     | HeatCalc   | 热度计算完成: 873 概念, 110 板块
2026-05-04 10:38:07.139 | INFO     | CronScheduler | CronScheduler | [热度计算] 完成: {'concepts_processed': 873, 'sectors_processed': 110, 'trade_date': '2026-05-04'}
2026-05-04 10:40:00.006 | INFO     | CronScheduler | CronScheduler | [热度计算] 开始刷新板块热度...
2026-05-04 10:40:59.866 | INFO     | HeatCalc   | 加载了 5525 只股票的最近日线数据
2026-05-04 10:42:23.522 | INFO     | HeatCalc   | 热度计算完成: 873 概念, 110 板块
2026-05-04 10:43:06.767 | INFO     | CronScheduler | CronScheduler | [热度计算] 完成: {'concepts_processed': 873, 'sectors_processed': 110, 'trade_date': '2026-05-04'}
2026-05-04 10:45:00.006 | INFO     | CronScheduler | CronScheduler | [热度计算] 开始刷新板块热度...
2026-05-04 10:46:01.893 | INFO     | HeatCalc   | 加载了 5525 只股票的最近日线数据
2026-05-04 10:47:31.725 | INFO     | HeatCalc   | 热度计算完成: 873 概念, 110 板块
2026-05-04 10:48:19.873 | INFO     | CronScheduler | CronScheduler | [热度计算] 完成: {'concepts_processed': 873, 'sectors_processed': 110, 'trade_date': '2026-05-04'}
2026-05-04 10:50:00.003 | INFO     | CronScheduler | CronScheduler | [热度计算] 开始刷新板块热度...
2026-05-04 10:51:02.858 | INFO     | HeatCalc   | 加载了 5525 只股票的最近日线数据
2026-05-04 10:52:35.887 | INFO     | HeatCalc   | 热度计算完成: 873 概念, 110 板块
2026-05-04 10:53:26.373 | INFO     | CronScheduler | CronScheduler | [热度计算] 完成: {'concepts_processed': 873, 'sectors_processed': 110, 'trade_date': '2026-05-04'}
2026-05-04 10:55:00.008 | INFO     | CronScheduler | CronScheduler | [热度计算] 开始刷新板块热度...
2026-05-04 10:56:02.876 | INFO     | HeatCalc   | 加载了 5525 只股票的最近日线数据
2026-05-04 10:57:34.946 | INFO     | HeatCalc   | 热度计算完成: 873 概念, 110 板块
2026-05-04 10:58:24.260 | INFO     | CronScheduler | CronScheduler | [热度计算] 完成: {'concepts_processed': 873, 'sectors_processed': 110, 'trade_date': '2026-05-04'}
2026-05-04 11:00:00.008 | INFO     | CronScheduler | CronScheduler | [热度计算] 开始刷新板块热度...
2026-05-04 11:01:03.672 | INFO     | HeatCalc   | 加载了 5525 只股票的最近日线数据
2026-05-04 11:02:40.969 | INFO     | HeatCalc   | 热度计算完成: 873 概念, 110 板块
2026-05-04 11:03:23.018 | INFO     | CronScheduler | CronScheduler | [热度计算] 完成: {'concepts_processed': 873, 'sectors_processed': 110, 'trade_date': '2026-05-04'}
2026-05-04 11:05:00.008 | INFO     | CronScheduler | CronScheduler | [热度计算] 开始刷新板块热度...
2026-05-04 11:06:04.883 | INFO     | HeatCalc   | 加载了 5525 只股票的最近日线数据
2026-05-04 11:07:39.816 | INFO     | HeatCalc   | 热度计算完成: 873 概念, 110 板块
2026-05-04 11:08:21.358 | INFO     | CronScheduler | CronScheduler | [热度计算] 完成: {'concepts_processed': 873, 'sectors_processed': 110, 'trade_date': '2026-05-04'}
2026-05-04 11:10:00.006 | INFO     | CronScheduler | CronScheduler | [热度计算] 开始刷新板块热度...
2026-05-04 11:11:04.338 | INFO     | HeatCalc   | 加载了 5525 只股票的最近日线数据
2026-05-04 11:12:41.457 | INFO     | HeatCalc   | 热度计算完成: 873 概念, 110 板块
2026-05-04 11:13:33.909 | INFO     | CronScheduler | CronScheduler | [热度计算] 完成: {'concepts_processed': 873, 'sectors_processed': 110, 'trade_date': '2026-05-04'}
2026-05-04 11:15:00.016 | INFO     | CronScheduler | CronScheduler | [热度计算] 开始刷新板块热度...
2026-05-04 11:16:04.149 | INFO     | HeatCalc   | 加载了 5525 只股票的最近日线数据
2026-05-04 11:17:39.322 | INFO     | HeatCalc   | 热度计算完成: 873 概念, 110 板块
2026-05-04 11:18:28.598 | INFO     | CronScheduler | CronScheduler | [热度计算] 完成: {'concepts_processed': 873, 'sectors_processed': 110, 'trade_date': '2026-05-04'}
2026-05-04 11:20:00.012 | INFO     | CronScheduler | CronScheduler | [热度计算] 开始刷新板块热度...
2026-05-04 11:21:06.405 | INFO     | HeatCalc   | 加载了 5525 只股票的最近日线数据
2026-05-04 11:22:45.338 | INFO     | HeatCalc   | 热度计算完成: 873 概念, 110 板块
2026-05-04 11:23:27.816 | INFO     | CronScheduler | CronScheduler | [热度计算] 完成: {'concepts_processed': 873, 'sectors_processed': 110, 'trade_date': '2026-05-04'}
2026-05-04 11:25:00.012 | INFO     | CronScheduler | CronScheduler | [热度计算] 开始刷新板块热度...
2026-05-04 11:26:06.850 | INFO     | HeatCalc   | 加载了 5525 只股票的最近日线数据
2026-05-04 11:27:46.225 | INFO     | HeatCalc   | 热度计算完成: 873 概念, 110 板块
2026-05-04 11:28:37.040 | INFO     | CronScheduler | CronScheduler | [热度计算] 完成: {'concepts_processed': 873, 'sectors_processed': 110, 'trade_date': '2026-05-04'}
2026-05-04 11:30:00.013 | INFO     | CronScheduler | CronScheduler | [热度计算] 开始刷新板块热度...
2026-05-04 11:31:04.217 | INFO     | HeatCalc   | 加载了 5525 只股票的最近日线数据
2026-05-04 11:32:42.226 | INFO     | HeatCalc   | 热度计算完成: 873 概念, 110 板块
2026-05-04 11:33:32.335 | INFO     | CronScheduler | CronScheduler | [热度计算] 完成: {'concepts_processed': 873, 'sectors_processed': 110, 'trade_date': '2026-05-04'}
2026-05-04 11:35:00.006 | INFO     | CronScheduler | CronScheduler | [热度计算] 开始刷新板块热度...
2026-05-04 11:36:06.989 | INFO     | HeatCalc   | 加载了 5525 只股票的最近日线数据
2026-05-04 11:37:48.870 | INFO     | HeatCalc   | 热度计算完成: 873 概念, 110 板块
2026-05-04 11:38:35.915 | INFO     | CronScheduler | CronScheduler | [热度计算] 完成: {'concepts_processed': 873, 'sectors_processed': 110, 'trade_date': '2026-05-04'}
2026-05-04 11:40:00.009 | INFO     | CronScheduler | CronScheduler | [热度计算] 开始刷新板块热度...
2026-05-04 11:41:06.653 | INFO     | HeatCalc   | 加载了 5525 只股票的最近日线数据
2026-05-04 11:42:48.102 | INFO     | HeatCalc   | 热度计算完成: 873 概念, 110 板块
2026-05-04 11:43:34.030 | INFO     | CronScheduler | CronScheduler | [热度计算] 完成: {'concepts_processed': 873, 'sectors_processed': 110, 'trade_date': '2026-05-04'}
2026-05-04 11:45:00.005 | INFO     | CronScheduler | CronScheduler | [热度计算] 开始刷新板块热度...
2026-05-04 11:46:06.239 | INFO     | HeatCalc   | 加载了 5525 只股票的最近日线数据
2026-05-04 11:47:47.406 | INFO     | HeatCalc   | 热度计算完成: 873 概念, 110 板块
2026-05-04 11:48:23.084 | INFO     | CronScheduler | CronScheduler | [热度计算] 完成: {'concepts_processed': 873, 'sectors_processed': 110, 'trade_date': '2026-05-04'}
2026-05-04 11:50:00.013 | INFO     | CronScheduler | CronScheduler | [热度计算] 开始刷新板块热度...
2026-05-04 11:51:06.097 | INFO     | HeatCalc   | 加载了 5525 只股票的最近日线数据
2026-05-04 11:52:47.927 | INFO     | HeatCalc   | 热度计算完成: 873 概念, 110 板块
2026-05-04 11:53:36.392 | INFO     | CronScheduler | CronScheduler | [热度计算] 完成: {'concepts_processed': 873, 'sectors_processed': 110, 'trade_date': '2026-05-04'}
2026-05-04 11:55:00.008 | INFO     | CronScheduler | CronScheduler | [热度计算] 开始刷新板块热度...
2026-05-04 11:56:07.682 | INFO     | HeatCalc   | 加载了 5525 只股票的最近日线数据
2026-05-04 11:57:52.779 | INFO     | HeatCalc   | 热度计算完成: 873 概念, 110 板块
2026-05-04 11:58:37.051 | INFO     | CronScheduler | CronScheduler | [热度计算] 完成: {'concepts_processed': 873, 'sectors_processed': 110, 'trade_date': '2026-05-04'}
2026-05-04 12:00:00.009 | INFO     | CronScheduler | CronScheduler | [热度计算] 开始刷新板块热度...
2026-05-04 12:01:08.974 | INFO     | HeatCalc   | 加载了 5525 只股票的最近日线数据
2026-05-04 12:02:52.183 | INFO     | HeatCalc   | 热度计算完成: 873 概念, 110 板块
2026-05-04 12:03:44.814 | INFO     | CronScheduler | CronScheduler | [热度计算] 完成: {'concepts_processed': 873, 'sectors_processed': 110, 'trade_date': '2026-05-04'}
2026-05-04 12:05:00.009 | INFO     | CronScheduler | CronScheduler | [热度计算] 开始刷新板块热度...
2026-05-04 12:06:07.121 | INFO     | HeatCalc   | 加载了 5525 只股票的最近日线数据
2026-05-04 12:07:50.438 | INFO     | HeatCalc   | 热度计算完成: 873 概念, 110 板块
2026-05-04 12:08:42.636 | INFO     | CronScheduler | CronScheduler | [热度计算] 完成: {'concepts_processed': 873, 'sectors_processed': 110, 'trade_date': '2026-05-04'}
2026-05-04 12:10:00.002 | INFO     | CronScheduler | CronScheduler | [热度计算] 开始刷新板块热度...
2026-05-04 12:11:02.032 | INFO     | HeatCalc   | 加载了 5525 只股票的最近日线数据
2026-05-04 12:12:44.970 | INFO     | HeatCalc   | 热度计算完成: 873 概念, 110 板块
2026-05-04 12:13:34.795 | INFO     | CronScheduler | CronScheduler | [热度计算] 完成: {'concepts_processed': 873, 'sectors_processed': 110, 'trade_date': '2026-05-04'}
2026-05-04 12:15:00.004 | INFO     | CronScheduler | CronScheduler | [热度计算] 开始刷新板块热度...
2026-05-04 12:16:05.578 | INFO     | HeatCalc   | 加载了 5525 只股票的最近日线数据
2026-05-04 12:17:38.851 | INFO     | HeatCalc   | 热度计算完成: 873 概念, 110 板块
2026-05-04 12:18:28.230 | INFO     | CronScheduler | CronScheduler | [热度计算] 完成: {'concepts_processed': 873, 'sectors_processed': 110, 'trade_date': '2026-05-04'}
2026-05-04 12:20:00.008 | INFO     | CronScheduler | CronScheduler | [热度计算] 开始刷新板块热度...
2026-05-04 12:21:05.195 | INFO     | HeatCalc   | 加载了 5525 只股票的最近日线数据
2026-05-04 12:22:46.088 | INFO     | HeatCalc   | 热度计算完成: 873 概念, 110 板块
2026-05-04 12:23:27.518 | INFO     | CronScheduler | CronScheduler | [热度计算] 完成: {'concepts_processed': 873, 'sectors_processed': 110, 'trade_date': '2026-05-04'}
2026-05-04 12:25:00.004 | INFO     | CronScheduler | CronScheduler | [热度计算] 开始刷新板块热度...
2026-05-04 12:26:06.036 | INFO     | HeatCalc   | 加载了 5525 只股票的最近日线数据
2026-05-04 12:27:43.626 | INFO     | HeatCalc   | 热度计算完成: 873 概念, 110 板块
2026-05-04 12:28:34.476 | INFO     | CronScheduler | CronScheduler | [热度计算] 完成: {'concepts_processed': 873, 'sectors_processed': 110, 'trade_date': '2026-05-04'}
2026-05-04 12:30:00.004 | INFO     | CronScheduler | CronScheduler | [热度计算] 开始刷新板块热度...
2026-05-04 12:31:06.963 | INFO     | HeatCalc   | 加载了 5525 只股票的最近日线数据
2026-05-04 12:32:53.098 | INFO     | HeatCalc   | 热度计算完成: 873 概念, 110 板块
2026-05-04 12:33:34.878 | INFO     | CronScheduler | CronScheduler | [热度计算] 完成: {'concepts_processed': 873, 'sectors_processed': 110, 'trade_date': '2026-05-04'}
2026-05-04 12:35:00.011 | INFO     | CronScheduler | CronScheduler | [热度计算] 开始刷新板块热度...
2026-05-04 12:36:02.501 | INFO     | HeatCalc   | 加载了 5525 只股票的最近日线数据
2026-05-04 12:37:48.127 | INFO     | HeatCalc   | 热度计算完成: 873 概念, 110 板块
2026-05-04 12:38:35.581 | INFO     | CronScheduler | CronScheduler | [热度计算] 完成: {'concepts_processed': 873, 'sectors_processed': 110, 'trade_date': '2026-05-04'}
2026-05-04 12:40:00.015 | INFO     | CronScheduler | CronScheduler | [热度计算] 开始刷新板块热度...
2026-05-04 12:41:05.143 | INFO     | HeatCalc   | 加载了 5525 只股票的最近日线数据
2026-05-04 12:42:51.149 | INFO     | HeatCalc   | 热度计算完成: 873 概念, 110 板块
2026-05-04 12:43:33.670 | INFO     | CronScheduler | CronScheduler | [热度计算] 完成: {'concepts_processed': 873, 'sectors_processed': 110, 'trade_date': '2026-05-04'}
2026-05-04 12:45:00.011 | INFO     | CronScheduler | CronScheduler | [热度计算] 开始刷新板块热度...
2026-05-04 12:46:08.574 | INFO     | HeatCalc   | 加载了 5525 只股票的最近日线数据
2026-05-04 12:47:59.537 | INFO     | HeatCalc   | 热度计算完成: 873 概念, 110 板块
2026-05-04 12:48:50.662 | INFO     | CronScheduler | CronScheduler | [热度计算] 完成: {'concepts_processed': 873, 'sectors_processed': 110, 'trade_date': '2026-05-04'}
2026-05-04 12:50:00.014 | INFO     | CronScheduler | CronScheduler | [热度计算] 开始刷新板块热度...
2026-05-04 12:51:06.887 | INFO     | HeatCalc   | 加载了 5525 只股票的最近日线数据
2026-05-04 12:52:53.896 | INFO     | HeatCalc   | 热度计算完成: 873 概念, 110 板块
2026-05-04 12:53:46.068 | INFO     | CronScheduler | CronScheduler | [热度计算] 完成: {'concepts_processed': 873, 'sectors_processed': 110, 'trade_date': '2026-05-04'}
2026-05-04 12:55:00.007 | INFO     | CronScheduler | CronScheduler | [热度计算] 开始刷新板块热度...
2026-05-04 12:56:07.507 | INFO     | HeatCalc   | 加载了 5525 只股票的最近日线数据
2026-05-04 12:57:57.546 | INFO     | HeatCalc   | 热度计算完成: 873 概念, 110 板块
2026-05-04 12:58:49.782 | INFO     | CronScheduler | CronScheduler | [热度计算] 完成: {'concepts_processed': 873, 'sectors_processed': 110, 'trade_date': '2026-05-04'}
2026-05-04 13:00:00.015 | INFO     | CronScheduler | CronScheduler | [热度计算] 开始刷新板块热度...
2026-05-04 13:01:09.092 | INFO     | HeatCalc   | 加载了 5525 只股票的最近日线数据
2026-05-04 13:03:00.138 | INFO     | HeatCalc   | 热度计算完成: 873 概念, 110 板块
2026-05-04 13:03:46.699 | INFO     | CronScheduler | CronScheduler | [热度计算] 完成: {'concepts_processed': 873, 'sectors_processed': 110, 'trade_date': '2026-05-04'}
2026-05-04 13:05:00.016 | INFO     | CronScheduler | CronScheduler | [热度计算] 开始刷新板块热度...
2026-05-04 13:06:05.857 | INFO     | HeatCalc   | 加载了 5525 只股票的最近日线数据
2026-05-04 13:07:59.484 | INFO     | HeatCalc   | 热度计算完成: 873 概念, 110 板块
2026-05-04 13:08:42.566 | INFO     | CronScheduler | CronScheduler | [热度计算] 完成: {'concepts_processed': 873, 'sectors_processed': 110, 'trade_date': '2026-05-04'}
2026-05-04 13:10:00.016 | INFO     | CronScheduler | CronScheduler | [热度计算] 开始刷新板块热度...
2026-05-04 13:11:07.988 | INFO     | HeatCalc   | 加载了 5525 只股票的最近日线数据
2026-05-04 13:12:57.930 | INFO     | HeatCalc   | 热度计算完成: 873 概念, 110 板块
2026-05-04 13:13:53.590 | INFO     | CronScheduler | CronScheduler | [热度计算] 完成: {'concepts_processed': 873, 'sectors_processed': 110, 'trade_date': '2026-05-04'}
2026-05-04 13:15:00.003 | INFO     | CronScheduler | CronScheduler | [热度计算] 开始刷新板块热度...
2026-05-04 13:16:08.061 | INFO     | HeatCalc   | 加载了 5525 只股票的最近日线数据
2026-05-04 13:17:58.802 | INFO     | HeatCalc   | 热度计算完成: 873 概念, 110 板块
2026-05-04 13:18:53.818 | INFO     | CronScheduler | CronScheduler | [热度计算] 完成: {'concepts_processed': 873, 'sectors_processed': 110, 'trade_date': '2026-05-04'}
2026-05-04 13:20:00.014 | INFO     | CronScheduler | CronScheduler | [热度计算] 开始刷新板块热度...
2026-05-04 13:21:10.944 | INFO     | HeatCalc   | 加载了 5525 只股票的最近日线数据
2026-05-04 13:23:03.416 | INFO     | HeatCalc   | 热度计算完成: 873 概念, 110 板块
2026-05-04 13:23:46.528 | INFO     | CronScheduler | CronScheduler | [热度计算] 完成: {'concepts_processed': 873, 'sectors_processed': 110, 'trade_date': '2026-05-04'}
2026-05-04 13:25:00.008 | INFO     | CronScheduler | CronScheduler | [热度计算] 开始刷新板块热度...
2026-05-04 13:26:06.848 | INFO     | HeatCalc   | 加载了 5525 只股票的最近日线数据
2026-05-04 13:27:58.680 | INFO     | HeatCalc   | 热度计算完成: 873 概念, 110 板块
2026-05-04 13:28:46.885 | INFO     | CronScheduler | CronScheduler | [热度计算] 完成: {'concepts_processed': 873, 'sectors_processed': 110, 'trade_date': '2026-05-04'}
2026-05-04 13:30:00.013 | INFO     | CronScheduler | CronScheduler | [热度计算] 开始刷新板块热度...
2026-05-04 13:31:04.996 | INFO     | HeatCalc   | 加载了 5525 只股票的最近日线数据
2026-05-04 13:32:57.937 | INFO     | HeatCalc   | 热度计算完成: 873 概念, 110 板块
2026-05-04 13:33:46.428 | INFO     | CronScheduler | CronScheduler | [热度计算] 完成: {'concepts_processed': 873, 'sectors_processed': 110, 'trade_date': '2026-05-04'}
2026-05-04 13:35:00.001 | INFO     | CronScheduler | CronScheduler | [热度计算] 开始刷新板块热度...
2026-05-04 13:36:07.431 | INFO     | HeatCalc   | 加载了 5525 只股票的最近日线数据
2026-05-04 13:37:58.998 | INFO     | HeatCalc   | 热度计算完成: 873 概念, 110 板块
2026-05-04 13:38:49.206 | INFO     | CronScheduler | CronScheduler | [热度计算] 完成: {'concepts_processed': 873, 'sectors_processed': 110, 'trade_date': '2026-05-04'}
2026-05-04 13:40:00.004 | INFO     | CronScheduler | CronScheduler | [热度计算] 开始刷新板块热度...
2026-05-04 13:41:07.823 | INFO     | HeatCalc   | 加载了 5525 只股票的最近日线数据
2026-05-04 13:43:00.544 | INFO     | HeatCalc   | 热度计算完成: 873 概念, 110 板块
2026-05-04 13:43:47.372 | INFO     | CronScheduler | CronScheduler | [热度计算] 完成: {'concepts_processed': 873, 'sectors_processed': 110, 'trade_date': '2026-05-04'}
2026-05-04 13:45:00.016 | INFO     | CronScheduler | CronScheduler | [热度计算] 开始刷新板块热度...
2026-05-04 13:46:09.208 | INFO     | HeatCalc   | 加载了 5525 只股票的最近日线数据
2026-05-04 13:48:00.652 | INFO     | HeatCalc   | 热度计算完成: 873 概念, 110 板块
2026-05-04 13:48:43.538 | INFO     | CronScheduler | CronScheduler | [热度计算] 完成: {'concepts_processed': 873, 'sectors_processed': 110, 'trade_date': '2026-05-04'}
2026-05-04 13:50:00.001 | INFO     | CronScheduler | CronScheduler | [热度计算] 开始刷新板块热度...
2026-05-04 13:51:06.726 | INFO     | HeatCalc   | 加载了 5525 只股票的最近日线数据
2026-05-04 13:53:01.558 | INFO     | HeatCalc   | 热度计算完成: 873 概念, 110 板块
2026-05-04 13:53:50.324 | INFO     | CronScheduler | CronScheduler | [热度计算] 完成: {'concepts_processed': 873, 'sectors_processed': 110, 'trade_date': '2026-05-04'}
2026-05-04 13:55:00.015 | INFO     | CronScheduler | CronScheduler | [热度计算] 开始刷新板块热度...
2026-05-04 13:56:09.272 | INFO     | HeatCalc   | 加载了 5525 只股票的最近日线数据
2026-05-04 13:58:05.677 | INFO     | HeatCalc   | 热度计算完成: 873 概念, 110 板块
2026-05-04 13:58:57.372 | INFO     | CronScheduler | CronScheduler | [热度计算] 完成: {'concepts_processed': 873, 'sectors_processed': 110, 'trade_date': '2026-05-04'}
2026-05-04 14:00:00.010 | INFO     | CronScheduler | CronScheduler | [热度计算] 开始刷新板块热度...
2026-05-04 14:01:10.986 | INFO     | HeatCalc   | 加载了 5525 只股票的最近日线数据
2026-05-04 14:03:06.972 | INFO     | HeatCalc   | 热度计算完成: 873 概念, 110 板块
2026-05-04 14:03:55.129 | INFO     | CronScheduler | CronScheduler | [热度计算] 完成: {'concepts_processed': 873, 'sectors_processed': 110, 'trade_date': '2026-05-04'}
2026-05-04 14:05:00.006 | INFO     | CronScheduler | CronScheduler | [热度计算] 开始刷新板块热度...
2026-05-04 14:06:10.505 | INFO     | HeatCalc   | 加载了 5525 只股票的最近日线数据
2026-05-04 14:08:07.545 | INFO     | HeatCalc   | 热度计算完成: 873 概念, 110 板块
2026-05-04 14:09:00.252 | INFO     | CronScheduler | CronScheduler | [热度计算] 完成: {'concepts_processed': 873, 'sectors_processed': 110, 'trade_date': '2026-05-04'}
2026-05-04 14:10:00.003 | INFO     | CronScheduler | CronScheduler | [热度计算] 开始刷新板块热度...
2026-05-04 14:11:08.721 | INFO     | HeatCalc   | 加载了 5525 只股票的最近日线数据
2026-05-04 14:13:04.700 | INFO     | HeatCalc   | 热度计算完成: 873 概念, 110 板块
2026-05-04 14:13:54.873 | INFO     | CronScheduler | CronScheduler | [热度计算] 完成: {'concepts_processed': 873, 'sectors_processed': 110, 'trade_date': '2026-05-04'}
2026-05-04 14:15:00.010 | INFO     | CronScheduler | CronScheduler | [热度计算] 开始刷新板块热度...
2026-05-04 14:16:06.835 | INFO     | HeatCalc   | 加载了 5525 只股票的最近日线数据
2026-05-04 14:18:03.854 | INFO     | HeatCalc   | 热度计算完成: 873 概念, 110 板块
2026-05-04 14:18:44.768 | INFO     | CronScheduler | CronScheduler | [热度计算] 完成: {'concepts_processed': 873, 'sectors_processed': 110, 'trade_date': '2026-05-04'}
2026-05-04 14:20:00.014 | INFO     | CronScheduler | CronScheduler | [热度计算] 开始刷新板块热度...
2026-05-04 14:21:08.028 | INFO     | HeatCalc   | 加载了 5525 只股票的最近日线数据
2026-05-04 14:23:05.113 | INFO     | HeatCalc   | 热度计算完成: 873 概念, 110 板块
2026-05-04 14:23:56.861 | INFO     | CronScheduler | CronScheduler | [热度计算] 完成: {'concepts_processed': 873, 'sectors_processed': 110, 'trade_date': '2026-05-04'}
2026-05-04 14:25:00.009 | INFO     | CronScheduler | CronScheduler | [热度计算] 开始刷新板块热度...
2026-05-04 14:26:07.995 | INFO     | HeatCalc   | 加载了 5525 只股票的最近日线数据
2026-05-04 14:28:03.935 | INFO     | HeatCalc   | 热度计算完成: 873 概念, 110 板块
2026-05-04 14:28:52.114 | INFO     | CronScheduler | CronScheduler | [热度计算] 完成: {'concepts_processed': 873, 'sectors_processed': 110, 'trade_date': '2026-05-04'}
2026-05-04 14:30:00.007 | INFO     | CronScheduler | CronScheduler | [热度计算] 开始刷新板块热度...
2026-05-04 14:31:10.191 | INFO     | HeatCalc   | 加载了 5525 只股票的最近日线数据
2026-05-04 14:33:13.639 | INFO     | HeatCalc   | 热度计算完成: 873 概念, 110 板块
2026-05-04 14:34:02.541 | INFO     | CronScheduler | CronScheduler | [热度计算] 完成: {'concepts_processed': 873, 'sectors_processed': 110, 'trade_date': '2026-05-04'}
2026-05-04 14:35:00.007 | INFO     | CronScheduler | CronScheduler | [热度计算] 开始刷新板块热度...
2026-05-04 14:36:09.193 | INFO     | HeatCalc   | 加载了 5525 只股票的最近日线数据
2026-05-04 14:38:06.876 | INFO     | HeatCalc   | 热度计算完成: 873 概念, 110 板块
2026-05-04 14:38:54.940 | INFO     | CronScheduler | CronScheduler | [热度计算] 完成: {'concepts_processed': 873, 'sectors_processed': 110, 'trade_date': '2026-05-04'}
2026-05-04 14:40:00.014 | INFO     | CronScheduler | CronScheduler | [热度计算] 开始刷新板块热度...
2026-05-04 14:41:10.254 | INFO     | HeatCalc   | 加载了 5525 只股票的最近日线数据
2026-05-04 14:43:09.737 | INFO     | HeatCalc   | 热度计算完成: 873 概念, 110 板块
2026-05-04 14:44:00.543 | INFO     | CronScheduler | CronScheduler | [热度计算] 完成: {'concepts_processed': 873, 'sectors_processed': 110, 'trade_date': '2026-05-04'}
2026-05-04 14:45:00.007 | INFO     | CronScheduler | CronScheduler | [热度计算] 开始刷新板块热度...
2026-05-04 14:46:10.799 | INFO     | HeatCalc   | 加载了 5525 只股票的最近日线数据
2026-05-04 14:48:11.505 | INFO     | HeatCalc   | 热度计算完成: 873 概念, 110 板块
2026-05-04 14:48:55.804 | INFO     | CronScheduler | CronScheduler | [热度计算] 完成: {'concepts_processed': 873, 'sectors_processed': 110, 'trade_date': '2026-05-04'}
2026-05-04 14:50:00.014 | INFO     | CronScheduler | CronScheduler | [热度计算] 开始刷新板块热度...
2026-05-04 14:51:10.906 | INFO     | HeatCalc   | 加载了 5525 只股票的最近日线数据
2026-05-04 14:53:11.660 | INFO     | HeatCalc   | 热度计算完成: 873 概念, 110 板块
2026-05-04 14:53:52.249 | INFO     | CronScheduler | CronScheduler | [热度计算] 完成: {'concepts_processed': 873, 'sectors_processed': 110, 'trade_date': '2026-05-04'}
2026-05-04 14:55:00.011 | INFO     | CronScheduler | CronScheduler | [热度计算] 开始刷新板块热度...
2026-05-04 14:56:10.229 | INFO     | HeatCalc   | 加载了 5525 只股票的最近日线数据
2026-05-04 14:58:12.423 | INFO     | HeatCalc   | 热度计算完成: 873 概念, 110 板块
2026-05-04 14:59:02.267 | INFO     | CronScheduler | CronScheduler | [热度计算] 完成: {'concepts_processed': 873, 'sectors_processed': 110, 'trade_date': '2026-05-04'}
2026-05-04 15:30:00.004 | INFO     | CronScheduler | CronScheduler | [热度终版] 开始执行收盘快照...
2026-05-04 15:30:00.005 | INFO     | CronScheduler | CronScheduler | [Redis收割] 开始将盘中最高价缓存同步回 DuckDB...
2026-05-04 15:30:22.769 | ERROR    | CronScheduler | CronScheduler | [Redis收割] 严重异常: Error 10061 connecting to localhost:6379. 由于目标计算机积极拒绝，无法连接。.
2026-05-04 15:31:09.339 | INFO     | HeatCalc   | 加载了 5525 只股票的最近日线数据
2026-05-04 15:33:12.288 | INFO     | HeatCalc   | 热度计算完成: 873 概念, 110 板块
2026-05-04 15:34:03.412 | INFO     | CronScheduler | CronScheduler | [热度终版] 完成: {'concepts_processed': 873, 'sectors_processed': 110, 'trade_date': '2026-05-04'}
2026-05-04 17:30:00.008 | INFO     | CronScheduler | CronScheduler ========= [全自动日线/面料收取管道] 起步 =========
2026-05-04 17:30:00.088 | INFO     | QMT-StockSync | QMT 返回 5202 只股票代码
2026-05-04 17:30:00.155 | WARNING  | QMT-StockSync | 检测到 310 只退市/摘牌股票，正在标记...
2026-05-04 17:30:00.591 | INFO     | DuckDB     | 标记退市: ['920914', '920953', '920857', '920242', '920156', '920982', '920493', '920225', '920419', '920267', '920394', '920926', '920271', '920964', '920035', '920726', '920001', '920407', '920504', '920363', '920098', '920082', '920957', '920856', '920570', '920299', '920693', '920694', '920866', '920204', '920509', '920682', '920030', '920088', '920058', '920719', '920592', '920931', '920212', '920111', '920249', '920185', '920378', '920339', '920689', '920651', '920475', '920273', '920187', '920402', '920790', '920009', '920425', '920046', '920792', '920906', '920489', '920128', '920701', '920017', '920305', '920091', '920895', '920221', '920429', '920012', '920640', '920579', '920519', '920055', '920469', '920021', '920002', '920950', '920871', '920703', '920188', '920885', '920370', '920116', '920855', '920768', '920974', '920027', '920832', '920810', '920781', '920685', '920016', '920367', '920522', '920454', '920471', '920199', '920392', '920274', '920523', '920122', '920037', '920118', '920152', '920174', '920124', '920351', '920547', '920779', '920924', '920634', '920932', '920879', '920036', '920870', '920033', '920802', '920665', '920000', '920718', '920005', '920075', '920149', '920679', '920427', '920026', '920139', '920368', '920270', '920028', '920438', '920260', '920237', '920876', '920992', '920278', '920108', '920478', '920247', '920123', '920003', '920023', '920508', '920826', '920564', '920720', '920080', '920183', '920873', '920146', '920371', '920751', '920566', '920675', '920106', '920748', '920177', '920753', '920207', '920599', '920008', '920252', '920418', '920159', '920415', '920112', '920261', '920022', '920662', '920799', '920275', '920130', '920837', '920179', '920575', '920533', '920166', '920925', '920175', '920717', '920100', '920706', '920062', '920180', '920981', '920099', '920066', '920725', '920057', '920087', '920245', '920007', '920168', '920414', '920819', '920078', '920663', '920943', '920208', '920169', '920018', '920167', '920132', '920090', '920690', '920553', '920019', '920060', '920230', '920433', '920639', '920770', '920942', '920006', '920011', '920670', '920571', '920346', '920020', '920344', '920985', '920976', '920056', '920357', '920110', '920121', '920395', '920961', '920010', '920374', '920304', '920808', '920145', '920809', '920069', '920833', '920970', '920510', '920160', '920403', '920839', '920765', '920946', '920892', '920656', '920541', '920195', '920496', '920527', '920806', '920086', '920556', '920092', '920047', '920396', '920184', '920821', '920971', '920576', '920119', '920068', '920786', '920445', '920505', '920526', '920593', '920807', '920735', '920190', '920181', '920476', '920699', '920729', '920436', '920300', '920266', '920284', '920045', '920405', '920227', '920834', '920158', '920198', '920262', '920978', '920641', '920578', '920627', '920263', '920163', '920642', '920014', '920191', '920375', '920239', '920029', '920039', '920125', '920089', '920050', '920077', '920015', '920101', '920223', '920171', '920076', '920422', '920491', '920896', '920580', '920455', '920061', '920608']
2026-05-04 17:30:00.593 | INFO     | QMT-StockSync | 股票同步完成: QMT 5202 只, DB活跃 5512 只, 新增 0, 退市 310
2026-05-04 17:30:00.602 | INFO     | CronScheduler | 股票列表同步: 新增 0, 退市 310
2026-05-04 17:30:00.605 | INFO     | TushareSync | Fetching stock basics from Tushare...
2026-05-04 17:30:02.904 | INFO     | DuckDB     | 更新股票元数据: 5512 条
2026-05-04 17:30:02.905 | INFO     | TushareSync | Successfully synced 5512 stock basics.
2026-05-04 17:30:02.915 | INFO     | TushareSync | Fetching daily basics snapshot from Tushare (Date: Latest)...
2026-05-04 17:30:03.771 | INFO     | TushareSync | Pulling more financial indicators (ROE, Margin) in chunks of 100...
2026-05-04 17:32:39.636 | INFO     | DuckDB     | 更新股票基本面数据: 5463 条
2026-05-04 17:32:39.637 | INFO     | TushareSync | Successfully synced 5463 fundamentals records with enhanced indicators.
2026-05-04 17:32:39.654 | INFO     | ParquetPipeline | ParquetPipeline | Fetching daily k-lines from 20260427 to 20260504...
2026-05-04 17:32:39.788 | INFO     | ParquetPipeline | ParquetPipeline | Pulling market for 20260430...
2026-05-04 17:32:41.152 | INFO     | ParquetPipeline | ParquetPipeline | Pulling market for 20260429...
2026-05-04 17:32:42.357 | INFO     | ParquetPipeline | ParquetPipeline | Pulling market for 20260428...
2026-05-04 17:32:43.848 | INFO     | ParquetPipeline | ParquetPipeline | Pulling market for 20260427...
2026-05-04 17:32:44.964 | INFO     | ParquetPipeline | ParquetPipeline | Writing 5507 stocks to Parquet...
2026-05-04 17:38:30.487 | INFO     | DuckDB     | DuckDB | 创建虚拟视图成功: kline_daily_view -> E:/1target/p9_project/quant-platform/data/parquet/daily/*.parquet
2026-05-04 17:38:30.489 | INFO     | ParquetPipeline | ParquetPipeline | Daily K-lines fully synced.
2026-05-04 17:38:31.014 | INFO     | CronScheduler | CronScheduler ========= [收取管道] 完美结束 =========
2026-05-04 23:54:54.354 | WARNING  | DuckDB     | DuckDB | 数据库占用中，准备重试... (1/5)
2026-05-04 23:54:54.954 | WARNING  | DuckDB     | DuckDB | 数据库占用中，准备重试... (2/5)
2026-05-04 23:54:55.552 | WARNING  | DuckDB     | DuckDB | 数据库占用中，准备重试... (3/5)
2026-05-04 23:54:56.149 | WARNING  | DuckDB     | DuckDB | 数据库占用中，准备重试... (4/5)
2026-05-04 23:54:56.745 | ERROR    | DuckDB     | DuckDB | 无法连接到数据库: IO Error: Cannot open file "E:\1target\p9_project\quant-platform\data\meta\meta.db": 另一个程序正在使用此文件，进程无法访问。

File is already open in 
D:\Program Files\Python313\python.exe (PID 71284)
2026-05-04 23:54:56.745 | ERROR    | DuckDB     | DuckDB | 初始化表结构失败: IO Error: Cannot open file "E:\1target\p9_project\quant-platform\data\meta\meta.db": 另一个程序正在使用此文件，进程无法访问。

File is already open in 
D:\Program Files\Python313\python.exe (PID 71284)
2026-05-04 23:55:10.064 | WARNING  | DuckDB     | DuckDB | 数据库占用中，准备重试... (1/5)
2026-05-04 23:55:10.657 | WARNING  | DuckDB     | DuckDB | 数据库占用中，准备重试... (2/5)
2026-05-04 23:55:11.248 | WARNING  | DuckDB     | DuckDB | 数据库占用中，准备重试... (3/5)
2026-05-04 23:55:11.839 | WARNING  | DuckDB     | DuckDB | 数据库占用中，准备重试... (4/5)
2026-05-04 23:55:12.433 | ERROR    | DuckDB     | DuckDB | 无法连接到数据库: IO Error: Cannot open file "E:\1target\p9_project\quant-platform\data\meta\meta.db": 另一个程序正在使用此文件，进程无法访问。

File is already open in 
D:\Program Files\Python313\python.exe (PID 71284)
2026-05-04 23:55:12.433 | ERROR    | DuckDB     | DuckDB | 初始化表结构失败: IO Error: Cannot open file "E:\1target\p9_project\quant-platform\data\meta\meta.db": 另一个程序正在使用此文件，进程无法访问。

File is already open in 
D:\Program Files\Python313\python.exe (PID 71284)
2026-05-04 23:57:58.061 | WARNING  | DuckDB     | DuckDB | 数据库占用中，准备重试... (1/5)
2026-05-04 23:57:58.653 | WARNING  | DuckDB     | DuckDB | 数据库占用中，准备重试... (2/5)
2026-05-04 23:57:59.246 | WARNING  | DuckDB     | DuckDB | 数据库占用中，准备重试... (3/5)
2026-05-04 23:57:59.837 | WARNING  | DuckDB     | DuckDB | 数据库占用中，准备重试... (4/5)
2026-05-04 23:58:00.431 | ERROR    | DuckDB     | DuckDB | 无法连接到数据库: IO Error: Cannot open file "E:\1target\p9_project\quant-platform\data\meta\meta.db": 另一个程序正在使用此文件，进程无法访问。

File is already open in 
D:\Program Files\Python313\python.exe (PID 71284)
2026-05-04 23:58:00.431 | ERROR    | DuckDB     | DuckDB | 初始化表结构失败: IO Error: Cannot open file "E:\1target\p9_project\quant-platform\data\meta\meta.db": 另一个程序正在使用此文件，进程无法访问。

File is already open in 
D:\Program Files\Python313\python.exe (PID 71284)
2026-05-04 23:58:16.106 | WARNING  | DuckDB     | DuckDB | 数据库占用中，准备重试... (1/5)
2026-05-04 23:58:16.697 | WARNING  | DuckDB     | DuckDB | 数据库占用中，准备重试... (2/5)
2026-05-04 23:58:17.292 | WARNING  | DuckDB     | DuckDB | 数据库占用中，准备重试... (3/5)
2026-05-04 23:58:17.882 | WARNING  | DuckDB     | DuckDB | 数据库占用中，准备重试... (4/5)
2026-05-04 23:58:18.473 | ERROR    | DuckDB     | DuckDB | 无法连接到数据库: IO Error: Cannot open file "E:\1target\p9_project\quant-platform\data\meta\meta.db": 另一个程序正在使用此文件，进程无法访问。

File is already open in 
D:\Program Files\Python313\python.exe (PID 71284)
2026-05-04 23:58:18.473 | ERROR    | DuckDB     | DuckDB | 初始化表结构失败: IO Error: Cannot open file "E:\1target\p9_project\quant-platform\data\meta\meta.db": 另一个程序正在使用此文件，进程无法访问。

File is already open in 
D:\Program Files\Python313\python.exe (PID 71284)
2026-05-04 23:58:39.787 | WARNING  | DuckDB     | DuckDB | 数据库占用中，准备重试... (1/5)
2026-05-04 23:58:40.378 | WARNING  | DuckDB     | DuckDB | 数据库占用中，准备重试... (2/5)
2026-05-04 23:58:40.975 | WARNING  | DuckDB     | DuckDB | 数据库占用中，准备重试... (3/5)
2026-05-04 23:58:41.570 | WARNING  | DuckDB     | DuckDB | 数据库占用中，准备重试... (4/5)
2026-05-04 23:58:42.168 | ERROR    | DuckDB     | DuckDB | 无法连接到数据库: IO Error: Cannot open file "E:\1target\p9_project\quant-platform\data\meta\meta.db": 另一个程序正在使用此文件，进程无法访问。

File is already open in 
D:\Program Files\Python313\python.exe (PID 71284)
2026-05-04 23:58:42.169 | ERROR    | DuckDB     | DuckDB | 初始化表结构失败: IO Error: Cannot open file "E:\1target\p9_project\quant-platform\data\meta\meta.db": 另一个程序正在使用此文件，进程无法访问。

File is already open in 
D:\Program Files\Python313\python.exe (PID 71284)
