2026-05-13 00:21:09.348 | INFO     | API-Backtest | 回测配置已保存
2026-05-13 00:25:22.454 | INFO     | DuckDB     | DuckDB | 所有核心表结构初始化完成 (含热点板块)
2026-05-13 00:25:22.455 | INFO     | DuckDB     | DuckDB 核心就绪: E:\1target\p9_project\quant-platform\data\meta\meta.db
2026-05-13 00:25:24.432 | INFO     | API-Server | P9 Quant Platform Background Tasks Startup...
2026-05-13 00:25:24.436 | INFO     | CronScheduler | CronScheduler | 每日数据收割机被安排在每个工作日的 08:30 执行。
2026-05-13 00:25:24.437 | INFO     | CronScheduler | CronScheduler | 每日数据收割机被安排在每个工作日的 17:30 执行。
2026-05-13 00:25:24.437 | INFO     | CronScheduler | CronScheduler | Redis→DuckDB 收割机已安排在每个工作日 15:30 执行。
2026-05-13 00:25:24.438 | INFO     | CronScheduler | CronScheduler | 模拟盘尾盘交易已安排在 14:52 执行。
2026-05-13 00:25:24.438 | INFO     | CronScheduler | CronScheduler | 盘中监控全量扫描已安排（每分钟，兜底）。
2026-05-13 00:25:24.439 | INFO     | CronScheduler | CronScheduler | 概念数据同步已安排在每日 09:00 执行。
2026-05-13 00:25:24.439 | INFO     | CronScheduler | CronScheduler | 板块热度重算已安排在每个交易日 5 分钟/次。
2026-05-13 00:25:24.439 | INFO     | CronScheduler | CronScheduler | 收盘热度终版快照已安排在 15:30 执行。
2026-05-13 00:25:24.440 | INFO     | CronScheduler | CronScheduler | 指数日线更新已安排在 15:35 执行。
2026-05-13 00:25:24.445 | INFO     | CronScheduler | CronScheduler | 盘中监控未自动启动（MONITOR_ENABLED=False）
2026-05-13 00:25:24.445 | INFO     | CronScheduler | CronScheduler | 自动调度服务(APScheduler) 已启动。
2026-05-13 00:25:29.451 | INFO     | ParquetPipeline | ParquetPipeline | Fetching daily k-lines from 20260503 to 20260513...
2026-05-13 00:25:29.626 | INFO     | ParquetPipeline | ParquetPipeline | Pulling market for 20260513...
2026-05-13 00:25:29.763 | INFO     | ParquetPipeline | ParquetPipeline | Pulling market for 20260512...
2026-05-13 00:25:30.763 | INFO     | ParquetPipeline | ParquetPipeline | Pulling market for 20260511...
2026-05-13 00:25:31.801 | INFO     | ParquetPipeline | ParquetPipeline | Pulling market for 20260508...
2026-05-13 00:25:32.841 | INFO     | ParquetPipeline | ParquetPipeline | Pulling market for 20260507...
2026-05-13 00:25:33.787 | INFO     | ParquetPipeline | ParquetPipeline | Pulling market for 20260506...
2026-05-13 00:25:34.749 | INFO     | ParquetPipeline | ParquetPipeline | Writing 5496 stocks to Parquet...
2026-05-13 00:26:37.676 | INFO     | DuckDB     | DuckDB | 创建虚拟视图成功: kline_daily_view -> E:/1target/p9_project/quant-platform/data/parquet/daily/*.parquet
2026-05-13 00:26:37.678 | INFO     | ParquetPipeline | ParquetPipeline | Daily K-lines fully synced.
2026-05-13 00:27:43.749 | INFO     | API-Backtest | 回测配置已保存
2026-05-13 00:27:43.759 | INFO     | API-Backtest | 回测配置已应用到系统配置
2026-05-13 01:00:03.472 | INFO     | DuckDB     | DuckDB | 所有核心表结构初始化完成 (含热点板块)
2026-05-13 01:00:03.473 | INFO     | DuckDB     | DuckDB 核心就绪: E:\1target\p9_project\quant-platform\data\meta\meta.db
2026-05-13 01:00:04.033 | INFO     | API-Server | P9 Quant Platform Background Tasks Startup...
2026-05-13 01:00:04.038 | INFO     | CronScheduler | CronScheduler | 每日数据收割机被安排在每个工作日的 08:30 执行。
2026-05-13 01:00:04.038 | INFO     | CronScheduler | CronScheduler | 每日数据收割机被安排在每个工作日的 17:30 执行。
2026-05-13 01:00:04.039 | INFO     | CronScheduler | CronScheduler | Redis→DuckDB 收割机已安排在每个工作日 15:30 执行。
2026-05-13 01:00:04.039 | INFO     | CronScheduler | CronScheduler | 模拟盘尾盘交易已安排在 14:52 执行。
2026-05-13 01:00:04.040 | INFO     | CronScheduler | CronScheduler | 盘中监控全量扫描已安排（每分钟，兜底）。
2026-05-13 01:00:04.040 | INFO     | CronScheduler | CronScheduler | 概念数据同步已安排在每日 09:00 执行。
2026-05-13 01:00:04.041 | INFO     | CronScheduler | CronScheduler | 板块热度重算已安排在每个交易日 5 分钟/次。
2026-05-13 01:00:04.041 | INFO     | CronScheduler | CronScheduler | 收盘热度终版快照已安排在 15:30 执行。
2026-05-13 01:00:04.042 | INFO     | CronScheduler | CronScheduler | 指数日线更新已安排在 15:35 执行。
2026-05-13 01:00:04.050 | INFO     | CronScheduler | CronScheduler | 盘中监控未自动启动（MONITOR_ENABLED=False）
2026-05-13 01:00:04.051 | INFO     | CronScheduler | CronScheduler | 自动调度服务(APScheduler) 已启动。
2026-05-13 01:00:09.064 | INFO     | ParquetPipeline | ParquetPipeline | Fetching daily k-lines from 20260503 to 20260513...
2026-05-13 01:00:09.251 | INFO     | ParquetPipeline | ParquetPipeline | Pulling market for 20260513...
2026-05-13 01:00:09.408 | INFO     | ParquetPipeline | ParquetPipeline | Pulling market for 20260512...
2026-05-13 01:00:10.305 | INFO     | ParquetPipeline | ParquetPipeline | Pulling market for 20260511...
2026-05-13 01:00:11.240 | INFO     | ParquetPipeline | ParquetPipeline | Pulling market for 20260508...
2026-05-13 01:00:12.620 | INFO     | ParquetPipeline | ParquetPipeline | Pulling market for 20260507...
2026-05-13 01:00:13.725 | INFO     | ParquetPipeline | ParquetPipeline | Pulling market for 20260506...
2026-05-13 01:00:14.739 | INFO     | ParquetPipeline | ParquetPipeline | Writing 5496 stocks to Parquet...
2026-05-13 01:01:13.255 | INFO     | DuckDB     | DuckDB | 创建虚拟视图成功: kline_daily_view -> E:/1target/p9_project/quant-platform/data/parquet/daily/*.parquet
2026-05-13 01:01:13.257 | INFO     | ParquetPipeline | ParquetPipeline | Daily K-lines fully synced.
2026-05-13 07:48:42.488 | INFO     | DuckDB     | DuckDB | 所有核心表结构初始化完成 (含热点板块)
2026-05-13 07:48:42.489 | INFO     | DuckDB     | DuckDB 核心就绪: E:\1target\p9_project\quant-platform\data\meta\meta.db
2026-05-13 07:48:45.512 | INFO     | API-Server | P9 Quant Platform Background Tasks Startup...
2026-05-13 07:48:45.518 | INFO     | CronScheduler | CronScheduler | 每日数据收割机被安排在每个工作日的 08:30 执行。
2026-05-13 07:48:45.519 | INFO     | CronScheduler | CronScheduler | 每日数据收割机被安排在每个工作日的 17:30 执行。
2026-05-13 07:48:45.519 | INFO     | CronScheduler | CronScheduler | Redis→DuckDB 收割机已安排在每个工作日 15:30 执行。
2026-05-13 07:48:45.520 | INFO     | CronScheduler | CronScheduler | 模拟盘尾盘交易已安排在 14:52 执行。
2026-05-13 07:48:45.521 | INFO     | CronScheduler | CronScheduler | 盘中监控全量扫描已安排（每分钟，兜底）。
2026-05-13 07:48:45.521 | INFO     | CronScheduler | CronScheduler | 概念数据同步已安排在每日 09:00 执行。
2026-05-13 07:48:45.522 | INFO     | CronScheduler | CronScheduler | 板块热度重算已安排在每个交易日 5 分钟/次。
2026-05-13 07:48:45.522 | INFO     | CronScheduler | CronScheduler | 收盘热度终版快照已安排在 15:30 执行。
2026-05-13 07:48:45.523 | INFO     | CronScheduler | CronScheduler | 指数日线更新已安排在 15:35 执行。
2026-05-13 07:48:45.556 | INFO     | CronScheduler | CronScheduler | 盘中监控未自动启动（MONITOR_ENABLED=False）
2026-05-13 07:48:45.556 | INFO     | CronScheduler | CronScheduler | 自动调度服务(APScheduler) 已启动。
2026-05-13 07:48:50.578 | INFO     | ParquetPipeline | ParquetPipeline | Fetching daily k-lines from 20260503 to 20260513...
2026-05-13 07:48:50.749 | INFO     | ParquetPipeline | ParquetPipeline | Pulling market for 20260513...
2026-05-13 07:48:50.876 | INFO     | ParquetPipeline | ParquetPipeline | Pulling market for 20260512...
2026-05-13 07:48:51.672 | INFO     | ParquetPipeline | ParquetPipeline | Pulling market for 20260511...
2026-05-13 07:48:52.696 | INFO     | ParquetPipeline | ParquetPipeline | Pulling market for 20260508...
2026-05-13 07:48:53.783 | INFO     | ParquetPipeline | ParquetPipeline | Pulling market for 20260507...
2026-05-13 07:48:54.597 | INFO     | ParquetPipeline | ParquetPipeline | Pulling market for 20260506...
2026-05-13 07:48:55.743 | INFO     | ParquetPipeline | ParquetPipeline | Writing 5496 stocks to Parquet...
2026-05-13 07:49:51.714 | INFO     | IntradayMonitor | 盘中监控器已创建（待启动）
2026-05-13 07:49:57.242 | INFO     | IntradayMonitor | 盘中监控已启动，模式=close
2026-05-13 07:49:57.242 | INFO     | API-SimTrader | 开关: 卖出=告警(close) 选股=开 买入=不买 监控=开
2026-05-13 07:50:00.921 | INFO     | API-SimTrader | 开关: 卖出=告警(close) 选股=开 买入=不买 监控=开
2026-05-13 07:50:06.100 | INFO     | API-SimTrader | 开关: 卖出=执行(close) 选股=关 买入=不买 监控=开
2026-05-13 07:50:08.840 | INFO     | API-SimTrader | 开关: 卖出=执行(close) 选股=开 买入=不买 监控=开
2026-05-13 07:50:09.935 | INFO     | API-SimTrader | 开关: 卖出=执行(close) 选股=开 买入=执行 监控=开
2026-05-13 07:53:02.877 | INFO     | DuckDB     | DuckDB | 创建虚拟视图成功: kline_daily_view -> E:/1target/p9_project/quant-platform/data/parquet/daily/*.parquet
2026-05-13 07:53:02.879 | INFO     | ParquetPipeline | ParquetPipeline | Daily K-lines fully synced.
2026-05-13 08:30:00.015 | INFO     | CronScheduler | CronScheduler ========= [全自动日线/面料收取管道] 起步 =========
2026-05-13 08:30:00.089 | INFO     | QMT-StockSync | QMT 返回 5205 只股票代码
2026-05-13 08:30:00.102 | WARNING  | QMT-StockSync | 检测到 312 只退市/摘牌股票，正在标记...
2026-05-13 08:30:00.111 | INFO     | DuckDB     | 标记退市: ['920665', '920576', '920768', '920523', '920200', '920101', '920344', '920395', '920942', '920123', '920245', '920699', '920278', '920547', '920405', '920992', '920058', '920012', '920693', '920402', '920122', '920685', '920753', '920375', '920116', '920974', '920892', '920168', '920260', '920720', '920885', '920304', '920088', '920275', '920181', '920906', '920964', '920839', '920284', '920305', '920159', '920008', '920014', '920924', '920592', '920011', '920156', '920706', '920270', '920392', '920640', '920037', '920876', '920274', '920429', '920931', '920570', '920751', '920985', '920651', '920208', '920112', '920896', '920092', '920018', '920476', '920299', '920111', '920163', '920670', '920057', '920505', '920195', '920171', '920030', '920419', '920158', '920701', '920837', '920662', '920689', '920641', '920675', '920422', '920339', '920262', '920717', '920121', '920068', '920834', '920556', '920357', '920781', '920160', '920198', '920261', '920124', '920267', '920526', '920225', '920478', '920145', '920690', '920015', '920237', '920368', '920799', '920871', '920045', '920414', '920807', '920007', '920036', '920489', '920856', '920023', '920826', '920566', '920174', '920363', '920821', '920207', '920978', '920119', '920005', '920090', '920069', '920016', '920110', '920553', '920982', '920190', '920455', '920580', '920080', '920469', '920726', '920221', '920786', '920810', '920000', '920177', '920770', '920946', '920060', '920082', '920639', '920718', '920191', '920003', '920212', '920571', '920062', '920396', '920694', '920204', '920169', '920247', '920187', '920925', '920866', '920407', '920077', '920976', '920748', '920061', '920765', '920682', '920832', '920242', '920496', '920608', '920719', '920130', '920873', '920961', '920022', '920239', '920634', '920914', '920149', '920510', '920132', '920493', '920175', '920578', '920445', '920019', '920029', '920415', '920436', '920926', '920009', '920663', '920970', '920125', '920108', '920378', '920271', '920870', '920266', '920703', '920508', '920075', '920425', '920128', '920139', '920370', '920527', '920792', '920098', '920046', '920491', '920599', '920454', '920027', '920002', '920374', '920106', '920179', '920346', '920593', '920152', '920725', '920879', '920263', '920471', '920006', '920087', '920066', '920819', '920167', '920033', '920050', '920427', '920180', '920223', '920039', '920183', '920055', '920199', '920184', '920086', '920026', '920188', '920273', '920833', '920971', '920533', '920957', '920475', '920185', '920522', '920579', '920541', '920091', '920367', '920252', '920100', '920186', '920806', '920010', '920020', '920118', '920981', '920735', '920950', '920418', '920001', '920679', '920808', '920895', '920249', '920809', '920078', '920943', '920855', '920857', '920089', '920394', '920099', '920047', '920166', '920953', '920779', '920017', '920056', '920433', '920021', '920509', '920519', '920146', '920642', '920371', '920438', '920504', '920230', '920627', '920932', '920076', '920403', '920802', '920564', '920575', '920656', '920028', '920300', '920227', '920729', '920035', '920790', '920351']
2026-05-13 08:30:00.111 | INFO     | QMT-StockSync | 股票同步完成: QMT 5205 只, DB活跃 5517 只, 新增 0, 退市 312
2026-05-13 08:30:00.113 | INFO     | CronScheduler | 股票列表同步: 新增 0, 退市 312
2026-05-13 08:30:00.114 | INFO     | TushareSync | Fetching stock basics from Tushare...
2026-05-13 08:30:00.714 | INFO     | DuckDB     | 更新股票元数据: 5515 条
2026-05-13 08:30:00.715 | INFO     | TushareSync | Successfully synced 5515 stock basics.
2026-05-13 08:30:00.719 | INFO     | TushareSync | Fetching daily basics snapshot from Tushare (Date: Latest)...
2026-05-13 08:30:00.965 | WARNING  | TushareSync | No daily basic data found.
2026-05-13 08:30:00.967 | INFO     | ParquetPipeline | ParquetPipeline | Fetching daily k-lines from 20260506 to 20260513...
2026-05-13 08:30:01.099 | INFO     | ParquetPipeline | ParquetPipeline | Pulling market for 20260513...
2026-05-13 08:30:01.222 | INFO     | ParquetPipeline | ParquetPipeline | Pulling market for 20260512...
2026-05-13 08:30:03.854 | INFO     | ParquetPipeline | ParquetPipeline | Pulling market for 20260511...
2026-05-13 08:30:04.824 | INFO     | ParquetPipeline | ParquetPipeline | Pulling market for 20260508...
2026-05-13 08:30:06.117 | INFO     | ParquetPipeline | ParquetPipeline | Pulling market for 20260507...
2026-05-13 08:30:08.112 | INFO     | ParquetPipeline | ParquetPipeline | Pulling market for 20260506...
2026-05-13 08:30:09.035 | INFO     | ParquetPipeline | ParquetPipeline | Writing 5496 stocks to Parquet...
2026-05-13 08:34:06.459 | INFO     | DuckDB     | DuckDB | 创建虚拟视图成功: kline_daily_view -> E:/1target/p9_project/quant-platform/data/parquet/daily/*.parquet
2026-05-13 08:34:06.463 | INFO     | ParquetPipeline | ParquetPipeline | Daily K-lines fully synced.
2026-05-13 08:34:06.740 | INFO     | CronScheduler | CronScheduler ========= [收取管道] 完美结束 =========
2026-05-13 09:00:00.006 | INFO     | CronScheduler | CronScheduler | [概念同步] 开始同步 Tushare 概念数据...
2026-05-13 09:00:00.007 | INFO     | CronScheduler | CronScheduler | [热度计算] 开始刷新板块热度...
2026-05-13 09:00:00.715 | INFO     | ConceptSync | concept: 获取到 879 个概念分类
2026-05-13 09:00:31.927 | INFO     | HeatCalc   | 加载了 5526 只股票的最近日线数据
2026-05-13 09:01:09.366 | INFO     | HeatCalc   | 热度计算完成: 872 概念, 110 板块
2026-05-13 09:01:31.287 | ERROR    | RedisManager | Redis 连接失败 (localhost:6379): Error 10061 connecting to localhost:6379. 由于目标计算机积极拒绝，无法连接。.
2026-05-13 09:02:15.199 | INFO     | CronScheduler | CronScheduler | [热度计算] 完成: {'concepts_processed': 872, 'sectors_processed': 110, 'trade_date': '2026-05-13'}
2026-05-13 09:05:00.012 | INFO     | CronScheduler | CronScheduler | [热度计算] 开始刷新板块热度...
2026-05-13 09:05:41.464 | INFO     | HeatCalc   | 加载了 5526 只股票的最近日线数据
2026-05-13 09:06:21.751 | INFO     | HeatCalc   | 热度计算完成: 872 概念, 110 板块
2026-05-13 09:07:07.513 | INFO     | CronScheduler | CronScheduler | [热度计算] 完成: {'concepts_processed': 872, 'sectors_processed': 110, 'trade_date': '2026-05-13'}
2026-05-13 09:10:00.012 | INFO     | CronScheduler | CronScheduler | [热度计算] 开始刷新板块热度...
2026-05-13 09:11:22.350 | INFO     | HeatCalc   | 加载了 5526 只股票的最近日线数据
2026-05-13 09:11:44.833 | INFO     | HeatCalc   | 热度计算完成: 146 概念, 110 板块
2026-05-13 09:12:28.669 | INFO     | CronScheduler | CronScheduler | [热度计算] 完成: {'concepts_processed': 146, 'sectors_processed': 110, 'trade_date': '2026-05-13'}
2026-05-13 09:13:59.882 | INFO     | ConceptSync | concept: 写入 34444 条概念映射到 DuckDB
2026-05-13 09:13:59.886 | INFO     | ConceptSync | 标准概念同步完成: 873 概念, 34444 映射
2026-05-13 09:13:59.887 | INFO     | CronScheduler | CronScheduler | [概念同步] 完成: 873 概念, 34444 映射
2026-05-13 09:15:00.002 | INFO     | CronScheduler | CronScheduler | [热度计算] 开始刷新板块热度...
2026-05-13 09:15:38.889 | INFO     | HeatCalc   | 加载了 5526 只股票的最近日线数据
2026-05-13 09:16:28.467 | INFO     | HeatCalc   | 热度计算完成: 873 概念, 110 板块
2026-05-13 09:17:16.431 | INFO     | CronScheduler | CronScheduler | [热度计算] 完成: {'concepts_processed': 873, 'sectors_processed': 110, 'trade_date': '2026-05-13'}
2026-05-13 09:20:00.016 | INFO     | CronScheduler | CronScheduler | [热度计算] 开始刷新板块热度...
2026-05-13 09:20:41.235 | INFO     | HeatCalc   | 加载了 5526 只股票的最近日线数据
2026-05-13 09:21:20.681 | INFO     | HeatCalc   | 热度计算完成: 873 概念, 110 板块
2026-05-13 09:22:09.063 | INFO     | CronScheduler | CronScheduler | [热度计算] 完成: {'concepts_processed': 873, 'sectors_processed': 110, 'trade_date': '2026-05-13'}
2026-05-13 09:25:00.014 | INFO     | CronScheduler | CronScheduler | [热度计算] 开始刷新板块热度...
2026-05-13 09:25:42.764 | INFO     | HeatCalc   | 加载了 5526 只股票的最近日线数据
2026-05-13 09:26:41.008 | INFO     | HeatCalc   | 热度计算完成: 873 概念, 110 板块
2026-05-13 09:27:24.635 | INFO     | CronScheduler | CronScheduler | [热度计算] 完成: {'concepts_processed': 873, 'sectors_processed': 110, 'trade_date': '2026-05-13'}
2026-05-13 09:30:00.008 | INFO     | CronScheduler | CronScheduler | [热度计算] 开始刷新板块热度...
2026-05-13 09:30:43.310 | INFO     | HeatCalc   | 加载了 5526 只股票的最近日线数据
2026-05-13 09:31:43.610 | INFO     | HeatCalc   | 热度计算完成: 873 概念, 110 板块
2026-05-13 09:32:30.077 | INFO     | CronScheduler | CronScheduler | [热度计算] 完成: {'concepts_processed': 873, 'sectors_processed': 110, 'trade_date': '2026-05-13'}
2026-05-13 09:35:00.010 | INFO     | CronScheduler | CronScheduler | [热度计算] 开始刷新板块热度...
2026-05-13 09:35:45.304 | INFO     | HeatCalc   | 加载了 5526 只股票的最近日线数据
2026-05-13 09:36:45.408 | INFO     | HeatCalc   | 热度计算完成: 873 概念, 110 板块
2026-05-13 09:37:30.939 | INFO     | CronScheduler | CronScheduler | [热度计算] 完成: {'concepts_processed': 873, 'sectors_processed': 110, 'trade_date': '2026-05-13'}
2026-05-13 09:40:00.001 | INFO     | CronScheduler | CronScheduler | [热度计算] 开始刷新板块热度...
2026-05-13 09:40:43.780 | INFO     | HeatCalc   | 加载了 5526 只股票的最近日线数据
2026-05-13 09:41:48.741 | INFO     | HeatCalc   | 热度计算完成: 873 概念, 110 板块
2026-05-13 09:42:43.106 | INFO     | CronScheduler | CronScheduler | [热度计算] 完成: {'concepts_processed': 873, 'sectors_processed': 110, 'trade_date': '2026-05-13'}
2026-05-13 09:45:00.006 | INFO     | CronScheduler | CronScheduler | [热度计算] 开始刷新板块热度...
2026-05-13 09:45:43.416 | INFO     | HeatCalc   | 加载了 5526 只股票的最近日线数据
2026-05-13 09:46:47.054 | INFO     | HeatCalc   | 热度计算完成: 873 概念, 110 板块
2026-05-13 09:47:35.126 | INFO     | CronScheduler | CronScheduler | [热度计算] 完成: {'concepts_processed': 873, 'sectors_processed': 110, 'trade_date': '2026-05-13'}
2026-05-13 09:50:00.002 | INFO     | CronScheduler | CronScheduler | [热度计算] 开始刷新板块热度...
2026-05-13 09:50:43.002 | INFO     | HeatCalc   | 加载了 5526 只股票的最近日线数据
2026-05-13 09:51:47.930 | INFO     | HeatCalc   | 热度计算完成: 873 概念, 110 板块
2026-05-13 09:52:31.550 | INFO     | CronScheduler | CronScheduler | [热度计算] 完成: {'concepts_processed': 873, 'sectors_processed': 110, 'trade_date': '2026-05-13'}
2026-05-13 09:55:00.011 | INFO     | CronScheduler | CronScheduler | [热度计算] 开始刷新板块热度...
2026-05-13 09:55:43.461 | INFO     | HeatCalc   | 加载了 5526 只股票的最近日线数据
2026-05-13 09:56:50.840 | INFO     | HeatCalc   | 热度计算完成: 873 概念, 110 板块
2026-05-13 09:57:41.131 | INFO     | CronScheduler | CronScheduler | [热度计算] 完成: {'concepts_processed': 873, 'sectors_processed': 110, 'trade_date': '2026-05-13'}
2026-05-13 10:00:00.005 | INFO     | CronScheduler | CronScheduler | [热度计算] 开始刷新板块热度...
2026-05-13 10:00:44.554 | INFO     | HeatCalc   | 加载了 5526 只股票的最近日线数据
2026-05-13 10:01:52.470 | INFO     | HeatCalc   | 热度计算完成: 873 概念, 110 板块
2026-05-13 10:02:42.427 | INFO     | CronScheduler | CronScheduler | [热度计算] 完成: {'concepts_processed': 873, 'sectors_processed': 110, 'trade_date': '2026-05-13'}
2026-05-13 10:05:00.006 | INFO     | CronScheduler | CronScheduler | [热度计算] 开始刷新板块热度...
2026-05-13 10:05:45.345 | INFO     | HeatCalc   | 加载了 5526 只股票的最近日线数据
2026-05-13 10:06:56.815 | INFO     | HeatCalc   | 热度计算完成: 873 概念, 110 板块
2026-05-13 10:07:45.469 | INFO     | CronScheduler | CronScheduler | [热度计算] 完成: {'concepts_processed': 873, 'sectors_processed': 110, 'trade_date': '2026-05-13'}
2026-05-13 10:10:00.007 | INFO     | CronScheduler | CronScheduler | [热度计算] 开始刷新板块热度...
2026-05-13 10:10:44.388 | INFO     | HeatCalc   | 加载了 5526 只股票的最近日线数据
2026-05-13 10:11:54.373 | INFO     | HeatCalc   | 热度计算完成: 873 概念, 110 板块
2026-05-13 10:12:37.009 | INFO     | CronScheduler | CronScheduler | [热度计算] 完成: {'concepts_processed': 873, 'sectors_processed': 110, 'trade_date': '2026-05-13'}
2026-05-13 10:15:00.014 | INFO     | CronScheduler | CronScheduler | [热度计算] 开始刷新板块热度...
2026-05-13 10:15:46.336 | INFO     | HeatCalc   | 加载了 5526 只股票的最近日线数据
2026-05-13 10:17:00.045 | INFO     | HeatCalc   | 热度计算完成: 873 概念, 110 板块
2026-05-13 10:17:43.954 | INFO     | CronScheduler | CronScheduler | [热度计算] 完成: {'concepts_processed': 873, 'sectors_processed': 110, 'trade_date': '2026-05-13'}
2026-05-13 10:20:00.007 | INFO     | CronScheduler | CronScheduler | [热度计算] 开始刷新板块热度...
2026-05-13 10:20:47.492 | INFO     | HeatCalc   | 加载了 5526 只股票的最近日线数据
2026-05-13 10:22:00.566 | INFO     | HeatCalc   | 热度计算完成: 873 概念, 110 板块
2026-05-13 10:22:42.745 | INFO     | CronScheduler | CronScheduler | [热度计算] 完成: {'concepts_processed': 873, 'sectors_processed': 110, 'trade_date': '2026-05-13'}
2026-05-13 10:25:00.007 | INFO     | CronScheduler | CronScheduler | [热度计算] 开始刷新板块热度...
2026-05-13 10:25:44.910 | INFO     | HeatCalc   | 加载了 5526 只股票的最近日线数据
2026-05-13 10:26:58.112 | INFO     | HeatCalc   | 热度计算完成: 873 概念, 110 板块
2026-05-13 10:27:47.601 | INFO     | CronScheduler | CronScheduler | [热度计算] 完成: {'concepts_processed': 873, 'sectors_processed': 110, 'trade_date': '2026-05-13'}
2026-05-13 10:30:00.004 | INFO     | CronScheduler | CronScheduler | [热度计算] 开始刷新板块热度...
2026-05-13 10:30:47.577 | INFO     | HeatCalc   | 加载了 5526 只股票的最近日线数据
2026-05-13 10:32:03.836 | INFO     | HeatCalc   | 热度计算完成: 873 概念, 110 板块
2026-05-13 10:32:47.659 | INFO     | CronScheduler | CronScheduler | [热度计算] 完成: {'concepts_processed': 873, 'sectors_processed': 110, 'trade_date': '2026-05-13'}
2026-05-13 10:35:00.008 | INFO     | CronScheduler | CronScheduler | [热度计算] 开始刷新板块热度...
2026-05-13 10:35:49.274 | INFO     | HeatCalc   | 加载了 5526 只股票的最近日线数据
2026-05-13 10:37:08.705 | INFO     | HeatCalc   | 热度计算完成: 873 概念, 110 板块
2026-05-13 10:37:52.287 | INFO     | CronScheduler | CronScheduler | [热度计算] 完成: {'concepts_processed': 873, 'sectors_processed': 110, 'trade_date': '2026-05-13'}
2026-05-13 10:40:00.008 | INFO     | CronScheduler | CronScheduler | [热度计算] 开始刷新板块热度...
2026-05-13 10:40:48.616 | INFO     | HeatCalc   | 加载了 5526 只股票的最近日线数据
2026-05-13 10:42:09.354 | INFO     | HeatCalc   | 热度计算完成: 873 概念, 110 板块
2026-05-13 10:42:52.977 | INFO     | CronScheduler | CronScheduler | [热度计算] 完成: {'concepts_processed': 873, 'sectors_processed': 110, 'trade_date': '2026-05-13'}
2026-05-13 10:45:00.016 | INFO     | CronScheduler | CronScheduler | [热度计算] 开始刷新板块热度...
2026-05-13 10:45:46.923 | INFO     | HeatCalc   | 加载了 5526 只股票的最近日线数据
2026-05-13 10:47:08.382 | INFO     | HeatCalc   | 热度计算完成: 873 概念, 110 板块
2026-05-13 10:47:57.138 | INFO     | CronScheduler | CronScheduler | [热度计算] 完成: {'concepts_processed': 873, 'sectors_processed': 110, 'trade_date': '2026-05-13'}
2026-05-13 10:50:00.013 | INFO     | CronScheduler | CronScheduler | [热度计算] 开始刷新板块热度...
2026-05-13 10:50:47.411 | INFO     | HeatCalc   | 加载了 5526 只股票的最近日线数据
2026-05-13 10:52:09.801 | INFO     | HeatCalc   | 热度计算完成: 873 概念, 110 板块
2026-05-13 10:52:59.784 | INFO     | CronScheduler | CronScheduler | [热度计算] 完成: {'concepts_processed': 873, 'sectors_processed': 110, 'trade_date': '2026-05-13'}
2026-05-13 10:55:00.014 | INFO     | CronScheduler | CronScheduler | [热度计算] 开始刷新板块热度...
2026-05-13 10:55:49.486 | INFO     | HeatCalc   | 加载了 5526 只股票的最近日线数据
2026-05-13 10:57:12.902 | INFO     | HeatCalc   | 热度计算完成: 873 概念, 110 板块
2026-05-13 10:57:51.235 | INFO     | CronScheduler | CronScheduler | [热度计算] 完成: {'concepts_processed': 873, 'sectors_processed': 110, 'trade_date': '2026-05-13'}
2026-05-13 11:00:00.015 | INFO     | CronScheduler | CronScheduler | [热度计算] 开始刷新板块热度...
2026-05-13 11:00:49.997 | INFO     | HeatCalc   | 加载了 5526 只股票的最近日线数据
2026-05-13 11:02:16.312 | INFO     | HeatCalc   | 热度计算完成: 873 概念, 110 板块
2026-05-13 11:03:04.298 | INFO     | CronScheduler | CronScheduler | [热度计算] 完成: {'concepts_processed': 873, 'sectors_processed': 110, 'trade_date': '2026-05-13'}
2026-05-13 11:05:00.014 | INFO     | CronScheduler | CronScheduler | [热度计算] 开始刷新板块热度...
2026-05-13 11:05:49.216 | INFO     | HeatCalc   | 加载了 5526 只股票的最近日线数据
2026-05-13 11:07:16.252 | INFO     | HeatCalc   | 热度计算完成: 873 概念, 110 板块
2026-05-13 11:08:07.190 | INFO     | CronScheduler | CronScheduler | [热度计算] 完成: {'concepts_processed': 873, 'sectors_processed': 110, 'trade_date': '2026-05-13'}
2026-05-13 11:10:00.009 | INFO     | CronScheduler | CronScheduler | [热度计算] 开始刷新板块热度...
2026-05-13 11:10:50.699 | INFO     | HeatCalc   | 加载了 5526 只股票的最近日线数据
2026-05-13 11:12:18.096 | INFO     | HeatCalc   | 热度计算完成: 873 概念, 110 板块
2026-05-13 11:13:03.976 | INFO     | CronScheduler | CronScheduler | [热度计算] 完成: {'concepts_processed': 873, 'sectors_processed': 110, 'trade_date': '2026-05-13'}
2026-05-13 11:15:00.007 | INFO     | CronScheduler | CronScheduler | [热度计算] 开始刷新板块热度...
2026-05-13 11:15:51.413 | INFO     | HeatCalc   | 加载了 5526 只股票的最近日线数据
2026-05-13 11:17:22.403 | INFO     | HeatCalc   | 热度计算完成: 873 概念, 110 板块
2026-05-13 11:18:11.670 | INFO     | CronScheduler | CronScheduler | [热度计算] 完成: {'concepts_processed': 873, 'sectors_processed': 110, 'trade_date': '2026-05-13'}
2026-05-13 11:20:00.016 | INFO     | CronScheduler | CronScheduler | [热度计算] 开始刷新板块热度...
2026-05-13 11:20:50.275 | INFO     | HeatCalc   | 加载了 5526 只股票的最近日线数据
2026-05-13 11:22:17.828 | INFO     | HeatCalc   | 热度计算完成: 873 概念, 110 板块
2026-05-13 11:23:06.603 | INFO     | CronScheduler | CronScheduler | [热度计算] 完成: {'concepts_processed': 873, 'sectors_processed': 110, 'trade_date': '2026-05-13'}
2026-05-13 11:25:00.010 | INFO     | CronScheduler | CronScheduler | [热度计算] 开始刷新板块热度...
2026-05-13 11:25:50.229 | INFO     | HeatCalc   | 加载了 5526 只股票的最近日线数据
2026-05-13 11:27:20.747 | INFO     | HeatCalc   | 热度计算完成: 873 概念, 110 板块
2026-05-13 11:28:08.620 | INFO     | CronScheduler | CronScheduler | [热度计算] 完成: {'concepts_processed': 873, 'sectors_processed': 110, 'trade_date': '2026-05-13'}
2026-05-13 11:30:00.012 | INFO     | CronScheduler | CronScheduler | [热度计算] 开始刷新板块热度...
2026-05-13 11:30:51.051 | INFO     | HeatCalc   | 加载了 5526 只股票的最近日线数据
2026-05-13 11:32:20.961 | INFO     | HeatCalc   | 热度计算完成: 873 概念, 110 板块
2026-05-13 11:33:13.353 | INFO     | CronScheduler | CronScheduler | [热度计算] 完成: {'concepts_processed': 873, 'sectors_processed': 110, 'trade_date': '2026-05-13'}
2026-05-13 11:35:00.015 | INFO     | CronScheduler | CronScheduler | [热度计算] 开始刷新板块热度...
2026-05-13 11:35:52.282 | INFO     | HeatCalc   | 加载了 5526 只股票的最近日线数据
2026-05-13 11:37:25.452 | INFO     | HeatCalc   | 热度计算完成: 873 概念, 110 板块
2026-05-13 11:38:10.895 | INFO     | CronScheduler | CronScheduler | [热度计算] 完成: {'concepts_processed': 873, 'sectors_processed': 110, 'trade_date': '2026-05-13'}
2026-05-13 11:40:00.003 | INFO     | CronScheduler | CronScheduler | [热度计算] 开始刷新板块热度...
2026-05-13 11:40:53.653 | INFO     | HeatCalc   | 加载了 5526 只股票的最近日线数据
2026-05-13 11:42:27.422 | INFO     | HeatCalc   | 热度计算完成: 873 概念, 110 板块
2026-05-13 11:43:12.013 | INFO     | CronScheduler | CronScheduler | [热度计算] 完成: {'concepts_processed': 873, 'sectors_processed': 110, 'trade_date': '2026-05-13'}
2026-05-13 11:45:00.013 | INFO     | CronScheduler | CronScheduler | [热度计算] 开始刷新板块热度...
2026-05-13 11:45:52.112 | INFO     | HeatCalc   | 加载了 5526 只股票的最近日线数据
2026-05-13 11:47:25.993 | INFO     | HeatCalc   | 热度计算完成: 873 概念, 110 板块
2026-05-13 11:48:17.235 | INFO     | CronScheduler | CronScheduler | [热度计算] 完成: {'concepts_processed': 873, 'sectors_processed': 110, 'trade_date': '2026-05-13'}
2026-05-13 11:50:00.014 | INFO     | CronScheduler | CronScheduler | [热度计算] 开始刷新板块热度...
2026-05-13 11:50:52.907 | INFO     | HeatCalc   | 加载了 5526 只股票的最近日线数据
2026-05-13 11:52:26.422 | INFO     | HeatCalc   | 热度计算完成: 873 概念, 110 板块
2026-05-13 11:53:14.934 | INFO     | CronScheduler | CronScheduler | [热度计算] 完成: {'concepts_processed': 873, 'sectors_processed': 110, 'trade_date': '2026-05-13'}
2026-05-13 11:55:00.014 | INFO     | CronScheduler | CronScheduler | [热度计算] 开始刷新板块热度...
2026-05-13 11:55:51.761 | INFO     | HeatCalc   | 加载了 5526 只股票的最近日线数据
2026-05-13 11:57:26.408 | INFO     | HeatCalc   | 热度计算完成: 873 概念, 110 板块
2026-05-13 11:58:15.911 | INFO     | CronScheduler | CronScheduler | [热度计算] 完成: {'concepts_processed': 873, 'sectors_processed': 110, 'trade_date': '2026-05-13'}
2026-05-13 12:00:00.003 | INFO     | CronScheduler | CronScheduler | [热度计算] 开始刷新板块热度...
2026-05-13 12:00:51.665 | INFO     | HeatCalc   | 加载了 5526 只股票的最近日线数据
2026-05-13 12:02:26.807 | INFO     | HeatCalc   | 热度计算完成: 873 概念, 110 板块
2026-05-13 12:03:10.556 | INFO     | CronScheduler | CronScheduler | [热度计算] 完成: {'concepts_processed': 873, 'sectors_processed': 110, 'trade_date': '2026-05-13'}
2026-05-13 12:05:00.014 | INFO     | CronScheduler | CronScheduler | [热度计算] 开始刷新板块热度...
2026-05-13 12:05:54.423 | INFO     | HeatCalc   | 加载了 5526 只股票的最近日线数据
2026-05-13 12:07:33.694 | INFO     | HeatCalc   | 热度计算完成: 873 概念, 110 板块
2026-05-13 12:08:25.134 | INFO     | CronScheduler | CronScheduler | [热度计算] 完成: {'concepts_processed': 873, 'sectors_processed': 110, 'trade_date': '2026-05-13'}
2026-05-13 12:10:00.004 | INFO     | CronScheduler | CronScheduler | [热度计算] 开始刷新板块热度...
2026-05-13 12:10:53.016 | INFO     | HeatCalc   | 加载了 5526 只股票的最近日线数据
2026-05-13 12:12:30.092 | INFO     | HeatCalc   | 热度计算完成: 873 概念, 110 板块
2026-05-13 12:13:13.174 | INFO     | CronScheduler | CronScheduler | [热度计算] 完成: {'concepts_processed': 873, 'sectors_processed': 110, 'trade_date': '2026-05-13'}
2026-05-13 12:15:00.012 | INFO     | CronScheduler | CronScheduler | [热度计算] 开始刷新板块热度...
2026-05-13 12:15:53.246 | INFO     | HeatCalc   | 加载了 5526 只股票的最近日线数据
2026-05-13 12:17:32.694 | INFO     | HeatCalc   | 热度计算完成: 873 概念, 110 板块
2026-05-13 12:18:18.343 | INFO     | CronScheduler | CronScheduler | [热度计算] 完成: {'concepts_processed': 873, 'sectors_processed': 110, 'trade_date': '2026-05-13'}
2026-05-13 12:20:00.004 | INFO     | CronScheduler | CronScheduler | [热度计算] 开始刷新板块热度...
2026-05-13 12:20:54.392 | INFO     | HeatCalc   | 加载了 5526 只股票的最近日线数据
2026-05-13 12:22:35.749 | INFO     | HeatCalc   | 热度计算完成: 873 概念, 110 板块
2026-05-13 12:23:16.300 | INFO     | CronScheduler | CronScheduler | [热度计算] 完成: {'concepts_processed': 873, 'sectors_processed': 110, 'trade_date': '2026-05-13'}
2026-05-13 12:25:00.015 | INFO     | CronScheduler | CronScheduler | [热度计算] 开始刷新板块热度...
2026-05-13 12:25:53.774 | INFO     | HeatCalc   | 加载了 5526 只股票的最近日线数据
2026-05-13 12:27:30.626 | INFO     | HeatCalc   | 热度计算完成: 873 概念, 110 板块
2026-05-13 12:28:19.847 | INFO     | CronScheduler | CronScheduler | [热度计算] 完成: {'concepts_processed': 873, 'sectors_processed': 110, 'trade_date': '2026-05-13'}
2026-05-13 12:30:00.010 | INFO     | CronScheduler | CronScheduler | [热度计算] 开始刷新板块热度...
2026-05-13 12:30:49.643 | INFO     | HeatCalc   | 加载了 5526 只股票的最近日线数据
2026-05-13 12:32:24.530 | INFO     | HeatCalc   | 热度计算完成: 873 概念, 110 板块
2026-05-13 12:33:12.695 | INFO     | CronScheduler | CronScheduler | [热度计算] 完成: {'concepts_processed': 873, 'sectors_processed': 110, 'trade_date': '2026-05-13'}
2026-05-13 12:35:00.002 | INFO     | CronScheduler | CronScheduler | [热度计算] 开始刷新板块热度...
2026-05-13 12:35:52.393 | INFO     | HeatCalc   | 加载了 5526 只股票的最近日线数据
2026-05-13 12:37:31.094 | INFO     | HeatCalc   | 热度计算完成: 873 概念, 110 板块
2026-05-13 12:38:12.997 | INFO     | CronScheduler | CronScheduler | [热度计算] 完成: {'concepts_processed': 873, 'sectors_processed': 110, 'trade_date': '2026-05-13'}
2026-05-13 12:40:00.003 | INFO     | CronScheduler | CronScheduler | [热度计算] 开始刷新板块热度...
2026-05-13 12:40:52.973 | INFO     | HeatCalc   | 加载了 5526 只股票的最近日线数据
2026-05-13 12:42:30.390 | INFO     | HeatCalc   | 热度计算完成: 873 概念, 110 板块
2026-05-13 12:43:14.056 | INFO     | CronScheduler | CronScheduler | [热度计算] 完成: {'concepts_processed': 873, 'sectors_processed': 110, 'trade_date': '2026-05-13'}
2026-05-13 12:45:00.005 | INFO     | CronScheduler | CronScheduler | [热度计算] 开始刷新板块热度...
2026-05-13 12:45:54.112 | INFO     | HeatCalc   | 加载了 5526 只股票的最近日线数据
2026-05-13 12:47:33.882 | INFO     | HeatCalc   | 热度计算完成: 873 概念, 110 板块
2026-05-13 12:48:22.504 | INFO     | CronScheduler | CronScheduler | [热度计算] 完成: {'concepts_processed': 873, 'sectors_processed': 110, 'trade_date': '2026-05-13'}
2026-05-13 12:50:00.007 | INFO     | CronScheduler | CronScheduler | [热度计算] 开始刷新板块热度...
2026-05-13 12:50:53.909 | INFO     | HeatCalc   | 加载了 5526 只股票的最近日线数据
2026-05-13 12:52:33.335 | INFO     | HeatCalc   | 热度计算完成: 873 概念, 110 板块
2026-05-13 12:53:25.915 | INFO     | CronScheduler | CronScheduler | [热度计算] 完成: {'concepts_processed': 873, 'sectors_processed': 110, 'trade_date': '2026-05-13'}
2026-05-13 12:55:00.016 | INFO     | CronScheduler | CronScheduler | [热度计算] 开始刷新板块热度...
2026-05-13 12:55:54.423 | INFO     | HeatCalc   | 加载了 5526 只股票的最近日线数据
2026-05-13 12:57:21.327 | INFO     | HeatCalc   | 热度计算完成: 873 概念, 110 板块
2026-05-13 12:58:06.392 | INFO     | CronScheduler | CronScheduler | [热度计算] 完成: {'concepts_processed': 873, 'sectors_processed': 110, 'trade_date': '2026-05-13'}
2026-05-13 13:00:00.008 | INFO     | CronScheduler | CronScheduler | [热度计算] 开始刷新板块热度...
2026-05-13 13:00:55.390 | INFO     | HeatCalc   | 加载了 5526 只股票的最近日线数据
2026-05-13 13:02:36.581 | INFO     | HeatCalc   | 热度计算完成: 873 概念, 110 板块
2026-05-13 13:03:25.234 | INFO     | CronScheduler | CronScheduler | [热度计算] 完成: {'concepts_processed': 873, 'sectors_processed': 110, 'trade_date': '2026-05-13'}
2026-05-13 13:05:00.003 | INFO     | CronScheduler | CronScheduler | [热度计算] 开始刷新板块热度...
2026-05-13 13:05:52.257 | INFO     | HeatCalc   | 加载了 5526 只股票的最近日线数据
2026-05-13 13:07:30.302 | INFO     | HeatCalc   | 热度计算完成: 873 概念, 110 板块
2026-05-13 13:08:14.824 | INFO     | CronScheduler | CronScheduler | [热度计算] 完成: {'concepts_processed': 873, 'sectors_processed': 110, 'trade_date': '2026-05-13'}
2026-05-13 13:10:00.016 | INFO     | CronScheduler | CronScheduler | [热度计算] 开始刷新板块热度...
2026-05-13 13:10:53.990 | INFO     | HeatCalc   | 加载了 5526 只股票的最近日线数据
2026-05-13 13:12:35.881 | INFO     | HeatCalc   | 热度计算完成: 873 概念, 110 板块
2026-05-13 13:13:18.703 | INFO     | CronScheduler | CronScheduler | [热度计算] 完成: {'concepts_processed': 873, 'sectors_processed': 110, 'trade_date': '2026-05-13'}
2026-05-13 13:15:00.003 | INFO     | CronScheduler | CronScheduler | [热度计算] 开始刷新板块热度...
2026-05-13 13:15:55.094 | INFO     | HeatCalc   | 加载了 5526 只股票的最近日线数据
2026-05-13 13:17:38.247 | INFO     | HeatCalc   | 热度计算完成: 873 概念, 110 板块
2026-05-13 13:18:30.551 | INFO     | CronScheduler | CronScheduler | [热度计算] 完成: {'concepts_processed': 873, 'sectors_processed': 110, 'trade_date': '2026-05-13'}
2026-05-13 13:20:00.003 | INFO     | CronScheduler | CronScheduler | [热度计算] 开始刷新板块热度...
2026-05-13 13:20:54.822 | INFO     | HeatCalc   | 加载了 5526 只股票的最近日线数据
2026-05-13 13:22:36.155 | INFO     | HeatCalc   | 热度计算完成: 873 概念, 110 板块
2026-05-13 13:23:22.564 | INFO     | CronScheduler | CronScheduler | [热度计算] 完成: {'concepts_processed': 873, 'sectors_processed': 110, 'trade_date': '2026-05-13'}
2026-05-13 13:25:00.003 | INFO     | CronScheduler | CronScheduler | [热度计算] 开始刷新板块热度...
2026-05-13 13:25:54.453 | INFO     | HeatCalc   | 加载了 5526 只股票的最近日线数据
2026-05-13 13:27:35.952 | INFO     | HeatCalc   | 热度计算完成: 873 概念, 110 板块
2026-05-13 13:28:23.133 | INFO     | CronScheduler | CronScheduler | [热度计算] 完成: {'concepts_processed': 873, 'sectors_processed': 110, 'trade_date': '2026-05-13'}
2026-05-13 13:30:00.003 | INFO     | CronScheduler | CronScheduler | [热度计算] 开始刷新板块热度...
2026-05-13 13:30:53.246 | INFO     | HeatCalc   | 加载了 5526 只股票的最近日线数据
2026-05-13 13:32:37.416 | INFO     | HeatCalc   | 热度计算完成: 873 概念, 110 板块
2026-05-13 13:33:30.542 | INFO     | CronScheduler | CronScheduler | [热度计算] 完成: {'concepts_processed': 873, 'sectors_processed': 110, 'trade_date': '2026-05-13'}
2026-05-13 13:35:00.005 | INFO     | CronScheduler | CronScheduler | [热度计算] 开始刷新板块热度...
2026-05-13 13:35:54.606 | INFO     | HeatCalc   | 加载了 5526 只股票的最近日线数据
2026-05-13 13:37:36.521 | INFO     | HeatCalc   | 热度计算完成: 873 概念, 110 板块
2026-05-13 13:38:21.543 | INFO     | CronScheduler | CronScheduler | [热度计算] 完成: {'concepts_processed': 873, 'sectors_processed': 110, 'trade_date': '2026-05-13'}
2026-05-13 13:40:00.013 | INFO     | CronScheduler | CronScheduler | [热度计算] 开始刷新板块热度...
2026-05-13 13:40:56.258 | INFO     | HeatCalc   | 加载了 5526 只股票的最近日线数据
2026-05-13 13:42:40.079 | INFO     | HeatCalc   | 热度计算完成: 873 概念, 110 板块
2026-05-13 13:43:27.855 | INFO     | CronScheduler | CronScheduler | [热度计算] 完成: {'concepts_processed': 873, 'sectors_processed': 110, 'trade_date': '2026-05-13'}
2026-05-13 13:45:00.007 | INFO     | CronScheduler | CronScheduler | [热度计算] 开始刷新板块热度...
2026-05-13 13:45:55.743 | INFO     | HeatCalc   | 加载了 5526 只股票的最近日线数据
2026-05-13 13:47:40.306 | INFO     | HeatCalc   | 热度计算完成: 873 概念, 110 板块
2026-05-13 13:48:22.021 | INFO     | CronScheduler | CronScheduler | [热度计算] 完成: {'concepts_processed': 873, 'sectors_processed': 110, 'trade_date': '2026-05-13'}
2026-05-13 13:50:00.002 | INFO     | CronScheduler | CronScheduler | [热度计算] 开始刷新板块热度...
2026-05-13 13:50:54.182 | INFO     | HeatCalc   | 加载了 5526 只股票的最近日线数据
2026-05-13 13:52:36.318 | INFO     | HeatCalc   | 热度计算完成: 873 概念, 110 板块
2026-05-13 13:53:23.277 | INFO     | CronScheduler | CronScheduler | [热度计算] 完成: {'concepts_processed': 873, 'sectors_processed': 110, 'trade_date': '2026-05-13'}
2026-05-13 13:55:00.013 | INFO     | CronScheduler | CronScheduler | [热度计算] 开始刷新板块热度...
2026-05-13 13:55:54.096 | INFO     | HeatCalc   | 加载了 5526 只股票的最近日线数据
2026-05-13 13:57:37.330 | INFO     | HeatCalc   | 热度计算完成: 873 概念, 110 板块
2026-05-13 13:58:26.827 | INFO     | CronScheduler | CronScheduler | [热度计算] 完成: {'concepts_processed': 873, 'sectors_processed': 110, 'trade_date': '2026-05-13'}
2026-05-13 14:00:00.014 | INFO     | CronScheduler | CronScheduler | [热度计算] 开始刷新板块热度...
2026-05-13 14:00:54.200 | INFO     | HeatCalc   | 加载了 5526 只股票的最近日线数据
2026-05-13 14:02:39.816 | INFO     | HeatCalc   | 热度计算完成: 873 概念, 110 板块
2026-05-13 14:03:23.001 | INFO     | CronScheduler | CronScheduler | [热度计算] 完成: {'concepts_processed': 873, 'sectors_processed': 110, 'trade_date': '2026-05-13'}
2026-05-13 14:05:00.014 | INFO     | CronScheduler | CronScheduler | [热度计算] 开始刷新板块热度...
2026-05-13 14:05:55.725 | INFO     | HeatCalc   | 加载了 5526 只股票的最近日线数据
2026-05-13 14:07:40.579 | INFO     | HeatCalc   | 热度计算完成: 873 概念, 110 板块
2026-05-13 14:08:29.508 | INFO     | CronScheduler | CronScheduler | [热度计算] 完成: {'concepts_processed': 873, 'sectors_processed': 110, 'trade_date': '2026-05-13'}
2026-05-13 14:10:00.016 | INFO     | CronScheduler | CronScheduler | [热度计算] 开始刷新板块热度...
2026-05-13 14:10:55.541 | INFO     | HeatCalc   | 加载了 5526 只股票的最近日线数据
2026-05-13 14:12:41.593 | INFO     | HeatCalc   | 热度计算完成: 873 概念, 110 板块
2026-05-13 14:13:28.967 | INFO     | CronScheduler | CronScheduler | [热度计算] 完成: {'concepts_processed': 873, 'sectors_processed': 110, 'trade_date': '2026-05-13'}
2026-05-13 14:15:00.014 | INFO     | CronScheduler | CronScheduler | [热度计算] 开始刷新板块热度...
2026-05-13 14:15:56.394 | INFO     | HeatCalc   | 加载了 5526 只股票的最近日线数据
2026-05-13 14:17:42.567 | INFO     | HeatCalc   | 热度计算完成: 873 概念, 110 板块
2026-05-13 14:18:29.811 | INFO     | CronScheduler | CronScheduler | [热度计算] 完成: {'concepts_processed': 873, 'sectors_processed': 110, 'trade_date': '2026-05-13'}
2026-05-13 14:20:00.004 | INFO     | CronScheduler | CronScheduler | [热度计算] 开始刷新板块热度...
2026-05-13 14:20:55.121 | INFO     | HeatCalc   | 加载了 5526 只股票的最近日线数据
2026-05-13 14:22:38.974 | INFO     | HeatCalc   | 热度计算完成: 873 概念, 110 板块
2026-05-13 14:23:27.782 | INFO     | CronScheduler | CronScheduler | [热度计算] 完成: {'concepts_processed': 873, 'sectors_processed': 110, 'trade_date': '2026-05-13'}
2026-05-13 14:25:00.009 | INFO     | CronScheduler | CronScheduler | [热度计算] 开始刷新板块热度...
2026-05-13 14:25:54.113 | INFO     | HeatCalc   | 加载了 5526 只股票的最近日线数据
2026-05-13 14:27:36.935 | INFO     | HeatCalc   | 热度计算完成: 873 概念, 110 板块
2026-05-13 14:28:18.064 | INFO     | CronScheduler | CronScheduler | [热度计算] 完成: {'concepts_processed': 873, 'sectors_processed': 110, 'trade_date': '2026-05-13'}
2026-05-13 14:30:00.010 | INFO     | CronScheduler | CronScheduler | [热度计算] 开始刷新板块热度...
2026-05-13 14:30:54.235 | INFO     | HeatCalc   | 加载了 5526 只股票的最近日线数据
2026-05-13 14:32:40.099 | INFO     | HeatCalc   | 热度计算完成: 873 概念, 110 板块
2026-05-13 14:33:30.800 | INFO     | CronScheduler | CronScheduler | [热度计算] 完成: {'concepts_processed': 873, 'sectors_processed': 110, 'trade_date': '2026-05-13'}
2026-05-13 14:35:00.014 | INFO     | CronScheduler | CronScheduler | [热度计算] 开始刷新板块热度...
2026-05-13 14:35:56.486 | INFO     | HeatCalc   | 加载了 5526 只股票的最近日线数据
2026-05-13 14:37:44.193 | INFO     | HeatCalc   | 热度计算完成: 873 概念, 110 板块
2026-05-13 14:38:23.664 | INFO     | CronScheduler | CronScheduler | [热度计算] 完成: {'concepts_processed': 873, 'sectors_processed': 110, 'trade_date': '2026-05-13'}
2026-05-13 14:40:00.004 | INFO     | CronScheduler | CronScheduler | [热度计算] 开始刷新板块热度...
2026-05-13 14:40:56.877 | INFO     | HeatCalc   | 加载了 5526 只股票的最近日线数据
2026-05-13 14:42:44.463 | INFO     | HeatCalc   | 热度计算完成: 873 概念, 110 板块
2026-05-13 14:43:31.502 | INFO     | CronScheduler | CronScheduler | [热度计算] 完成: {'concepts_processed': 873, 'sectors_processed': 110, 'trade_date': '2026-05-13'}
2026-05-13 14:45:00.002 | INFO     | CronScheduler | CronScheduler | [热度计算] 开始刷新板块热度...
2026-05-13 14:45:56.972 | INFO     | HeatCalc   | 加载了 5526 只股票的最近日线数据
2026-05-13 14:47:45.061 | INFO     | HeatCalc   | 热度计算完成: 873 概念, 110 板块
2026-05-13 14:48:29.858 | INFO     | CronScheduler | CronScheduler | [热度计算] 完成: {'concepts_processed': 873, 'sectors_processed': 110, 'trade_date': '2026-05-13'}
2026-05-13 14:50:00.009 | INFO     | CronScheduler | CronScheduler | [热度计算] 开始刷新板块热度...
2026-05-13 14:50:54.733 | INFO     | HeatCalc   | 加载了 5526 只股票的最近日线数据
2026-05-13 14:52:00.008 | INFO     | CronScheduler | CronScheduler | [模拟盘] 14:52 开始执行尾盘交易: 2026-05-13
2026-05-13 14:52:13.106 | INFO     | HeatCalc   | 热度计算完成: 873 概念, 110 板块
2026-05-13 14:54:46.851 | INFO     | SimLoader  | QMT 实时行情已注入: 5203 只股票
2026-05-13 14:54:52.840 | INFO     | Screener   | 🧬 [Loader] 识别到类继承策略: MA5AngleOriginalStrategy
2026-05-13 14:55:18.963 | ERROR    | CronScheduler | CronScheduler | [模拟盘] 执行失败: 'Position' object has no attribute 'tp1_triggered'
2026-05-13 14:55:19.587 | INFO     | CronScheduler | CronScheduler | [热度计算] 完成: {'concepts_processed': 873, 'sectors_processed': 110, 'trade_date': '2026-05-13'}
2026-05-13 15:30:00.006 | INFO     | CronScheduler | CronScheduler | [热度终版] 开始执行收盘快照...
2026-05-13 15:30:00.007 | INFO     | CronScheduler | CronScheduler | [Redis收割] 开始将盘中最高价缓存同步回 DuckDB...
2026-05-13 15:30:22.935 | ERROR    | CronScheduler | CronScheduler | [Redis收割] 严重异常: Error 10061 connecting to localhost:6379. 由于目标计算机积极拒绝，无法连接。.
2026-05-13 15:30:57.464 | INFO     | HeatCalc   | 加载了 5526 只股票的最近日线数据
2026-05-13 15:32:47.010 | INFO     | HeatCalc   | 热度计算完成: 873 概念, 110 板块
2026-05-13 15:33:28.544 | INFO     | CronScheduler | CronScheduler | [热度终版] 完成: {'concepts_processed': 873, 'sectors_processed': 110, 'trade_date': '2026-05-13'}
2026-05-13 15:35:03.388 | INFO     | IndexUpdater | IndexUpdater | index_000001: +1 条
2026-05-13 15:35:04.163 | INFO     | IndexUpdater | IndexUpdater | index_000300: +1 条
2026-05-13 15:35:04.819 | INFO     | IndexUpdater | IndexUpdater | index_000905: +1 条
2026-05-13 15:35:05.379 | INFO     | IndexUpdater | IndexUpdater | index_000852: +1 条
2026-05-13 15:35:06.076 | INFO     | IndexUpdater | IndexUpdater | index_000510: +1 条
2026-05-13 15:35:06.748 | INFO     | IndexUpdater | IndexUpdater | index_399006: +1 条
2026-05-13 15:35:06.753 | INFO     | CronScheduler | CronScheduler | [指数更新] 更新了 6 个指数，共 6 条
2026-05-13 17:30:00.012 | INFO     | CronScheduler | CronScheduler ========= [全自动日线/面料收取管道] 起步 =========
2026-05-13 17:30:00.083 | INFO     | QMT-StockSync | QMT 返回 5205 只股票代码
2026-05-13 17:30:00.147 | WARNING  | QMT-StockSync | 检测到 312 只退市/摘牌股票，正在标记...
2026-05-13 17:30:00.538 | INFO     | DuckDB     | 标记退市: ['920665', '920576', '920768', '920523', '920200', '920101', '920344', '920395', '920942', '920123', '920245', '920699', '920278', '920547', '920405', '920992', '920058', '920012', '920693', '920402', '920122', '920685', '920753', '920375', '920116', '920974', '920892', '920168', '920260', '920720', '920885', '920304', '920088', '920275', '920181', '920906', '920964', '920839', '920284', '920305', '920159', '920008', '920014', '920924', '920592', '920011', '920156', '920706', '920270', '920392', '920640', '920037', '920876', '920274', '920429', '920931', '920570', '920751', '920985', '920651', '920208', '920112', '920896', '920092', '920018', '920476', '920299', '920111', '920163', '920670', '920057', '920505', '920195', '920171', '920030', '920419', '920158', '920701', '920837', '920662', '920689', '920641', '920675', '920422', '920339', '920262', '920717', '920121', '920068', '920834', '920556', '920357', '920781', '920160', '920198', '920261', '920124', '920267', '920526', '920225', '920478', '920145', '920690', '920015', '920237', '920368', '920799', '920871', '920045', '920414', '920807', '920007', '920036', '920489', '920856', '920023', '920826', '920566', '920174', '920363', '920821', '920207', '920978', '920119', '920005', '920090', '920069', '920016', '920110', '920553', '920982', '920190', '920455', '920580', '920080', '920469', '920726', '920221', '920786', '920810', '920000', '920177', '920770', '920946', '920060', '920082', '920639', '920718', '920191', '920003', '920212', '920571', '920062', '920396', '920694', '920204', '920169', '920247', '920187', '920925', '920866', '920407', '920077', '920976', '920748', '920061', '920765', '920682', '920832', '920242', '920496', '920608', '920719', '920130', '920873', '920961', '920022', '920239', '920634', '920914', '920149', '920510', '920132', '920493', '920175', '920578', '920445', '920019', '920029', '920415', '920436', '920926', '920009', '920663', '920970', '920125', '920108', '920378', '920271', '920870', '920266', '920703', '920508', '920075', '920425', '920128', '920139', '920370', '920527', '920792', '920098', '920046', '920491', '920599', '920454', '920027', '920002', '920374', '920106', '920179', '920346', '920593', '920152', '920725', '920879', '920263', '920471', '920006', '920087', '920066', '920819', '920167', '920033', '920050', '920427', '920180', '920223', '920039', '920183', '920055', '920199', '920184', '920086', '920026', '920188', '920273', '920833', '920971', '920533', '920957', '920475', '920185', '920522', '920579', '920541', '920091', '920367', '920252', '920100', '920186', '920806', '920010', '920020', '920118', '920981', '920735', '920950', '920418', '920001', '920679', '920808', '920895', '920249', '920809', '920078', '920943', '920855', '920857', '920089', '920394', '920099', '920047', '920166', '920953', '920779', '920017', '920056', '920433', '920021', '920509', '920519', '920146', '920642', '920371', '920438', '920504', '920230', '920627', '920932', '920076', '920403', '920802', '920564', '920575', '920656', '920028', '920300', '920227', '920729', '920035', '920790', '920351']
2026-05-13 17:30:00.539 | INFO     | QMT-StockSync | 股票同步完成: QMT 5205 只, DB活跃 5517 只, 新增 0, 退市 312
2026-05-13 17:30:00.550 | INFO     | CronScheduler | 股票列表同步: 新增 0, 退市 312
2026-05-13 17:30:00.551 | INFO     | TushareSync | Fetching stock basics from Tushare...
2026-05-13 17:30:02.748 | INFO     | DuckDB     | 更新股票元数据: 5515 条
2026-05-13 17:30:02.749 | INFO     | TushareSync | Successfully synced 5515 stock basics.
2026-05-13 17:30:02.758 | INFO     | TushareSync | Fetching daily basics snapshot from Tushare (Date: Latest)...
2026-05-13 17:30:05.961 | INFO     | TushareSync | Pulling more financial indicators (ROE, Margin) in chunks of 100...
2026-05-13 17:33:22.981 | INFO     | DuckDB     | 更新股票基本面数据: 5493 条
2026-05-13 17:33:22.981 | INFO     | TushareSync | Successfully synced 5493 fundamentals records with enhanced indicators.
2026-05-13 17:33:23.000 | INFO     | ParquetPipeline | ParquetPipeline | Fetching daily k-lines from 20260506 to 20260513...
2026-05-13 17:33:23.180 | INFO     | ParquetPipeline | ParquetPipeline | Pulling market for 20260513...
2026-05-13 17:33:24.438 | INFO     | ParquetPipeline | ParquetPipeline | Pulling market for 20260512...
2026-05-13 17:33:25.563 | INFO     | ParquetPipeline | ParquetPipeline | Pulling market for 20260511...
2026-05-13 17:33:27.389 | INFO     | ParquetPipeline | ParquetPipeline | Pulling market for 20260508...
2026-05-13 17:33:28.484 | INFO     | ParquetPipeline | ParquetPipeline | Pulling market for 20260507...
2026-05-13 17:33:29.942 | INFO     | ParquetPipeline | ParquetPipeline | Pulling market for 20260506...
2026-05-13 17:33:31.056 | INFO     | ParquetPipeline | ParquetPipeline | Writing 5498 stocks to Parquet...
2026-05-13 17:40:25.087 | INFO     | DuckDB     | DuckDB | 创建虚拟视图成功: kline_daily_view -> E:/1target/p9_project/quant-platform/data/parquet/daily/*.parquet
2026-05-13 17:40:25.088 | INFO     | ParquetPipeline | ParquetPipeline | Daily K-lines fully synced.
2026-05-13 17:40:25.626 | INFO     | CronScheduler | CronScheduler ========= [收取管道] 完美结束 =========
2026-05-13 23:16:22.089 | INFO     | API-Backtest | 回测配置已保存
2026-05-13 23:18:50.207 | WARNING  | API-Backtest | 回测结果保存失败: name 'datetime' is not defined
2026-05-13 23:23:06.500 | INFO     | API-Backtest | 回测配置已保存
2026-05-13 23:25:34.047 | WARNING  | API-Backtest | 回测结果保存失败: name 'datetime' is not defined
