2026-05-14 08:30:00.009 | INFO     | CronScheduler | CronScheduler ========= [全自动日线/面料收取管道] 起步 =========
2026-05-14 08:30:00.062 | INFO     | QMT-StockSync | QMT 返回 5205 只股票代码
2026-05-14 08:30:00.077 | WARNING  | QMT-StockSync | 检测到 312 只退市/摘牌股票，正在标记...
2026-05-14 08:30:00.088 | INFO     | DuckDB     | 标记退市: ['920665', '920576', '920768', '920523', '920200', '920101', '920344', '920395', '920942', '920123', '920245', '920699', '920278', '920547', '920405', '920992', '920058', '920012', '920693', '920402', '920122', '920685', '920753', '920375', '920116', '920974', '920892', '920168', '920260', '920720', '920885', '920304', '920088', '920275', '920181', '920906', '920964', '920839', '920284', '920305', '920159', '920008', '920014', '920924', '920592', '920011', '920156', '920706', '920270', '920392', '920640', '920037', '920876', '920274', '920429', '920931', '920570', '920751', '920985', '920651', '920208', '920112', '920896', '920092', '920018', '920476', '920299', '920111', '920163', '920670', '920057', '920505', '920195', '920171', '920030', '920419', '920158', '920701', '920837', '920662', '920689', '920641', '920675', '920422', '920339', '920262', '920717', '920121', '920068', '920834', '920556', '920357', '920781', '920160', '920198', '920261', '920124', '920267', '920526', '920225', '920478', '920145', '920690', '920015', '920237', '920368', '920799', '920871', '920045', '920414', '920807', '920007', '920036', '920489', '920856', '920023', '920826', '920566', '920174', '920363', '920821', '920207', '920978', '920119', '920005', '920090', '920069', '920016', '920110', '920553', '920982', '920190', '920455', '920580', '920080', '920469', '920726', '920221', '920786', '920810', '920000', '920177', '920770', '920946', '920060', '920082', '920639', '920718', '920191', '920003', '920212', '920571', '920062', '920396', '920694', '920204', '920169', '920247', '920187', '920925', '920866', '920407', '920077', '920976', '920748', '920061', '920765', '920682', '920832', '920242', '920496', '920608', '920719', '920130', '920873', '920961', '920022', '920239', '920634', '920914', '920149', '920510', '920132', '920493', '920175', '920578', '920445', '920019', '920029', '920415', '920436', '920926', '920009', '920663', '920970', '920125', '920108', '920378', '920271', '920870', '920266', '920703', '920508', '920075', '920425', '920128', '920139', '920370', '920527', '920792', '920098', '920046', '920491', '920599', '920454', '920027', '920002', '920374', '920106', '920179', '920346', '920593', '920152', '920725', '920879', '920263', '920471', '920006', '920087', '920066', '920819', '920167', '920033', '920050', '920427', '920180', '920223', '920039', '920183', '920055', '920199', '920184', '920086', '920026', '920188', '920273', '920833', '920971', '920533', '920957', '920475', '920185', '920522', '920579', '920541', '920091', '920367', '920252', '920100', '920186', '920806', '920010', '920020', '920118', '920981', '920735', '920950', '920418', '920001', '920679', '920808', '920895', '920249', '920809', '920078', '920943', '920855', '920857', '920089', '920394', '920099', '920047', '920166', '920953', '920779', '920017', '920056', '920433', '920021', '920509', '920519', '920146', '920642', '920371', '920438', '920504', '920230', '920627', '920932', '920076', '920403', '920802', '920564', '920575', '920656', '920028', '920300', '920227', '920729', '920035', '920790', '920351']
2026-05-14 08:30:00.089 | INFO     | QMT-StockSync | 股票同步完成: QMT 5205 只, DB活跃 5517 只, 新增 0, 退市 312
2026-05-14 08:30:00.092 | INFO     | CronScheduler | 股票列表同步: 新增 0, 退市 312
2026-05-14 08:30:00.093 | INFO     | TushareSync | Fetching stock basics from Tushare...
2026-05-14 08:30:00.530 | INFO     | DuckDB     | 更新股票元数据: 5515 条
2026-05-14 08:30:00.531 | INFO     | TushareSync | Successfully synced 5515 stock basics.
2026-05-14 08:30:00.535 | INFO     | TushareSync | Fetching daily basics snapshot from Tushare (Date: Latest)...
2026-05-14 08:30:00.787 | WARNING  | TushareSync | No daily basic data found.
2026-05-14 08:30:00.787 | INFO     | ParquetPipeline | ParquetPipeline | Fetching daily k-lines from 20260507 to 20260514...
2026-05-14 08:30:00.893 | INFO     | ParquetPipeline | ParquetPipeline | Pulling market for 20260514...
2026-05-14 08:30:01.000 | INFO     | ParquetPipeline | ParquetPipeline | Pulling market for 20260513...
2026-05-14 08:30:01.836 | INFO     | ParquetPipeline | ParquetPipeline | Pulling market for 20260512...
2026-05-14 08:30:02.925 | INFO     | ParquetPipeline | ParquetPipeline | Pulling market for 20260511...
2026-05-14 08:30:03.782 | INFO     | ParquetPipeline | ParquetPipeline | Pulling market for 20260508...
2026-05-14 08:30:04.564 | INFO     | ParquetPipeline | ParquetPipeline | Pulling market for 20260507...
2026-05-14 08:30:05.685 | INFO     | ParquetPipeline | ParquetPipeline | Writing 5498 stocks to Parquet...
2026-05-14 08:34:35.536 | INFO     | DuckDB     | DuckDB | 创建虚拟视图成功: kline_daily_view -> E:/1target/p9_project/quant-platform/data/parquet/daily/*.parquet
2026-05-14 08:34:35.537 | INFO     | ParquetPipeline | ParquetPipeline | Daily K-lines fully synced.
2026-05-14 08:34:35.956 | INFO     | CronScheduler | CronScheduler ========= [收取管道] 完美结束 =========
2026-05-14 08:34:38.578 | WARNING  | DuckDB     | DuckDB | 数据库占用中，准备重试... (1/5)
2026-05-14 08:34:39.145 | WARNING  | DuckDB     | DuckDB | 数据库占用中，准备重试... (2/5)
2026-05-14 08:34:39.714 | WARNING  | DuckDB     | DuckDB | 数据库占用中，准备重试... (3/5)
2026-05-14 08:34:40.283 | WARNING  | DuckDB     | DuckDB | 数据库占用中，准备重试... (4/5)
2026-05-14 08:34:40.852 | ERROR    | DuckDB     | DuckDB | 无法连接到数据库: IO Error: Cannot open file "E:\1target\p9_project\quant-platform\data\meta\meta.db": 另一个程序正在使用此文件，进程无法访问。

File is already open in 
D:\Program Files\Python313\python.exe (PID 19692)
2026-05-14 08:34:40.853 | ERROR    | DuckDB     | DuckDB | 初始化表结构失败: IO Error: Cannot open file "E:\1target\p9_project\quant-platform\data\meta\meta.db": 另一个程序正在使用此文件，进程无法访问。

File is already open in 
D:\Program Files\Python313\python.exe (PID 19692)
2026-05-14 09:00:00.002 | INFO     | CronScheduler | CronScheduler | [概念同步] 开始同步 Tushare 概念数据...
2026-05-14 09:00:00.003 | INFO     | CronScheduler | CronScheduler | [热度计算] 开始刷新板块热度...
2026-05-14 09:00:00.201 | INFO     | ConceptSync | concept: 获取到 879 个概念分类
2026-05-14 09:00:53.176 | INFO     | HeatCalc   | 加载了 5521 只股票的最近日线数据
2026-05-14 09:02:53.695 | INFO     | HeatCalc   | 热度计算完成: 873 概念, 110 板块
2026-05-14 09:03:46.055 | INFO     | CronScheduler | CronScheduler | [热度计算] 完成: {'concepts_processed': 873, 'sectors_processed': 110, 'trade_date': '2026-05-14'}
2026-05-14 09:05:00.004 | INFO     | CronScheduler | CronScheduler | [热度计算] 开始刷新板块热度...
2026-05-14 09:06:00.555 | INFO     | HeatCalc   | 加载了 5521 只股票的最近日线数据
2026-05-14 09:07:51.760 | INFO     | HeatCalc   | 热度计算完成: 873 概念, 110 板块
2026-05-14 09:08:31.703 | INFO     | CronScheduler | CronScheduler | [热度计算] 完成: {'concepts_processed': 873, 'sectors_processed': 110, 'trade_date': '2026-05-14'}
2026-05-14 09:10:00.004 | INFO     | CronScheduler | CronScheduler | [热度计算] 开始刷新板块热度...
2026-05-14 09:12:46.406 | INFO     | HeatCalc   | 加载了 5521 只股票的最近日线数据
2026-05-14 09:13:14.236 | INFO     | HeatCalc   | 热度计算完成: 10 概念, 110 板块
2026-05-14 09:14:06.043 | INFO     | CronScheduler | CronScheduler | [热度计算] 完成: {'concepts_processed': 10, 'sectors_processed': 110, 'trade_date': '2026-05-14'}
2026-05-14 09:15:00.006 | INFO     | CronScheduler | CronScheduler | [热度计算] 开始刷新板块热度...
2026-05-14 09:16:38.215 | INFO     | HeatCalc   | 加载了 5521 只股票的最近日线数据
2026-05-14 09:17:34.487 | INFO     | HeatCalc   | 热度计算完成: 146 概念, 110 板块
2026-05-14 09:18:20.948 | INFO     | CronScheduler | CronScheduler | [热度计算] 完成: {'concepts_processed': 146, 'sectors_processed': 110, 'trade_date': '2026-05-14'}
2026-05-14 09:20:00.001 | INFO     | CronScheduler | CronScheduler | [热度计算] 开始刷新板块热度...
2026-05-14 09:21:37.125 | INFO     | HeatCalc   | 加载了 5521 只股票的最近日线数据
2026-05-14 09:23:21.742 | INFO     | HeatCalc   | 热度计算完成: 353 概念, 110 板块
2026-05-14 09:24:11.517 | INFO     | CronScheduler | CronScheduler | [热度计算] 完成: {'concepts_processed': 353, 'sectors_processed': 110, 'trade_date': '2026-05-14'}
2026-05-14 09:25:00.008 | INFO     | CronScheduler | CronScheduler | [热度计算] 开始刷新板块热度...
2026-05-14 09:26:40.323 | INFO     | HeatCalc   | 加载了 5521 只股票的最近日线数据
2026-05-14 09:28:52.744 | INFO     | HeatCalc   | 热度计算完成: 479 概念, 110 板块
2026-05-14 09:29:41.009 | INFO     | CronScheduler | CronScheduler | [热度计算] 完成: {'concepts_processed': 479, 'sectors_processed': 110, 'trade_date': '2026-05-14'}
2026-05-14 09:30:00.010 | INFO     | CronScheduler | CronScheduler | [热度计算] 开始刷新板块热度...
2026-05-14 09:31:40.608 | INFO     | HeatCalc   | 加载了 5521 只股票的最近日线数据
2026-05-14 09:34:31.611 | INFO     | HeatCalc   | 热度计算完成: 632 概念, 110 板块
2026-05-14 09:35:20.302 | INFO     | CronScheduler | CronScheduler | [热度计算] 完成: {'concepts_processed': 632, 'sectors_processed': 110, 'trade_date': '2026-05-14'}
2026-05-14 09:36:58.962 | INFO     | ConceptSync | concept: 写入 34444 条概念映射到 DuckDB
2026-05-14 09:36:58.969 | INFO     | ConceptSync | 标准概念同步完成: 873 概念, 34444 映射
2026-05-14 09:36:58.969 | INFO     | CronScheduler | CronScheduler | [概念同步] 完成: 873 概念, 34444 映射
2026-05-14 09:40:00.011 | INFO     | CronScheduler | CronScheduler | [热度计算] 开始刷新板块热度...
2026-05-14 09:41:00.439 | INFO     | HeatCalc   | 加载了 5521 只股票的最近日线数据
2026-05-14 09:42:55.217 | INFO     | HeatCalc   | 热度计算完成: 873 概念, 110 板块
2026-05-14 09:43:42.284 | INFO     | CronScheduler | CronScheduler | [热度计算] 完成: {'concepts_processed': 873, 'sectors_processed': 110, 'trade_date': '2026-05-14'}
2026-05-14 09:45:00.010 | INFO     | CronScheduler | CronScheduler | [热度计算] 开始刷新板块热度...
2026-05-14 09:45:57.956 | INFO     | HeatCalc   | 加载了 5521 只股票的最近日线数据
2026-05-14 09:47:50.056 | INFO     | HeatCalc   | 热度计算完成: 873 概念, 110 板块
2026-05-14 09:48:39.436 | INFO     | CronScheduler | CronScheduler | [热度计算] 完成: {'concepts_processed': 873, 'sectors_processed': 110, 'trade_date': '2026-05-14'}
2026-05-14 09:50:00.005 | INFO     | CronScheduler | CronScheduler | [热度计算] 开始刷新板块热度...
2026-05-14 09:50:56.336 | INFO     | HeatCalc   | 加载了 5521 只股票的最近日线数据
2026-05-14 09:52:00.014 | INFO     | IntradayMonitor | [盘中卖出] 601777 TP1(4.1%) 价格=12.66
2026-05-14 09:52:45.711 | INFO     | HeatCalc   | 热度计算完成: 873 概念, 110 板块
2026-05-14 09:53:36.669 | INFO     | CronScheduler | CronScheduler | [热度计算] 完成: {'concepts_processed': 873, 'sectors_processed': 110, 'trade_date': '2026-05-14'}
2026-05-14 09:55:00.003 | INFO     | CronScheduler | CronScheduler | [热度计算] 开始刷新板块热度...
2026-05-14 09:55:56.746 | INFO     | HeatCalc   | 加载了 5521 只股票的最近日线数据
2026-05-14 09:56:00.024 | INFO     | IntradayMonitor | [盘中卖出] 601777 TR(峰4.1%回-1.1%) 价格=12.52
2026-05-14 09:57:49.039 | INFO     | HeatCalc   | 热度计算完成: 873 概念, 110 板块
2026-05-14 09:58:41.592 | INFO     | CronScheduler | CronScheduler | [热度计算] 完成: {'concepts_processed': 873, 'sectors_processed': 110, 'trade_date': '2026-05-14'}
2026-05-14 10:00:00.016 | INFO     | CronScheduler | CronScheduler | [热度计算] 开始刷新板块热度...
2026-05-14 10:00:59.071 | INFO     | HeatCalc   | 加载了 5521 只股票的最近日线数据
2026-05-14 10:02:53.699 | INFO     | HeatCalc   | 热度计算完成: 873 概念, 110 板块
2026-05-14 10:03:42.974 | INFO     | CronScheduler | CronScheduler | [热度计算] 完成: {'concepts_processed': 873, 'sectors_processed': 110, 'trade_date': '2026-05-14'}
2026-05-14 10:05:00.014 | INFO     | CronScheduler | CronScheduler | [热度计算] 开始刷新板块热度...
2026-05-14 10:05:59.292 | INFO     | HeatCalc   | 加载了 5521 只股票的最近日线数据
2026-05-14 10:07:56.046 | INFO     | HeatCalc   | 热度计算完成: 873 概念, 110 板块
2026-05-14 10:08:44.775 | INFO     | CronScheduler | CronScheduler | [热度计算] 完成: {'concepts_processed': 873, 'sectors_processed': 110, 'trade_date': '2026-05-14'}
2026-05-14 10:10:00.006 | INFO     | CronScheduler | CronScheduler | [热度计算] 开始刷新板块热度...
2026-05-14 10:10:58.989 | INFO     | HeatCalc   | 加载了 5521 只股票的最近日线数据
2026-05-14 10:12:54.389 | INFO     | HeatCalc   | 热度计算完成: 873 概念, 110 板块
2026-05-14 10:13:41.626 | INFO     | CronScheduler | CronScheduler | [热度计算] 完成: {'concepts_processed': 873, 'sectors_processed': 110, 'trade_date': '2026-05-14'}
2026-05-14 10:15:00.010 | INFO     | CronScheduler | CronScheduler | [热度计算] 开始刷新板块热度...
2026-05-14 10:15:57.643 | INFO     | HeatCalc   | 加载了 5521 只股票的最近日线数据
2026-05-14 10:17:50.438 | INFO     | HeatCalc   | 热度计算完成: 873 概念, 110 板块
2026-05-14 10:18:37.684 | INFO     | CronScheduler | CronScheduler | [热度计算] 完成: {'concepts_processed': 873, 'sectors_processed': 110, 'trade_date': '2026-05-14'}
2026-05-14 10:20:00.005 | INFO     | CronScheduler | CronScheduler | [热度计算] 开始刷新板块热度...
2026-05-14 10:20:57.396 | INFO     | HeatCalc   | 加载了 5521 只股票的最近日线数据
2026-05-14 10:22:50.261 | INFO     | HeatCalc   | 热度计算完成: 873 概念, 110 板块
2026-05-14 10:23:36.926 | INFO     | CronScheduler | CronScheduler | [热度计算] 完成: {'concepts_processed': 873, 'sectors_processed': 110, 'trade_date': '2026-05-14'}
2026-05-14 10:25:00.014 | INFO     | CronScheduler | CronScheduler | [热度计算] 开始刷新板块热度...
2026-05-14 10:25:56.483 | INFO     | HeatCalc   | 加载了 5521 只股票的最近日线数据
2026-05-14 10:27:49.622 | INFO     | HeatCalc   | 热度计算完成: 873 概念, 110 板块
2026-05-14 10:28:38.452 | INFO     | CronScheduler | CronScheduler | [热度计算] 完成: {'concepts_processed': 873, 'sectors_processed': 110, 'trade_date': '2026-05-14'}
2026-05-14 10:30:00.004 | INFO     | CronScheduler | CronScheduler | [热度计算] 开始刷新板块热度...
2026-05-14 10:30:59.260 | INFO     | HeatCalc   | 加载了 5521 只股票的最近日线数据
2026-05-14 10:32:53.876 | INFO     | HeatCalc   | 热度计算完成: 873 概念, 110 板块
2026-05-14 10:33:43.178 | INFO     | CronScheduler | CronScheduler | [热度计算] 完成: {'concepts_processed': 873, 'sectors_processed': 110, 'trade_date': '2026-05-14'}
2026-05-14 10:35:00.009 | INFO     | CronScheduler | CronScheduler | [热度计算] 开始刷新板块热度...
2026-05-14 10:35:57.616 | INFO     | HeatCalc   | 加载了 5521 只股票的最近日线数据
2026-05-14 10:37:50.973 | INFO     | HeatCalc   | 热度计算完成: 873 概念, 110 板块
2026-05-14 10:38:36.943 | INFO     | CronScheduler | CronScheduler | [热度计算] 完成: {'concepts_processed': 873, 'sectors_processed': 110, 'trade_date': '2026-05-14'}
2026-05-14 10:40:00.015 | INFO     | CronScheduler | CronScheduler | [热度计算] 开始刷新板块热度...
2026-05-14 10:41:00.024 | INFO     | HeatCalc   | 加载了 5521 只股票的最近日线数据
2026-05-14 10:42:52.392 | INFO     | HeatCalc   | 热度计算完成: 873 概念, 110 板块
2026-05-14 10:43:41.646 | INFO     | CronScheduler | CronScheduler | [热度计算] 完成: {'concepts_processed': 873, 'sectors_processed': 110, 'trade_date': '2026-05-14'}
2026-05-14 10:45:00.004 | INFO     | CronScheduler | CronScheduler | [热度计算] 开始刷新板块热度...
2026-05-14 10:45:59.297 | INFO     | HeatCalc   | 加载了 5521 只股票的最近日线数据
2026-05-14 10:47:52.400 | INFO     | HeatCalc   | 热度计算完成: 873 概念, 110 板块
2026-05-14 10:48:38.476 | INFO     | CronScheduler | CronScheduler | [热度计算] 完成: {'concepts_processed': 873, 'sectors_processed': 110, 'trade_date': '2026-05-14'}
2026-05-14 10:50:00.012 | INFO     | CronScheduler | CronScheduler | [热度计算] 开始刷新板块热度...
2026-05-14 10:50:59.562 | INFO     | HeatCalc   | 加载了 5521 只股票的最近日线数据
2026-05-14 10:52:54.075 | INFO     | HeatCalc   | 热度计算完成: 873 概念, 110 板块
2026-05-14 10:53:41.278 | INFO     | CronScheduler | CronScheduler | [热度计算] 完成: {'concepts_processed': 873, 'sectors_processed': 110, 'trade_date': '2026-05-14'}
2026-05-14 10:55:00.003 | INFO     | CronScheduler | CronScheduler | [热度计算] 开始刷新板块热度...
2026-05-14 10:55:58.061 | INFO     | HeatCalc   | 加载了 5521 只股票的最近日线数据
2026-05-14 10:57:50.674 | INFO     | HeatCalc   | 热度计算完成: 873 概念, 110 板块
2026-05-14 10:58:36.565 | INFO     | CronScheduler | CronScheduler | [热度计算] 完成: {'concepts_processed': 873, 'sectors_processed': 110, 'trade_date': '2026-05-14'}
2026-05-14 11:00:00.002 | INFO     | CronScheduler | CronScheduler | [热度计算] 开始刷新板块热度...
2026-05-14 11:00:58.941 | INFO     | HeatCalc   | 加载了 5521 只股票的最近日线数据
2026-05-14 11:02:54.398 | INFO     | HeatCalc   | 热度计算完成: 873 概念, 110 板块
2026-05-14 11:03:34.950 | INFO     | CronScheduler | CronScheduler | [热度计算] 完成: {'concepts_processed': 873, 'sectors_processed': 110, 'trade_date': '2026-05-14'}
2026-05-14 11:05:00.006 | INFO     | CronScheduler | CronScheduler | [热度计算] 开始刷新板块热度...
2026-05-14 11:05:57.651 | INFO     | HeatCalc   | 加载了 5521 只股票的最近日线数据
2026-05-14 11:07:52.175 | INFO     | HeatCalc   | 热度计算完成: 873 概念, 110 板块
2026-05-14 11:08:46.025 | INFO     | CronScheduler | CronScheduler | [热度计算] 完成: {'concepts_processed': 873, 'sectors_processed': 110, 'trade_date': '2026-05-14'}
2026-05-14 11:10:00.005 | INFO     | CronScheduler | CronScheduler | [热度计算] 开始刷新板块热度...
2026-05-14 11:10:59.018 | INFO     | HeatCalc   | 加载了 5521 只股票的最近日线数据
2026-05-14 11:12:52.096 | INFO     | HeatCalc   | 热度计算完成: 873 概念, 110 板块
2026-05-14 11:13:36.176 | INFO     | CronScheduler | CronScheduler | [热度计算] 完成: {'concepts_processed': 873, 'sectors_processed': 110, 'trade_date': '2026-05-14'}
2026-05-14 11:15:00.003 | INFO     | CronScheduler | CronScheduler | [热度计算] 开始刷新板块热度...
2026-05-14 11:15:58.007 | INFO     | HeatCalc   | 加载了 5521 只股票的最近日线数据
2026-05-14 11:17:53.031 | INFO     | HeatCalc   | 热度计算完成: 873 概念, 110 板块
2026-05-14 11:18:37.983 | INFO     | CronScheduler | CronScheduler | [热度计算] 完成: {'concepts_processed': 873, 'sectors_processed': 110, 'trade_date': '2026-05-14'}
2026-05-14 11:20:00.014 | INFO     | CronScheduler | CronScheduler | [热度计算] 开始刷新板块热度...
2026-05-14 11:20:58.541 | INFO     | HeatCalc   | 加载了 5521 只股票的最近日线数据
2026-05-14 11:22:53.093 | INFO     | HeatCalc   | 热度计算完成: 873 概念, 110 板块
2026-05-14 11:23:39.555 | INFO     | CronScheduler | CronScheduler | [热度计算] 完成: {'concepts_processed': 873, 'sectors_processed': 110, 'trade_date': '2026-05-14'}
2026-05-14 11:25:00.001 | INFO     | CronScheduler | CronScheduler | [热度计算] 开始刷新板块热度...
2026-05-14 11:25:59.948 | INFO     | HeatCalc   | 加载了 5521 只股票的最近日线数据
2026-05-14 11:27:58.292 | INFO     | HeatCalc   | 热度计算完成: 873 概念, 110 板块
2026-05-14 11:28:46.694 | INFO     | CronScheduler | CronScheduler | [热度计算] 完成: {'concepts_processed': 873, 'sectors_processed': 110, 'trade_date': '2026-05-14'}
2026-05-14 11:30:00.012 | INFO     | CronScheduler | CronScheduler | [热度计算] 开始刷新板块热度...
2026-05-14 11:30:59.742 | INFO     | HeatCalc   | 加载了 5521 只股票的最近日线数据
2026-05-14 11:32:56.036 | INFO     | HeatCalc   | 热度计算完成: 873 概念, 110 板块
2026-05-14 11:33:43.321 | INFO     | CronScheduler | CronScheduler | [热度计算] 完成: {'concepts_processed': 873, 'sectors_processed': 110, 'trade_date': '2026-05-14'}
2026-05-14 11:35:00.015 | INFO     | CronScheduler | CronScheduler | [热度计算] 开始刷新板块热度...
2026-05-14 11:35:57.434 | INFO     | HeatCalc   | 加载了 5521 只股票的最近日线数据
2026-05-14 11:37:52.280 | INFO     | HeatCalc   | 热度计算完成: 873 概念, 110 板块
2026-05-14 11:38:35.499 | INFO     | CronScheduler | CronScheduler | [热度计算] 完成: {'concepts_processed': 873, 'sectors_processed': 110, 'trade_date': '2026-05-14'}
2026-05-14 11:40:00.001 | INFO     | CronScheduler | CronScheduler | [热度计算] 开始刷新板块热度...
2026-05-14 11:40:58.413 | INFO     | HeatCalc   | 加载了 5521 只股票的最近日线数据
2026-05-14 11:42:52.555 | INFO     | HeatCalc   | 热度计算完成: 873 概念, 110 板块
2026-05-14 11:43:41.403 | INFO     | CronScheduler | CronScheduler | [热度计算] 完成: {'concepts_processed': 873, 'sectors_processed': 110, 'trade_date': '2026-05-14'}
2026-05-14 11:45:00.011 | INFO     | CronScheduler | CronScheduler | [热度计算] 开始刷新板块热度...
2026-05-14 11:45:58.467 | INFO     | HeatCalc   | 加载了 5521 只股票的最近日线数据
2026-05-14 11:47:55.705 | INFO     | HeatCalc   | 热度计算完成: 873 概念, 110 板块
2026-05-14 11:48:42.396 | INFO     | CronScheduler | CronScheduler | [热度计算] 完成: {'concepts_processed': 873, 'sectors_processed': 110, 'trade_date': '2026-05-14'}
2026-05-14 11:50:00.014 | INFO     | CronScheduler | CronScheduler | [热度计算] 开始刷新板块热度...
2026-05-14 11:51:00.148 | INFO     | HeatCalc   | 加载了 5521 只股票的最近日线数据
2026-05-14 11:52:54.112 | INFO     | HeatCalc   | 热度计算完成: 873 概念, 110 板块
2026-05-14 11:53:39.502 | INFO     | CronScheduler | CronScheduler | [热度计算] 完成: {'concepts_processed': 873, 'sectors_processed': 110, 'trade_date': '2026-05-14'}
2026-05-14 11:55:00.006 | INFO     | CronScheduler | CronScheduler | [热度计算] 开始刷新板块热度...
2026-05-14 11:55:59.732 | INFO     | HeatCalc   | 加载了 5521 只股票的最近日线数据
2026-05-14 11:57:54.658 | INFO     | HeatCalc   | 热度计算完成: 873 概念, 110 板块
2026-05-14 11:58:45.776 | INFO     | CronScheduler | CronScheduler | [热度计算] 完成: {'concepts_processed': 873, 'sectors_processed': 110, 'trade_date': '2026-05-14'}
2026-05-14 12:00:00.002 | INFO     | CronScheduler | CronScheduler | [热度计算] 开始刷新板块热度...
2026-05-14 12:00:59.604 | INFO     | HeatCalc   | 加载了 5521 只股票的最近日线数据
2026-05-14 12:02:55.952 | INFO     | HeatCalc   | 热度计算完成: 873 概念, 110 板块
2026-05-14 12:03:37.235 | INFO     | CronScheduler | CronScheduler | [热度计算] 完成: {'concepts_processed': 873, 'sectors_processed': 110, 'trade_date': '2026-05-14'}
2026-05-14 12:05:00.015 | INFO     | CronScheduler | CronScheduler | [热度计算] 开始刷新板块热度...
2026-05-14 12:06:00.215 | INFO     | HeatCalc   | 加载了 5521 只股票的最近日线数据
2026-05-14 12:07:58.424 | INFO     | HeatCalc   | 热度计算完成: 873 概念, 110 板块
2026-05-14 12:08:46.877 | INFO     | CronScheduler | CronScheduler | [热度计算] 完成: {'concepts_processed': 873, 'sectors_processed': 110, 'trade_date': '2026-05-14'}
2026-05-14 12:10:00.011 | INFO     | CronScheduler | CronScheduler | [热度计算] 开始刷新板块热度...
2026-05-14 12:10:59.171 | INFO     | HeatCalc   | 加载了 5521 只股票的最近日线数据
2026-05-14 12:12:55.319 | INFO     | HeatCalc   | 热度计算完成: 873 概念, 110 板块
2026-05-14 12:13:36.890 | INFO     | CronScheduler | CronScheduler | [热度计算] 完成: {'concepts_processed': 873, 'sectors_processed': 110, 'trade_date': '2026-05-14'}
2026-05-14 12:15:00.010 | INFO     | CronScheduler | CronScheduler | [热度计算] 开始刷新板块热度...
2026-05-14 12:15:59.814 | INFO     | HeatCalc   | 加载了 5521 只股票的最近日线数据
2026-05-14 12:17:58.856 | INFO     | HeatCalc   | 热度计算完成: 873 概念, 110 板块
2026-05-14 12:18:42.769 | INFO     | CronScheduler | CronScheduler | [热度计算] 完成: {'concepts_processed': 873, 'sectors_processed': 110, 'trade_date': '2026-05-14'}
2026-05-14 12:20:00.005 | INFO     | CronScheduler | CronScheduler | [热度计算] 开始刷新板块热度...
2026-05-14 12:20:59.346 | INFO     | HeatCalc   | 加载了 5521 只股票的最近日线数据
2026-05-14 12:22:54.373 | INFO     | HeatCalc   | 热度计算完成: 873 概念, 110 板块
2026-05-14 12:23:36.884 | INFO     | CronScheduler | CronScheduler | [热度计算] 完成: {'concepts_processed': 873, 'sectors_processed': 110, 'trade_date': '2026-05-14'}
2026-05-14 12:25:00.011 | INFO     | CronScheduler | CronScheduler | [热度计算] 开始刷新板块热度...
2026-05-14 12:25:57.473 | INFO     | HeatCalc   | 加载了 5521 只股票的最近日线数据
2026-05-14 12:27:55.641 | INFO     | HeatCalc   | 热度计算完成: 873 概念, 110 板块
2026-05-14 12:28:40.658 | INFO     | CronScheduler | CronScheduler | [热度计算] 完成: {'concepts_processed': 873, 'sectors_processed': 110, 'trade_date': '2026-05-14'}
2026-05-14 12:30:00.004 | INFO     | CronScheduler | CronScheduler | [热度计算] 开始刷新板块热度...
2026-05-14 12:31:00.907 | INFO     | HeatCalc   | 加载了 5521 只股票的最近日线数据
2026-05-14 12:32:58.589 | INFO     | HeatCalc   | 热度计算完成: 873 概念, 110 板块
2026-05-14 12:33:43.873 | INFO     | CronScheduler | CronScheduler | [热度计算] 完成: {'concepts_processed': 873, 'sectors_processed': 110, 'trade_date': '2026-05-14'}
2026-05-14 12:35:00.013 | INFO     | CronScheduler | CronScheduler | [热度计算] 开始刷新板块热度...
2026-05-14 12:35:59.834 | INFO     | HeatCalc   | 加载了 5521 只股票的最近日线数据
2026-05-14 12:37:57.178 | INFO     | HeatCalc   | 热度计算完成: 873 概念, 110 板块
2026-05-14 12:38:36.825 | INFO     | CronScheduler | CronScheduler | [热度计算] 完成: {'concepts_processed': 873, 'sectors_processed': 110, 'trade_date': '2026-05-14'}
2026-05-14 12:40:00.004 | INFO     | CronScheduler | CronScheduler | [热度计算] 开始刷新板块热度...
2026-05-14 12:41:00.104 | INFO     | HeatCalc   | 加载了 5521 只股票的最近日线数据
2026-05-14 12:42:55.333 | INFO     | HeatCalc   | 热度计算完成: 873 概念, 110 板块
2026-05-14 12:43:42.247 | INFO     | CronScheduler | CronScheduler | [热度计算] 完成: {'concepts_processed': 873, 'sectors_processed': 110, 'trade_date': '2026-05-14'}
2026-05-14 12:45:00.004 | INFO     | CronScheduler | CronScheduler | [热度计算] 开始刷新板块热度...
2026-05-14 12:45:57.129 | INFO     | HeatCalc   | 加载了 5521 只股票的最近日线数据
2026-05-14 12:47:51.880 | INFO     | HeatCalc   | 热度计算完成: 873 概念, 110 板块
2026-05-14 12:48:39.924 | INFO     | CronScheduler | CronScheduler | [热度计算] 完成: {'concepts_processed': 873, 'sectors_processed': 110, 'trade_date': '2026-05-14'}
2026-05-14 12:50:00.015 | INFO     | CronScheduler | CronScheduler | [热度计算] 开始刷新板块热度...
2026-05-14 12:50:57.838 | INFO     | HeatCalc   | 加载了 5521 只股票的最近日线数据
2026-05-14 12:52:56.575 | INFO     | HeatCalc   | 热度计算完成: 873 概念, 110 板块
2026-05-14 12:53:48.744 | INFO     | CronScheduler | CronScheduler | [热度计算] 完成: {'concepts_processed': 873, 'sectors_processed': 110, 'trade_date': '2026-05-14'}
2026-05-14 12:55:00.003 | INFO     | CronScheduler | CronScheduler | [热度计算] 开始刷新板块热度...
2026-05-14 12:55:59.449 | INFO     | HeatCalc   | 加载了 5521 只股票的最近日线数据
2026-05-14 12:57:42.323 | INFO     | HeatCalc   | 热度计算完成: 873 概念, 110 板块
2026-05-14 12:58:30.232 | INFO     | CronScheduler | CronScheduler | [热度计算] 完成: {'concepts_processed': 873, 'sectors_processed': 110, 'trade_date': '2026-05-14'}
2026-05-14 13:00:00.006 | INFO     | CronScheduler | CronScheduler | [热度计算] 开始刷新板块热度...
2026-05-14 13:00:59.744 | INFO     | HeatCalc   | 加载了 5521 只股票的最近日线数据
2026-05-14 13:02:58.028 | INFO     | HeatCalc   | 热度计算完成: 873 概念, 110 板块
2026-05-14 13:03:44.155 | INFO     | CronScheduler | CronScheduler | [热度计算] 完成: {'concepts_processed': 873, 'sectors_processed': 110, 'trade_date': '2026-05-14'}
2026-05-14 13:05:00.014 | INFO     | CronScheduler | CronScheduler | [热度计算] 开始刷新板块热度...
2026-05-14 13:05:59.095 | INFO     | HeatCalc   | 加载了 5521 只股票的最近日线数据
2026-05-14 13:07:57.023 | INFO     | HeatCalc   | 热度计算完成: 873 概念, 110 板块
2026-05-14 13:08:42.268 | INFO     | CronScheduler | CronScheduler | [热度计算] 完成: {'concepts_processed': 873, 'sectors_processed': 110, 'trade_date': '2026-05-14'}
2026-05-14 13:10:00.010 | INFO     | CronScheduler | CronScheduler | [热度计算] 开始刷新板块热度...
2026-05-14 13:10:59.052 | INFO     | HeatCalc   | 加载了 5521 只股票的最近日线数据
2026-05-14 13:12:55.597 | INFO     | HeatCalc   | 热度计算完成: 873 概念, 110 板块
2026-05-14 13:13:37.640 | INFO     | CronScheduler | CronScheduler | [热度计算] 完成: {'concepts_processed': 873, 'sectors_processed': 110, 'trade_date': '2026-05-14'}
2026-05-14 13:15:00.009 | INFO     | CronScheduler | CronScheduler | [热度计算] 开始刷新板块热度...
2026-05-14 13:15:58.962 | INFO     | HeatCalc   | 加载了 5521 只股票的最近日线数据
2026-05-14 13:17:57.110 | INFO     | HeatCalc   | 热度计算完成: 873 概念, 110 板块
2026-05-14 13:18:45.596 | INFO     | CronScheduler | CronScheduler | [热度计算] 完成: {'concepts_processed': 873, 'sectors_processed': 110, 'trade_date': '2026-05-14'}
2026-05-14 13:20:00.002 | INFO     | CronScheduler | CronScheduler | [热度计算] 开始刷新板块热度...
2026-05-14 13:20:59.300 | INFO     | HeatCalc   | 加载了 5521 只股票的最近日线数据
2026-05-14 13:22:58.207 | INFO     | HeatCalc   | 热度计算完成: 873 概念, 110 板块
2026-05-14 13:23:49.059 | INFO     | CronScheduler | CronScheduler | [热度计算] 完成: {'concepts_processed': 873, 'sectors_processed': 110, 'trade_date': '2026-05-14'}
2026-05-14 13:25:00.015 | INFO     | CronScheduler | CronScheduler | [热度计算] 开始刷新板块热度...
2026-05-14 13:25:59.242 | INFO     | HeatCalc   | 加载了 5521 只股票的最近日线数据
2026-05-14 13:27:53.800 | INFO     | HeatCalc   | 热度计算完成: 873 概念, 110 板块
2026-05-14 13:28:37.488 | INFO     | CronScheduler | CronScheduler | [热度计算] 完成: {'concepts_processed': 873, 'sectors_processed': 110, 'trade_date': '2026-05-14'}
2026-05-14 13:30:00.015 | INFO     | CronScheduler | CronScheduler | [热度计算] 开始刷新板块热度...
2026-05-14 13:30:58.790 | INFO     | HeatCalc   | 加载了 5521 只股票的最近日线数据
2026-05-14 13:32:57.085 | INFO     | HeatCalc   | 热度计算完成: 873 概念, 110 板块
2026-05-14 13:33:50.849 | INFO     | CronScheduler | CronScheduler | [热度计算] 完成: {'concepts_processed': 873, 'sectors_processed': 110, 'trade_date': '2026-05-14'}
2026-05-14 13:35:00.013 | INFO     | CronScheduler | CronScheduler | [热度计算] 开始刷新板块热度...
2026-05-14 13:35:59.025 | INFO     | HeatCalc   | 加载了 5521 只股票的最近日线数据
2026-05-14 13:37:56.089 | INFO     | HeatCalc   | 热度计算完成: 873 概念, 110 板块
2026-05-14 13:38:41.605 | INFO     | CronScheduler | CronScheduler | [热度计算] 完成: {'concepts_processed': 873, 'sectors_processed': 110, 'trade_date': '2026-05-14'}
2026-05-14 13:40:00.016 | INFO     | CronScheduler | CronScheduler | [热度计算] 开始刷新板块热度...
2026-05-14 13:40:59.439 | INFO     | HeatCalc   | 加载了 5521 只股票的最近日线数据
2026-05-14 13:42:59.184 | INFO     | HeatCalc   | 热度计算完成: 873 概念, 110 板块
2026-05-14 13:43:48.167 | INFO     | CronScheduler | CronScheduler | [热度计算] 完成: {'concepts_processed': 873, 'sectors_processed': 110, 'trade_date': '2026-05-14'}
2026-05-14 13:45:00.003 | INFO     | CronScheduler | CronScheduler | [热度计算] 开始刷新板块热度...
2026-05-14 13:45:58.968 | INFO     | HeatCalc   | 加载了 5521 只股票的最近日线数据
2026-05-14 13:47:54.694 | INFO     | HeatCalc   | 热度计算完成: 873 概念, 110 板块
2026-05-14 13:48:41.464 | INFO     | CronScheduler | CronScheduler | [热度计算] 完成: {'concepts_processed': 873, 'sectors_processed': 110, 'trade_date': '2026-05-14'}
2026-05-14 13:50:00.014 | INFO     | CronScheduler | CronScheduler | [热度计算] 开始刷新板块热度...
2026-05-14 13:51:00.086 | INFO     | HeatCalc   | 加载了 5521 只股票的最近日线数据
2026-05-14 13:52:58.241 | INFO     | HeatCalc   | 热度计算完成: 873 概念, 110 板块
2026-05-14 13:53:40.721 | INFO     | CronScheduler | CronScheduler | [热度计算] 完成: {'concepts_processed': 873, 'sectors_processed': 110, 'trade_date': '2026-05-14'}
2026-05-14 13:55:00.010 | INFO     | CronScheduler | CronScheduler | [热度计算] 开始刷新板块热度...
2026-05-14 13:55:58.726 | INFO     | HeatCalc   | 加载了 5521 只股票的最近日线数据
2026-05-14 13:57:54.982 | INFO     | HeatCalc   | 热度计算完成: 873 概念, 110 板块
2026-05-14 13:58:39.237 | INFO     | CronScheduler | CronScheduler | [热度计算] 完成: {'concepts_processed': 873, 'sectors_processed': 110, 'trade_date': '2026-05-14'}
2026-05-14 14:00:00.011 | INFO     | CronScheduler | CronScheduler | [热度计算] 开始刷新板块热度...
2026-05-14 14:00:59.173 | INFO     | HeatCalc   | 加载了 5521 只股票的最近日线数据
2026-05-14 14:02:59.232 | INFO     | HeatCalc   | 热度计算完成: 873 概念, 110 板块
2026-05-14 14:03:47.258 | INFO     | CronScheduler | CronScheduler | [热度计算] 完成: {'concepts_processed': 873, 'sectors_processed': 110, 'trade_date': '2026-05-14'}
2026-05-14 14:05:00.004 | INFO     | CronScheduler | CronScheduler | [热度计算] 开始刷新板块热度...
2026-05-14 14:05:59.768 | INFO     | HeatCalc   | 加载了 5521 只股票的最近日线数据
2026-05-14 14:07:55.329 | INFO     | HeatCalc   | 热度计算完成: 873 概念, 110 板块
2026-05-14 14:08:42.769 | INFO     | CronScheduler | CronScheduler | [热度计算] 完成: {'concepts_processed': 873, 'sectors_processed': 110, 'trade_date': '2026-05-14'}
2026-05-14 14:10:00.004 | INFO     | CronScheduler | CronScheduler | [热度计算] 开始刷新板块热度...
2026-05-14 14:10:58.959 | INFO     | HeatCalc   | 加载了 5521 只股票的最近日线数据
2026-05-14 14:12:57.372 | INFO     | HeatCalc   | 热度计算完成: 873 概念, 110 板块
2026-05-14 14:13:40.885 | INFO     | CronScheduler | CronScheduler | [热度计算] 完成: {'concepts_processed': 873, 'sectors_processed': 110, 'trade_date': '2026-05-14'}
2026-05-14 14:15:00.007 | INFO     | CronScheduler | CronScheduler | [热度计算] 开始刷新板块热度...
2026-05-14 14:16:01.799 | INFO     | HeatCalc   | 加载了 5521 只股票的最近日线数据
2026-05-14 14:18:00.927 | INFO     | HeatCalc   | 热度计算完成: 873 概念, 110 板块
2026-05-14 14:18:58.046 | INFO     | CronScheduler | CronScheduler | [热度计算] 完成: {'concepts_processed': 873, 'sectors_processed': 110, 'trade_date': '2026-05-14'}
2026-05-14 14:20:00.008 | INFO     | CronScheduler | CronScheduler | [热度计算] 开始刷新板块热度...
2026-05-14 14:21:00.594 | INFO     | HeatCalc   | 加载了 5521 只股票的最近日线数据
2026-05-14 14:22:57.562 | INFO     | HeatCalc   | 热度计算完成: 873 概念, 110 板块
2026-05-14 14:23:40.415 | INFO     | CronScheduler | CronScheduler | [热度计算] 完成: {'concepts_processed': 873, 'sectors_processed': 110, 'trade_date': '2026-05-14'}
2026-05-14 14:25:00.011 | INFO     | CronScheduler | CronScheduler | [热度计算] 开始刷新板块热度...
2026-05-14 14:25:59.507 | INFO     | HeatCalc   | 加载了 5521 只股票的最近日线数据
2026-05-14 14:27:58.613 | INFO     | HeatCalc   | 热度计算完成: 873 概念, 110 板块
2026-05-14 14:28:39.097 | INFO     | CronScheduler | CronScheduler | [热度计算] 完成: {'concepts_processed': 873, 'sectors_processed': 110, 'trade_date': '2026-05-14'}
2026-05-14 14:30:00.009 | INFO     | CronScheduler | CronScheduler | [热度计算] 开始刷新板块热度...
2026-05-14 14:31:00.412 | INFO     | HeatCalc   | 加载了 5521 只股票的最近日线数据
2026-05-14 14:32:58.794 | INFO     | HeatCalc   | 热度计算完成: 873 概念, 110 板块
2026-05-14 14:33:46.186 | INFO     | CronScheduler | CronScheduler | [热度计算] 完成: {'concepts_processed': 873, 'sectors_processed': 110, 'trade_date': '2026-05-14'}
2026-05-14 14:35:00.013 | INFO     | CronScheduler | CronScheduler | [热度计算] 开始刷新板块热度...
2026-05-14 14:35:59.650 | INFO     | HeatCalc   | 加载了 5521 只股票的最近日线数据
2026-05-14 14:37:56.732 | INFO     | HeatCalc   | 热度计算完成: 873 概念, 110 板块
2026-05-14 14:38:47.898 | INFO     | CronScheduler | CronScheduler | [热度计算] 完成: {'concepts_processed': 873, 'sectors_processed': 110, 'trade_date': '2026-05-14'}
2026-05-14 14:40:00.006 | INFO     | CronScheduler | CronScheduler | [热度计算] 开始刷新板块热度...
2026-05-14 14:40:59.691 | INFO     | HeatCalc   | 加载了 5521 只股票的最近日线数据
2026-05-14 14:42:56.229 | INFO     | HeatCalc   | 热度计算完成: 873 概念, 110 板块
2026-05-14 14:43:49.119 | INFO     | CronScheduler | CronScheduler | [热度计算] 完成: {'concepts_processed': 873, 'sectors_processed': 110, 'trade_date': '2026-05-14'}
2026-05-14 14:45:00.007 | INFO     | CronScheduler | CronScheduler | [热度计算] 开始刷新板块热度...
2026-05-14 14:45:59.202 | INFO     | HeatCalc   | 加载了 5521 只股票的最近日线数据
2026-05-14 14:47:57.850 | INFO     | HeatCalc   | 热度计算完成: 873 概念, 110 板块
2026-05-14 14:48:38.742 | INFO     | CronScheduler | CronScheduler | [热度计算] 完成: {'concepts_processed': 873, 'sectors_processed': 110, 'trade_date': '2026-05-14'}
2026-05-14 14:50:00.015 | INFO     | CronScheduler | CronScheduler | [热度计算] 开始刷新板块热度...
2026-05-14 14:51:00.387 | INFO     | HeatCalc   | 加载了 5521 只股票的最近日线数据
2026-05-14 14:52:00.014 | INFO     | CronScheduler | CronScheduler | [模拟盘] 14:52 开始执行尾盘交易: 2026-05-14
2026-05-14 14:52:18.453 | INFO     | HeatCalc   | 热度计算完成: 873 概念, 110 板块
2026-05-14 14:54:58.048 | INFO     | SimLoader  | QMT 实时行情已注入: 5203 只股票
2026-05-14 14:55:03.867 | INFO     | Screener   | 🧬 [Loader] 识别到类继承策略: MA5AngleOriginalStrategy
2026-05-14 14:55:29.957 | ERROR    | CronScheduler | CronScheduler | [模拟盘] 执行失败: 'Position' object has no attribute 'tp1_triggered'
2026-05-14 14:55:30.601 | INFO     | CronScheduler | CronScheduler | [热度计算] 完成: {'concepts_processed': 873, 'sectors_processed': 110, 'trade_date': '2026-05-14'}
2026-05-14 15:30:00.010 | INFO     | CronScheduler | CronScheduler | [热度终版] 开始执行收盘快照...
2026-05-14 15:30:00.011 | INFO     | CronScheduler | CronScheduler | [Redis收割] 开始将盘中最高价缓存同步回 DuckDB...
2026-05-14 15:30:25.817 | ERROR    | CronScheduler | CronScheduler | [Redis收割] 严重异常: Error 10061 connecting to localhost:6379. 由于目标计算机积极拒绝，无法连接。.
2026-05-14 15:30:59.461 | INFO     | HeatCalc   | 加载了 5521 只股票的最近日线数据
2026-05-14 15:33:00.241 | INFO     | HeatCalc   | 热度计算完成: 873 概念, 110 板块
2026-05-14 15:33:50.525 | INFO     | CronScheduler | CronScheduler | [热度终版] 完成: {'concepts_processed': 873, 'sectors_processed': 110, 'trade_date': '2026-05-14'}
2026-05-14 15:35:00.806 | INFO     | IndexUpdater | IndexUpdater | index_000001: +1 条
2026-05-14 15:35:01.499 | INFO     | IndexUpdater | IndexUpdater | index_000300: +1 条
2026-05-14 15:35:02.088 | INFO     | IndexUpdater | IndexUpdater | index_000905: +1 条
2026-05-14 15:35:02.641 | INFO     | IndexUpdater | IndexUpdater | index_000852: +1 条
2026-05-14 15:35:03.293 | INFO     | IndexUpdater | IndexUpdater | index_000510: +1 条
2026-05-14 15:35:03.827 | INFO     | IndexUpdater | IndexUpdater | index_399006: +1 条
2026-05-14 15:35:03.832 | INFO     | CronScheduler | CronScheduler | [指数更新] 更新了 6 个指数，共 6 条
2026-05-14 17:30:00.015 | INFO     | CronScheduler | CronScheduler ========= [全自动日线/面料收取管道] 起步 =========
2026-05-14 17:30:00.088 | INFO     | QMT-StockSync | QMT 返回 5205 只股票代码
2026-05-14 17:30:00.164 | WARNING  | QMT-StockSync | 检测到 312 只退市/摘牌股票，正在标记...
2026-05-14 17:30:00.609 | INFO     | DuckDB     | 标记退市: ['920665', '920576', '920768', '920523', '920200', '920101', '920344', '920395', '920942', '920123', '920245', '920699', '920278', '920547', '920405', '920992', '920058', '920012', '920693', '920402', '920122', '920685', '920753', '920375', '920116', '920974', '920892', '920168', '920260', '920720', '920885', '920304', '920088', '920275', '920181', '920906', '920964', '920839', '920284', '920305', '920159', '920008', '920014', '920924', '920592', '920011', '920156', '920706', '920270', '920392', '920640', '920037', '920876', '920274', '920429', '920931', '920570', '920751', '920985', '920651', '920208', '920112', '920896', '920092', '920018', '920476', '920299', '920111', '920163', '920670', '920057', '920505', '920195', '920171', '920030', '920419', '920158', '920701', '920837', '920662', '920689', '920641', '920675', '920422', '920339', '920262', '920717', '920121', '920068', '920834', '920556', '920357', '920781', '920160', '920198', '920261', '920124', '920267', '920526', '920225', '920478', '920145', '920690', '920015', '920237', '920368', '920799', '920871', '920045', '920414', '920807', '920007', '920036', '920489', '920856', '920023', '920826', '920566', '920174', '920363', '920821', '920207', '920978', '920119', '920005', '920090', '920069', '920016', '920110', '920553', '920982', '920190', '920455', '920580', '920080', '920469', '920726', '920221', '920786', '920810', '920000', '920177', '920770', '920946', '920060', '920082', '920639', '920718', '920191', '920003', '920212', '920571', '920062', '920396', '920694', '920204', '920169', '920247', '920187', '920925', '920866', '920407', '920077', '920976', '920748', '920061', '920765', '920682', '920832', '920242', '920496', '920608', '920719', '920130', '920873', '920961', '920022', '920239', '920634', '920914', '920149', '920510', '920132', '920493', '920175', '920578', '920445', '920019', '920029', '920415', '920436', '920926', '920009', '920663', '920970', '920125', '920108', '920378', '920271', '920870', '920266', '920703', '920508', '920075', '920425', '920128', '920139', '920370', '920527', '920792', '920098', '920046', '920491', '920599', '920454', '920027', '920002', '920374', '920106', '920179', '920346', '920593', '920152', '920725', '920879', '920263', '920471', '920006', '920087', '920066', '920819', '920167', '920033', '920050', '920427', '920180', '920223', '920039', '920183', '920055', '920199', '920184', '920086', '920026', '920188', '920273', '920833', '920971', '920533', '920957', '920475', '920185', '920522', '920579', '920541', '920091', '920367', '920252', '920100', '920186', '920806', '920010', '920020', '920118', '920981', '920735', '920950', '920418', '920001', '920679', '920808', '920895', '920249', '920809', '920078', '920943', '920855', '920857', '920089', '920394', '920099', '920047', '920166', '920953', '920779', '920017', '920056', '920433', '920021', '920509', '920519', '920146', '920642', '920371', '920438', '920504', '920230', '920627', '920932', '920076', '920403', '920802', '920564', '920575', '920656', '920028', '920300', '920227', '920729', '920035', '920790', '920351']
2026-05-14 17:30:00.611 | INFO     | QMT-StockSync | 股票同步完成: QMT 5205 只, DB活跃 5517 只, 新增 0, 退市 312
2026-05-14 17:30:00.620 | INFO     | CronScheduler | 股票列表同步: 新增 0, 退市 312
2026-05-14 17:30:00.621 | INFO     | TushareSync | Fetching stock basics from Tushare...
2026-05-14 17:30:03.311 | INFO     | DuckDB     | 更新股票元数据: 5515 条
2026-05-14 17:30:03.312 | INFO     | TushareSync | Successfully synced 5515 stock basics.
2026-05-14 17:30:03.321 | INFO     | TushareSync | Fetching daily basics snapshot from Tushare (Date: Latest)...
2026-05-14 17:30:05.670 | INFO     | TushareSync | Pulling more financial indicators (ROE, Margin) in chunks of 100...
2026-05-14 17:33:08.730 | INFO     | DuckDB     | 更新股票基本面数据: 5493 条
2026-05-14 17:33:08.731 | INFO     | TushareSync | Successfully synced 5493 fundamentals records with enhanced indicators.
2026-05-14 17:33:08.752 | INFO     | ParquetPipeline | ParquetPipeline | Fetching daily k-lines from 20260507 to 20260514...
2026-05-14 17:33:09.034 | INFO     | ParquetPipeline | ParquetPipeline | Pulling market for 20260514...
2026-05-14 17:33:10.867 | INFO     | ParquetPipeline | ParquetPipeline | Pulling market for 20260513...
2026-05-14 17:33:12.545 | INFO     | ParquetPipeline | ParquetPipeline | Pulling market for 20260512...
2026-05-14 17:33:13.864 | INFO     | ParquetPipeline | ParquetPipeline | Pulling market for 20260511...
2026-05-14 17:33:15.195 | INFO     | ParquetPipeline | ParquetPipeline | Pulling market for 20260508...
2026-05-14 17:33:16.695 | INFO     | ParquetPipeline | ParquetPipeline | Pulling market for 20260507...
2026-05-14 17:33:18.149 | INFO     | ParquetPipeline | ParquetPipeline | Writing 5498 stocks to Parquet...
2026-05-14 17:40:57.581 | INFO     | DuckDB     | DuckDB | 创建虚拟视图成功: kline_daily_view -> E:/1target/p9_project/quant-platform/data/parquet/daily/*.parquet
2026-05-14 17:40:57.583 | INFO     | ParquetPipeline | ParquetPipeline | Daily K-lines fully synced.
2026-05-14 17:40:58.149 | INFO     | CronScheduler | CronScheduler ========= [收取管道] 完美结束 =========
