2026-05-09 06:14:54.172 | WARNING  | DuckDB     | DuckDB | 数据库占用中，准备重试... (1/5)
2026-05-09 06:14:54.771 | WARNING  | DuckDB     | DuckDB | 数据库占用中，准备重试... (2/5)
2026-05-09 06:14:55.366 | WARNING  | DuckDB     | DuckDB | 数据库占用中，准备重试... (3/5)
2026-05-09 06:14:55.958 | WARNING  | DuckDB     | DuckDB | 数据库占用中，准备重试... (4/5)
2026-05-09 06:14:56.554 | ERROR    | DuckDB     | DuckDB | 无法连接到数据库: IO Error: Cannot open file "E:\1target\p9_project\quant-platform\data\meta\meta.db": 另一个程序正在使用此文件，进程无法访问。

File is already open in 
C:\Python314\python.exe (PID 27392)
2026-05-09 06:14:56.556 | ERROR    | DuckDB     | DuckDB | 初始化表结构失败: IO Error: Cannot open file "E:\1target\p9_project\quant-platform\data\meta\meta.db": 另一个程序正在使用此文件，进程无法访问。

File is already open in 
C:\Python314\python.exe (PID 27392)
2026-05-09 06:15:08.457 | WARNING  | DuckDB     | DuckDB | 数据库占用中，准备重试... (1/5)
2026-05-09 06:15:09.053 | WARNING  | DuckDB     | DuckDB | 数据库占用中，准备重试... (2/5)
2026-05-09 06:15:09.646 | WARNING  | DuckDB     | DuckDB | 数据库占用中，准备重试... (3/5)
2026-05-09 06:15:10.241 | WARNING  | DuckDB     | DuckDB | 数据库占用中，准备重试... (4/5)
2026-05-09 06:15:10.841 | ERROR    | DuckDB     | DuckDB | 无法连接到数据库: IO Error: Cannot open file "E:\1target\p9_project\quant-platform\data\meta\meta.db": 另一个程序正在使用此文件，进程无法访问。

File is already open in 
C:\Python314\python.exe (PID 27392)
2026-05-09 06:15:10.841 | ERROR    | DuckDB     | DuckDB | 初始化表结构失败: IO Error: Cannot open file "E:\1target\p9_project\quant-platform\data\meta\meta.db": 另一个程序正在使用此文件，进程无法访问。

File is already open in 
C:\Python314\python.exe (PID 27392)
2026-05-09 07:11:48.786 | WARNING  | DuckDB     | DuckDB | 数据库占用中，准备重试... (1/5)
2026-05-09 07:11:49.388 | WARNING  | DuckDB     | DuckDB | 数据库占用中，准备重试... (2/5)
2026-05-09 07:11:49.992 | WARNING  | DuckDB     | DuckDB | 数据库占用中，准备重试... (3/5)
2026-05-09 07:11:50.617 | WARNING  | DuckDB     | DuckDB | 数据库占用中，准备重试... (4/5)
2026-05-09 07:11:51.231 | ERROR    | DuckDB     | DuckDB | 无法连接到数据库: IO Error: Cannot open file "E:\1target\p9_project\quant-platform\data\meta\meta.db": 另一个程序正在使用此文件，进程无法访问。

File is already open in 
C:\Python314\python.exe (PID 27392)
2026-05-09 07:11:51.231 | ERROR    | DuckDB     | DuckDB | 初始化表结构失败: IO Error: Cannot open file "E:\1target\p9_project\quant-platform\data\meta\meta.db": 另一个程序正在使用此文件，进程无法访问。

File is already open in 
C:\Python314\python.exe (PID 27392)
2026-05-09 07:19:12.534 | WARNING  | DuckDB     | DuckDB | 数据库占用中，准备重试... (1/5)
2026-05-09 07:19:13.151 | WARNING  | DuckDB     | DuckDB | 数据库占用中，准备重试... (2/5)
2026-05-09 07:19:13.765 | WARNING  | DuckDB     | DuckDB | 数据库占用中，准备重试... (3/5)
2026-05-09 07:19:14.383 | WARNING  | DuckDB     | DuckDB | 数据库占用中，准备重试... (4/5)
2026-05-09 07:19:14.999 | ERROR    | DuckDB     | DuckDB | 无法连接到数据库: IO Error: Cannot open file "E:\1target\p9_project\quant-platform\data\meta\meta.db": 另一个程序正在使用此文件，进程无法访问。

File is already open in 
C:\Python314\python.exe (PID 27392)
2026-05-09 07:19:15.008 | ERROR    | DuckDB     | DuckDB | 初始化表结构失败: IO Error: Cannot open file "E:\1target\p9_project\quant-platform\data\meta\meta.db": 另一个程序正在使用此文件，进程无法访问。

File is already open in 
C:\Python314\python.exe (PID 27392)
2026-05-09 09:26:44.547 | INFO     | DuckDB     | Watchlist | [+加入] 300170.SZ (汉得信息) [来源: manual]
2026-05-09 09:27:00.161 | INFO     | API-SimTrader | 开关: 卖出=执行(close) 选股=关 买入=不买
2026-05-09 09:27:03.599 | INFO     | API-SimTrader | 开关: 卖出=执行(close) 选股=开 买入=不买
2026-05-09 09:27:04.657 | INFO     | API-SimTrader | 开关: 卖出=执行(close) 选股=开 买入=执行
2026-05-09 09:43:17.295 | WARNING  | DuckDB     | DuckDB | 数据库占用中，准备重试... (1/5)
2026-05-09 09:43:17.919 | WARNING  | DuckDB     | DuckDB | 数据库占用中，准备重试... (2/5)
2026-05-09 09:43:18.544 | WARNING  | DuckDB     | DuckDB | 数据库占用中，准备重试... (3/5)
2026-05-09 09:43:19.162 | WARNING  | DuckDB     | DuckDB | 数据库占用中，准备重试... (4/5)
2026-05-09 09:43:19.780 | ERROR    | DuckDB     | DuckDB | 无法连接到数据库: IO Error: Cannot open file "E:\1target\p9_project\quant-platform\data\meta\meta.db": 另一个程序正在使用此文件，进程无法访问。

File is already open in 
C:\Python314\python.exe (PID 27392)
2026-05-09 09:43:19.781 | ERROR    | DuckDB     | DuckDB | 初始化表结构失败: IO Error: Cannot open file "E:\1target\p9_project\quant-platform\data\meta\meta.db": 另一个程序正在使用此文件，进程无法访问。

File is already open in 
C:\Python314\python.exe (PID 27392)
2026-05-09 09:45:27.127 | INFO     | DuckDB     | DuckDB | 所有核心表结构初始化完成 (含热点板块)
2026-05-09 09:45:27.129 | INFO     | DuckDB     | DuckDB 核心就绪: E:\1target\p9_project\quant-platform\data\meta\meta.db
2026-05-09 09:45:28.044 | INFO     | API-Server | P9 Quant Platform Background Tasks Startup...
2026-05-09 09:45:28.048 | INFO     | CronScheduler | CronScheduler | 每日数据收割机被安排在每个工作日的 08:30 执行。
2026-05-09 09:45:28.049 | INFO     | CronScheduler | CronScheduler | 每日数据收割机被安排在每个工作日的 17:30 执行。
2026-05-09 09:45:28.049 | INFO     | CronScheduler | CronScheduler | Redis→DuckDB 收割机已安排在每个工作日 15:30 执行。
2026-05-09 09:45:28.050 | INFO     | CronScheduler | CronScheduler | 模拟盘尾盘交易已安排在 14:52 执行。
2026-05-09 09:45:28.051 | INFO     | CronScheduler | CronScheduler | 盘中监控全量扫描已安排（每分钟，兜底）。
2026-05-09 09:45:28.051 | INFO     | CronScheduler | CronScheduler | 概念数据同步已安排在每日 09:00 执行。
2026-05-09 09:45:28.052 | INFO     | CronScheduler | CronScheduler | 板块热度重算已安排在每个交易日 5 分钟/次。
2026-05-09 09:45:28.052 | INFO     | CronScheduler | CronScheduler | 收盘热度终版快照已安排在 15:30 执行。
2026-05-09 09:45:28.053 | INFO     | CronScheduler | CronScheduler | 自动调度服务(APScheduler) 已启动。
2026-05-09 09:45:33.058 | INFO     | ParquetPipeline | ParquetPipeline | Fetching daily k-lines from 20260429 to 20260509...
2026-05-09 09:45:33.243 | INFO     | ParquetPipeline | ParquetPipeline | Pulling market for 20260508...
2026-05-09 09:45:33.957 | INFO     | ParquetPipeline | ParquetPipeline | Pulling market for 20260507...
2026-05-09 09:45:34.677 | INFO     | ParquetPipeline | ParquetPipeline | Pulling market for 20260506...
2026-05-09 09:45:35.427 | INFO     | ParquetPipeline | ParquetPipeline | Pulling market for 20260430...
2026-05-09 09:45:36.237 | INFO     | ParquetPipeline | ParquetPipeline | Pulling market for 20260429...
2026-05-09 09:45:37.061 | INFO     | ParquetPipeline | ParquetPipeline | Writing 5508 stocks to Parquet...
2026-05-09 09:47:58.948 | INFO     | DuckDB     | DuckDB | 创建虚拟视图成功: kline_daily_view -> E:/1target/p9_project/quant-platform/data/parquet/daily/*.parquet
2026-05-09 09:47:58.950 | INFO     | ParquetPipeline | ParquetPipeline | Daily K-lines fully synced.
2026-05-09 09:48:40.442 | INFO     | API-Backtest | 回测配置已保存
2026-05-09 09:49:42.859 | WARNING  | API-Backtest | 回测结果保存失败: name 'datetime' is not defined
2026-05-09 10:21:16.330 | WARNING  | DuckDB     | DuckDB | 数据库占用中，准备重试... (1/5)
2026-05-09 10:21:16.946 | WARNING  | DuckDB     | DuckDB | 数据库占用中，准备重试... (2/5)
2026-05-09 10:21:17.563 | WARNING  | DuckDB     | DuckDB | 数据库占用中，准备重试... (3/5)
2026-05-09 10:21:18.182 | WARNING  | DuckDB     | DuckDB | 数据库占用中，准备重试... (4/5)
2026-05-09 10:21:18.801 | ERROR    | DuckDB     | DuckDB | 无法连接到数据库: IO Error: Cannot open file "E:\1target\p9_project\quant-platform\data\meta\meta.db": 另一个程序正在使用此文件，进程无法访问。

File is already open in 
C:\Python314\python.exe (PID 17868)
2026-05-09 10:21:18.802 | ERROR    | DuckDB     | DuckDB | 初始化表结构失败: IO Error: Cannot open file "E:\1target\p9_project\quant-platform\data\meta\meta.db": 另一个程序正在使用此文件，进程无法访问。

File is already open in 
C:\Python314\python.exe (PID 17868)
