2026-05-04 08:47:28 [INFO] 后台自动数据同步线程已创建（不阻塞页面加载）
2026-05-04 08:47:28 [INFO] 自动同步级别: daily
2026-05-04 08:47:28 [INFO] === 启动自动数据补齐（最近 5 个交易日）===
2026-05-04 08:47:28 [INFO] [P0/3] 开始检查并补齐日线数据...
2026-05-04 08:47:29 [INFO] [P0] 正在拉取 20260430 (1/5)...
2026-05-04 08:47:29 [INFO] [P0] 正在拉取 20260429 (2/5)...
2026-05-04 08:47:30 [INFO] [P0] 正在拉取 20260428 (3/5)...
2026-05-04 08:47:31 [INFO] [P0] 正在拉取 20260427 (4/5)...
2026-05-04 08:47:32 [INFO] [P0] 正在拉取 20260424 (5/5)...
2026-05-04 08:47:34 [INFO] [P0] 正在批量写入 5508 只股票的 Parquet 文件...
2026-05-04 08:52:17 [INFO] [P0] 正在重建数据视图...
2026-05-04 08:52:23 [INFO] [P0] 同步完成！
2026-05-04 08:52:24 [INFO] ✅ [P0/3] 日线数据补齐完成
2026-05-04 08:52:24 [INFO] 同步级别为「仅日线」，跳过分钟线同步
2026-05-04 08:52:24 [INFO] === 自动数据补齐全部完成 ===
2026-05-04 17:30:00 [INFO] === 全量数据洗盘开始 ===
2026-05-04 17:30:00 [INFO] [1/4] 正在同步股票列表（新股/退市检测）...
2026-05-04 17:30:00 [INFO] ✅ [1/4] 股票列表同步: 新增 0, 退市 310
2026-05-04 17:30:00 [INFO] [2/4] 正在同步股票基础信息...
2026-05-04 17:30:02 [INFO] [3/4] 正在同步财务快照...
2026-05-04 17:32:39 [INFO] ✅ [3/4] 财务快照已完成
2026-05-04 17:32:39 [INFO] [4/4] 正在拉取日 K 线并写入 Parquet...
2026-05-04 17:38:31 [INFO] ✅ [4/4] 日 K 线已更新
2026-05-04 17:38:31 [INFO] ✅ === 全量数据洗盘完成 ===
