2026-05-12 00:11:50 [INFO] 自动同步级别: daily
2026-05-12 00:11:50 [INFO] 后台自动数据同步线程已创建（不阻塞页面加载）
2026-05-12 00:11:50 [INFO] === 启动自动数据补齐（最近 5 个交易日）===
2026-05-12 00:11:50 [INFO] [P0/3] 开始检查并补齐日线数据...
2026-05-12 00:11:50 [INFO] [P0] 正在拉取 20260512 (1/5)...
2026-05-12 00:11:50 [INFO] [P0] 正在拉取 20260511 (2/5)...
2026-05-12 00:11:51 [INFO] [P0] 正在拉取 20260508 (3/5)...
2026-05-12 00:11:52 [INFO] [P0] 正在拉取 20260507 (4/5)...
2026-05-12 00:11:53 [INFO] [P0] 正在拉取 20260506 (5/5)...
2026-05-12 00:11:54 [INFO] [P0] 正在批量写入 5496 只股票的 Parquet 文件...
2026-05-12 00:12:58 [INFO] [P0] 正在重建数据视图...
2026-05-12 00:13:01 [INFO] [P0] 同步完成！
2026-05-12 00:13:01 [INFO] ✅ [P0/3] 日线数据补齐完成
2026-05-12 00:13:01 [INFO] 同步级别为「仅日线」，跳过分钟线同步
2026-05-12 00:13:01 [INFO] === 自动数据补齐全部完成 ===
2026-05-12 00:14:16 [INFO] 自动同步级别: daily
2026-05-12 00:14:16 [INFO] 自动同步级别: daily
2026-05-12 00:14:16 [INFO] === 启动自动数据补齐（最近 5 个交易日）===
2026-05-12 00:14:16 [INFO] === 启动自动数据补齐（最近 5 个交易日）===
2026-05-12 00:14:16 [INFO] 后台自动数据同步线程已创建（不阻塞页面加载）
2026-05-12 00:14:16 [INFO] 后台自动数据同步线程已创建（不阻塞页面加载）
2026-05-12 00:14:16 [INFO] [P0/3] 开始检查并补齐日线数据...
2026-05-12 00:14:16 [INFO] [P0/3] 开始检查并补齐日线数据...
2026-05-12 00:14:16 [INFO] [P0] 正在拉取 20260512 (1/5)...
2026-05-12 00:14:16 [INFO] [P0] 正在拉取 20260512 (1/5)...
2026-05-12 00:14:17 [INFO] [P0] 正在拉取 20260511 (2/5)...
2026-05-12 00:14:17 [INFO] [P0] 正在拉取 20260511 (2/5)...
2026-05-12 00:14:17 [INFO] [P0] 正在拉取 20260508 (3/5)...
2026-05-12 00:14:17 [INFO] [P0] 正在拉取 20260508 (3/5)...
2026-05-12 00:14:18 [INFO] [P0] 正在拉取 20260507 (4/5)...
2026-05-12 00:14:18 [INFO] [P0] 正在拉取 20260507 (4/5)...
2026-05-12 00:14:19 [INFO] [P0] 正在拉取 20260506 (5/5)...
2026-05-12 00:14:19 [INFO] [P0] 正在拉取 20260506 (5/5)...
2026-05-12 00:14:20 [INFO] [P0] 正在批量写入 5496 只股票的 Parquet 文件...
2026-05-12 00:14:20 [INFO] [P0] 正在批量写入 5496 只股票的 Parquet 文件...
2026-05-12 00:15:23 [INFO] [P0] 正在重建数据视图...
2026-05-12 00:15:23 [INFO] [P0] 正在重建数据视图...
2026-05-12 00:15:26 [INFO] [P0] 同步完成！
2026-05-12 00:15:26 [INFO] [P0] 同步完成！
2026-05-12 00:15:26 [INFO] ✅ [P0/3] 日线数据补齐完成
2026-05-12 00:15:26 [INFO] ✅ [P0/3] 日线数据补齐完成
2026-05-12 00:15:26 [INFO] 同步级别为「仅日线」，跳过分钟线同步
2026-05-12 00:15:26 [INFO] 同步级别为「仅日线」，跳过分钟线同步
2026-05-12 00:15:26 [INFO] === 自动数据补齐全部完成 ===
2026-05-12 00:15:26 [INFO] === 自动数据补齐全部完成 ===
2026-05-12 00:22:01 [INFO] 自动同步级别: daily
2026-05-12 00:22:01 [INFO] 自动同步级别: daily
程已创建（不阻塞页面加载）
2026-05-12 00:22:01 [INFO] 后台自动数据同步线程已创建（不阻塞页面加载）
2026-05-12 00:22:01 [INFO] === 启动自动数据补齐（最近 5 个交易日）===
2026-05-12 00:22:01 [INFO] === 启动自动数据补齐（最近 5 个交易日）===
2026-05-12 00:22:01 [INFO] [P0/3] 开始检查并补齐日线数据...
2026-05-12 00:22:01 [INFO] [P0/3] 开始检查并补齐日线数据...
2026-05-12 00:22:01 [INFO] [P0] 正在拉取 20260512 (1/5)...
2026-05-12 00:22:01 [INFO] [P0] 正在拉取 20260512 (1/5)...
2026-05-12 00:22:01 [INFO] [P0] 正在拉取 20260511 (2/5)...
2026-05-12 00:22:01 [INFO] [P0] 正在拉取 20260511 (2/5)...
2026-05-12 00:22:02 [INFO] [P0] 正在拉取 20260508 (3/5)...
2026-05-12 00:22:02 [INFO] [P0] 正在拉取 20260508 (3/5)...
2026-05-12 00:22:03 [INFO] [P0] 正在拉取 20260507 (4/5)...
2026-05-12 00:22:03 [INFO] [P0] 正在拉取 20260507 (4/5)...
2026-05-12 00:22:03 [INFO] [P0] 正在拉取 20260506 (5/5)...
2026-05-12 00:22:03 [INFO] [P0] 正在拉取 20260506 (5/5)...
2026-05-12 00:22:04 [INFO] [P0] 正在批量写入 5496 只股票的 Parquet 文件...
2026-05-12 00:22:04 [INFO] [P0] 正在批量写入 5496 只股票的 Parquet 文件...
2026-05-12 00:23:08 [INFO] [P0] 正在重建数据视图...
2026-05-12 00:23:08 [INFO] [P0] 正在重建数据视图...
2026-05-12 00:23:11 [INFO] [P0] 同步完成！
2026-05-12 00:23:11 [INFO] [P0] 同步完成！
2026-05-12 00:23:12 [INFO] ✅ [P0/3] 日线数据补齐完成
2026-05-12 00:23:12 [INFO] ✅ [P0/3] 日线数据补齐完成
2026-05-12 00:23:12 [INFO] 同步级别为「仅日线」，跳过分钟线同步
2026-05-12 00:23:12 [INFO] 同步级别为「仅日线」，跳过分钟线同步
2026-05-12 00:23:12 [INFO] === 自动数据补齐全部完成 ===
2026-05-12 00:23:12 [INFO] === 自动数据补齐全部完成 ===
2026-05-12 01:00:03 [INFO] 自动同步级别: daily
2026-05-12 01:00:03 [INFO] === 启动自动数据补齐（最近 5 个交易日）===
2026-05-12 01:00:03 [INFO] [P0/3] 开始检查并补齐日线数据...
2026-05-12 01:00:03 [INFO] 后台自动数据同步线程已创建（不阻塞页面加载）
2026-05-12 01:00:03 [INFO] [P0] 正在拉取 20260512 (1/5)...
2026-05-12 01:00:03 [INFO] [P0] 正在拉取 20260511 (2/5)...
2026-05-12 01:00:04 [INFO] [P0] 正在拉取 20260508 (3/5)...
2026-05-12 01:00:05 [INFO] [P0] 正在拉取 20260507 (4/5)...
2026-05-12 01:00:05 [INFO] [P0] 正在拉取 20260506 (5/5)...
2026-05-12 01:00:06 [INFO] [P0] 正在批量写入 5496 只股票的 Parquet 文件...
2026-05-12 01:01:10 [INFO] [P0] 正在重建数据视图...
2026-05-12 01:01:14 [INFO] [P0] 同步完成！
2026-05-12 01:01:14 [INFO] ✅ [P0/3] 日线数据补齐完成
2026-05-12 01:01:14 [INFO] 同步级别为「仅日线」，跳过分钟线同步
2026-05-12 01:01:14 [INFO] === 自动数据补齐全部完成 ===
2026-05-12 08:30:00 [INFO] === 全量数据洗盘开始 ===
2026-05-12 08:30:00 [INFO] [1/4] 正在同步股票列表（新股/退市检测）...
2026-05-12 08:30:00 [INFO] ✅ [1/4] 股票列表同步: 新增 0, 退市 313
2026-05-12 08:30:00 [INFO] [2/4] 正在同步股票基础信息...
2026-05-12 08:30:00 [INFO] [3/4] 正在同步财务快照...
2026-05-12 08:30:00 [INFO] ✅ [3/4] 财务快照已完成
2026-05-12 08:30:00 [INFO] [4/4] 正在拉取日 K 线并写入 Parquet...
2026-05-12 08:31:25 [INFO] ✅ [4/4] 日 K 线已更新
2026-05-12 08:31:25 [INFO] ✅ === 全量数据洗盘完成 ===
2026-05-12 08:32:52 [INFO] 自动同步级别: daily
2026-05-12 08:32:52 [INFO] 自动同步级别: daily
2026-05-12 08:32:52 [INFO] 后台自动数据同步线程已创建（不阻塞页面加载）
2026-05-12 08:32:52 [INFO] 后台自动数据同步线程已创建（不阻塞页面加载）
2026-05-12 08:32:52 [INFO] === 启动自动数据补齐（最近 5 个交易日）===
2026-05-12 08:32:52 [INFO] === 启动自动数据补齐（最近 5 个交易日）===
2026-05-12 08:32:52 [INFO] [P0/3] 开始检查并补齐日线数据...
2026-05-12 08:32:52 [INFO] [P0/3] 开始检查并补齐日线数据...
2026-05-12 08:32:52 [INFO] [P0] 正在拉取 20260512 (1/5)...
2026-05-12 08:32:52 [INFO] [P0] 正在拉取 20260512 (1/5)...
2026-05-12 08:32:52 [INFO] [P0] 正在拉取 20260511 (2/5)...
2026-05-12 08:32:52 [INFO] [P0] 正在拉取 20260511 (2/5)...
2026-05-12 08:32:52 [INFO] [P0] 正在拉取 20260508 (3/5)...
2026-05-12 08:32:52 [INFO] [P0] 正在拉取 20260508 (3/5)...
2026-05-12 08:32:53 [INFO] [P0] 正在拉取 20260507 (4/5)...
2026-05-12 08:32:53 [INFO] [P0] 正在拉取 20260507 (4/5)...
2026-05-12 08:32:54 [INFO] [P0] 正在拉取 20260506 (5/5)...
2026-05-12 08:32:54 [INFO] [P0] 正在拉取 20260506 (5/5)...
2026-05-12 08:32:55 [INFO] [P0] 正在批量写入 5496 只股票的 Parquet 文件...
2026-05-12 08:32:55 [INFO] [P0] 正在批量写入 5496 只股票的 Parquet 文件...
2026-05-12 08:33:53 [INFO] [P0] 正在重建数据视图...
2026-05-12 08:33:53 [INFO] [P0] 正在重建数据视图...
2026-05-12 08:33:55 [INFO] [P0] 同步完成！
2026-05-12 08:33:55 [INFO] [P0] 同步完成！
2026-05-12 08:33:55 [INFO] ✅ [P0/3] 日线数据补齐完成
2026-05-12 08:33:55 [INFO] ✅ [P0/3] 日线数据补齐完成
2026-05-12 08:33:55 [INFO] 同步级别为「仅日线」，跳过分钟线同步
2026-05-12 08:33:55 [INFO] 同步级别为「仅日线」，跳过分钟线同步
2026-05-12 08:33:55 [INFO] === 自动数据补齐全部完成 ===
2026-05-12 08:33:55 [INFO] === 自动数据补齐全部完成 ===
2026-05-12 10:25:48 [INFO] 后台自动数据同步线程已创建（不阻塞页面加载）
2026-05-12 10:25:48 [INFO] 后台自动数据同步线程已创建（不阻塞页面加载）
2026-05-12 10:25:48 [INFO] 自动同步级别: daily
2026-05-12 10:25:48 [INFO] 自动同步级别: daily
2026-05-12 10:25:48 [INFO] === 启动自动数据补齐（最近 5 个交易日）===
2026-05-12 10:25:48 [INFO] === 启动自动数据补齐（最近 5 个交易日）===
2026-05-12 10:25:48 [INFO] [P0/3] 开始检查并补齐日线数据...
2026-05-12 10:25:48 [INFO] [P0/3] 开始检查并补齐日线数据...
2026-05-12 10:25:48 [INFO] [P0] 正在拉取 20260512 (1/5)...
2026-05-12 10:25:48 [INFO] [P0] 正在拉取 20260512 (1/5)...
2026-05-12 10:25:48 [INFO] [P0] 正在拉取 20260511 (2/5)...
2026-05-12 10:25:48 [INFO] [P0] 正在拉取 20260511 (2/5)...
2026-05-12 10:25:49 [INFO] [P0] 正在拉取 20260508 (3/5)...
2026-05-12 10:25:49 [INFO] [P0] 正在拉取 20260508 (3/5)...
2026-05-12 10:25:50 [INFO] [P0] 正在拉取 20260507 (4/5)...
2026-05-12 10:25:50 [INFO] [P0] 正在拉取 20260507 (4/5)...
2026-05-12 10:25:51 [INFO] [P0] 正在拉取 20260506 (5/5)...
2026-05-12 10:25:51 [INFO] [P0] 正在拉取 20260506 (5/5)...
2026-05-12 10:25:52 [INFO] [P0] 正在批量写入 5496 只股票的 Parquet 文件...
2026-05-12 10:25:52 [INFO] [P0] 正在批量写入 5496 只股票的 Parquet 文件...
2026-05-12 10:26:48 [INFO] [P0] 正在重建数据视图...
2026-05-12 10:26:48 [INFO] [P0] 正在重建数据视图...
2026-05-12 10:26:51 [INFO] [P0] 同步完成！
2026-05-12 10:26:51 [INFO] [P0] 同步完成！
2026-05-12 10:26:51 [INFO] ✅ [P0/3] 日线数据补齐完成
2026-05-12 10:26:51 [INFO] ✅ [P0/3] 日线数据补齐完成
2026-05-12 10:26:51 [INFO] 同步级别为「仅日线」，跳过分钟线同步
2026-05-12 10:26:51 [INFO] 同步级别为「仅日线」，跳过分钟线同步
2026-05-12 10:26:51 [INFO] === 自动数据补齐全部完成 ===
2026-05-12 10:26:51 [INFO] === 自动数据补齐全部完成 ===
2026-05-12 17:30:00 [INFO] === 全量数据洗盘开始 ===
2026-05-12 17:30:00 [INFO] === 全量数据洗盘开始 ===
2026-05-12 17:30:00 [INFO] [1/4] 正在同步股票列表（新股/退市检测）...
2026-05-12 17:30:00 [INFO] [1/4] 正在同步股票列表（新股/退市检测）...
2026-05-12 17:30:00 [INFO] ✅ [1/4] 股票列表同步: 新增 0, 退市 313
2026-05-12 17:30:00 [INFO] ✅ [1/4] 股票列表同步: 新增 0, 退市 313
2026-05-12 17:30:00 [INFO] [2/4] 正在同步股票基础信息...
2026-05-12 17:30:00 [INFO] [2/4] 正在同步股票基础信息...
2026-05-12 17:30:00 [INFO] [3/4] 正在同步财务快照...
2026-05-12 17:30:00 [INFO] [3/4] 正在同步财务快照...
2026-05-12 17:32:44 [INFO] ✅ [3/4] 财务快照已完成
2026-05-12 17:32:44 [INFO] ✅ [3/4] 财务快照已完成
2026-05-12 17:32:44 [INFO] [4/4] 正在拉取日 K 线并写入 Parquet...
2026-05-12 17:32:44 [INFO] [4/4] 正在拉取日 K 线并写入 Parquet...
2026-05-12 17:34:42 [INFO] ✅ [4/4] 日 K 线已更新
2026-05-12 17:34:42 [INFO] ✅ [4/4] 日 K 线已更新
2026-05-12 17:34:42 [INFO] ✅ === 全量数据洗盘完成 ===
2026-05-12 17:34:42 [INFO] ✅ === 全量数据洗盘完成 ===
