2026-05-08 00:16:10 [INFO] 后台自动数据同步线程已创建（不阻塞页面加载）
2026-05-08 00:16:10 [INFO] 自动同步级别: daily
2026-05-08 00:16:10 [INFO] === 启动自动数据补齐（最近 5 个交易日）===
2026-05-08 00:16:10 [INFO] [P0/3] 开始检查并补齐日线数据...
2026-05-08 00:16:11 [INFO] [P0] 正在拉取 20260508 (1/6)...
2026-05-08 00:16:11 [INFO] [P0] 正在拉取 20260507 (2/6)...
2026-05-08 00:16:11 [INFO] [P0] 正在拉取 20260506 (3/6)...
2026-05-08 00:16:13 [INFO] [P0] 正在拉取 20260430 (4/6)...
2026-05-08 00:16:14 [INFO] [P0] 正在拉取 20260429 (5/6)...
2026-05-08 00:16:14 [INFO] [P0] 正在拉取 20260428 (6/6)...
2026-05-08 00:16:16 [INFO] [P0] 正在批量写入 5508 只股票的 Parquet 文件...
2026-05-08 00:20:27 [INFO] [P0] 正在重建数据视图...
2026-05-08 00:20:31 [INFO] [P0] 同步完成！
2026-05-08 00:20:31 [INFO] ✅ [P0/3] 日线数据补齐完成
2026-05-08 00:20:31 [INFO] 同步级别为「仅日线」，跳过分钟线同步
2026-05-08 00:20:31 [INFO] === 自动数据补齐全部完成 ===
2026-05-08 00:24:25 [INFO] 自动同步级别: daily
2026-05-08 00:24:25 [INFO] 自动同步级别: daily
2026-05-08 00:24:25 [INFO] 后台自动数据同步线程已创建（不阻塞页面加载）
2026-05-08 00:24:25 [INFO] 后台自动数据同步线程已创建（不阻塞页面加载）
2026-05-08 00:24:25 [INFO] === 启动自动数据补齐（最近 5 个交易日）===
2026-05-08 00:24:25 [INFO] === 启动自动数据补齐（最近 5 个交易日）===
2026-05-08 00:24:25 [INFO] [P0/3] 开始检查并补齐日线数据...
2026-05-08 00:24:25 [INFO] [P0/3] 开始检查并补齐日线数据...
2026-05-08 00:24:25 [INFO] [P0] 正在拉取 20260508 (1/6)...
2026-05-08 00:24:25 [INFO] [P0] 正在拉取 20260508 (1/6)...
2026-05-08 00:24:25 [INFO] [P0] 正在拉取 20260507 (2/6)...
2026-05-08 00:24:25 [INFO] [P0] 正在拉取 20260507 (2/6)...
2026-05-08 00:24:26 [INFO] [P0] 正在拉取 20260506 (3/6)...
2026-05-08 00:24:26 [INFO] [P0] 正在拉取 20260506 (3/6)...
2026-05-08 00:24:26 [INFO] [P0] 正在拉取 20260430 (4/6)...
2026-05-08 00:24:26 [INFO] [P0] 正在拉取 20260430 (4/6)...
2026-05-08 00:24:27 [INFO] [P0] 正在拉取 20260429 (5/6)...
2026-05-08 00:24:27 [INFO] [P0] 正在拉取 20260429 (5/6)...
2026-05-08 00:24:28 [INFO] [P0] 正在拉取 20260428 (6/6)...
2026-05-08 00:24:28 [INFO] [P0] 正在拉取 20260428 (6/6)...
2026-05-08 00:24:29 [INFO] [P0] 正在批量写入 5508 只股票的 Parquet 文件...
2026-05-08 00:24:29 [INFO] [P0] 正在批量写入 5508 只股票的 Parquet 文件...
2026-05-08 00:25:22 [INFO] [P0] 正在重建数据视图...
2026-05-08 00:25:22 [INFO] [P0] 正在重建数据视图...
2026-05-08 00:25:25 [INFO] [P0] 同步完成！
2026-05-08 00:25:25 [INFO] [P0] 同步完成！
2026-05-08 00:25:25 [INFO] ✅ [P0/3] 日线数据补齐完成
2026-05-08 00:25:25 [INFO] ✅ [P0/3] 日线数据补齐完成
2026-05-08 00:25:25 [INFO] 同步级别为「仅日线」，跳过分钟线同步
2026-05-08 00:25:25 [INFO] 同步级别为「仅日线」，跳过分钟线同步
2026-05-08 00:25:25 [INFO] === 自动数据补齐全部完成 ===
2026-05-08 00:25:25 [INFO] === 自动数据补齐全部完成 ===
2026-05-08 08:30:00 [INFO] === 全量数据洗盘开始 ===
2026-05-08 08:30:00 [INFO] === 全量数据洗盘开始 ===
2026-05-08 08:30:00 [INFO] [1/4] 正在同步股票列表（新股/退市检测）...
2026-05-08 08:30:00 [INFO] [1/4] 正在同步股票列表（新股/退市检测）...
2026-05-08 08:30:00 [INFO] ✅ [1/4] 股票列表同步: 新增 2, 退市 312
2026-05-08 08:30:00 [INFO] ✅ [1/4] 股票列表同步: 新增 2, 退市 312
2026-05-08 08:30:00 [INFO] [2/4] 正在同步股票基础信息...
2026-05-08 08:30:00 [INFO] [2/4] 正在同步股票基础信息...
2026-05-08 08:30:00 [INFO] [3/4] 正在同步财务快照...
2026-05-08 08:30:00 [INFO] [3/4] 正在同步财务快照...
2026-05-08 08:30:00 [INFO] ✅ [3/4] 财务快照已完成
2026-05-08 08:30:00 [INFO] ✅ [3/4] 财务快照已完成
2026-05-08 08:30:00 [INFO] [4/4] 正在拉取日 K 线并写入 Parquet...
2026-05-08 08:30:00 [INFO] [4/4] 正在拉取日 K 线并写入 Parquet...
2026-05-08 08:32:09 [INFO] ✅ [4/4] 日 K 线已更新
2026-05-08 08:32:09 [INFO] ✅ [4/4] 日 K 线已更新
2026-05-08 08:32:09 [INFO] ✅ === 全量数据洗盘完成 ===
2026-05-08 08:32:09 [INFO] ✅ === 全量数据洗盘完成 ===
2026-05-08 17:30:00 [INFO] === 全量数据洗盘开始 ===
2026-05-08 17:30:00 [INFO] === 全量数据洗盘开始 ===
2026-05-08 17:30:00 [INFO] [1/4] 正在同步股票列表（新股/退市检测）...
2026-05-08 17:30:00 [INFO] [1/4] 正在同步股票列表（新股/退市检测）...
2026-05-08 17:30:00 [INFO] ✅ [1/4] 股票列表同步: 新增 0, 退市 312
2026-05-08 17:30:00 [INFO] ✅ [1/4] 股票列表同步: 新增 0, 退市 312
2026-05-08 17:30:00 [INFO] [2/4] 正在同步股票基础信息...
2026-05-08 17:30:00 [INFO] [2/4] 正在同步股票基础信息...
2026-05-08 17:30:01 [INFO] [3/4] 正在同步财务快照...
2026-05-08 17:30:01 [INFO] [3/4] 正在同步财务快照...
2026-05-08 17:32:49 [INFO] ✅ [3/4] 财务快照已完成
2026-05-08 17:32:49 [INFO] ✅ [3/4] 财务快照已完成
2026-05-08 17:32:49 [INFO] [4/4] 正在拉取日 K 线并写入 Parquet...
2026-05-08 17:32:49 [INFO] [4/4] 正在拉取日 K 线并写入 Parquet...
2026-05-08 17:35:19 [INFO] ✅ [4/4] 日 K 线已更新
2026-05-08 17:35:19 [INFO] ✅ [4/4] 日 K 线已更新
2026-05-08 17:35:19 [INFO] ✅ === 全量数据洗盘完成 ===
2026-05-08 17:35:19 [INFO] ✅ === 全量数据洗盘完成 ===
