2026-05-09 09:45:33 [INFO] 自动同步级别: daily
2026-05-09 09:45:33 [INFO] 自动同步级别: daily
2026-05-09 09:45:33 [INFO] 后台自动数据同步线程已创建（不阻塞页面加载）
2026-05-09 09:45:33 [INFO] 后台自动数据同步线程已创建（不阻塞页面加载）
2026-05-09 09:45:33 [INFO] === 启动自动数据补齐（最近 5 个交易日）===
2026-05-09 09:45:33 [INFO] === 启动自动数据补齐（最近 5 个交易日）===
2026-05-09 09:45:33 [INFO] [P0/3] 开始检查并补齐日线数据...
2026-05-09 09:45:33 [INFO] [P0/3] 开始检查并补齐日线数据...
2026-05-09 09:45:33 [INFO] [P0] 正在拉取 20260508 (1/5)...
2026-05-09 09:45:33 [INFO] [P0] 正在拉取 20260508 (1/5)...
2026-05-09 09:45:33 [INFO] [P0] 正在拉取 20260507 (2/5)...
2026-05-09 09:45:33 [INFO] [P0] 正在拉取 20260507 (2/5)...
2026-05-09 09:45:34 [INFO] [P0] 正在拉取 20260506 (3/5)...
2026-05-09 09:45:34 [INFO] [P0] 正在拉取 20260506 (3/5)...
2026-05-09 09:45:35 [INFO] [P0] 正在拉取 20260430 (4/5)...
2026-05-09 09:45:35 [INFO] [P0] 正在拉取 20260430 (4/5)...
2026-05-09 09:45:36 [INFO] [P0] 正在拉取 20260429 (5/5)...
2026-05-09 09:45:36 [INFO] [P0] 正在拉取 20260429 (5/5)...
2026-05-09 09:45:37 [INFO] [P0] 正在批量写入 5508 只股票的 Parquet 文件...
2026-05-09 09:45:37 [INFO] [P0] 正在批量写入 5508 只股票的 Parquet 文件...
2026-05-09 09:47:54 [INFO] [P0] 正在重建数据视图...
2026-05-09 09:47:54 [INFO] [P0] 正在重建数据视图...
2026-05-09 09:47:58 [INFO] [P0] 同步完成！
2026-05-09 09:47:58 [INFO] [P0] 同步完成！
2026-05-09 09:47:59 [INFO] ✅ [P0/3] 日线数据补齐完成
2026-05-09 09:47:59 [INFO] ✅ [P0/3] 日线数据补齐完成
2026-05-09 09:47:59 [INFO] 同步级别为「仅日线」，跳过分钟线同步
2026-05-09 09:47:59 [INFO] 同步级别为「仅日线」，跳过分钟线同步
2026-05-09 09:47:59 [INFO] === 自动数据补齐全部完成 ===
2026-05-09 09:47:59 [INFO] === 自动数据补齐全部完成 ===
