2026-05-11 11:30:13 [INFO] 自动同步级别: daily
2026-05-11 11:30:13 [INFO] 自动同步级别: daily
2026-05-11 11:30:13 [INFO] 后台自动数据同步线程已创建（不阻塞页面加载）
2026-05-11 11:30:13 [INFO] 后台自动数据同步线程已创建（不阻塞页面加载）
2026-05-11 11:30:13 [INFO] === 启动自动数据补齐（最近 5 个交易日）===
2026-05-11 11:30:13 [INFO] === 启动自动数据补齐（最近 5 个交易日）===
2026-05-11 11:30:13 [INFO] [P0/3] 开始检查并补齐日线数据...
2026-05-11 11:30:13 [INFO] [P0/3] 开始检查并补齐日线数据...
2026-05-11 11:30:13 [INFO] [P0] 正在拉取 20260511 (1/4)...
2026-05-11 11:30:13 [INFO] [P0] 正在拉取 20260511 (1/4)...
2026-05-11 11:30:13 [INFO] [P0] 正在拉取 20260508 (2/4)...
2026-05-11 11:30:13 [INFO] [P0] 正在拉取 20260508 (2/4)...
2026-05-11 11:30:14 [INFO] [P0] 正在拉取 20260507 (3/4)...
2026-05-11 11:30:14 [INFO] [P0] 正在拉取 20260507 (3/4)...
2026-05-11 11:30:15 [INFO] [P0] 正在拉取 20260506 (4/4)...
2026-05-11 11:30:15 [INFO] [P0] 正在拉取 20260506 (4/4)...
2026-05-11 11:30:16 [INFO] [P0] 正在批量写入 5494 只股票的 Parquet 文件...
2026-05-11 11:30:16 [INFO] [P0] 正在批量写入 5494 只股票的 Parquet 文件...
2026-05-11 11:31:10 [INFO] [P0] 正在重建数据视图...
2026-05-11 11:31:10 [INFO] [P0] 正在重建数据视图...
2026-05-11 11:31:15 [INFO] [P0] 同步完成！
2026-05-11 11:31:15 [INFO] [P0] 同步完成！
2026-05-11 11:31:15 [INFO] ✅ [P0/3] 日线数据补齐完成
2026-05-11 11:31:15 [INFO] ✅ [P0/3] 日线数据补齐完成
2026-05-11 11:31:15 [INFO] 同步级别为「仅日线」，跳过分钟线同步
2026-05-11 11:31:15 [INFO] 同步级别为「仅日线」，跳过分钟线同步
2026-05-11 11:31:15 [INFO] === 自动数据补齐全部完成 ===
2026-05-11 11:31:15 [INFO] === 自动数据补齐全部完成 ===
2026-05-11 11:51:32 [INFO] 自动同步级别: daily
2026-05-11 11:51:32 [INFO] 自动同步级别: daily
程已创建（不阻塞页面加载）
2026-05-11 11:51:32 [INFO] 后台自动数据同步线程已创建（不阻塞页面加载）
2026-05-11 11:51:32 [INFO] === 启动自动数据补齐（最近 5 个交易日）===
2026-05-11 11:51:32 [INFO] === 启动自动数据补齐（最近 5 个交易日）===
2026-05-11 11:51:32 [INFO] [P0/3] 开始检查并补齐日线数据...
2026-05-11 11:51:32 [INFO] [P0/3] 开始检查并补齐日线数据...
2026-05-11 11:51:32 [INFO] [P0] 正在拉取 20260511 (1/4)...
2026-05-11 11:51:32 [INFO] [P0] 正在拉取 20260511 (1/4)...
2026-05-11 11:51:32 [INFO] [P0] 正在拉取 20260508 (2/4)...
2026-05-11 11:51:32 [INFO] [P0] 正在拉取 20260508 (2/4)...
2026-05-11 11:51:33 [INFO] [P0] 正在拉取 20260507 (3/4)...
2026-05-11 11:51:33 [INFO] [P0] 正在拉取 20260507 (3/4)...
2026-05-11 11:51:34 [INFO] [P0] 正在拉取 20260506 (4/4)...
2026-05-11 11:51:34 [INFO] [P0] 正在拉取 20260506 (4/4)...
2026-05-11 11:51:34 [INFO] [P0] 正在批量写入 5494 只股票的 Parquet 文件...
2026-05-11 11:51:34 [INFO] [P0] 正在批量写入 5494 只股票的 Parquet 文件...
2026-05-11 11:52:48 [INFO] [P0] 正在重建数据视图...
2026-05-11 11:52:48 [INFO] [P0] 正在重建数据视图...
2026-05-11 11:52:52 [INFO] [P0] 同步完成！
2026-05-11 11:52:52 [INFO] [P0] 同步完成！
2026-05-11 11:52:53 [INFO] ✅ [P0/3] 日线数据补齐完成
2026-05-11 11:52:53 [INFO] ✅ [P0/3] 日线数据补齐完成
2026-05-11 11:52:53 [INFO] 同步级别为「仅日线」，跳过分钟线同步
2026-05-11 11:52:53 [INFO] 同步级别为「仅日线」，跳过分钟线同步
2026-05-11 11:52:53 [INFO] === 自动数据补齐全部完成 ===
2026-05-11 11:52:53 [INFO] === 自动数据补齐全部完成 ===
2026-05-11 17:30:00 [INFO] === 全量数据洗盘开始 ===
2026-05-11 17:30:00 [INFO] === 全量数据洗盘开始 ===
2026-05-11 17:30:00 [INFO] [1/4] 正在同步股票列表（新股/退市检测）...
2026-05-11 17:30:00 [INFO] [1/4] 正在同步股票列表（新股/退市检测）...
2026-05-11 17:30:00 [INFO] ✅ [1/4] 股票列表同步: 新增 0, 退市 312
2026-05-11 17:30:00 [INFO] ✅ [1/4] 股票列表同步: 新增 0, 退市 312
2026-05-11 17:30:00 [INFO] [2/4] 正在同步股票基础信息...
2026-05-11 17:30:00 [INFO] [2/4] 正在同步股票基础信息...
2026-05-11 17:30:01 [INFO] [3/4] 正在同步财务快照...
2026-05-11 17:30:01 [INFO] [3/4] 正在同步财务快照...
2026-05-11 17:32:44 [INFO] ✅ [3/4] 财务快照已完成
2026-05-11 17:32:44 [INFO] ✅ [3/4] 财务快照已完成
2026-05-11 17:32:44 [INFO] [4/4] 正在拉取日 K 线并写入 Parquet...
2026-05-11 17:32:44 [INFO] [4/4] 正在拉取日 K 线并写入 Parquet...
2026-05-11 17:36:32 [INFO] ✅ [4/4] 日 K 线已更新
2026-05-11 17:36:32 [INFO] ✅ [4/4] 日 K 线已更新
2026-05-11 17:36:32 [INFO] ✅ === 全量数据洗盘完成 ===
2026-05-11 17:36:32 [INFO] ✅ === 全量数据洗盘完成 ===
2026-05-11 23:44:01 [INFO] 自动同步级别: daily
2026-05-11 23:44:01 [INFO] === 启动自动数据补齐（最近 5 个交易日）===
2026-05-11 23:44:01 [INFO] 后台自动数据同步线程已创建（不阻塞页面加载）
2026-05-11 23:44:01 [INFO] [P0/3] 开始检查并补齐日线数据...
2026-05-11 23:44:02 [INFO] [P0] 正在拉取 20260511 (1/4)...
2026-05-11 23:44:02 [INFO] [P0] 正在拉取 20260508 (2/4)...
2026-05-11 23:44:03 [INFO] [P0] 正在拉取 20260507 (3/4)...
2026-05-11 23:44:04 [INFO] [P0] 正在拉取 20260506 (4/4)...
2026-05-11 23:44:05 [INFO] [P0] 正在批量写入 5496 只股票的 Parquet 文件...
2026-05-11 23:45:28 [INFO] [P0] 正在重建数据视图...
2026-05-11 23:45:30 [INFO] [P0] 同步完成！
2026-05-11 23:45:30 [INFO] ✅ [P0/3] 日线数据补齐完成
2026-05-11 23:45:30 [INFO] 同步级别为「仅日线」，跳过分钟线同步
2026-05-11 23:45:30 [INFO] === 自动数据补齐全部完成 ===
