2026-04-28 23:17:29 [INFO] 后台自动数据同步线程已创建（不阻塞页面加载）
2026-04-28 23:17:29 [INFO] 自动同步级别: daily
2026-04-28 23:17:29 [INFO] === 启动自动数据补齐（最近 5 个交易日）===
2026-04-28 23:17:29 [INFO] [P0/3] 开始检查并补齐日线数据...
2026-04-28 23:17:29 [INFO] [P0] 正在拉取 20260428 (1/7)...
2026-04-28 23:17:30 [INFO] [P0] 正在拉取 20260427 (2/7)...
2026-04-28 23:17:31 [INFO] [P0] 正在拉取 20260424 (3/7)...
2026-04-28 23:17:32 [INFO] [P0] 正在拉取 20260423 (4/7)...
2026-04-28 23:17:33 [INFO] [P0] 正在拉取 20260422 (5/7)...
2026-04-28 23:17:34 [INFO] [P0] 正在拉取 20260421 (6/7)...
2026-04-28 23:17:35 [INFO] [P0] 正在拉取 20260420 (7/7)...
2026-04-28 23:17:35 [INFO] [P0] 正在批量写入 5507 只股票的 Parquet 文件...
2026-04-28 23:17:37 [WARNING] [P0/3] 日线同步未完成（可能 Tushare 不可用）
2026-04-28 23:17:37 [INFO] 同步级别为「仅日线」，跳过分钟线同步
2026-04-28 23:17:37 [INFO] === 自动数据补齐全部完成 ===
2026-04-28 23:27:26 [INFO] 自动同步级别: daily
2026-04-28 23:27:26 [INFO] 自动同步级别: daily
2026-04-28 23:27:26 [INFO] 后台自动数据同步线程已创建（不阻塞页面加载）
2026-04-28 23:27:26 [INFO] 后台自动数据同步线程已创建（不阻塞页面加载）
2026-04-28 23:27:26 [INFO] === 启动自动数据补齐（最近 5 个交易日）===
2026-04-28 23:27:26 [INFO] === 启动自动数据补齐（最近 5 个交易日）===
2026-04-28 23:27:26 [INFO] [P0/3] 开始检查并补齐日线数据...
2026-04-28 23:27:26 [INFO] [P0/3] 开始检查并补齐日线数据...
2026-04-28 23:27:27 [INFO] [P0] 正在拉取 20260428 (1/7)...
2026-04-28 23:27:27 [INFO] [P0] 正在拉取 20260428 (1/7)...
2026-04-28 23:27:28 [INFO] [P0] 正在拉取 20260427 (2/7)...
2026-04-28 23:27:28 [INFO] [P0] 正在拉取 20260427 (2/7)...
2026-04-28 23:27:28 [INFO] [P0] 正在拉取 20260424 (3/7)...
2026-04-28 23:27:28 [INFO] [P0] 正在拉取 20260424 (3/7)...
2026-04-28 23:27:29 [INFO] [P0] 正在拉取 20260423 (4/7)...
2026-04-28 23:27:29 [INFO] [P0] 正在拉取 20260423 (4/7)...
2026-04-28 23:27:30 [INFO] [P0] 正在拉取 20260422 (5/7)...
2026-04-28 23:27:30 [INFO] [P0] 正在拉取 20260422 (5/7)...
2026-04-28 23:27:31 [INFO] [P0] 正在拉取 20260421 (6/7)...
2026-04-28 23:27:31 [INFO] [P0] 正在拉取 20260421 (6/7)...
2026-04-28 23:27:32 [INFO] [P0] 正在拉取 20260420 (7/7)...
2026-04-28 23:27:32 [INFO] [P0] 正在拉取 20260420 (7/7)...
2026-04-28 23:27:33 [INFO] [P0] 正在批量写入 5507 只股票的 Parquet 文件...
2026-04-28 23:27:33 [INFO] [P0] 正在批量写入 5507 只股票的 Parquet 文件...
2026-04-28 23:27:34 [WARNING] [P0/3] 日线同步未完成（可能 Tushare 不可用）
2026-04-28 23:27:34 [WARNING] [P0/3] 日线同步未完成（可能 Tushare 不可用）
2026-04-28 23:27:34 [INFO] 同步级别为「仅日线」，跳过分钟线同步
2026-04-28 23:27:34 [INFO] 同步级别为「仅日线」，跳过分钟线同步
2026-04-28 23:27:34 [INFO] === 自动数据补齐全部完成 ===
2026-04-28 23:27:34 [INFO] === 自动数据补齐全部完成 ===
2026-04-28 23:31:05 [INFO] 后台自动数据同步线程已创建（不阻塞页面加载）
2026-04-28 23:31:05 [INFO] 后台自动数据同步线程已创建（不阻塞页面加载）
2026-04-28 23:31:05 [INFO] 自动同步级别: daily
2026-04-28 23:31:05 [INFO] 自动同步级别: daily
2026-04-28 23:31:05 [INFO] === 启动自动数据补齐（最近 5 个交易日）===
2026-04-28 23:31:05 [INFO] === 启动自动数据补齐（最近 5 个交易日）===
2026-04-28 23:31:05 [INFO] [P0/3] 开始检查并补齐日线数据...
2026-04-28 23:31:05 [INFO] [P0/3] 开始检查并补齐日线数据...
2026-04-28 23:31:05 [INFO] [P0] 正在拉取 20260428 (1/7)...
2026-04-28 23:31:05 [INFO] [P0] 正在拉取 20260428 (1/7)...
2026-04-28 23:31:07 [INFO] [P0] 正在拉取 20260427 (2/7)...
2026-04-28 23:31:07 [INFO] [P0] 正在拉取 20260427 (2/7)...
2026-04-28 23:31:07 [INFO] [P0] 正在拉取 20260424 (3/7)...
2026-04-28 23:31:07 [INFO] [P0] 正在拉取 20260424 (3/7)...
2026-04-28 23:31:08 [INFO] [P0] 正在拉取 20260423 (4/7)...
2026-04-28 23:31:08 [INFO] [P0] 正在拉取 20260423 (4/7)...
2026-04-28 23:31:09 [INFO] [P0] 正在拉取 20260422 (5/7)...
2026-04-28 23:31:09 [INFO] [P0] 正在拉取 20260422 (5/7)...
2026-04-28 23:31:10 [INFO] [P0] 正在拉取 20260421 (6/7)...
2026-04-28 23:31:10 [INFO] [P0] 正在拉取 20260421 (6/7)...
2026-04-28 23:31:11 [INFO] [P0] 正在拉取 20260420 (7/7)...
2026-04-28 23:31:11 [INFO] [P0] 正在拉取 20260420 (7/7)...
2026-04-28 23:31:12 [INFO] [P0] 正在批量写入 5507 只股票的 Parquet 文件...
2026-04-28 23:31:12 [INFO] [P0] 正在批量写入 5507 只股票的 Parquet 文件...
2026-04-28 23:31:13 [WARNING] [P0/3] 日线同步未完成（可能 Tushare 不可用）
2026-04-28 23:31:13 [WARNING] [P0/3] 日线同步未完成（可能 Tushare 不可用）
2026-04-28 23:31:13 [INFO] 同步级别为「仅日线」，跳过分钟线同步
2026-04-28 23:31:13 [INFO] 同步级别为「仅日线」，跳过分钟线同步
2026-04-28 23:31:13 [INFO] === 自动数据补齐全部完成 ===
2026-04-28 23:31:13 [INFO] === 自动数据补齐全部完成 ===
