2026-05-07 12:01:00 [INFO] 自动同步级别: daily
2026-05-07 12:01:00 [INFO] === 启动自动数据补齐（最近 5 个交易日）===
2026-05-07 12:01:00 [INFO] [P0/3] 开始检查并补齐日线数据...
2026-05-07 12:01:00 [INFO] [P0] 正在拉取 20260507 (1/6)...
2026-05-07 12:01:00 [INFO] [P0] 正在拉取 20260506 (2/6)...
2026-05-07 12:01:01 [INFO] [P0] 正在拉取 20260430 (3/6)...
2026-05-07 12:01:02 [INFO] [P0] 正在拉取 20260429 (4/6)...
2026-05-07 12:01:03 [INFO] [P0] 正在拉取 20260428 (5/6)...
2026-05-07 12:01:04 [INFO] [P0] 正在拉取 20260427 (6/6)...
2026-05-07 12:01:05 [INFO] [P0] 正在批量写入 5507 只股票的 Parquet 文件...
2026-05-07 12:06:34 [INFO] [P0] 正在重建数据视图...
2026-05-07 12:06:44 [INFO] [P0] 同步完成！
2026-05-07 12:06:45 [INFO] ✅ [P0/3] 日线数据补齐完成
2026-05-07 12:06:45 [INFO] 同步级别为「仅日线」，跳过分钟线同步
2026-05-07 12:06:45 [INFO] === 自动数据补齐全部完成 ===
2026-05-07 14:50:39 [INFO] 后台自动数据同步线程已创建（不阻塞页面加载）
2026-05-07 14:50:39 [INFO] 后台自动数据同步线程已创建（不阻塞页面加载）
2026-05-07 14:50:39 [INFO] 自动同步级别: daily
2026-05-07 14:50:39 [INFO] 自动同步级别: daily
2026-05-07 14:50:39 [INFO] === 启动自动数据补齐（最近 5 个交易日）===
2026-05-07 14:50:39 [INFO] === 启动自动数据补齐（最近 5 个交易日）===
2026-05-07 14:50:39 [INFO] [P0/3] 开始检查并补齐日线数据...
2026-05-07 14:50:39 [INFO] [P0/3] 开始检查并补齐日线数据...
2026-05-07 14:50:40 [INFO] [P0] 正在拉取 20260507 (1/6)...
2026-05-07 14:50:40 [INFO] [P0] 正在拉取 20260507 (1/6)...
2026-05-07 14:50:40 [INFO] [P0] 正在拉取 20260506 (2/6)...
2026-05-07 14:50:40 [INFO] [P0] 正在拉取 20260506 (2/6)...
2026-05-07 14:50:41 [INFO] [P0] 正在拉取 20260430 (3/6)...
2026-05-07 14:50:41 [INFO] [P0] 正在拉取 20260430 (3/6)...
2026-05-07 14:50:42 [INFO] [P0] 正在拉取 20260429 (4/6)...
2026-05-07 14:50:42 [INFO] [P0] 正在拉取 20260429 (4/6)...
2026-05-07 14:50:43 [INFO] [P0] 正在拉取 20260428 (5/6)...
2026-05-07 14:50:43 [INFO] [P0] 正在拉取 20260428 (5/6)...
2026-05-07 14:50:44 [INFO] [P0] 正在拉取 20260427 (6/6)...
2026-05-07 14:50:44 [INFO] [P0] 正在拉取 20260427 (6/6)...
2026-05-07 14:50:45 [INFO] [P0] 正在批量写入 5507 只股票的 Parquet 文件...
2026-05-07 14:50:45 [INFO] [P0] 正在批量写入 5507 只股票的 Parquet 文件...
2026-05-07 14:55:42 [INFO] 自动同步级别: daily
2026-05-07 14:55:42 [INFO] 后台自动数据同步线程已创建（不阻塞页面加载）
2026-05-07 14:55:42 [INFO] === 启动自动数据补齐（最近 5 个交易日）===
2026-05-07 14:55:42 [INFO] [P0/3] 开始检查并补齐日线数据...
2026-05-07 14:55:43 [INFO] [P0] 正在拉取 20260507 (1/6)...
2026-05-07 14:55:43 [INFO] [P0] 正在拉取 20260506 (2/6)...
2026-05-07 14:55:43 [INFO] [P0] 正在拉取 20260430 (3/6)...
2026-05-07 14:55:44 [INFO] [P0] 正在拉取 20260429 (4/6)...
2026-05-07 14:55:45 [INFO] [P0] 正在拉取 20260428 (5/6)...
2026-05-07 14:55:46 [INFO] [P0] 正在拉取 20260427 (6/6)...
2026-05-07 14:55:46 [INFO] [P0] 正在批量写入 5507 只股票的 Parquet 文件...
2026-05-07 14:57:07 [INFO] [P0] 正在重建数据视图...
2026-05-07 14:57:10 [INFO] [P0] 同步完成！
2026-05-07 14:57:10 [INFO] ✅ [P0/3] 日线数据补齐完成
2026-05-07 14:57:10 [INFO] 同步级别为「仅日线」，跳过分钟线同步
2026-05-07 14:57:10 [INFO] === 自动数据补齐全部完成 ===
2026-05-07 14:57:59 [INFO] 自动同步级别: daily
2026-05-07 14:57:59 [INFO] === 启动自动数据补齐（最近 5 个交易日）===
2026-05-07 14:57:59 [INFO] 后台自动数据同步线程已创建（不阻塞页面加载）
2026-05-07 14:57:59 [INFO] [P0] 正在拉取 20260507 (1/6)...
2026-05-07 14:57:59 [INFO] [P0] 正在拉取 20260506 (2/6)...
2026-05-07 14:58:00 [INFO] [P0] 正在拉取 20260430 (3/6)...
2026-05-07 14:58:01 [INFO] [P0] 正在拉取 20260429 (4/6)...
2026-05-07 14:58:02 [INFO] [P0] 正在拉取 20260428 (5/6)...
2026-05-07 14:58:03 [INFO] [P0] 正在拉取 20260427 (6/6)...
2026-05-07 14:58:04 [INFO] [P0] 正在批量写入 5507 只股票的 Parquet 文件...
2026-05-07 14:58:27 [INFO] 后台自动数据同步线程已创建（不阻塞页面加载）
2026-05-07 14:58:27 [INFO] 后台自动数据同步线程已创建（不阻塞页面加载）
2026-05-07 14:58:27 [INFO] 自动同步级别: daily
2026-05-07 14:58:27 [INFO] 自动同步级别: daily
2026-05-07 14:58:27 [INFO] === 启动自动数据补齐（最近 5 个交易日）===
2026-05-07 14:58:27 [INFO] === 启动自动数据补齐（最近 5 个交易日）===
2026-05-07 14:58:27 [INFO] [P0/3] 开始检查并补齐日线数据...
2026-05-07 14:58:27 [INFO] [P0/3] 开始检查并补齐日线数据...
2026-05-07 14:58:27 [INFO] [P0] 正在拉取 20260507 (1/6)...
2026-05-07 14:58:27 [INFO] [P0] 正在拉取 20260507 (1/6)...
2026-05-07 14:58:27 [INFO] [P0] 正在拉取 20260506 (2/6)...
2026-05-07 14:58:27 [INFO] [P0] 正在拉取 20260506 (2/6)...
2026-05-07 14:58:28 [INFO] [P0] 正在拉取 20260430 (3/6)...
2026-05-07 14:58:28 [INFO] [P0] 正在拉取 20260430 (3/6)...
2026-05-07 14:58:29 [INFO] [P0] 正在拉取 20260429 (4/6)...
2026-05-07 14:58:29 [INFO] [P0] 正在拉取 20260429 (4/6)...
2026-05-07 14:58:29 [INFO] [P0] 正在拉取 20260428 (5/6)...
2026-05-07 14:58:29 [INFO] [P0] 正在拉取 20260428 (5/6)...
2026-05-07 14:58:30 [INFO] [P0] 正在拉取 20260427 (6/6)...
2026-05-07 14:58:30 [INFO] [P0] 正在拉取 20260427 (6/6)...
2026-05-07 14:58:31 [INFO] [P0] 正在批量写入 5507 只股票的 Parquet 文件...
2026-05-07 14:58:31 [INFO] [P0] 正在批量写入 5507 只股票的 Parquet 文件...
2026-05-07 14:59:41 [INFO] [P0] 正在重建数据视图...
2026-05-07 14:59:41 [INFO] [P0] 正在重建数据视图...
2026-05-07 14:59:45 [INFO] [P0] 同步完成！
2026-05-07 14:59:45 [INFO] [P0] 同步完成！
2026-05-07 14:59:45 [INFO] ✅ [P0/3] 日线数据补齐完成
2026-05-07 14:59:45 [INFO] ✅ [P0/3] 日线数据补齐完成
2026-05-07 14:59:45 [INFO] 同步级别为「仅日线」，跳过分钟线同步
2026-05-07 14:59:45 [INFO] 同步级别为「仅日线」，跳过分钟线同步
2026-05-07 14:59:45 [INFO] === 自动数据补齐全部完成 ===
2026-05-07 14:59:45 [INFO] === 自动数据补齐全部完成 ===
2026-05-07 15:03:31 [INFO] 自动同步级别: daily
2026-05-07 15:03:31 [INFO] 自动同步级别: daily
2026-05-07 15:03:31 [INFO] 后台自动数据同步线程已创建（不阻塞页面加载）
2026-05-07 15:03:31 [INFO] 后台自动数据同步线程已创建（不阻塞页面加载）
2026-05-07 15:03:31 [INFO] === 启动自动数据补齐（最近 5 个交易日）===
2026-05-07 15:03:31 [INFO] === 启动自动数据补齐（最近 5 个交易日）===
2026-05-07 15:03:31 [INFO] [P0/3] 开始检查并补齐日线数据...
2026-05-07 15:03:31 [INFO] [P0/3] 开始检查并补齐日线数据...
2026-05-07 15:03:31 [INFO] [P0] 正在拉取 20260507 (1/6)...
2026-05-07 15:03:31 [INFO] [P0] 正在拉取 20260507 (1/6)...
2026-05-07 15:03:31 [INFO] [P0] 正在拉取 20260506 (2/6)...
2026-05-07 15:03:31 [INFO] [P0] 正在拉取 20260506 (2/6)...
2026-05-07 15:03:32 [INFO] [P0] 正在拉取 20260430 (3/6)...
2026-05-07 15:03:32 [INFO] [P0] 正在拉取 20260430 (3/6)...
2026-05-07 15:03:32 [INFO] [P0] 正在拉取 20260429 (4/6)...
2026-05-07 15:03:32 [INFO] [P0] 正在拉取 20260429 (4/6)...
2026-05-07 15:03:33 [INFO] [P0] 正在拉取 20260428 (5/6)...
2026-05-07 15:03:33 [INFO] [P0] 正在拉取 20260428 (5/6)...
2026-05-07 15:03:34 [INFO] [P0] 正在拉取 20260427 (6/6)...
2026-05-07 15:03:34 [INFO] [P0] 正在拉取 20260427 (6/6)...
2026-05-07 15:03:34 [INFO] [P0] 正在批量写入 5507 只股票的 Parquet 文件...
2026-05-07 15:03:34 [INFO] [P0] 正在批量写入 5507 只股票的 Parquet 文件...
2026-05-07 15:04:42 [INFO] 后台自动数据同步线程已创建（不阻塞页面加载）
2026-05-07 15:04:42 [INFO] 后台自动数据同步线程已创建（不阻塞页面加载）
2026-05-07 15:04:42 [INFO] 自动同步级别: daily
2026-05-07 15:04:42 [INFO] 自动同步级别: daily
2026-05-07 15:04:42 [INFO] === 启动自动数据补齐（最近 5 个交易日）===
2026-05-07 15:04:42 [INFO] === 启动自动数据补齐（最近 5 个交易日）===
2026-05-07 15:04:42 [INFO] [P0/3] 开始检查并补齐日线数据...
2026-05-07 15:04:42 [INFO] [P0/3] 开始检查并补齐日线数据...
2026-05-07 15:04:42 [INFO] [P0] 正在拉取 20260507 (1/6)...
2026-05-07 15:04:42 [INFO] [P0] 正在拉取 20260507 (1/6)...
2026-05-07 15:04:42 [INFO] [P0] 正在拉取 20260506 (2/6)...
2026-05-07 15:04:42 [INFO] [P0] 正在拉取 20260506 (2/6)...
2026-05-07 15:04:43 [INFO] [P0] 正在拉取 20260430 (3/6)...
2026-05-07 15:04:43 [INFO] [P0] 正在拉取 20260430 (3/6)...
2026-05-07 15:04:44 [INFO] [P0] 正在拉取 20260429 (4/6)...
2026-05-07 15:04:44 [INFO] [P0] 正在拉取 20260429 (4/6)...
2026-05-07 15:04:44 [INFO] [P0] 正在拉取 20260428 (5/6)...
2026-05-07 15:04:44 [INFO] [P0] 正在拉取 20260428 (5/6)...
2026-05-07 15:04:45 [INFO] [P0] 正在拉取 20260427 (6/6)...
2026-05-07 15:04:45 [INFO] [P0] 正在拉取 20260427 (6/6)...
2026-05-07 15:04:46 [INFO] [P0] 正在批量写入 5507 只股票的 Parquet 文件...
2026-05-07 15:04:46 [INFO] [P0] 正在批量写入 5507 只股票的 Parquet 文件...
2026-05-07 15:05:50 [INFO] [P0] 正在重建数据视图...
2026-05-07 15:05:50 [INFO] [P0] 正在重建数据视图...
2026-05-07 15:05:54 [INFO] [P0] 同步完成！
2026-05-07 15:05:54 [INFO] [P0] 同步完成！
2026-05-07 15:05:54 [INFO] ✅ [P0/3] 日线数据补齐完成
2026-05-07 15:05:54 [INFO] ✅ [P0/3] 日线数据补齐完成
2026-05-07 15:05:54 [INFO] 同步级别为「仅日线」，跳过分钟线同步
2026-05-07 15:05:54 [INFO] 同步级别为「仅日线」，跳过分钟线同步
2026-05-07 15:05:54 [INFO] === 自动数据补齐全部完成 ===
2026-05-07 15:05:54 [INFO] === 自动数据补齐全部完成 ===
2026-05-07 15:09:21 [INFO] 后台自动数据同步线程已创建（不阻塞页面加载）
2026-05-07 15:09:21 [INFO] 后台自动数据同步线程已创建（不阻塞页面加载）
2026-05-07 15:09:21 [INFO] 自动同步级别: daily
2026-05-07 15:09:21 [INFO] 自动同步级别: daily
2026-05-07 15:09:21 [INFO] === 启动自动数据补齐（最近 5 个交易日）===
2026-05-07 15:09:21 [INFO] === 启动自动数据补齐（最近 5 个交易日）===
2026-05-07 15:09:21 [INFO] [P0/3] 开始检查并补齐日线数据...
2026-05-07 15:09:21 [INFO] [P0/3] 开始检查并补齐日线数据...
2026-05-07 15:09:21 [INFO] [P0] 正在拉取 20260507 (1/6)...
2026-05-07 15:09:21 [INFO] [P0] 正在拉取 20260507 (1/6)...
2026-05-07 15:09:21 [INFO] [P0] 正在拉取 20260506 (2/6)...
2026-05-07 15:09:21 [INFO] [P0] 正在拉取 20260506 (2/6)...
2026-05-07 15:09:22 [INFO] [P0] 正在拉取 20260430 (3/6)...
2026-05-07 15:09:22 [INFO] [P0] 正在拉取 20260430 (3/6)...
2026-05-07 15:09:23 [INFO] [P0] 正在拉取 20260429 (4/6)...
2026-05-07 15:09:23 [INFO] [P0] 正在拉取 20260429 (4/6)...
2026-05-07 15:09:23 [INFO] [P0] 正在拉取 20260428 (5/6)...
2026-05-07 15:09:23 [INFO] [P0] 正在拉取 20260428 (5/6)...
2026-05-07 15:09:24 [INFO] [P0] 正在拉取 20260427 (6/6)...
2026-05-07 15:09:24 [INFO] [P0] 正在拉取 20260427 (6/6)...
2026-05-07 15:09:25 [INFO] [P0] 正在批量写入 5507 只股票的 Parquet 文件...
2026-05-07 15:09:25 [INFO] [P0] 正在批量写入 5507 只股票的 Parquet 文件...
2026-05-07 15:11:58 [INFO] [P0] 正在重建数据视图...
2026-05-07 15:11:58 [INFO] [P0] 正在重建数据视图...
2026-05-07 15:12:02 [INFO] [P0] 同步完成！
2026-05-07 15:12:02 [INFO] [P0] 同步完成！
2026-05-07 15:12:02 [INFO] ✅ [P0/3] 日线数据补齐完成
2026-05-07 15:12:02 [INFO] ✅ [P0/3] 日线数据补齐完成
2026-05-07 15:12:02 [INFO] 同步级别为「仅日线」，跳过分钟线同步
2026-05-07 15:12:02 [INFO] 同步级别为「仅日线」，跳过分钟线同步
2026-05-07 15:12:02 [INFO] === 自动数据补齐全部完成 ===
2026-05-07 15:12:02 [INFO] === 自动数据补齐全部完成 ===
2026-05-07 15:13:44 [INFO] 后台自动数据同步线程已创建（不阻塞页面加载）
2026-05-07 15:13:44 [INFO] 自动同步级别: daily
2026-05-07 15:13:44 [INFO] === 启动自动数据补齐（最近 5 个交易日）===
2026-05-07 15:13:44 [INFO] [P0/3] 开始检查并补齐日线数据...
2026-05-07 15:13:44 [INFO] [P0] 正在拉取 20260507 (1/6)...
2026-05-07 15:13:44 [INFO] [P0] 正在拉取 20260506 (2/6)...
2026-05-07 15:13:45 [INFO] [P0] 正在拉取 20260430 (3/6)...
2026-05-07 15:13:46 [INFO] [P0] 正在拉取 20260429 (4/6)...
2026-05-07 15:13:46 [INFO] [P0] 正在拉取 20260428 (5/6)...
2026-05-07 15:13:47 [INFO] [P0] 正在拉取 20260427 (6/6)...
2026-05-07 15:13:48 [INFO] [P0] 正在批量写入 5507 只股票的 Parquet 文件...
2026-05-07 15:14:48 [INFO] [P0] 正在重建数据视图...
2026-05-07 15:14:52 [INFO] [P0] 同步完成！
2026-05-07 15:14:52 [INFO] ✅ [P0/3] 日线数据补齐完成
2026-05-07 15:14:52 [INFO] 同步级别为「仅日线」，跳过分钟线同步
2026-05-07 15:14:52 [INFO] === 自动数据补齐全部完成 ===
2026-05-07 15:35:33 [INFO] 自动同步级别: daily
2026-05-07 15:35:33 [INFO] === 启动自动数据补齐（最近 5 个交易日）===
2026-05-07 15:35:33 [INFO] [P0/3] 开始检查并补齐日线数据...
2026-05-07 15:35:33 [INFO] 后台自动数据同步线程已创建（不阻塞页面加载）
2026-05-07 15:35:33 [INFO] [P0] 正在拉取 20260507 (1/6)...
2026-05-07 15:35:33 [INFO] [P0] 正在拉取 20260506 (2/6)...
2026-05-07 15:35:34 [INFO] [P0] 正在拉取 20260430 (3/6)...
2026-05-07 15:35:34 [INFO] [P0] 正在拉取 20260429 (4/6)...
2026-05-07 15:35:35 [INFO] [P0] 正在拉取 20260428 (5/6)...
2026-05-07 15:35:36 [INFO] [P0] 正在拉取 20260427 (6/6)...
2026-05-07 15:35:36 [INFO] [P0] 正在批量写入 5507 只股票的 Parquet 文件...
2026-05-07 15:36:29 [INFO] [P0] 正在重建数据视图...
2026-05-07 15:36:36 [INFO] [P0] 同步完成！
2026-05-07 15:36:36 [INFO] ✅ [P0/3] 日线数据补齐完成
2026-05-07 15:36:36 [INFO] 同步级别为「仅日线」，跳过分钟线同步
2026-05-07 15:36:36 [INFO] === 自动数据补齐全部完成 ===
2026-05-07 15:39:50 [INFO] 后台自动数据同步线程已创建（不阻塞页面加载）
2026-05-07 15:39:50 [INFO] 自动同步级别: daily
2026-05-07 15:39:50 [INFO] === 启动自动数据补齐（最近 5 个交易日）===
2026-05-07 15:39:50 [INFO] [P0/3] 开始检查并补齐日线数据...
2026-05-07 15:39:51 [INFO] [P0] 正在拉取 20260507 (1/6)...
2026-05-07 15:39:51 [INFO] [P0] 正在拉取 20260506 (2/6)...
2026-05-07 15:39:51 [INFO] [P0] 正在拉取 20260430 (3/6)...
2026-05-07 15:39:52 [INFO] [P0] 正在拉取 20260429 (4/6)...
2026-05-07 15:39:53 [INFO] [P0] 正在拉取 20260428 (5/6)...
2026-05-07 15:39:54 [INFO] [P0] 正在拉取 20260427 (6/6)...
2026-05-07 15:39:54 [INFO] [P0] 正在批量写入 5507 只股票的 Parquet 文件...
2026-05-07 15:40:52 [INFO] [P0] 正在重建数据视图...
2026-05-07 15:40:56 [INFO] [P0] 同步完成！
2026-05-07 15:40:56 [INFO] ✅ [P0/3] 日线数据补齐完成
2026-05-07 15:40:56 [INFO] 同步级别为「仅日线」，跳过分钟线同步
2026-05-07 15:40:56 [INFO] === 自动数据补齐全部完成 ===
2026-05-07 15:43:48 [INFO] 自动同步级别: daily
2026-05-07 15:43:48 [INFO] === 启动自动数据补齐（最近 5 个交易日）===
2026-05-07 15:43:48 [INFO] [P0/3] 开始检查并补齐日线数据...
2026-05-07 15:43:48 [INFO] 后台自动数据同步线程已创建（不阻塞页面加载）
2026-05-07 15:43:48 [INFO] [P0] 正在拉取 20260507 (1/6)...
2026-05-07 15:43:48 [INFO] [P0] 正在拉取 20260506 (2/6)...
2026-05-07 15:43:49 [INFO] [P0] 正在拉取 20260430 (3/6)...
2026-05-07 15:43:49 [INFO] [P0] 正在拉取 20260429 (4/6)...
2026-05-07 15:43:50 [INFO] [P0] 正在拉取 20260428 (5/6)...
2026-05-07 15:43:51 [INFO] [P0] 正在拉取 20260427 (6/6)...
2026-05-07 15:43:52 [INFO] [P0] 正在批量写入 5507 只股票的 Parquet 文件...
2026-05-07 15:44:54 [INFO] [P0] 正在重建数据视图...
2026-05-07 15:45:01 [INFO] [P0] 同步完成！
2026-05-07 15:45:01 [INFO] ✅ [P0/3] 日线数据补齐完成
2026-05-07 15:45:01 [INFO] 同步级别为「仅日线」，跳过分钟线同步
2026-05-07 15:45:01 [INFO] === 自动数据补齐全部完成 ===
2026-05-07 15:49:01 [INFO] === 启动自动数据补齐（最近 5 个交易日）===
2026-05-07 15:49:01 [INFO] [P0/3] 开始检查并补齐日线数据...
2026-05-07 15:49:01 [INFO] 后台自动数据同步线程已创建（不阻塞页面加载）
2026-05-07 15:49:01 [INFO] [P0] 正在拉取 20260507 (1/6)...
2026-05-07 15:49:01 [INFO] [P0] 正在拉取 20260506 (2/6)...
2026-05-07 15:49:02 [INFO] [P0] 正在拉取 20260430 (3/6)...
2026-05-07 15:49:02 [INFO] [P0] 正在拉取 20260429 (4/6)...
2026-05-07 15:49:03 [INFO] [P0] 正在拉取 20260428 (5/6)...
2026-05-07 15:49:04 [INFO] [P0] 正在拉取 20260427 (6/6)...
2026-05-07 15:49:05 [INFO] [P0] 正在批量写入 5507 只股票的 Parquet 文件...
2026-05-07 15:50:05 [INFO] [P0] 正在重建数据视图...
2026-05-07 15:50:12 [INFO] [P0] 同步完成！
2026-05-07 15:50:12 [INFO] ✅ [P0/3] 日线数据补齐完成
2026-05-07 15:50:12 [INFO] 同步级别为「仅日线」，跳过分钟线同步
2026-05-07 15:50:12 [INFO] === 自动数据补齐全部完成 ===
2026-05-07 15:51:45 [INFO] 自动同步级别: daily
2026-05-07 15:51:45 [INFO] === 启动自动数据补齐（最近 5 个交易日）===
2026-05-07 15:51:45 [INFO] 后台自动数据同步线程已创建（不阻塞页面加载）
2026-05-07 15:51:45 [INFO] [P0/3] 开始检查并补齐日线数据...
2026-05-07 15:51:45 [INFO] [P0] 正在拉取 20260507 (1/6)...
2026-05-07 15:51:45 [INFO] [P0] 正在拉取 20260506 (2/6)...
2026-05-07 15:51:46 [INFO] [P0] 正在拉取 20260430 (3/6)...
2026-05-07 15:51:47 [INFO] [P0] 正在拉取 20260429 (4/6)...
2026-05-07 15:51:47 [INFO] [P0] 正在拉取 20260428 (5/6)...
2026-05-07 15:51:48 [INFO] [P0] 正在拉取 20260427 (6/6)...
2026-05-07 15:51:49 [INFO] [P0] 正在批量写入 5507 只股票的 Parquet 文件...
2026-05-07 15:52:48 [INFO] [P0] 正在重建数据视图...
2026-05-07 15:52:54 [INFO] [P0] 同步完成！
2026-05-07 15:52:55 [INFO] ✅ [P0/3] 日线数据补齐完成
2026-05-07 15:52:55 [INFO] 同步级别为「仅日线」，跳过分钟线同步
2026-05-07 15:52:55 [INFO] === 自动数据补齐全部完成 ===
2026-05-07 15:54:30 [INFO] 自动同步级别: daily
2026-05-07 15:54:30 [INFO] 自动同步级别: daily
2026-05-07 15:54:30 [INFO] === 启动自动数据补齐（最近 5 个交易日）===
2026-05-07 15:54:30 [INFO] === 启动自动数据补齐（最近 5 个交易日）===
2026-05-07 15:54:30 [INFO] 后台自动数据同步线程已创建（不阻塞页面加载）
2026-05-07 15:54:30 [INFO] 后台自动数据同步线程已创建（不阻塞页面加载）
2026-05-07 15:54:30 [INFO] [P0/3] 开始检查并补齐日线数据...
2026-05-07 15:54:30 [INFO] [P0/3] 开始检查并补齐日线数据...
2026-05-07 15:54:31 [INFO] [P0] 正在拉取 20260507 (1/6)...
2026-05-07 15:54:31 [INFO] [P0] 正在拉取 20260507 (1/6)...
2026-05-07 15:54:31 [INFO] [P0] 正在拉取 20260506 (2/6)...
2026-05-07 15:54:31 [INFO] [P0] 正在拉取 20260506 (2/6)...
2026-05-07 15:54:31 [INFO] [P0] 正在拉取 20260430 (3/6)...
2026-05-07 15:54:31 [INFO] [P0] 正在拉取 20260430 (3/6)...
2026-05-07 15:54:32 [INFO] [P0] 正在拉取 20260429 (4/6)...
2026-05-07 15:54:32 [INFO] [P0] 正在拉取 20260429 (4/6)...
2026-05-07 15:54:33 [INFO] [P0] 正在拉取 20260428 (5/6)...
2026-05-07 15:54:33 [INFO] [P0] 正在拉取 20260428 (5/6)...
2026-05-07 15:54:34 [INFO] [P0] 正在拉取 20260427 (6/6)...
2026-05-07 15:54:34 [INFO] [P0] 正在拉取 20260427 (6/6)...
2026-05-07 15:54:34 [INFO] [P0] 正在批量写入 5507 只股票的 Parquet 文件...
2026-05-07 15:54:34 [INFO] [P0] 正在批量写入 5507 只股票的 Parquet 文件...
2026-05-07 15:55:33 [INFO] [P0] 正在重建数据视图...
2026-05-07 15:55:33 [INFO] [P0] 正在重建数据视图...
2026-05-07 15:55:40 [INFO] [P0] 同步完成！
2026-05-07 15:55:40 [INFO] [P0] 同步完成！
2026-05-07 15:55:40 [INFO] ✅ [P0/3] 日线数据补齐完成
2026-05-07 15:55:40 [INFO] ✅ [P0/3] 日线数据补齐完成
2026-05-07 15:55:40 [INFO] 同步级别为「仅日线」，跳过分钟线同步
2026-05-07 15:55:40 [INFO] 同步级别为「仅日线」，跳过分钟线同步
2026-05-07 15:55:40 [INFO] === 自动数据补齐全部完成 ===
2026-05-07 15:55:40 [INFO] === 自动数据补齐全部完成 ===
2026-05-07 17:30:00 [INFO] === 全量数据洗盘开始 ===
2026-05-07 17:30:00 [INFO] === 全量数据洗盘开始 ===
2026-05-07 17:30:00 [INFO] [1/4] 正在同步股票列表（新股/退市检测）...
2026-05-07 17:30:00 [INFO] [1/4] 正在同步股票列表（新股/退市检测）...
2026-05-07 17:30:02 [WARNING] [1/4] 股票列表同步: 无法从 QMT Proxy 获取股票列表，请检查 Windows 端代理服务
2026-05-07 17:30:02 [WARNING] [1/4] 股票列表同步: 无法从 QMT Proxy 获取股票列表，请检查 Windows 端代理服务
2026-05-07 17:30:02 [INFO] [2/4] 正在同步股票基础信息...
2026-05-07 17:30:02 [INFO] [2/4] 正在同步股票基础信息...
2026-05-07 17:30:02 [INFO] [3/4] 正在同步财务快照...
2026-05-07 17:30:02 [INFO] [3/4] 正在同步财务快照...
2026-05-07 17:32:49 [INFO] ✅ [3/4] 财务快照已完成
2026-05-07 17:32:49 [INFO] ✅ [3/4] 财务快照已完成
2026-05-07 17:32:49 [INFO] [4/4] 正在拉取日 K 线并写入 Parquet...
2026-05-07 17:32:49 [INFO] [4/4] 正在拉取日 K 线并写入 Parquet...
2026-05-07 17:34:05 [INFO] ✅ [4/4] 日 K 线已更新
2026-05-07 17:34:05 [INFO] ✅ [4/4] 日 K 线已更新
2026-05-07 17:34:05 [INFO] ✅ === 全量数据洗盘完成 ===
2026-05-07 17:34:05 [INFO] ✅ === 全量数据洗盘完成 ===
2026-05-07 20:43:34 [INFO] 后台自动数据同步线程已创建（不阻塞页面加载）
2026-05-07 20:43:34 [INFO] 后台自动数据同步线程已创建（不阻塞页面加载）
2026-05-07 20:43:34 [INFO] 自动同步级别: daily
2026-05-07 20:43:34 [INFO] 自动同步级别: daily
2026-05-07 20:43:34 [INFO] === 启动自动数据补齐（最近 5 个交易日）===
2026-05-07 20:43:34 [INFO] === 启动自动数据补齐（最近 5 个交易日）===
2026-05-07 20:43:34 [INFO] [P0/3] 开始检查并补齐日线数据...
2026-05-07 20:43:34 [INFO] [P0/3] 开始检查并补齐日线数据...
2026-05-07 20:43:34 [INFO] [P0] 正在拉取 20260507 (1/6)...
2026-05-07 20:43:34 [INFO] [P0] 正在拉取 20260507 (1/6)...
2026-05-07 20:43:35 [INFO] [P0] 正在拉取 20260506 (2/6)...
2026-05-07 20:43:35 [INFO] [P0] 正在拉取 20260506 (2/6)...
2026-05-07 20:43:36 [INFO] [P0] 正在拉取 20260430 (3/6)...
2026-05-07 20:43:36 [INFO] [P0] 正在拉取 20260430 (3/6)...
2026-05-07 20:43:36 [INFO] [P0] 正在拉取 20260429 (4/6)...
2026-05-07 20:43:36 [INFO] [P0] 正在拉取 20260429 (4/6)...
2026-05-07 20:43:37 [INFO] [P0] 正在拉取 20260428 (5/6)...
2026-05-07 20:43:37 [INFO] [P0] 正在拉取 20260428 (5/6)...
2026-05-07 20:43:38 [INFO] [P0] 正在拉取 20260427 (6/6)...
2026-05-07 20:43:38 [INFO] [P0] 正在拉取 20260427 (6/6)...
2026-05-07 20:43:39 [INFO] [P0] 正在批量写入 5510 只股票的 Parquet 文件...
2026-05-07 20:43:39 [INFO] [P0] 正在批量写入 5510 只股票的 Parquet 文件...
2026-05-07 20:45:29 [INFO] [P0] 正在重建数据视图...
2026-05-07 20:45:29 [INFO] [P0] 正在重建数据视图...
2026-05-07 20:45:32 [INFO] [P0] 同步完成！
2026-05-07 20:45:32 [INFO] [P0] 同步完成！
2026-05-07 20:45:32 [INFO] ✅ [P0/3] 日线数据补齐完成
2026-05-07 20:45:32 [INFO] ✅ [P0/3] 日线数据补齐完成
2026-05-07 20:45:32 [INFO] 同步级别为「仅日线」，跳过分钟线同步
2026-05-07 20:45:32 [INFO] 同步级别为「仅日线」，跳过分钟线同步
2026-05-07 20:45:32 [INFO] === 自动数据补齐全部完成 ===
2026-05-07 20:45:32 [INFO] === 自动数据补齐全部完成 ===
2026-05-07 21:42:34 [INFO] === 启动自动数据补齐（最近 5 个交易日）===
2026-05-07 21:42:34 [INFO] [P0/3] 开始检查并补齐日线数据...
2026-05-07 21:42:34 [INFO] 后台自动数据同步线程已创建（不阻塞页面加载）
2026-05-07 21:42:34 [INFO] [P0] 正在拉取 20260507 (1/6)...
2026-05-07 21:42:35 [INFO] [P0] 正在拉取 20260506 (2/6)...
2026-05-07 21:42:35 [INFO] [P0] 正在拉取 20260430 (3/6)...
2026-05-07 21:42:36 [INFO] [P0] 正在拉取 20260429 (4/6)...
2026-05-07 21:42:37 [INFO] [P0] 正在拉取 20260428 (5/6)...
2026-05-07 21:42:38 [INFO] [P0] 正在拉取 20260427 (6/6)...
2026-05-07 21:42:38 [INFO] [P0] 正在批量写入 5510 只股票的 Parquet 文件...
2026-05-07 21:43:28 [INFO] [P0] 正在重建数据视图...
2026-05-07 21:43:31 [INFO] [P0] 同步完成！
2026-05-07 21:43:31 [INFO] ✅ [P0/3] 日线数据补齐完成
2026-05-07 21:43:31 [INFO] 同步级别为「仅日线」，跳过分钟线同步
2026-05-07 21:43:31 [INFO] === 自动数据补齐全部完成 ===
