2026-05-15 08:05:42 [INFO] 自动同步级别: daily
2026-05-15 08:05:42 [INFO] 自动同步级别: daily
2026-05-15 08:05:42 [INFO] === 启动自动数据补齐（最近 5 个交易日）===
2026-05-15 08:05:42 [INFO] === 启动自动数据补齐（最近 5 个交易日）===
2026-05-15 08:05:42 [INFO] [P0/3] 开始检查并补齐日线数据...
2026-05-15 08:05:42 [INFO] [P0/3] 开始检查并补齐日线数据...
2026-05-15 08:05:42 [INFO] 后台自动数据同步线程已创建（不阻塞页面加载）
2026-05-15 08:05:42 [INFO] 后台自动数据同步线程已创建（不阻塞页面加载）
2026-05-15 08:05:42 [INFO] [P0] 正在拉取 20260515 (1/8)...
2026-05-15 08:05:42 [INFO] [P0] 正在拉取 20260515 (1/8)...
2026-05-15 08:05:42 [INFO] [P0] 正在拉取 20260514 (2/8)...
2026-05-15 08:05:42 [INFO] [P0] 正在拉取 20260514 (2/8)...
2026-05-15 08:05:43 [INFO] [P0] 正在拉取 20260513 (3/8)...
2026-05-15 08:05:43 [INFO] [P0] 正在拉取 20260513 (3/8)...
2026-05-15 08:05:44 [INFO] [P0] 正在拉取 20260512 (4/8)...
2026-05-15 08:05:44 [INFO] [P0] 正在拉取 20260512 (4/8)...
2026-05-15 08:05:45 [INFO] [P0] 正在拉取 20260511 (5/8)...
2026-05-15 08:05:45 [INFO] [P0] 正在拉取 20260511 (5/8)...
2026-05-15 08:05:46 [INFO] [P0] 正在拉取 20260508 (6/8)...
2026-05-15 08:05:46 [INFO] [P0] 正在拉取 20260508 (6/8)...
2026-05-15 08:05:47 [INFO] [P0] 正在拉取 20260507 (7/8)...
2026-05-15 08:05:47 [INFO] [P0] 正在拉取 20260507 (7/8)...
2026-05-15 08:05:48 [INFO] [P0] 正在拉取 20260506 (8/8)...
2026-05-15 08:05:48 [INFO] [P0] 正在拉取 20260506 (8/8)...
2026-05-15 08:05:49 [INFO] [P0] 正在批量写入 5498 只股票的 Parquet 文件...
2026-05-15 08:05:49 [INFO] [P0] 正在批量写入 5498 只股票的 Parquet 文件...
2026-05-15 08:08:53 [INFO] [P0] 正在重建数据视图...
2026-05-15 08:08:53 [INFO] [P0] 正在重建数据视图...
2026-05-15 08:08:56 [INFO] [P0] 同步完成！
2026-05-15 08:08:56 [INFO] [P0] 同步完成！
2026-05-15 08:08:56 [INFO] ✅ [P0/3] 日线数据补齐完成
2026-05-15 08:08:56 [INFO] ✅ [P0/3] 日线数据补齐完成
2026-05-15 08:08:56 [INFO] 同步级别为「仅日线」，跳过分钟线同步
2026-05-15 08:08:56 [INFO] 同步级别为「仅日线」，跳过分钟线同步
2026-05-15 08:08:56 [INFO] === 自动数据补齐全部完成 ===
2026-05-15 08:08:56 [INFO] === 自动数据补齐全部完成 ===
2026-05-15 08:30:00 [INFO] === 全量数据洗盘开始 ===
2026-05-15 08:30:00 [INFO] === 全量数据洗盘开始 ===
2026-05-15 08:30:00 [INFO] [1/4] 正在同步股票列表（新股/退市检测）...
2026-05-15 08:30:00 [INFO] [1/4] 正在同步股票列表（新股/退市检测）...
2026-05-15 08:30:00 [INFO] ✅ [1/4] 股票列表同步: 新增 0, 退市 312
2026-05-15 08:30:00 [INFO] ✅ [1/4] 股票列表同步: 新增 0, 退市 312
2026-05-15 08:30:00 [INFO] [2/4] 正在同步股票基础信息...
2026-05-15 08:30:00 [INFO] [2/4] 正在同步股票基础信息...
2026-05-15 08:30:00 [INFO] [3/4] 正在同步财务快照...
2026-05-15 08:30:00 [INFO] [3/4] 正在同步财务快照...
2026-05-15 08:30:00 [INFO] ✅ [3/4] 财务快照已完成
2026-05-15 08:30:00 [INFO] ✅ [3/4] 财务快照已完成
2026-05-15 08:30:00 [INFO] [4/4] 正在拉取日 K 线并写入 Parquet...
2026-05-15 08:30:00 [INFO] [4/4] 正在拉取日 K 线并写入 Parquet...
2026-05-15 08:34:16 [INFO] ✅ [4/4] 日 K 线已更新
2026-05-15 08:34:16 [INFO] ✅ [4/4] 日 K 线已更新
2026-05-15 08:34:16 [INFO] ✅ === 全量数据洗盘完成 ===
2026-05-15 08:34:16 [INFO] ✅ === 全量数据洗盘完成 ===
