2026-04-30 08:50:40 [INFO] 后台自动数据同步线程已创建（不阻塞页面加载）
2026-04-30 08:50:40 [INFO] 自动同步级别: daily
2026-04-30 08:50:40 [INFO] === 启动自动数据补齐（最近 5 个交易日）===
2026-04-30 08:50:40 [INFO] [P0/3] 开始检查并补齐日线数据...
2026-04-30 08:50:40 [INFO] [P0] 正在拉取 20260430 (1/9)...
2026-04-30 08:50:40 [INFO] [P0] 正在拉取 20260429 (2/9)...
2026-04-30 08:50:41 [INFO] [P0] 正在拉取 20260428 (3/9)...
2026-04-30 08:50:42 [INFO] [P0] 正在拉取 20260427 (4/9)...
2026-04-30 08:50:44 [INFO] [P0] 正在拉取 20260424 (5/9)...
2026-04-30 08:50:45 [INFO] [P0] 正在拉取 20260423 (6/9)...
2026-04-30 08:50:46 [INFO] [P0] 正在拉取 20260422 (7/9)...
2026-04-30 08:50:47 [INFO] [P0] 正在拉取 20260421 (8/9)...
2026-04-30 08:50:48 [INFO] [P0] 正在拉取 20260420 (9/9)...
2026-04-30 08:50:49 [INFO] [P0] 正在批量写入 5509 只股票的 Parquet 文件...
2026-04-30 08:55:14 [INFO] [P0] 正在重建数据视图...
2026-04-30 08:55:17 [INFO] [P0] 同步完成！
2026-04-30 08:55:18 [INFO] ✅ [P0/3] 日线数据补齐完成
2026-04-30 08:55:18 [INFO] 同步级别为「仅日线」，跳过分钟线同步
2026-04-30 08:55:18 [INFO] === 自动数据补齐全部完成 ===
2026-04-30 10:09:10 [INFO] 自动同步级别: daily
2026-04-30 10:09:10 [INFO] 自动同步级别: daily
2026-04-30 10:09:10 [INFO] === 启动自动数据补齐（最近 5 个交易日）===
2026-04-30 10:09:10 [INFO] === 启动自动数据补齐（最近 5 个交易日）===
2026-04-30 10:09:10 [INFO] [P0/3] 开始检查并补齐日线数据...
2026-04-30 10:09:10 [INFO] [P0/3] 开始检查并补齐日线数据...
2026-04-30 10:09:10 [INFO] 后台自动数据同步线程已创建（不阻塞页面加载）
2026-04-30 10:09:10 [INFO] 后台自动数据同步线程已创建（不阻塞页面加载）
2026-04-30 10:09:11 [INFO] [P0] 正在拉取 20260430 (1/9)...
2026-04-30 10:09:11 [INFO] [P0] 正在拉取 20260430 (1/9)...
2026-04-30 10:09:11 [INFO] [P0] 正在拉取 20260429 (2/9)...
2026-04-30 10:09:11 [INFO] [P0] 正在拉取 20260429 (2/9)...
2026-04-30 10:09:12 [INFO] [P0] 正在拉取 20260428 (3/9)...
2026-04-30 10:09:12 [INFO] [P0] 正在拉取 20260428 (3/9)...
2026-04-30 10:09:13 [INFO] [P0] 正在拉取 20260427 (4/9)...
2026-04-30 10:09:13 [INFO] [P0] 正在拉取 20260427 (4/9)...
2026-04-30 10:09:14 [INFO] [P0] 正在拉取 20260424 (5/9)...
2026-04-30 10:09:14 [INFO] [P0] 正在拉取 20260424 (5/9)...
2026-04-30 10:09:15 [INFO] [P0] 正在拉取 20260423 (6/9)...
2026-04-30 10:09:15 [INFO] [P0] 正在拉取 20260423 (6/9)...
2026-04-30 10:09:16 [INFO] [P0] 正在拉取 20260422 (7/9)...
2026-04-30 10:09:16 [INFO] [P0] 正在拉取 20260422 (7/9)...
2026-04-30 10:09:17 [INFO] [P0] 正在拉取 20260421 (8/9)...
2026-04-30 10:09:17 [INFO] [P0] 正在拉取 20260421 (8/9)...
2026-04-30 10:09:19 [INFO] [P0] 正在拉取 20260420 (9/9)...
2026-04-30 10:09:19 [INFO] [P0] 正在拉取 20260420 (9/9)...
2026-04-30 10:09:19 [INFO] [P0] 正在批量写入 5509 只股票的 Parquet 文件...
2026-04-30 10:09:19 [INFO] [P0] 正在批量写入 5509 只股票的 Parquet 文件...
2026-04-30 10:13:41 [INFO] [P0] 正在重建数据视图...
2026-04-30 10:13:41 [INFO] [P0] 正在重建数据视图...
2026-04-30 10:13:46 [INFO] [P0] 同步完成！
2026-04-30 10:13:46 [INFO] [P0] 同步完成！
2026-04-30 10:13:47 [INFO] ✅ [P0/3] 日线数据补齐完成
2026-04-30 10:13:47 [INFO] ✅ [P0/3] 日线数据补齐完成
2026-04-30 10:13:47 [INFO] 同步级别为「仅日线」，跳过分钟线同步
2026-04-30 10:13:47 [INFO] 同步级别为「仅日线」，跳过分钟线同步
2026-04-30 10:13:47 [INFO] === 自动数据补齐全部完成 ===
2026-04-30 10:13:47 [INFO] === 自动数据补齐全部完成 ===
2026-04-30 12:21:52 [INFO] 后台自动数据同步线程已创建（不阻塞页面加载）
2026-04-30 12:21:52 [INFO] 后台自动数据同步线程已创建（不阻塞页面加载）
2026-04-30 12:21:52 [INFO] 自动同步级别: daily
2026-04-30 12:21:52 [INFO] 自动同步级别: daily
2026-04-30 12:21:52 [INFO] === 启动自动数据补齐（最近 5 个交易日）===
2026-04-30 12:21:52 [INFO] === 启动自动数据补齐（最近 5 个交易日）===
2026-04-30 12:21:52 [INFO] [P0/3] 开始检查并补齐日线数据...
2026-04-30 12:21:52 [INFO] [P0/3] 开始检查并补齐日线数据...
2026-04-30 12:21:53 [INFO] [P0] 正在拉取 20260430 (1/9)...
2026-04-30 12:21:53 [INFO] [P0] 正在拉取 20260430 (1/9)...
2026-04-30 12:21:53 [INFO] [P0] 正在拉取 20260429 (2/9)...
2026-04-30 12:21:53 [INFO] [P0] 正在拉取 20260429 (2/9)...
2026-04-30 12:21:54 [INFO] [P0] 正在拉取 20260428 (3/9)...
2026-04-30 12:21:54 [INFO] [P0] 正在拉取 20260428 (3/9)...
2026-04-30 12:21:54 [INFO] [P0] 正在拉取 20260427 (4/9)...
2026-04-30 12:21:54 [INFO] [P0] 正在拉取 20260427 (4/9)...
2026-04-30 12:21:55 [INFO] [P0] 正在拉取 20260424 (5/9)...
2026-04-30 12:21:55 [INFO] [P0] 正在拉取 20260424 (5/9)...
2026-04-30 12:21:56 [INFO] [P0] 正在拉取 20260423 (6/9)...
2026-04-30 12:21:56 [INFO] [P0] 正在拉取 20260423 (6/9)...
2026-04-30 12:21:57 [INFO] [P0] 正在拉取 20260422 (7/9)...
2026-04-30 12:21:57 [INFO] [P0] 正在拉取 20260422 (7/9)...
2026-04-30 12:21:58 [INFO] [P0] 正在拉取 20260421 (8/9)...
2026-04-30 12:21:58 [INFO] [P0] 正在拉取 20260421 (8/9)...
2026-04-30 12:21:59 [INFO] [P0] 正在拉取 20260420 (9/9)...
2026-04-30 12:21:59 [INFO] [P0] 正在拉取 20260420 (9/9)...
2026-04-30 12:22:00 [INFO] [P0] 正在批量写入 5509 只股票的 Parquet 文件...
2026-04-30 12:22:00 [INFO] [P0] 正在批量写入 5509 只股票的 Parquet 文件...
2026-04-30 12:22:45 [INFO] [P0] 正在重建数据视图...
2026-04-30 12:22:45 [INFO] [P0] 正在重建数据视图...
2026-04-30 12:22:47 [INFO] [P0] 同步完成！
2026-04-30 12:22:47 [INFO] [P0] 同步完成！
2026-04-30 12:22:48 [INFO] ✅ [P0/3] 日线数据补齐完成
2026-04-30 12:22:48 [INFO] ✅ [P0/3] 日线数据补齐完成
2026-04-30 12:22:48 [INFO] 同步级别为「仅日线」，跳过分钟线同步
2026-04-30 12:22:48 [INFO] 同步级别为「仅日线」，跳过分钟线同步
2026-04-30 12:22:48 [INFO] === 自动数据补齐全部完成 ===
2026-04-30 12:22:48 [INFO] === 自动数据补齐全部完成 ===
2026-04-30 12:24:04 [INFO] 后台自动数据同步线程已创建（不阻塞页面加载）
2026-04-30 12:24:04 [INFO] 自动同步级别: daily
2026-04-30 12:24:04 [INFO] === 启动自动数据补齐（最近 5 个交易日）===
2026-04-30 12:24:04 [INFO] [P0/3] 开始检查并补齐日线数据...
2026-04-30 12:24:04 [INFO] [P0] 正在拉取 20260430 (1/9)...
2026-04-30 12:24:04 [INFO] [P0] 正在拉取 20260429 (2/9)...
2026-04-30 12:24:05 [INFO] [P0] 正在拉取 20260428 (3/9)...
2026-04-30 12:24:06 [INFO] [P0] 正在拉取 20260427 (4/9)...
2026-04-30 12:24:07 [INFO] [P0] 正在拉取 20260424 (5/9)...
2026-04-30 12:24:08 [INFO] [P0] 正在拉取 20260423 (6/9)...
2026-04-30 12:24:10 [INFO] [P0] 正在拉取 20260422 (7/9)...
2026-04-30 12:24:11 [INFO] [P0] 正在拉取 20260421 (8/9)...
2026-04-30 12:24:12 [INFO] [P0] 正在拉取 20260420 (9/9)...
2026-04-30 12:24:13 [INFO] [P0] 正在批量写入 5509 只股票的 Parquet 文件...
2026-04-30 12:34:41 [INFO] 自动同步级别: daily
2026-04-30 12:34:41 [INFO] === 启动自动数据补齐（最近 5 个交易日）===
2026-04-30 12:34:41 [INFO] [P0/3] 开始检查并补齐日线数据...
2026-04-30 12:34:41 [INFO] 后台自动数据同步线程已创建（不阻塞页面加载）
2026-04-30 12:34:42 [INFO] [P0] 正在拉取 20260430 (1/9)...
2026-04-30 12:34:42 [INFO] [P0] 正在拉取 20260429 (2/9)...
2026-04-30 12:34:43 [INFO] [P0] 正在拉取 20260428 (3/9)...
2026-04-30 12:34:43 [INFO] [P0] 正在拉取 20260427 (4/9)...
2026-04-30 12:34:44 [INFO] [P0] 正在拉取 20260424 (5/9)...
2026-04-30 12:34:45 [INFO] [P0] 正在拉取 20260423 (6/9)...
2026-04-30 12:34:46 [INFO] [P0] 正在拉取 20260422 (7/9)...
2026-04-30 12:34:47 [INFO] [P0] 正在拉取 20260421 (8/9)...
2026-04-30 12:34:48 [INFO] [P0] 正在拉取 20260420 (9/9)...
2026-04-30 12:34:49 [INFO] [P0] 正在批量写入 5509 只股票的 Parquet 文件...
2026-04-30 12:35:36 [WARNING] [P0/3] 日线同步未完成（可能 Tushare 不可用）
2026-04-30 12:35:36 [INFO] 同步级别为「仅日线」，跳过分钟线同步
2026-04-30 12:35:36 [INFO] === 自动数据补齐全部完成 ===
2026-04-30 13:24:40 [INFO] 自动同步级别: daily
2026-04-30 13:24:40 [INFO] 自动同步级别: daily
2026-04-30 13:24:40 [INFO] 后台自动数据同步线程已创建（不阻塞页面加载）
2026-04-30 13:24:40 [INFO] 后台自动数据同步线程已创建（不阻塞页面加载）
2026-04-30 13:24:40 [INFO] === 启动自动数据补齐（最近 5 个交易日）===
2026-04-30 13:24:40 [INFO] === 启动自动数据补齐（最近 5 个交易日）===
2026-04-30 13:24:40 [INFO] [P0/3] 开始检查并补齐日线数据...
2026-04-30 13:24:40 [INFO] [P0/3] 开始检查并补齐日线数据...
2026-04-30 13:24:40 [INFO] [P0] 正在拉取 20260430 (1/9)...
2026-04-30 13:24:40 [INFO] [P0] 正在拉取 20260430 (1/9)...
2026-04-30 13:24:40 [INFO] [P0] 正在拉取 20260429 (2/9)...
2026-04-30 13:24:40 [INFO] [P0] 正在拉取 20260429 (2/9)...
2026-04-30 13:24:41 [INFO] [P0] 正在拉取 20260428 (3/9)...
2026-04-30 13:24:41 [INFO] [P0] 正在拉取 20260428 (3/9)...
2026-04-30 13:24:42 [INFO] [P0] 正在拉取 20260427 (4/9)...
2026-04-30 13:24:42 [INFO] [P0] 正在拉取 20260427 (4/9)...
2026-04-30 13:24:43 [INFO] [P0] 正在拉取 20260424 (5/9)...
2026-04-30 13:24:43 [INFO] [P0] 正在拉取 20260424 (5/9)...
2026-04-30 13:24:43 [INFO] [P0] 正在拉取 20260423 (6/9)...
2026-04-30 13:24:43 [INFO] [P0] 正在拉取 20260423 (6/9)...
2026-04-30 13:24:44 [INFO] [P0] 正在拉取 20260422 (7/9)...
2026-04-30 13:24:44 [INFO] [P0] 正在拉取 20260422 (7/9)...
2026-04-30 13:24:45 [INFO] [P0] 正在拉取 20260421 (8/9)...
2026-04-30 13:24:45 [INFO] [P0] 正在拉取 20260421 (8/9)...
2026-04-30 13:24:47 [INFO] [P0] 正在拉取 20260420 (9/9)...
2026-04-30 13:24:47 [INFO] [P0] 正在拉取 20260420 (9/9)...
2026-04-30 13:24:48 [INFO] [P0] 正在批量写入 5509 只股票的 Parquet 文件...
2026-04-30 13:24:48 [INFO] [P0] 正在批量写入 5509 只股票的 Parquet 文件...
2026-04-30 13:25:23 [WARNING] [P0/3] 日线同步未完成（可能 Tushare 不可用）
2026-04-30 13:25:23 [WARNING] [P0/3] 日线同步未完成（可能 Tushare 不可用）
2026-04-30 13:25:23 [INFO] 同步级别为「仅日线」，跳过分钟线同步
2026-04-30 13:25:23 [INFO] 同步级别为「仅日线」，跳过分钟线同步
2026-04-30 13:25:23 [INFO] === 自动数据补齐全部完成 ===
2026-04-30 13:25:23 [INFO] === 自动数据补齐全部完成 ===
2026-04-30 13:25:50 [INFO] 自动同步级别: daily
2026-04-30 13:25:50 [INFO] 自动同步级别: daily
2026-04-30 13:25:50 [INFO] === 启动自动数据补齐（最近 5 个交易日）===
2026-04-30 13:25:50 [INFO] === 启动自动数据补齐（最近 5 个交易日）===
2026-04-30 13:25:50 [INFO] [P0/3] 开始检查并补齐日线数据...
2026-04-30 13:25:50 [INFO] [P0/3] 开始检查并补齐日线数据...
2026-04-30 13:25:50 [INFO] 后台自动数据同步线程已创建（不阻塞页面加载）
2026-04-30 13:25:50 [INFO] 后台自动数据同步线程已创建（不阻塞页面加载）
2026-04-30 13:25:50 [INFO] [P0] 正在拉取 20260430 (1/9)...
2026-04-30 13:25:50 [INFO] [P0] 正在拉取 20260430 (1/9)...
2026-04-30 13:25:50 [INFO] [P0] 正在拉取 20260429 (2/9)...
2026-04-30 13:25:50 [INFO] [P0] 正在拉取 20260429 (2/9)...
2026-04-30 13:25:51 [INFO] [P0] 正在拉取 20260428 (3/9)...
2026-04-30 13:25:51 [INFO] [P0] 正在拉取 20260428 (3/9)...
2026-04-30 13:25:53 [INFO] [P0] 正在拉取 20260427 (4/9)...
2026-04-30 13:25:53 [INFO] [P0] 正在拉取 20260427 (4/9)...
2026-04-30 13:25:53 [INFO] [P0] 正在拉取 20260424 (5/9)...
2026-04-30 13:25:53 [INFO] [P0] 正在拉取 20260424 (5/9)...
2026-04-30 13:25:54 [INFO] [P0] 正在拉取 20260423 (6/9)...
2026-04-30 13:25:54 [INFO] [P0] 正在拉取 20260423 (6/9)...
2026-04-30 13:25:56 [INFO] [P0] 正在拉取 20260422 (7/9)...
2026-04-30 13:25:56 [INFO] [P0] 正在拉取 20260422 (7/9)...
2026-04-30 13:25:57 [INFO] [P0] 正在拉取 20260421 (8/9)...
2026-04-30 13:25:57 [INFO] [P0] 正在拉取 20260421 (8/9)...
2026-04-30 13:25:58 [INFO] [P0] 正在拉取 20260420 (9/9)...
2026-04-30 13:25:58 [INFO] [P0] 正在拉取 20260420 (9/9)...
2026-04-30 13:25:59 [INFO] [P0] 正在批量写入 5509 只股票的 Parquet 文件...
2026-04-30 13:25:59 [INFO] [P0] 正在批量写入 5509 只股票的 Parquet 文件...
2026-04-30 13:29:05 [WARNING] [P0/3] 日线同步未完成（可能 Tushare 不可用）
2026-04-30 13:29:05 [WARNING] [P0/3] 日线同步未完成（可能 Tushare 不可用）
2026-04-30 13:29:05 [INFO] 同步级别为「仅日线」，跳过分钟线同步
2026-04-30 13:29:05 [INFO] 同步级别为「仅日线」，跳过分钟线同步
2026-04-30 13:29:05 [INFO] === 自动数据补齐全部完成 ===
2026-04-30 13:29:05 [INFO] === 自动数据补齐全部完成 ===
2026-04-30 13:29:47 [INFO] 自动同步级别: daily
2026-04-30 13:29:47 [INFO] 自动同步级别: daily
2026-04-30 13:29:47 [INFO] 后台自动数据同步线程已创建（不阻塞页面加载）
2026-04-30 13:29:47 [INFO] 后台自动数据同步线程已创建（不阻塞页面加载）
2026-04-30 13:29:47 [INFO] === 启动自动数据补齐（最近 5 个交易日）===
2026-04-30 13:29:47 [INFO] === 启动自动数据补齐（最近 5 个交易日）===
2026-04-30 13:29:47 [INFO] [P0/3] 开始检查并补齐日线数据...
2026-04-30 13:29:47 [INFO] [P0/3] 开始检查并补齐日线数据...
2026-04-30 13:29:47 [INFO] [P0] 正在拉取 20260430 (1/9)...
2026-04-30 13:29:47 [INFO] [P0] 正在拉取 20260430 (1/9)...
2026-04-30 13:29:47 [INFO] [P0] 正在拉取 20260429 (2/9)...
2026-04-30 13:29:47 [INFO] [P0] 正在拉取 20260429 (2/9)...
2026-04-30 13:29:48 [INFO] [P0] 正在拉取 20260428 (3/9)...
2026-04-30 13:29:48 [INFO] [P0] 正在拉取 20260428 (3/9)...
2026-04-30 13:29:48 [INFO] [P0] 正在拉取 20260427 (4/9)...
2026-04-30 13:29:48 [INFO] [P0] 正在拉取 20260427 (4/9)...
2026-04-30 13:29:49 [INFO] [P0] 正在拉取 20260424 (5/9)...
2026-04-30 13:29:49 [INFO] [P0] 正在拉取 20260424 (5/9)...
2026-04-30 13:29:50 [INFO] [P0] 正在拉取 20260423 (6/9)...
2026-04-30 13:29:50 [INFO] [P0] 正在拉取 20260423 (6/9)...
2026-04-30 13:29:51 [INFO] [P0] 正在拉取 20260422 (7/9)...
2026-04-30 13:29:51 [INFO] [P0] 正在拉取 20260422 (7/9)...
2026-04-30 13:29:52 [INFO] [P0] 正在拉取 20260421 (8/9)...
2026-04-30 13:29:52 [INFO] [P0] 正在拉取 20260421 (8/9)...
2026-04-30 13:29:53 [INFO] [P0] 正在拉取 20260420 (9/9)...
2026-04-30 13:29:53 [INFO] [P0] 正在拉取 20260420 (9/9)...
2026-04-30 13:29:54 [INFO] [P0] 正在批量写入 5509 只股票的 Parquet 文件...
2026-04-30 13:29:54 [INFO] [P0] 正在批量写入 5509 只股票的 Parquet 文件...
2026-04-30 13:30:31 [WARNING] [P0/3] 日线同步未完成（可能 Tushare 不可用）
2026-04-30 13:30:31 [WARNING] [P0/3] 日线同步未完成（可能 Tushare 不可用）
2026-04-30 13:30:31 [INFO] 同步级别为「仅日线」，跳过分钟线同步
2026-04-30 13:30:31 [INFO] 同步级别为「仅日线」，跳过分钟线同步
2026-04-30 13:30:31 [INFO] === 自动数据补齐全部完成 ===
2026-04-30 13:30:31 [INFO] === 自动数据补齐全部完成 ===
2026-04-30 13:32:48 [INFO] 后台自动数据同步线程已创建（不阻塞页面加载）
2026-04-30 13:32:48 [INFO] 自动同步级别: daily
2026-04-30 13:32:48 [INFO] === 启动自动数据补齐（最近 5 个交易日）===
2026-04-30 13:32:48 [INFO] [P0/3] 开始检查并补齐日线数据...
2026-04-30 13:32:48 [INFO] [P0] 正在拉取 20260430 (1/9)...
2026-04-30 13:32:48 [INFO] [P0] 正在拉取 20260429 (2/9)...
2026-04-30 13:32:49 [INFO] [P0] 正在拉取 20260428 (3/9)...
2026-04-30 13:32:51 [INFO] [P0] 正在拉取 20260427 (4/9)...
2026-04-30 13:32:52 [INFO] [P0] 正在拉取 20260424 (5/9)...
2026-04-30 13:32:53 [INFO] [P0] 正在拉取 20260423 (6/9)...
2026-04-30 13:32:54 [INFO] [P0] 正在拉取 20260422 (7/9)...
2026-04-30 13:32:55 [INFO] [P0] 正在拉取 20260421 (8/9)...
2026-04-30 13:32:57 [INFO] [P0] 正在拉取 20260420 (9/9)...
2026-04-30 13:32:58 [INFO] [P0] 正在批量写入 5509 只股票的 Parquet 文件...
2026-04-30 13:36:43 [WARNING] [P0/3] 日线同步未完成（可能 Tushare 不可用）
2026-04-30 13:36:43 [INFO] 同步级别为「仅日线」，跳过分钟线同步
2026-04-30 13:36:43 [INFO] === 自动数据补齐全部完成 ===
2026-04-30 13:56:47 [INFO] 自动同步级别: daily
2026-04-30 13:56:47 [INFO] 自动同步级别: daily
2026-04-30 13:56:47 [INFO] 后台自动数据同步线程已创建（不阻塞页面加载）
2026-04-30 13:56:47 [INFO] 后台自动数据同步线程已创建（不阻塞页面加载）
2026-04-30 13:56:47 [INFO] === 启动自动数据补齐（最近 5 个交易日）===
2026-04-30 13:56:47 [INFO] === 启动自动数据补齐（最近 5 个交易日）===
2026-04-30 13:56:47 [INFO] [P0/3] 开始检查并补齐日线数据...
2026-04-30 13:56:47 [INFO] [P0/3] 开始检查并补齐日线数据...
2026-04-30 13:56:47 [INFO] [P0] 正在拉取 20260430 (1/9)...
2026-04-30 13:56:47 [INFO] [P0] 正在拉取 20260430 (1/9)...
2026-04-30 13:56:47 [INFO] [P0] 正在拉取 20260429 (2/9)...
2026-04-30 13:56:47 [INFO] [P0] 正在拉取 20260429 (2/9)...
2026-04-30 13:56:48 [INFO] [P0] 正在拉取 20260428 (3/9)...
2026-04-30 13:56:48 [INFO] [P0] 正在拉取 20260428 (3/9)...
2026-04-30 13:56:49 [INFO] [P0] 正在拉取 20260427 (4/9)...
2026-04-30 13:56:49 [INFO] [P0] 正在拉取 20260427 (4/9)...
2026-04-30 13:56:50 [INFO] [P0] 正在拉取 20260424 (5/9)...
2026-04-30 13:56:50 [INFO] [P0] 正在拉取 20260424 (5/9)...
2026-04-30 13:56:50 [INFO] [P0] 正在拉取 20260423 (6/9)...
2026-04-30 13:56:50 [INFO] [P0] 正在拉取 20260423 (6/9)...
2026-04-30 13:56:51 [INFO] [P0] 正在拉取 20260422 (7/9)...
2026-04-30 13:56:51 [INFO] [P0] 正在拉取 20260422 (7/9)...
2026-04-30 13:56:52 [INFO] [P0] 正在拉取 20260421 (8/9)...
2026-04-30 13:56:52 [INFO] [P0] 正在拉取 20260421 (8/9)...
2026-04-30 13:56:53 [INFO] [P0] 正在拉取 20260420 (9/9)...
2026-04-30 13:56:53 [INFO] [P0] 正在拉取 20260420 (9/9)...
2026-04-30 13:56:54 [INFO] [P0] 正在批量写入 5509 只股票的 Parquet 文件...
2026-04-30 13:56:54 [INFO] [P0] 正在批量写入 5509 只股票的 Parquet 文件...
2026-04-30 13:57:29 [WARNING] [P0/3] 日线同步未完成（可能 Tushare 不可用）
2026-04-30 13:57:29 [WARNING] [P0/3] 日线同步未完成（可能 Tushare 不可用）
2026-04-30 13:57:29 [INFO] 同步级别为「仅日线」，跳过分钟线同步
2026-04-30 13:57:29 [INFO] 同步级别为「仅日线」，跳过分钟线同步
2026-04-30 13:57:29 [INFO] === 自动数据补齐全部完成 ===
2026-04-30 13:57:29 [INFO] === 自动数据补齐全部完成 ===
2026-04-30 14:12:26 [INFO] 自动同步级别: daily
2026-04-30 14:12:26 [INFO] 自动同步级别: daily
2026-04-30 14:12:26 [INFO] 后台自动数据同步线程已创建（不阻塞页面加载）
2026-04-30 14:12:26 [INFO] 后台自动数据同步线程已创建（不阻塞页面加载）
2026-04-30 14:12:26 [INFO] === 启动自动数据补齐（最近 5 个交易日）===
2026-04-30 14:12:26 [INFO] === 启动自动数据补齐（最近 5 个交易日）===
2026-04-30 14:12:26 [INFO] [P0/3] 开始检查并补齐日线数据...
2026-04-30 14:12:26 [INFO] [P0/3] 开始检查并补齐日线数据...
2026-04-30 14:12:26 [INFO] [P0] 正在拉取 20260430 (1/9)...
2026-04-30 14:12:26 [INFO] [P0] 正在拉取 20260430 (1/9)...
2026-04-30 14:12:26 [INFO] [P0] 正在拉取 20260429 (2/9)...
2026-04-30 14:12:26 [INFO] [P0] 正在拉取 20260429 (2/9)...
2026-04-30 14:12:27 [INFO] [P0] 正在拉取 20260428 (3/9)...
2026-04-30 14:12:27 [INFO] [P0] 正在拉取 20260428 (3/9)...
2026-04-30 14:12:28 [INFO] [P0] 正在拉取 20260427 (4/9)...
2026-04-30 14:12:28 [INFO] [P0] 正在拉取 20260427 (4/9)...
2026-04-30 14:12:29 [INFO] [P0] 正在拉取 20260424 (5/9)...
2026-04-30 14:12:29 [INFO] [P0] 正在拉取 20260424 (5/9)...
2026-04-30 14:12:30 [INFO] [P0] 正在拉取 20260423 (6/9)...
2026-04-30 14:12:30 [INFO] [P0] 正在拉取 20260423 (6/9)...
2026-04-30 14:12:30 [INFO] [P0] 正在拉取 20260422 (7/9)...
2026-04-30 14:12:30 [INFO] [P0] 正在拉取 20260422 (7/9)...
2026-04-30 14:12:31 [INFO] [P0] 正在拉取 20260421 (8/9)...
2026-04-30 14:12:31 [INFO] [P0] 正在拉取 20260421 (8/9)...
2026-04-30 14:12:32 [INFO] [P0] 正在拉取 20260420 (9/9)...
2026-04-30 14:12:32 [INFO] [P0] 正在拉取 20260420 (9/9)...
2026-04-30 14:12:33 [INFO] [P0] 正在批量写入 5509 只股票的 Parquet 文件...
2026-04-30 14:12:33 [INFO] [P0] 正在批量写入 5509 只股票的 Parquet 文件...
2026-04-30 14:13:04 [WARNING] [P0/3] 日线同步未完成（可能 Tushare 不可用）
2026-04-30 14:13:04 [WARNING] [P0/3] 日线同步未完成（可能 Tushare 不可用）
2026-04-30 14:13:04 [INFO] 同步级别为「仅日线」，跳过分钟线同步
2026-04-30 14:13:04 [INFO] 同步级别为「仅日线」，跳过分钟线同步
2026-04-30 14:13:04 [INFO] === 自动数据补齐全部完成 ===
2026-04-30 14:13:04 [INFO] === 自动数据补齐全部完成 ===
2026-04-30 14:29:51 [INFO] 自动同步级别: daily
2026-04-30 14:29:51 [INFO] === 启动自动数据补齐（最近 5 个交易日）===
2026-04-30 14:29:51 [INFO] [P0/3] 开始检查并补齐日线数据...
2026-04-30 14:29:51 [INFO] [P0] 正在拉取 20260430 (1/9)...
2026-04-30 14:29:52 [INFO] [P0] 正在拉取 20260429 (2/9)...
2026-04-30 14:29:52 [INFO] [P0] 正在拉取 20260428 (3/9)...
2026-04-30 14:29:53 [INFO] [P0] 正在拉取 20260427 (4/9)...
2026-04-30 14:29:54 [INFO] [P0] 正在拉取 20260424 (5/9)...
2026-04-30 14:29:55 [INFO] [P0] 正在拉取 20260423 (6/9)...
2026-04-30 14:29:56 [INFO] [P0] 正在拉取 20260422 (7/9)...
2026-04-30 14:29:57 [INFO] [P0] 正在拉取 20260421 (8/9)...
2026-04-30 14:29:58 [INFO] [P0] 正在拉取 20260420 (9/9)...
2026-04-30 14:29:59 [INFO] [P0] 正在批量写入 5509 只股票的 Parquet 文件...
2026-04-30 14:30:36 [WARNING] [P0/3] 日线同步未完成（可能 Tushare 不可用）
2026-04-30 14:30:36 [INFO] 同步级别为「仅日线」，跳过分钟线同步
2026-04-30 14:30:36 [INFO] === 自动数据补齐全部完成 ===
2026-04-30 14:30:52 [INFO] 自动同步级别: daily
2026-04-30 14:30:52 [INFO] === 启动自动数据补齐（最近 5 个交易日）===
2026-04-30 14:30:52 [INFO] [P0/3] 开始检查并补齐日线数据...
2026-04-30 14:30:53 [INFO] [P0] 正在拉取 20260430 (1/9)...
2026-04-30 14:30:53 [INFO] [P0] 正在拉取 20260429 (2/9)...
2026-04-30 14:30:54 [INFO] [P0] 正在拉取 20260428 (3/9)...
2026-04-30 14:30:54 [INFO] [P0] 正在拉取 20260427 (4/9)...
2026-04-30 14:30:55 [INFO] [P0] 正在拉取 20260424 (5/9)...
2026-04-30 14:30:56 [INFO] [P0] 正在拉取 20260423 (6/9)...
2026-04-30 14:30:57 [INFO] [P0] 正在拉取 20260422 (7/9)...
2026-04-30 14:30:58 [INFO] [P0] 正在拉取 20260421 (8/9)...
2026-04-30 14:30:59 [INFO] [P0] 正在拉取 20260420 (9/9)...
2026-04-30 14:31:00 [INFO] [P0] 正在批量写入 5509 只股票的 Parquet 文件...
2026-04-30 15:12:14 [INFO] 后台自动数据同步线程已创建（不阻塞页面加载）
2026-04-30 15:12:14 [INFO] 后台自动数据同步线程已创建（不阻塞页面加载）
2026-04-30 15:12:14 [INFO] 自动同步级别: daily
2026-04-30 15:12:14 [INFO] 自动同步级别: daily
2026-04-30 15:12:14 [INFO] === 启动自动数据补齐（最近 5 个交易日）===
2026-04-30 15:12:14 [INFO] === 启动自动数据补齐（最近 5 个交易日）===
2026-04-30 15:12:14 [INFO] [P0/3] 开始检查并补齐日线数据...
2026-04-30 15:12:14 [INFO] [P0/3] 开始检查并补齐日线数据...
2026-04-30 15:12:14 [INFO] [P0] 正在拉取 20260430 (1/9)...
2026-04-30 15:12:14 [INFO] [P0] 正在拉取 20260430 (1/9)...
2026-04-30 15:12:14 [INFO] [P0] 正在拉取 20260429 (2/9)...
2026-04-30 15:12:14 [INFO] [P0] 正在拉取 20260429 (2/9)...
2026-04-30 15:12:15 [INFO] [P0] 正在拉取 20260428 (3/9)...
2026-04-30 15:12:15 [INFO] [P0] 正在拉取 20260428 (3/9)...
2026-04-30 15:12:16 [INFO] [P0] 正在拉取 20260427 (4/9)...
2026-04-30 15:12:16 [INFO] [P0] 正在拉取 20260427 (4/9)...
2026-04-30 15:12:17 [INFO] [P0] 正在拉取 20260424 (5/9)...
2026-04-30 15:12:17 [INFO] [P0] 正在拉取 20260424 (5/9)...
2026-04-30 15:12:17 [INFO] [P0] 正在拉取 20260423 (6/9)...
2026-04-30 15:12:17 [INFO] [P0] 正在拉取 20260423 (6/9)...
2026-04-30 15:12:18 [INFO] [P0] 正在拉取 20260422 (7/9)...
2026-04-30 15:12:18 [INFO] [P0] 正在拉取 20260422 (7/9)...
2026-04-30 15:12:19 [INFO] [P0] 正在拉取 20260421 (8/9)...
2026-04-30 15:12:19 [INFO] [P0] 正在拉取 20260421 (8/9)...
2026-04-30 15:12:20 [INFO] [P0] 正在拉取 20260420 (9/9)...
2026-04-30 15:12:20 [INFO] [P0] 正在拉取 20260420 (9/9)...
2026-04-30 15:12:21 [INFO] [P0] 正在批量写入 5509 只股票的 Parquet 文件...
2026-04-30 15:12:21 [INFO] [P0] 正在批量写入 5509 只股票的 Parquet 文件...
2026-04-30 15:13:27 [WARNING] [P0/3] 日线同步未完成（可能 Tushare 不可用）
2026-04-30 15:13:27 [WARNING] [P0/3] 日线同步未完成（可能 Tushare 不可用）
2026-04-30 15:13:27 [INFO] 同步级别为「仅日线」，跳过分钟线同步
2026-04-30 15:13:27 [INFO] 同步级别为「仅日线」，跳过分钟线同步
2026-04-30 15:13:27 [INFO] === 自动数据补齐全部完成 ===
2026-04-30 15:13:27 [INFO] === 自动数据补齐全部完成 ===
2026-04-30 15:14:02 [INFO] 后台自动数据同步线程已创建（不阻塞页面加载）
2026-04-30 15:14:02 [INFO] 后台自动数据同步线程已创建（不阻塞页面加载）
2026-04-30 15:14:02 [INFO] 自动同步级别: daily
2026-04-30 15:14:02 [INFO] 自动同步级别: daily
2026-04-30 15:14:02 [INFO] === 启动自动数据补齐（最近 5 个交易日）===
2026-04-30 15:14:02 [INFO] === 启动自动数据补齐（最近 5 个交易日）===
2026-04-30 15:14:02 [INFO] [P0/3] 开始检查并补齐日线数据...
2026-04-30 15:14:02 [INFO] [P0/3] 开始检查并补齐日线数据...
2026-04-30 15:14:02 [INFO] [P0] 正在拉取 20260430 (1/9)...
2026-04-30 15:14:02 [INFO] [P0] 正在拉取 20260430 (1/9)...
2026-04-30 15:14:02 [INFO] [P0] 正在拉取 20260429 (2/9)...
2026-04-30 15:14:02 [INFO] [P0] 正在拉取 20260429 (2/9)...
2026-04-30 15:14:03 [INFO] [P0] 正在拉取 20260428 (3/9)...
2026-04-30 15:14:03 [INFO] [P0] 正在拉取 20260428 (3/9)...
2026-04-30 15:14:04 [INFO] [P0] 正在拉取 20260427 (4/9)...
2026-04-30 15:14:04 [INFO] [P0] 正在拉取 20260427 (4/9)...
2026-04-30 15:14:05 [INFO] [P0] 正在拉取 20260424 (5/9)...
2026-04-30 15:14:05 [INFO] [P0] 正在拉取 20260424 (5/9)...
2026-04-30 15:14:06 [INFO] [P0] 正在拉取 20260423 (6/9)...
2026-04-30 15:14:06 [INFO] [P0] 正在拉取 20260423 (6/9)...
2026-04-30 15:14:07 [INFO] [P0] 正在拉取 20260422 (7/9)...
2026-04-30 15:14:07 [INFO] [P0] 正在拉取 20260422 (7/9)...
2026-04-30 15:14:07 [INFO] [P0] 正在拉取 20260421 (8/9)...
2026-04-30 15:14:07 [INFO] [P0] 正在拉取 20260421 (8/9)...
2026-04-30 15:14:08 [INFO] [P0] 正在拉取 20260420 (9/9)...
2026-04-30 15:14:08 [INFO] [P0] 正在拉取 20260420 (9/9)...
2026-04-30 15:14:09 [INFO] [P0] 正在批量写入 5509 只股票的 Parquet 文件...
2026-04-30 15:14:09 [INFO] [P0] 正在批量写入 5509 只股票的 Parquet 文件...
