2026-05-19 07:43:29 [INFO] 自动同步级别: daily
2026-05-19 07:43:29 [INFO] === 启动自动数据补齐（最近 5 个交易日）===
2026-05-19 07:43:29 [INFO] [P0/3] 开始检查并补齐日线数据...
2026-05-19 07:43:29 [INFO] 后台自动数据同步线程已创建（不阻塞页面加载）
2026-05-19 07:43:29 [INFO] [P0] 正在拉取 20260519 (1/7)...
2026-05-19 07:43:29 [INFO] [P0] 正在拉取 20260518 (2/7)...
2026-05-19 07:43:30 [INFO] [P0] 正在拉取 20260515 (3/7)...
2026-05-19 07:43:31 [INFO] [P0] 正在拉取 20260514 (4/7)...
2026-05-19 07:43:32 [INFO] [P0] 正在拉取 20260513 (5/7)...
2026-05-19 07:43:33 [INFO] [P0] 正在拉取 20260512 (6/7)...
2026-05-19 07:43:34 [INFO] [P0] 正在拉取 20260511 (7/7)...
2026-05-19 07:43:35 [INFO] [P0] 正在批量写入 5502 只股票的 Parquet 文件...
2026-05-19 07:49:54 [INFO] 后台自动数据同步线程已创建（不阻塞页面加载）
2026-05-19 07:49:54 [INFO] 自动同步级别: daily
2026-05-19 07:49:54 [INFO] === 启动自动数据补齐（最近 5 个交易日）===
2026-05-19 07:49:54 [INFO] [P0/3] 开始检查并补齐日线数据...
2026-05-19 07:49:54 [INFO] [P0] 正在拉取 20260519 (1/7)...
2026-05-19 07:49:54 [INFO] [P0] 正在拉取 20260518 (2/7)...
2026-05-19 07:49:55 [INFO] [P0] 正在拉取 20260515 (3/7)...
2026-05-19 07:49:56 [INFO] [P0] 正在拉取 20260514 (4/7)...
2026-05-19 07:49:56 [INFO] [P0] 正在拉取 20260513 (5/7)...
2026-05-19 07:49:57 [INFO] [P0] 正在拉取 20260512 (6/7)...
2026-05-19 07:49:58 [INFO] [P0] 正在拉取 20260511 (7/7)...
2026-05-19 07:49:59 [INFO] [P0] 正在批量写入 5502 只股票的 Parquet 文件...
2026-05-19 07:53:44 [INFO] [P0] 正在重建数据视图...
2026-05-19 07:53:48 [INFO] [P0] 同步完成！
2026-05-19 07:53:49 [INFO] ✅ [P0/3] 日线数据补齐完成
2026-05-19 07:53:49 [INFO] 同步级别为「仅日线」，跳过分钟线同步
2026-05-19 07:53:49 [INFO] === 自动数据补齐全部完成 ===
2026-05-19 08:30:00 [INFO] === 全量数据洗盘开始 ===
2026-05-19 08:30:00 [INFO] [1/4] 正在同步股票列表（新股/退市检测）...
2026-05-19 08:30:00 [INFO] ✅ [1/4] 股票列表同步: 新增 0, 退市 312
2026-05-19 08:30:00 [INFO] [2/4] 正在同步股票基础信息...
2026-05-19 08:30:00 [INFO] [3/4] 正在同步财务快照...
2026-05-19 08:30:00 [INFO] ✅ [3/4] 财务快照已完成
2026-05-19 08:30:00 [INFO] [4/4] 正在拉取日 K 线并写入 Parquet...
2026-05-19 08:34:21 [INFO] ✅ [4/4] 日 K 线已更新
2026-05-19 08:34:21 [INFO] ✅ === 全量数据洗盘完成 ===
2026-05-19 12:40:32 [INFO] 自动同步级别: daily
2026-05-19 12:40:32 [INFO] 自动同步级别: daily
2026-05-19 12:40:32 [INFO] === 启动自动数据补齐（最近 5 个交易日）===
2026-05-19 12:40:32 [INFO] === 启动自动数据补齐（最近 5 个交易日）===
2026-05-19 12:40:32 [INFO] [P0/3] 开始检查并补齐日线数据...
2026-05-19 12:40:32 [INFO] [P0/3] 开始检查并补齐日线数据...
2026-05-19 12:40:32 [INFO] 后台自动数据同步线程已创建（不阻塞页面加载）
2026-05-19 12:40:32 [INFO] 后台自动数据同步线程已创建（不阻塞页面加载）
2026-05-19 12:40:32 [INFO] [P0] 正在拉取 20260519 (1/7)...
2026-05-19 12:40:32 [INFO] [P0] 正在拉取 20260519 (1/7)...
2026-05-19 12:40:32 [INFO] [P0] 正在拉取 20260518 (2/7)...
2026-05-19 12:40:32 [INFO] [P0] 正在拉取 20260518 (2/7)...
2026-05-19 12:40:33 [INFO] [P0] 正在拉取 20260515 (3/7)...
2026-05-19 12:40:33 [INFO] [P0] 正在拉取 20260515 (3/7)...
2026-05-19 12:40:34 [INFO] [P0] 正在拉取 20260514 (4/7)...
2026-05-19 12:40:34 [INFO] [P0] 正在拉取 20260514 (4/7)...
2026-05-19 12:40:35 [INFO] [P0] 正在拉取 20260513 (5/7)...
2026-05-19 12:40:35 [INFO] [P0] 正在拉取 20260513 (5/7)...
2026-05-19 12:40:36 [INFO] [P0] 正在拉取 20260512 (6/7)...
2026-05-19 12:40:36 [INFO] [P0] 正在拉取 20260512 (6/7)...
2026-05-19 12:40:36 [INFO] [P0] 正在拉取 20260511 (7/7)...
2026-05-19 12:40:36 [INFO] [P0] 正在拉取 20260511 (7/7)...
2026-05-19 12:40:37 [INFO] [P0] 正在批量写入 5502 只股票的 Parquet 文件...
2026-05-19 12:40:37 [INFO] [P0] 正在批量写入 5502 只股票的 Parquet 文件...
2026-05-19 12:42:22 [INFO] [P0] 正在重建数据视图...
2026-05-19 12:42:22 [INFO] [P0] 正在重建数据视图...
2026-05-19 12:42:24 [INFO] [P0] 同步完成！
2026-05-19 12:42:24 [INFO] [P0] 同步完成！
2026-05-19 12:42:24 [INFO] ✅ [P0/3] 日线数据补齐完成
2026-05-19 12:42:24 [INFO] ✅ [P0/3] 日线数据补齐完成
2026-05-19 12:42:24 [INFO] 同步级别为「仅日线」，跳过分钟线同步
2026-05-19 12:42:24 [INFO] 同步级别为「仅日线」，跳过分钟线同步
2026-05-19 12:42:24 [INFO] === 自动数据补齐全部完成 ===
2026-05-19 12:42:24 [INFO] === 自动数据补齐全部完成 ===
2026-05-19 16:53:27 [INFO] 自动同步级别: daily
2026-05-19 16:53:27 [INFO] 自动同步级别: daily
2026-05-19 16:53:27 [INFO] === 启动自动数据补齐（最近 5 个交易日）===
2026-05-19 16:53:27 [INFO] === 启动自动数据补齐（最近 5 个交易日）===
2026-05-19 16:53:27 [INFO] [P0/3] 开始检查并补齐日线数据...
2026-05-19 16:53:27 [INFO] [P0/3] 开始检查并补齐日线数据...
2026-05-19 16:53:27 [INFO] 后台自动数据同步线程已创建（不阻塞页面加载）
2026-05-19 16:53:27 [INFO] 后台自动数据同步线程已创建（不阻塞页面加载）
2026-05-19 16:53:27 [INFO] [P0] 正在拉取 20260519 (1/7)...
2026-05-19 16:53:27 [INFO] [P0] 正在拉取 20260519 (1/7)...
2026-05-19 16:53:28 [INFO] [P0] 正在拉取 20260518 (2/7)...
2026-05-19 16:53:28 [INFO] [P0] 正在拉取 20260518 (2/7)...
2026-05-19 16:53:29 [INFO] [P0] 正在拉取 20260515 (3/7)...
2026-05-19 16:53:29 [INFO] [P0] 正在拉取 20260515 (3/7)...
2026-05-19 16:53:29 [INFO] [P0] 正在拉取 20260514 (4/7)...
2026-05-19 16:53:29 [INFO] [P0] 正在拉取 20260514 (4/7)...
2026-05-19 16:53:30 [INFO] [P0] 正在拉取 20260513 (5/7)...
2026-05-19 16:53:30 [INFO] [P0] 正在拉取 20260513 (5/7)...
2026-05-19 16:53:31 [INFO] [P0] 正在拉取 20260512 (6/7)...
2026-05-19 16:53:31 [INFO] [P0] 正在拉取 20260512 (6/7)...
2026-05-19 16:53:32 [INFO] [P0] 正在拉取 20260511 (7/7)...
2026-05-19 16:53:32 [INFO] [P0] 正在拉取 20260511 (7/7)...
2026-05-19 16:53:34 [INFO] [P0] 正在批量写入 5503 只股票的 Parquet 文件...
2026-05-19 16:53:34 [INFO] [P0] 正在批量写入 5503 只股票的 Parquet 文件...
2026-05-19 16:58:15 [INFO] [P0] 正在重建数据视图...
2026-05-19 16:58:15 [INFO] [P0] 正在重建数据视图...
2026-05-19 16:58:18 [INFO] [P0] 同步完成！
2026-05-19 16:58:18 [INFO] [P0] 同步完成！
2026-05-19 16:58:18 [INFO] ✅ [P0/3] 日线数据补齐完成
2026-05-19 16:58:18 [INFO] ✅ [P0/3] 日线数据补齐完成
2026-05-19 16:58:18 [INFO] 同步级别为「仅日线」，跳过分钟线同步
2026-05-19 16:58:18 [INFO] 同步级别为「仅日线」，跳过分钟线同步
2026-05-19 16:58:18 [INFO] === 自动数据补齐全部完成 ===
2026-05-19 16:58:18 [INFO] === 自动数据补齐全部完成 ===
2026-05-19 17:14:23 [INFO] 后台自动数据同步线程已创建（不阻塞页面加载）
2026-05-19 17:14:23 [INFO] [P0] 正在拉取 20260519 (1/7)...
2026-05-19 17:14:24 [INFO] [P0] 正在拉取 20260518 (2/7)...
2026-05-19 17:14:25 [INFO] [P0] 正在拉取 20260515 (3/7)...
2026-05-19 17:14:26 [INFO] [P0] 正在拉取 20260514 (4/7)...
2026-05-19 17:14:27 [INFO] [P0] 正在拉取 20260513 (5/7)...
2026-05-19 17:14:28 [INFO] [P0] 正在拉取 20260512 (6/7)...
2026-05-19 17:14:28 [INFO] [P0] 正在拉取 20260511 (7/7)...
2026-05-19 17:14:30 [INFO] [P0] 正在批量写入 5503 只股票的 Parquet 文件...
