2026-04-29 00:03:01 [INFO] 自动同步级别: daily
2026-04-29 00:03:01 [INFO] === 启动自动数据补齐（最近 5 个交易日）===
2026-04-29 00:03:01 [INFO] 后台自动数据同步线程已创建（不阻塞页面加载）
2026-04-29 00:03:01 [INFO] [P0] 正在拉取 20260429 (1/8)...
2026-04-29 00:03:01 [WARNING] [P0/3] 日线同步未完成（可能 Tushare 不可用）
2026-04-29 00:03:01 [INFO] 同步级别为「仅日线」，跳过分钟线同步
2026-04-29 00:03:01 [INFO] === 自动数据补齐全部完成 ===
2026-04-29 00:05:24 [INFO] 后台自动数据同步线程已创建（不阻塞页面加载）
2026-04-29 00:05:24 [INFO] 后台自动数据同步线程已创建（不阻塞页面加载）
2026-04-29 00:05:24 [INFO] 自动同步级别: daily
2026-04-29 00:05:24 [INFO] 自动同步级别: daily
2026-04-29 00:05:24 [INFO] === 启动自动数据补齐（最近 5 个交易日）===
2026-04-29 00:05:24 [INFO] === 启动自动数据补齐（最近 5 个交易日）===
2026-04-29 00:05:24 [INFO] [P0/3] 开始检查并补齐日线数据...
2026-04-29 00:05:24 [INFO] [P0/3] 开始检查并补齐日线数据...
2026-04-29 00:05:24 [INFO] [P0] 正在拉取 20260429 (1/8)...
2026-04-29 00:05:24 [INFO] [P0] 正在拉取 20260429 (1/8)...
2026-04-29 00:05:25 [INFO] [P0] 正在拉取 20260428 (2/8)...
2026-04-29 00:05:25 [INFO] [P0] 正在拉取 20260428 (2/8)...
2026-04-29 00:05:26 [INFO] [P0] 正在拉取 20260427 (3/8)...
2026-04-29 00:05:26 [INFO] [P0] 正在拉取 20260427 (3/8)...
2026-04-29 00:05:27 [INFO] [P0] 正在拉取 20260424 (4/8)...
2026-04-29 00:05:27 [INFO] [P0] 正在拉取 20260424 (4/8)...
2026-04-29 00:05:28 [INFO] [P0] 正在拉取 20260423 (5/8)...
2026-04-29 00:05:28 [INFO] [P0] 正在拉取 20260423 (5/8)...
2026-04-29 00:05:29 [INFO] [P0] 正在拉取 20260422 (6/8)...
2026-04-29 00:05:29 [INFO] [P0] 正在拉取 20260422 (6/8)...
2026-04-29 00:05:29 [INFO] [P0] 正在拉取 20260421 (7/8)...
2026-04-29 00:05:29 [INFO] [P0] 正在拉取 20260421 (7/8)...
2026-04-29 00:05:30 [INFO] [P0] 正在拉取 20260420 (8/8)...
2026-04-29 00:05:30 [INFO] [P0] 正在拉取 20260420 (8/8)...
2026-04-29 00:05:31 [INFO] [P0] 正在批量写入 5507 只股票的 Parquet 文件...
2026-04-29 00:05:31 [INFO] [P0] 正在批量写入 5507 只股票的 Parquet 文件...
2026-04-29 00:05:32 [WARNING] [P0/3] 日线同步未完成（可能 Tushare 不可用）
2026-04-29 00:05:32 [WARNING] [P0/3] 日线同步未完成（可能 Tushare 不可用）
2026-04-29 00:05:32 [INFO] 同步级别为「仅日线」，跳过分钟线同步
2026-04-29 00:05:32 [INFO] 同步级别为「仅日线」，跳过分钟线同步
2026-04-29 00:05:32 [INFO] === 自动数据补齐全部完成 ===
2026-04-29 00:05:32 [INFO] === 自动数据补齐全部完成 ===
2026-04-29 00:06:41 [INFO] 自动同步级别: daily
2026-04-29 00:06:41 [INFO] 自动同步级别: daily
2026-04-29 00:06:41 [INFO] 后台自动数据同步线程已创建（不阻塞页面加载）
2026-04-29 00:06:41 [INFO] 后台自动数据同步线程已创建（不阻塞页面加载）
2026-04-29 00:06:41 [INFO] === 启动自动数据补齐（最近 5 个交易日）===
2026-04-29 00:06:41 [INFO] === 启动自动数据补齐（最近 5 个交易日）===
2026-04-29 00:06:41 [INFO] [P0/3] 开始检查并补齐日线数据...
2026-04-29 00:06:41 [INFO] [P0/3] 开始检查并补齐日线数据...
2026-04-29 00:06:42 [INFO] [P0] 正在拉取 20260429 (1/8)...
2026-04-29 00:06:42 [INFO] [P0] 正在拉取 20260429 (1/8)...
2026-04-29 00:06:42 [INFO] [P0] 正在拉取 20260428 (2/8)...
2026-04-29 00:06:42 [INFO] [P0] 正在拉取 20260428 (2/8)...
2026-04-29 00:06:44 [INFO] [P0] 正在拉取 20260427 (3/8)...
2026-04-29 00:06:44 [INFO] [P0] 正在拉取 20260427 (3/8)...
2026-04-29 00:06:45 [INFO] [P0] 正在拉取 20260424 (4/8)...
2026-04-29 00:06:45 [INFO] [P0] 正在拉取 20260424 (4/8)...
2026-04-29 00:06:47 [INFO] [P0] 正在拉取 20260423 (5/8)...
2026-04-29 00:06:47 [INFO] [P0] 正在拉取 20260423 (5/8)...
2026-04-29 00:06:48 [INFO] [P0] 正在拉取 20260422 (6/8)...
2026-04-29 00:06:48 [INFO] [P0] 正在拉取 20260422 (6/8)...
2026-04-29 00:06:49 [INFO] [P0] 正在拉取 20260421 (7/8)...
2026-04-29 00:06:49 [INFO] [P0] 正在拉取 20260421 (7/8)...
2026-04-29 00:06:50 [INFO] [P0] 正在拉取 20260420 (8/8)...
2026-04-29 00:06:50 [INFO] [P0] 正在拉取 20260420 (8/8)...
2026-04-29 00:06:51 [INFO] [P0] 正在批量写入 5507 只股票的 Parquet 文件...
2026-04-29 00:06:51 [INFO] [P0] 正在批量写入 5507 只股票的 Parquet 文件...
2026-04-29 00:07:46 [INFO] [P0] 正在重建数据视图...
2026-04-29 00:07:46 [INFO] [P0] 正在重建数据视图...
2026-04-29 00:07:48 [INFO] [P0] 同步完成！
2026-04-29 00:07:48 [INFO] [P0] 同步完成！
2026-04-29 00:07:48 [INFO] ✅ [P0/3] 日线数据补齐完成
2026-04-29 00:07:48 [INFO] ✅ [P0/3] 日线数据补齐完成
2026-04-29 00:07:48 [INFO] 同步级别为「仅日线」，跳过分钟线同步
2026-04-29 00:07:48 [INFO] 同步级别为「仅日线」，跳过分钟线同步
2026-04-29 00:07:48 [INFO] === 自动数据补齐全部完成 ===
2026-04-29 00:07:48 [INFO] === 自动数据补齐全部完成 ===
2026-04-29 00:08:40 [INFO] 自动同步级别: daily
2026-04-29 00:08:40 [INFO] === 启动自动数据补齐（最近 5 个交易日）===
2026-04-29 00:08:40 [INFO] [P0/3] 开始检查并补齐日线数据...
2026-04-29 00:08:40 [INFO] [P0] 正在拉取 20260429 (1/8)...
2026-04-29 00:08:40 [INFO] [P0] 正在拉取 20260428 (2/8)...
2026-04-29 00:08:41 [INFO] [P0] 正在拉取 20260427 (3/8)...
2026-04-29 00:08:42 [INFO] [P0] 正在拉取 20260424 (4/8)...
2026-04-29 00:08:43 [INFO] [P0] 正在拉取 20260423 (5/8)...
2026-04-29 00:08:43 [INFO] [P0] 正在拉取 20260422 (6/8)...
2026-04-29 00:08:44 [INFO] [P0] 正在拉取 20260421 (7/8)...
2026-04-29 00:08:45 [INFO] [P0] 正在拉取 20260420 (8/8)...
2026-04-29 00:08:45 [INFO] === 全量数据洗盘开始 ===
2026-04-29 00:08:45 [INFO] [1/4] 正在同步股票列表（新股/退市检测）...
2026-04-29 00:08:45 [INFO] ✅ [1/4] 股票列表同步: 新增 0, 退市 310
2026-04-29 00:08:45 [INFO] [2/4] 正在同步股票基础信息...
2026-04-29 00:08:46 [INFO] [P0] 正在批量写入 5507 只股票的 Parquet 文件...
2026-04-29 00:08:47 [INFO] [3/4] 正在同步财务快照...
2026-04-29 00:08:47 [INFO] ✅ [3/4] 财务快照已完成
2026-04-29 00:08:47 [INFO] [4/4] 正在拉取日 K 线并写入 Parquet...
2026-04-29 00:10:03 [INFO] [P0] 正在重建数据视图...
2026-04-29 00:10:06 [INFO] [P0] 同步完成！
2026-04-29 00:10:06 [INFO] ✅ [P0/3] 日线数据补齐完成
2026-04-29 00:10:06 [INFO] 同步级别为「仅日线」，跳过分钟线同步
2026-04-29 00:10:06 [INFO] === 自动数据补齐全部完成 ===
2026-04-29 00:10:30 [INFO] ✅ [4/4] 日 K 线已更新
2026-04-29 00:10:30 [INFO] ✅ === 全量数据洗盘完成 ===
2026-04-29 00:11:43 [INFO] === 全量数据洗盘开始 ===
2026-04-29 00:11:43 [INFO] [1/4] 正在同步股票列表（新股/退市检测）...
2026-04-29 00:11:44 [INFO] ✅ [1/4] 股票列表同步: 新增 0, 退市 310
2026-04-29 00:11:44 [INFO] [2/4] 正在同步股票基础信息...
2026-04-29 00:11:44 [INFO] [3/4] 正在同步财务快照...
2026-04-29 00:11:44 [INFO] ✅ [3/4] 财务快照已完成
2026-04-29 00:11:44 [INFO] [4/4] 正在拉取日 K 线并写入 Parquet...
2026-04-29 00:12:37 [INFO] ✅ [4/4] 日 K 线已更新
2026-04-29 00:12:37 [INFO] ✅ === 全量数据洗盘完成 ===
2026-04-29 01:43:22 [INFO] 自动同步级别: daily
2026-04-29 01:43:22 [INFO] === 启动自动数据补齐（最近 5 个交易日）===
2026-04-29 01:43:22 [INFO] [P0/3] 开始检查并补齐日线数据...
2026-04-29 01:43:22 [INFO] 后台自动数据同步线程已创建（不阻塞页面加载）
2026-04-29 01:43:22 [INFO] [P0] 正在拉取 20260429 (1/8)...
2026-04-29 01:43:22 [INFO] [P0] 正在拉取 20260428 (2/8)...
2026-04-29 01:43:23 [INFO] [P0] 正在拉取 20260427 (3/8)...
2026-04-29 01:43:24 [INFO] [P0] 正在拉取 20260424 (4/8)...
2026-04-29 01:43:25 [INFO] [P0] 正在拉取 20260423 (5/8)...
2026-04-29 01:43:26 [INFO] [P0] 正在拉取 20260422 (6/8)...
2026-04-29 01:43:26 [INFO] [P0] 正在拉取 20260421 (7/8)...
2026-04-29 01:43:27 [INFO] [P0] 正在拉取 20260420 (8/8)...
2026-04-29 01:43:29 [INFO] [P0] 正在批量写入 5507 只股票的 Parquet 文件...
2026-04-29 01:44:21 [INFO] [P0] 正在重建数据视图...
2026-04-29 01:44:22 [INFO] [P0] 同步完成！
2026-04-29 01:44:22 [INFO] ✅ [P0/3] 日线数据补齐完成
2026-04-29 01:44:22 [INFO] 同步级别为「仅日线」，跳过分钟线同步
2026-04-29 01:44:22 [INFO] === 自动数据补齐全部完成 ===
2026-04-29 01:55:03 [INFO] 自动同步级别: daily
2026-04-29 01:55:03 [INFO] === 启动自动数据补齐（最近 5 个交易日）===
2026-04-29 01:55:03 [INFO] 后台自动数据同步线程已创建（不阻塞页面加载）
2026-04-29 01:55:03 [INFO] [P0/3] 开始检查并补齐日线数据...
2026-04-29 01:55:03 [INFO] [P0] 正在拉取 20260429 (1/8)...
2026-04-29 01:55:03 [INFO] [P0] 正在拉取 20260428 (2/8)...
2026-04-29 01:55:04 [INFO] [P0] 正在拉取 20260427 (3/8)...
2026-04-29 01:55:05 [INFO] [P0] 正在拉取 20260424 (4/8)...
2026-04-29 01:55:05 [INFO] [P0] 正在拉取 20260423 (5/8)...
2026-04-29 01:55:06 [INFO] [P0] 正在拉取 20260422 (6/8)...
2026-04-29 01:55:07 [INFO] [P0] 正在拉取 20260421 (7/8)...
2026-04-29 01:55:08 [INFO] [P0] 正在拉取 20260420 (8/8)...
2026-04-29 01:55:09 [INFO] [P0] 正在批量写入 5507 只股票的 Parquet 文件...
2026-04-29 01:56:23 [INFO] [P0] 正在重建数据视图...
2026-04-29 01:56:24 [INFO] [P0] 同步完成！
2026-04-29 01:56:24 [INFO] ✅ [P0/3] 日线数据补齐完成
2026-04-29 01:56:24 [INFO] 同步级别为「仅日线」，跳过分钟线同步
2026-04-29 01:56:24 [INFO] === 自动数据补齐全部完成 ===
2026-04-29 03:01:16 [INFO] === 全量数据洗盘开始 ===
2026-04-29 03:01:16 [INFO] [1/4] 正在同步股票列表（新股/退市检测）...
2026-04-29 03:01:16 [INFO] ✅ [1/4] 股票列表同步: 新增 0, 退市 310
2026-04-29 03:01:16 [INFO] [2/4] 正在同步股票基础信息...
2026-04-29 03:01:16 [INFO] [3/4] 正在同步财务快照...
2026-04-29 03:01:17 [INFO] ✅ [3/4] 财务快照已完成
2026-04-29 03:01:17 [INFO] [4/4] 正在拉取日 K 线并写入 Parquet...
2026-04-29 03:03:04 [INFO] ✅ [4/4] 日 K 线已更新
2026-04-29 03:03:04 [INFO] ✅ === 全量数据洗盘完成 ===
2026-04-29 08:30:00 [INFO] === 全量数据洗盘开始 ===
2026-04-29 08:30:00 [INFO] [1/4] 正在同步股票列表（新股/退市检测）...
2026-04-29 08:30:00 [INFO] ✅ [1/4] 股票列表同步: 新增 0, 退市 310
2026-04-29 08:30:00 [INFO] [2/4] 正在同步股票基础信息...
2026-04-29 08:30:00 [INFO] [3/4] 正在同步财务快照...
2026-04-29 08:30:01 [INFO] ✅ [3/4] 财务快照已完成
2026-04-29 08:30:01 [INFO] [4/4] 正在拉取日 K 线并写入 Parquet...
2026-04-29 08:40:14 [INFO] ✅ [4/4] 日 K 线已更新
2026-04-29 08:40:14 [INFO] ✅ === 全量数据洗盘完成 ===
2026-04-29 15:03:57 [INFO] 后台自动数据同步线程已创建（不阻塞页面加载）
2026-04-29 15:03:57 [INFO] 自动同步级别: daily
2026-04-29 15:03:57 [INFO] === 启动自动数据补齐（最近 5 个交易日）===
2026-04-29 15:03:57 [INFO] [P0/3] 开始检查并补齐日线数据...
2026-04-29 15:03:57 [INFO] [P0] 正在拉取 20260429 (1/8)...
2026-04-29 15:03:57 [INFO] [P0] 正在拉取 20260428 (2/8)...
2026-04-29 15:03:58 [INFO] [P0] 正在拉取 20260427 (3/8)...
2026-04-29 15:03:59 [INFO] [P0] 正在拉取 20260424 (4/8)...
2026-04-29 15:04:00 [INFO] [P0] 正在拉取 20260423 (5/8)...
2026-04-29 15:04:01 [INFO] [P0] 正在拉取 20260422 (6/8)...
2026-04-29 15:04:02 [INFO] [P0] 正在拉取 20260421 (7/8)...
2026-04-29 15:04:03 [INFO] [P0] 正在拉取 20260420 (8/8)...
2026-04-29 15:04:04 [INFO] [P0] 正在批量写入 5507 只股票的 Parquet 文件...
2026-04-29 15:09:12 [INFO] [P0] 正在重建数据视图...
2026-04-29 15:09:17 [INFO] [P0] 同步完成！
2026-04-29 15:09:18 [INFO] ✅ [P0/3] 日线数据补齐完成
2026-04-29 15:09:18 [INFO] 同步级别为「仅日线」，跳过分钟线同步
2026-04-29 15:09:18 [INFO] === 自动数据补齐全部完成 ===
2026-04-29 15:13:25 [INFO] 自动同步级别: daily
2026-04-29 15:13:25 [INFO] 自动同步级别: daily
2026-04-29 15:13:25 [INFO] === 启动自动数据补齐（最近 5 个交易日）===
2026-04-29 15:13:25 [INFO] 后台自动数据同步线程已创建（不阻塞页面加载）
2026-04-29 15:13:25 [INFO] === 启动自动数据补齐（最近 5 个交易日）===
2026-04-29 15:13:25 [INFO] 后台自动数据同步线程已创建（不阻塞页面加载）
2026-04-29 15:13:25 [INFO] [P0/3] 开始检查并补齐日线数据...
2026-04-29 15:13:25 [INFO] [P0/3] 开始检查并补齐日线数据...
2026-04-29 15:13:25 [INFO] [P0] 正在拉取 20260429 (1/8)...
2026-04-29 15:13:25 [INFO] [P0] 正在拉取 20260429 (1/8)...
2026-04-29 15:13:25 [INFO] [P0] 正在拉取 20260428 (2/8)...
2026-04-29 15:13:25 [INFO] [P0] 正在拉取 20260428 (2/8)...
2026-04-29 15:13:26 [INFO] [P0] 正在拉取 20260427 (3/8)...
2026-04-29 15:13:26 [INFO] [P0] 正在拉取 20260427 (3/8)...
2026-04-29 15:13:26 [INFO] [P0] 正在拉取 20260424 (4/8)...
2026-04-29 15:13:26 [INFO] [P0] 正在拉取 20260424 (4/8)...
2026-04-29 15:13:27 [INFO] [P0] 正在拉取 20260423 (5/8)...
2026-04-29 15:13:27 [INFO] [P0] 正在拉取 20260423 (5/8)...
2026-04-29 15:13:28 [INFO] [P0] 正在拉取 20260422 (6/8)...
2026-04-29 15:13:28 [INFO] [P0] 正在拉取 20260422 (6/8)...
2026-04-29 15:13:29 [INFO] [P0] 正在拉取 20260421 (7/8)...
2026-04-29 15:13:29 [INFO] [P0] 正在拉取 20260421 (7/8)...
2026-04-29 15:13:29 [INFO] [P0] 正在拉取 20260420 (8/8)...
2026-04-29 15:13:29 [INFO] [P0] 正在拉取 20260420 (8/8)...
2026-04-29 15:13:30 [INFO] [P0] 正在批量写入 5507 只股票的 Parquet 文件...
2026-04-29 15:13:30 [INFO] [P0] 正在批量写入 5507 只股票的 Parquet 文件...
2026-04-29 15:14:38 [INFO] [P0] 正在重建数据视图...
2026-04-29 15:14:38 [INFO] [P0] 正在重建数据视图...
2026-04-29 15:14:40 [INFO] [P0] 同步完成！
2026-04-29 15:14:40 [INFO] [P0] 同步完成！
2026-04-29 15:14:40 [INFO] ✅ [P0/3] 日线数据补齐完成
2026-04-29 15:14:40 [INFO] ✅ [P0/3] 日线数据补齐完成
2026-04-29 15:14:40 [INFO] 同步级别为「仅日线」，跳过分钟线同步
2026-04-29 15:14:40 [INFO] 同步级别为「仅日线」，跳过分钟线同步
2026-04-29 15:14:40 [INFO] === 自动数据补齐全部完成 ===
2026-04-29 15:14:40 [INFO] === 自动数据补齐全部完成 ===
2026-04-29 16:08:55 [INFO] 自动同步级别: daily
2026-04-29 16:08:55 [INFO] 自动同步级别: daily
2026-04-29 16:08:55 [INFO] 后台自动数据同步线程已创建（不阻塞页面加载）
2026-04-29 16:08:55 [INFO] 后台自动数据同步线程已创建（不阻塞页面加载）
2026-04-29 16:08:55 [INFO] === 启动自动数据补齐（最近 5 个交易日）===
2026-04-29 16:08:55 [INFO] === 启动自动数据补齐（最近 5 个交易日）===
2026-04-29 16:08:55 [INFO] [P0/3] 开始检查并补齐日线数据...
2026-04-29 16:08:55 [INFO] [P0/3] 开始检查并补齐日线数据...
2026-04-29 16:08:55 [INFO] [P0] 正在拉取 20260429 (1/8)...
2026-04-29 16:08:55 [INFO] [P0] 正在拉取 20260429 (1/8)...
2026-04-29 16:08:55 [INFO] [P0] 正在拉取 20260428 (2/8)...
2026-04-29 16:08:55 [INFO] [P0] 正在拉取 20260428 (2/8)...
2026-04-29 16:08:56 [INFO] [P0] 正在拉取 20260427 (3/8)...
2026-04-29 16:08:56 [INFO] [P0] 正在拉取 20260427 (3/8)...
2026-04-29 16:08:57 [INFO] [P0] 正在拉取 20260424 (4/8)...
2026-04-29 16:08:57 [INFO] [P0] 正在拉取 20260424 (4/8)...
2026-04-29 16:08:58 [INFO] [P0] 正在拉取 20260423 (5/8)...
2026-04-29 16:08:58 [INFO] [P0] 正在拉取 20260423 (5/8)...
2026-04-29 16:08:59 [INFO] [P0] 正在拉取 20260422 (6/8)...
2026-04-29 16:08:59 [INFO] [P0] 正在拉取 20260422 (6/8)...
2026-04-29 16:08:59 [INFO] [P0] 正在拉取 20260421 (7/8)...
2026-04-29 16:08:59 [INFO] [P0] 正在拉取 20260421 (7/8)...
2026-04-29 16:09:00 [INFO] [P0] 正在拉取 20260420 (8/8)...
2026-04-29 16:09:00 [INFO] [P0] 正在拉取 20260420 (8/8)...
2026-04-29 16:09:01 [INFO] [P0] 正在批量写入 5509 只股票的 Parquet 文件...
2026-04-29 16:09:01 [INFO] [P0] 正在批量写入 5509 只股票的 Parquet 文件...
2026-04-29 16:09:42 [INFO] [P0] 正在重建数据视图...
2026-04-29 16:09:42 [INFO] [P0] 正在重建数据视图...
2026-04-29 16:09:44 [INFO] [P0] 同步完成！
2026-04-29 16:09:44 [INFO] [P0] 同步完成！
2026-04-29 16:09:45 [INFO] ✅ [P0/3] 日线数据补齐完成
2026-04-29 16:09:45 [INFO] ✅ [P0/3] 日线数据补齐完成
2026-04-29 16:09:45 [INFO] 同步级别为「仅日线」，跳过分钟线同步
2026-04-29 16:09:45 [INFO] 同步级别为「仅日线」，跳过分钟线同步
2026-04-29 16:09:45 [INFO] === 自动数据补齐全部完成 ===
2026-04-29 16:09:45 [INFO] === 自动数据补齐全部完成 ===
2026-04-29 18:10:41 [INFO] 自动同步级别: daily
2026-04-29 18:10:41 [INFO] 自动同步级别: daily
2026-04-29 18:10:41 [INFO] 后台自动数据同步线程已创建（不阻塞页面加载）
2026-04-29 18:10:41 [INFO] 后台自动数据同步线程已创建（不阻塞页面加载）
2026-04-29 18:10:41 [INFO] === 启动自动数据补齐（最近 5 个交易日）===
2026-04-29 18:10:41 [INFO] === 启动自动数据补齐（最近 5 个交易日）===
2026-04-29 18:10:41 [INFO] [P0/3] 开始检查并补齐日线数据...
2026-04-29 18:10:41 [INFO] [P0/3] 开始检查并补齐日线数据...
2026-04-29 18:10:41 [INFO] [P0] 正在拉取 20260429 (1/8)...
2026-04-29 18:10:41 [INFO] [P0] 正在拉取 20260429 (1/8)...
2026-04-29 18:10:42 [INFO] [P0] 正在拉取 20260428 (2/8)...
2026-04-29 18:10:42 [INFO] [P0] 正在拉取 20260428 (2/8)...
2026-04-29 18:10:42 [INFO] [P0] 正在拉取 20260427 (3/8)...
2026-04-29 18:10:42 [INFO] [P0] 正在拉取 20260427 (3/8)...
2026-04-29 18:10:43 [INFO] [P0] 正在拉取 20260424 (4/8)...
2026-04-29 18:10:43 [INFO] [P0] 正在拉取 20260424 (4/8)...
2026-04-29 18:10:44 [INFO] [P0] 正在拉取 20260423 (5/8)...
2026-04-29 18:10:44 [INFO] [P0] 正在拉取 20260423 (5/8)...
2026-04-29 18:10:45 [INFO] [P0] 正在拉取 20260422 (6/8)...
2026-04-29 18:10:45 [INFO] [P0] 正在拉取 20260422 (6/8)...
2026-04-29 18:10:46 [INFO] [P0] 正在拉取 20260421 (7/8)...
2026-04-29 18:10:46 [INFO] [P0] 正在拉取 20260421 (7/8)...
2026-04-29 18:10:46 [INFO] [P0] 正在拉取 20260420 (8/8)...
2026-04-29 18:10:46 [INFO] [P0] 正在拉取 20260420 (8/8)...
2026-04-29 18:10:47 [INFO] [P0] 正在批量写入 5509 只股票的 Parquet 文件...
2026-04-29 18:10:47 [INFO] [P0] 正在批量写入 5509 只股票的 Parquet 文件...
2026-04-29 18:11:27 [INFO] [P0] 正在重建数据视图...
2026-04-29 18:11:27 [INFO] [P0] 正在重建数据视图...
2026-04-29 18:11:29 [INFO] [P0] 同步完成！
2026-04-29 18:11:29 [INFO] [P0] 同步完成！
2026-04-29 18:11:30 [INFO] ✅ [P0/3] 日线数据补齐完成
2026-04-29 18:11:30 [INFO] ✅ [P0/3] 日线数据补齐完成
2026-04-29 18:11:30 [INFO] 同步级别为「仅日线」，跳过分钟线同步
2026-04-29 18:11:30 [INFO] 同步级别为「仅日线」，跳过分钟线同步
2026-04-29 18:11:30 [INFO] === 自动数据补齐全部完成 ===
2026-04-29 18:11:30 [INFO] === 自动数据补齐全部完成 ===
2026-04-29 18:17:02 [INFO] 自动同步级别: daily
2026-04-29 18:17:02 [INFO] 自动同步级别: daily
2026-04-29 18:17:02 [INFO] 后台自动数据同步线程已创建（不阻塞页面加载）
2026-04-29 18:17:02 [INFO] 后台自动数据同步线程已创建（不阻塞页面加载）
2026-04-29 18:17:02 [INFO] === 启动自动数据补齐（最近 5 个交易日）===
2026-04-29 18:17:02 [INFO] === 启动自动数据补齐（最近 5 个交易日）===
2026-04-29 18:17:02 [INFO] [P0/3] 开始检查并补齐日线数据...
2026-04-29 18:17:02 [INFO] [P0/3] 开始检查并补齐日线数据...
2026-04-29 18:17:02 [INFO] [P0] 正在拉取 20260429 (1/8)...
2026-04-29 18:17:02 [INFO] [P0] 正在拉取 20260429 (1/8)...
2026-04-29 18:17:03 [INFO] [P0] 正在拉取 20260428 (2/8)...
2026-04-29 18:17:03 [INFO] [P0] 正在拉取 20260428 (2/8)...
2026-04-29 18:17:04 [INFO] [P0] 正在拉取 20260427 (3/8)...
2026-04-29 18:17:04 [INFO] [P0] 正在拉取 20260427 (3/8)...
2026-04-29 18:17:04 [INFO] [P0] 正在拉取 20260424 (4/8)...
2026-04-29 18:17:04 [INFO] [P0] 正在拉取 20260424 (4/8)...
2026-04-29 18:17:05 [INFO] [P0] 正在拉取 20260423 (5/8)...
2026-04-29 18:17:05 [INFO] [P0] 正在拉取 20260423 (5/8)...
2026-04-29 18:17:06 [INFO] [P0] 正在拉取 20260422 (6/8)...
2026-04-29 18:17:06 [INFO] [P0] 正在拉取 20260422 (6/8)...
2026-04-29 18:17:07 [INFO] [P0] 正在拉取 20260421 (7/8)...
2026-04-29 18:17:07 [INFO] [P0] 正在拉取 20260421 (7/8)...
2026-04-29 18:17:07 [INFO] [P0] 正在拉取 20260420 (8/8)...
2026-04-29 18:17:07 [INFO] [P0] 正在拉取 20260420 (8/8)...
2026-04-29 18:17:08 [INFO] [P0] 正在批量写入 5509 只股票的 Parquet 文件...
2026-04-29 18:17:08 [INFO] [P0] 正在批量写入 5509 只股票的 Parquet 文件...
2026-04-29 18:17:48 [INFO] [P0] 正在重建数据视图...
2026-04-29 18:17:48 [INFO] [P0] 正在重建数据视图...
2026-04-29 18:17:50 [INFO] [P0] 同步完成！
2026-04-29 18:17:50 [INFO] [P0] 同步完成！
2026-04-29 18:17:50 [INFO] ✅ [P0/3] 日线数据补齐完成
2026-04-29 18:17:50 [INFO] ✅ [P0/3] 日线数据补齐完成
2026-04-29 18:17:50 [INFO] 同步级别为「仅日线」，跳过分钟线同步
2026-04-29 18:17:50 [INFO] 同步级别为「仅日线」，跳过分钟线同步
2026-04-29 18:17:50 [INFO] === 自动数据补齐全部完成 ===
2026-04-29 18:17:50 [INFO] === 自动数据补齐全部完成 ===
