2026-05-06 03:51:29 [INFO] 自动同步级别: daily
2026-05-06 03:51:29 [INFO] 自动同步级别: daily
2026-05-06 03:51:29 [INFO] 后台自动数据同步线程已创建（不阻塞页面加载）
2026-05-06 03:51:29 [INFO] 后台自动数据同步线程已创建（不阻塞页面加载）
2026-05-06 03:51:29 [INFO] === 启动自动数据补齐（最近 5 个交易日）===
2026-05-06 03:51:29 [INFO] === 启动自动数据补齐（最近 5 个交易日）===
2026-05-06 03:51:29 [INFO] [P0/3] 开始检查并补齐日线数据...
2026-05-06 03:51:29 [INFO] [P0/3] 开始检查并补齐日线数据...
2026-05-06 03:51:29 [INFO] [P0] 正在拉取 20260506 (1/5)...
2026-05-06 03:51:29 [INFO] [P0] 正在拉取 20260506 (1/5)...
2026-05-06 03:51:29 [INFO] [P0] 正在拉取 20260430 (2/5)...
2026-05-06 03:51:29 [INFO] [P0] 正在拉取 20260430 (2/5)...
2026-05-06 03:51:30 [INFO] [P0] 正在拉取 20260429 (3/5)...
2026-05-06 03:51:30 [INFO] [P0] 正在拉取 20260429 (3/5)...
2026-05-06 03:51:31 [INFO] [P0] 正在拉取 20260428 (4/5)...
2026-05-06 03:51:31 [INFO] [P0] 正在拉取 20260428 (4/5)...
2026-05-06 03:51:32 [INFO] [P0] 正在拉取 20260427 (5/5)...
2026-05-06 03:51:32 [INFO] [P0] 正在拉取 20260427 (5/5)...
2026-05-06 03:51:33 [INFO] [P0] 正在批量写入 5507 只股票的 Parquet 文件...
2026-05-06 03:51:33 [INFO] [P0] 正在批量写入 5507 只股票的 Parquet 文件...
2026-05-06 03:53:03 [INFO] [P0] 正在重建数据视图...
2026-05-06 03:53:03 [INFO] [P0] 正在重建数据视图...
2026-05-06 03:53:06 [INFO] [P0] 同步完成！
2026-05-06 03:53:06 [INFO] [P0] 同步完成！
2026-05-06 03:53:06 [INFO] ✅ [P0/3] 日线数据补齐完成
2026-05-06 03:53:06 [INFO] ✅ [P0/3] 日线数据补齐完成
2026-05-06 03:53:06 [INFO] 同步级别为「仅日线」，跳过分钟线同步
2026-05-06 03:53:06 [INFO] 同步级别为「仅日线」，跳过分钟线同步
2026-05-06 03:53:06 [INFO] === 自动数据补齐全部完成 ===
2026-05-06 03:53:06 [INFO] === 自动数据补齐全部完成 ===
2026-05-06 03:59:32 [INFO] 自动同步级别: daily
2026-05-06 03:59:32 [INFO] 自动同步级别: daily
2026-05-06 03:59:32 [INFO] === 启动自动数据补齐（最近 5 个交易日）===
2026-05-06 03:59:32 [INFO] === 启动自动数据补齐（最近 5 个交易日）===
2026-05-06 03:59:32 [INFO] 后台自动数据同步线程已创建（不阻塞页面加载）
2026-05-06 03:59:32 [INFO] 后台自动数据同步线程已创建（不阻塞页面加载）
2026-05-06 03:59:32 [INFO] [P0/3] 开始检查并补齐日线数据...
2026-05-06 03:59:32 [INFO] [P0/3] 开始检查并补齐日线数据...
2026-05-06 03:59:32 [INFO] [P0] 正在拉取 20260506 (1/5)...
2026-05-06 03:59:32 [INFO] [P0] 正在拉取 20260506 (1/5)...
2026-05-06 03:59:32 [INFO] [P0] 正在拉取 20260430 (2/5)...
2026-05-06 03:59:32 [INFO] [P0] 正在拉取 20260430 (2/5)...
2026-05-06 03:59:33 [INFO] [P0] 正在拉取 20260429 (3/5)...
2026-05-06 03:59:33 [INFO] [P0] 正在拉取 20260429 (3/5)...
2026-05-06 03:59:34 [INFO] [P0] 正在拉取 20260428 (4/5)...
2026-05-06 03:59:34 [INFO] [P0] 正在拉取 20260428 (4/5)...
2026-05-06 03:59:35 [INFO] [P0] 正在拉取 20260427 (5/5)...
2026-05-06 03:59:35 [INFO] [P0] 正在拉取 20260427 (5/5)...
2026-05-06 03:59:35 [INFO] [P0] 正在批量写入 5507 只股票的 Parquet 文件...
2026-05-06 03:59:35 [INFO] [P0] 正在批量写入 5507 只股票的 Parquet 文件...
2026-05-06 04:01:11 [INFO] [P0] 正在重建数据视图...
2026-05-06 04:01:11 [INFO] [P0] 正在重建数据视图...
2026-05-06 04:01:13 [INFO] [P0] 同步完成！
2026-05-06 04:01:13 [INFO] [P0] 同步完成！
2026-05-06 04:01:13 [INFO] ✅ [P0/3] 日线数据补齐完成
2026-05-06 04:01:13 [INFO] ✅ [P0/3] 日线数据补齐完成
2026-05-06 04:01:13 [INFO] 同步级别为「仅日线」，跳过分钟线同步
2026-05-06 04:01:13 [INFO] 同步级别为「仅日线」，跳过分钟线同步
2026-05-06 04:01:13 [INFO] === 自动数据补齐全部完成 ===
2026-05-06 04:01:13 [INFO] === 自动数据补齐全部完成 ===
2026-05-06 04:11:35 [INFO] 自动同步级别: daily
2026-05-06 04:11:35 [INFO] === 启动自动数据补齐（最近 5 个交易日）===
2026-05-06 04:11:35 [INFO] [P0/3] 开始检查并补齐日线数据...
2026-05-06 04:11:35 [INFO] 后台自动数据同步线程已创建（不阻塞页面加载）
2026-05-06 04:11:35 [INFO] [P0] 正在拉取 20260506 (1/5)...
2026-05-06 04:11:35 [INFO] [P0] 正在拉取 20260430 (2/5)...
2026-05-06 04:11:36 [INFO] [P0] 正在拉取 20260429 (3/5)...
2026-05-06 04:11:37 [INFO] [P0] 正在拉取 20260428 (4/5)...
2026-05-06 04:11:37 [INFO] [P0] 正在拉取 20260427 (5/5)...
2026-05-06 04:11:38 [INFO] [P0] 正在批量写入 5507 只股票的 Parquet 文件...
2026-05-06 04:13:00 [INFO] 后台自动数据同步线程已创建（不阻塞页面加载）
2026-05-06 04:13:00 [INFO] 后台自动数据同步线程已创建（不阻塞页面加载）
2026-05-06 04:13:00 [INFO] 自动同步级别: daily
2026-05-06 04:13:00 [INFO] === 启动自动数据补齐（最近 5 个交易日）===
2026-05-06 04:13:00 [INFO] === 启动自动数据补齐（最近 5 个交易日）===
2026-05-06 04:13:00 [INFO] [P0/3] 开始检查并补齐日线数据...
2026-05-06 04:13:00 [INFO] [P0/3] 开始检查并补齐日线数据...
2026-05-06 04:13:00 [INFO] [P0] 正在拉取 20260506 (1/5)...
2026-05-06 04:13:00 [INFO] [P0] 正在拉取 20260506 (1/5)...
2026-05-06 04:13:00 [INFO] [P0] 正在拉取 20260430 (2/5)...
2026-05-06 04:13:00 [INFO] [P0] 正在拉取 20260430 (2/5)...
2026-05-06 04:13:01 [INFO] [P0] 正在拉取 20260429 (3/5)...
2026-05-06 04:13:01 [INFO] [P0] 正在拉取 20260429 (3/5)...
2026-05-06 04:13:02 [INFO] [P0] 正在拉取 20260428 (4/5)...
2026-05-06 04:13:02 [INFO] [P0] 正在拉取 20260428 (4/5)...
2026-05-06 04:13:03 [INFO] [P0] 正在拉取 20260427 (5/5)...
2026-05-06 04:13:03 [INFO] [P0] 正在拉取 20260427 (5/5)...
2026-05-06 04:13:04 [INFO] [P0] 正在批量写入 5507 只股票的 Parquet 文件...
2026-05-06 04:13:04 [INFO] [P0] 正在批量写入 5507 只股票的 Parquet 文件...
2026-05-06 04:14:42 [INFO] [P0] 正在重建数据视图...
2026-05-06 04:14:42 [INFO] [P0] 正在重建数据视图...
2026-05-06 04:14:44 [INFO] [P0] 同步完成！
2026-05-06 04:14:44 [INFO] [P0] 同步完成！
2026-05-06 04:14:44 [INFO] ✅ [P0/3] 日线数据补齐完成
2026-05-06 04:14:44 [INFO] ✅ [P0/3] 日线数据补齐完成
2026-05-06 04:14:44 [INFO] 同步级别为「仅日线」，跳过分钟线同步
2026-05-06 04:14:44 [INFO] 同步级别为「仅日线」，跳过分钟线同步
2026-05-06 04:14:44 [INFO] === 自动数据补齐全部完成 ===
2026-05-06 04:14:44 [INFO] === 自动数据补齐全部完成 ===
2026-05-06 04:21:26 [INFO] 后台自动数据同步线程已创建（不阻塞页面加载）
2026-05-06 04:21:26 [INFO] 自动同步级别: daily
2026-05-06 04:21:26 [INFO] === 启动自动数据补齐（最近 5 个交易日）===
2026-05-06 04:21:26 [INFO] [P0/3] 开始检查并补齐日线数据...
2026-05-06 04:21:26 [INFO] [P0] 正在拉取 20260506 (1/5)...
2026-05-06 04:21:26 [INFO] [P0] 正在拉取 20260430 (2/5)...
2026-05-06 04:21:27 [INFO] [P0] 正在拉取 20260429 (3/5)...
2026-05-06 04:21:28 [INFO] [P0] 正在拉取 20260428 (4/5)...
2026-05-06 04:21:29 [INFO] [P0] 正在拉取 20260427 (5/5)...
2026-05-06 04:21:29 [INFO] [P0] 正在批量写入 5507 只股票的 Parquet 文件...
2026-05-06 04:23:01 [INFO] [P0] 正在重建数据视图...
2026-05-06 04:23:02 [INFO] [P0] 同步完成！
2026-05-06 04:23:02 [INFO] ✅ [P0/3] 日线数据补齐完成
2026-05-06 04:23:02 [INFO] 同步级别为「仅日线」，跳过分钟线同步
2026-05-06 04:23:02 [INFO] === 自动数据补齐全部完成 ===
2026-05-06 04:25:32 [INFO] 后台自动数据同步线程已创建（不阻塞页面加载）
2026-05-06 04:25:32 [INFO] 自动同步级别: daily
2026-05-06 04:25:32 [INFO] === 启动自动数据补齐（最近 5 个交易日）===
2026-05-06 04:25:32 [INFO] [P0/3] 开始检查并补齐日线数据...
2026-05-06 04:25:32 [INFO] [P0] 正在拉取 20260506 (1/5)...
2026-05-06 04:25:32 [INFO] [P0] 正在拉取 20260430 (2/5)...
2026-05-06 04:25:33 [INFO] [P0] 正在拉取 20260429 (3/5)...
2026-05-06 04:25:34 [INFO] [P0] 正在拉取 20260428 (4/5)...
2026-05-06 04:25:35 [INFO] [P0] 正在拉取 20260427 (5/5)...
2026-05-06 04:25:35 [INFO] [P0] 正在批量写入 5507 只股票的 Parquet 文件...
2026-05-06 04:26:38 [INFO] [P0] 正在重建数据视图...
2026-05-06 04:26:40 [INFO] [P0] 同步完成！
2026-05-06 04:26:40 [INFO] ✅ [P0/3] 日线数据补齐完成
2026-05-06 04:26:40 [INFO] 同步级别为「仅日线」，跳过分钟线同步
2026-05-06 04:26:40 [INFO] === 自动数据补齐全部完成 ===
2026-05-06 08:30:00 [INFO] === 全量数据洗盘开始 ===
2026-05-06 08:30:00 [INFO] [1/4] 正在同步股票列表（新股/退市检测）...
2026-05-06 08:30:02 [WARNING] [1/4] 股票列表同步: 无法从 QMT Proxy 获取股票列表，请检查 Windows 端代理服务
2026-05-06 08:30:02 [INFO] [2/4] 正在同步股票基础信息...
2026-05-06 08:30:02 [INFO] [3/4] 正在同步财务快照...
2026-05-06 08:30:04 [INFO] ✅ [3/4] 财务快照已完成
2026-05-06 08:30:04 [INFO] [4/4] 正在拉取日 K 线并写入 Parquet...
2026-05-06 08:31:23 [INFO] ✅ [4/4] 日 K 线已更新
2026-05-06 08:31:23 [INFO] ✅ === 全量数据洗盘完成 ===
2026-05-06 09:01:16 [INFO] 自动同步级别: daily
2026-05-06 09:01:16 [INFO] 自动同步级别: daily
2026-05-06 09:01:16 [INFO] 后台自动数据同步线程已创建（不阻塞页面加载）
2026-05-06 09:01:16 [INFO] 后台自动数据同步线程已创建（不阻塞页面加载）
2026-05-06 09:01:16 [INFO] === 启动自动数据补齐（最近 5 个交易日）===
2026-05-06 09:01:16 [INFO] === 启动自动数据补齐（最近 5 个交易日）===
2026-05-06 09:01:16 [INFO] [P0/3] 开始检查并补齐日线数据...
2026-05-06 09:01:16 [INFO] [P0/3] 开始检查并补齐日线数据...
2026-05-06 09:01:16 [INFO] [P0] 正在拉取 20260506 (1/5)...
2026-05-06 09:01:16 [INFO] [P0] 正在拉取 20260506 (1/5)...
2026-05-06 09:01:16 [INFO] [P0] 正在拉取 20260430 (2/5)...
2026-05-06 09:01:16 [INFO] [P0] 正在拉取 20260430 (2/5)...
2026-05-06 09:01:17 [INFO] [P0] 正在拉取 20260429 (3/5)...
2026-05-06 09:01:17 [INFO] [P0] 正在拉取 20260429 (3/5)...
2026-05-06 09:01:18 [INFO] [P0] 正在拉取 20260428 (4/5)...
2026-05-06 09:01:18 [INFO] [P0] 正在拉取 20260428 (4/5)...
2026-05-06 09:01:19 [INFO] [P0] 正在拉取 20260427 (5/5)...
2026-05-06 09:01:19 [INFO] [P0] 正在拉取 20260427 (5/5)...
2026-05-06 09:01:19 [INFO] [P0] 正在批量写入 5507 只股票的 Parquet 文件...
2026-05-06 09:01:19 [INFO] [P0] 正在批量写入 5507 只股票的 Parquet 文件...
2026-05-06 09:02:13 [INFO] [P0] 正在重建数据视图...
2026-05-06 09:02:13 [INFO] [P0] 正在重建数据视图...
2026-05-06 09:02:15 [INFO] [P0] 同步完成！
2026-05-06 09:02:15 [INFO] [P0] 同步完成！
2026-05-06 09:02:15 [INFO] ✅ [P0/3] 日线数据补齐完成
2026-05-06 09:02:15 [INFO] ✅ [P0/3] 日线数据补齐完成
2026-05-06 09:02:15 [INFO] 同步级别为「仅日线」，跳过分钟线同步
2026-05-06 09:02:15 [INFO] 同步级别为「仅日线」，跳过分钟线同步
2026-05-06 09:02:15 [INFO] === 自动数据补齐全部完成 ===
2026-05-06 09:02:15 [INFO] === 自动数据补齐全部完成 ===
2026-05-06 09:40:35 [INFO] 后台自动数据同步线程已创建（不阻塞页面加载）
2026-05-06 09:40:35 [INFO] 后台自动数据同步线程已创建（不阻塞页面加载）
2026-05-06 09:40:35 [INFO] 自动同步级别: daily
2026-05-06 09:40:35 [INFO] 自动同步级别: daily
2026-05-06 09:40:35 [INFO] === 启动自动数据补齐（最近 5 个交易日）===
2026-05-06 09:40:35 [INFO] === 启动自动数据补齐（最近 5 个交易日）===
2026-05-06 09:40:35 [INFO] [P0/3] 开始检查并补齐日线数据...
2026-05-06 09:40:35 [INFO] [P0/3] 开始检查并补齐日线数据...
2026-05-06 09:40:35 [INFO] [P0] 正在拉取 20260506 (1/5)...
2026-05-06 09:40:35 [INFO] [P0] 正在拉取 20260506 (1/5)...
2026-05-06 09:40:35 [INFO] [P0] 正在拉取 20260430 (2/5)...
2026-05-06 09:40:35 [INFO] [P0] 正在拉取 20260430 (2/5)...
2026-05-06 09:40:36 [INFO] [P0] 正在拉取 20260429 (3/5)...
2026-05-06 09:40:36 [INFO] [P0] 正在拉取 20260429 (3/5)...
2026-05-06 09:40:36 [INFO] [P0] 正在拉取 20260428 (4/5)...
2026-05-06 09:40:36 [INFO] [P0] 正在拉取 20260428 (4/5)...
2026-05-06 09:40:37 [INFO] [P0] 正在拉取 20260427 (5/5)...
2026-05-06 09:40:37 [INFO] [P0] 正在拉取 20260427 (5/5)...
2026-05-06 09:40:38 [INFO] [P0] 正在批量写入 5507 只股票的 Parquet 文件...
2026-05-06 09:40:38 [INFO] [P0] 正在批量写入 5507 只股票的 Parquet 文件...
2026-05-06 09:41:43 [INFO] [P0] 正在重建数据视图...
2026-05-06 09:41:43 [INFO] [P0] 正在重建数据视图...
2026-05-06 09:41:45 [INFO] [P0] 同步完成！
2026-05-06 09:41:45 [INFO] [P0] 同步完成！
2026-05-06 09:41:45 [INFO] ✅ [P0/3] 日线数据补齐完成
2026-05-06 09:41:45 [INFO] ✅ [P0/3] 日线数据补齐完成
2026-05-06 09:41:45 [INFO] 同步级别为「仅日线」，跳过分钟线同步
2026-05-06 09:41:45 [INFO] 同步级别为「仅日线」，跳过分钟线同步
2026-05-06 09:41:45 [INFO] === 自动数据补齐全部完成 ===
2026-05-06 09:41:45 [INFO] === 自动数据补齐全部完成 ===
2026-05-06 11:11:35 [INFO] 自动同步级别: daily
2026-05-06 11:11:35 [INFO] 自动同步级别: daily
2026-05-06 11:11:35 [INFO] 后台自动数据同步线程已创建（不阻塞页面加载）
2026-05-06 11:11:35 [INFO] 后台自动数据同步线程已创建（不阻塞页面加载）
2026-05-06 11:11:35 [INFO] === 启动自动数据补齐（最近 5 个交易日）===
2026-05-06 11:11:35 [INFO] === 启动自动数据补齐（最近 5 个交易日）===
2026-05-06 11:11:35 [INFO] [P0/3] 开始检查并补齐日线数据...
2026-05-06 11:11:35 [INFO] [P0/3] 开始检查并补齐日线数据...
2026-05-06 11:11:35 [INFO] [P0] 正在拉取 20260506 (1/5)...
2026-05-06 11:11:35 [INFO] [P0] 正在拉取 20260506 (1/5)...
2026-05-06 11:11:35 [INFO] [P0] 正在拉取 20260430 (2/5)...
2026-05-06 11:11:35 [INFO] [P0] 正在拉取 20260430 (2/5)...
2026-05-06 11:11:36 [INFO] [P0] 正在拉取 20260429 (3/5)...
2026-05-06 11:11:36 [INFO] [P0] 正在拉取 20260429 (3/5)...
2026-05-06 11:11:37 [INFO] [P0] 正在拉取 20260428 (4/5)...
2026-05-06 11:11:37 [INFO] [P0] 正在拉取 20260428 (4/5)...
2026-05-06 11:11:38 [INFO] [P0] 正在拉取 20260427 (5/5)...
2026-05-06 11:11:38 [INFO] [P0] 正在拉取 20260427 (5/5)...
2026-05-06 11:11:39 [INFO] [P0] 正在批量写入 5507 只股票的 Parquet 文件...
2026-05-06 11:11:39 [INFO] [P0] 正在批量写入 5507 只股票的 Parquet 文件...
2026-05-06 11:12:31 [INFO] [P0] 正在重建数据视图...
2026-05-06 11:12:31 [INFO] [P0] 正在重建数据视图...
2026-05-06 11:12:33 [INFO] [P0] 同步完成！
2026-05-06 11:12:33 [INFO] [P0] 同步完成！
2026-05-06 11:12:33 [INFO] ✅ [P0/3] 日线数据补齐完成
2026-05-06 11:12:33 [INFO] ✅ [P0/3] 日线数据补齐完成
2026-05-06 11:12:33 [INFO] 同步级别为「仅日线」，跳过分钟线同步
2026-05-06 11:12:33 [INFO] 同步级别为「仅日线」，跳过分钟线同步
2026-05-06 11:12:33 [INFO] === 自动数据补齐全部完成 ===
2026-05-06 11:12:33 [INFO] === 自动数据补齐全部完成 ===
2026-05-06 12:16:15 [INFO] 后台自动数据同步线程已创建（不阻塞页面加载）
2026-05-06 12:16:15 [INFO] 后台自动数据同步线程已创建（不阻塞页面加载）
2026-05-06 12:16:15 [INFO] 自动同步级别: daily
2026-05-06 12:16:15 [INFO] 自动同步级别: daily
2026-05-06 12:16:15 [INFO] === 启动自动数据补齐（最近 5 个交易日）===
2026-05-06 12:16:15 [INFO] === 启动自动数据补齐（最近 5 个交易日）===
2026-05-06 12:16:15 [INFO] [P0/3] 开始检查并补齐日线数据...
2026-05-06 12:16:15 [INFO] [P0/3] 开始检查并补齐日线数据...
2026-05-06 12:16:15 [INFO] [P0] 正在拉取 20260506 (1/5)...
2026-05-06 12:16:15 [INFO] [P0] 正在拉取 20260506 (1/5)...
2026-05-06 12:16:15 [INFO] [P0] 正在拉取 20260430 (2/5)...
2026-05-06 12:16:15 [INFO] [P0] 正在拉取 20260430 (2/5)...
2026-05-06 12:16:16 [INFO] [P0] 正在拉取 20260429 (3/5)...
2026-05-06 12:16:16 [INFO] [P0] 正在拉取 20260429 (3/5)...
2026-05-06 12:16:17 [INFO] [P0] 正在拉取 20260428 (4/5)...
2026-05-06 12:16:17 [INFO] [P0] 正在拉取 20260428 (4/5)...
2026-05-06 12:16:18 [INFO] [P0] 正在拉取 20260427 (5/5)...
2026-05-06 12:16:18 [INFO] [P0] 正在拉取 20260427 (5/5)...
2026-05-06 12:16:19 [INFO] [P0] 正在批量写入 5507 只股票的 Parquet 文件...
2026-05-06 12:16:19 [INFO] [P0] 正在批量写入 5507 只股票的 Parquet 文件...
2026-05-06 12:19:36 [INFO] 自动同步级别: daily
2026-05-06 12:19:36 [INFO] === 启动自动数据补齐（最近 5 个交易日）===
2026-05-06 12:19:36 [INFO] [P0/3] 开始检查并补齐日线数据...
2026-05-06 12:19:36 [INFO] 后台自动数据同步线程已创建（不阻塞页面加载）
2026-05-06 12:19:36 [INFO] [P0] 正在拉取 20260506 (1/5)...
2026-05-06 12:19:36 [INFO] [P0] 正在拉取 20260430 (2/5)...
2026-05-06 12:19:37 [INFO] [P0] 正在拉取 20260429 (3/5)...
2026-05-06 12:19:38 [INFO] [P0] 正在拉取 20260428 (4/5)...
2026-05-06 12:19:38 [INFO] [P0] 正在拉取 20260427 (5/5)...
2026-05-06 12:19:39 [INFO] [P0] 正在批量写入 5507 只股票的 Parquet 文件...
2026-05-06 12:20:58 [INFO] [P0] 正在重建数据视图...
2026-05-06 12:21:00 [INFO] [P0] 同步完成！
2026-05-06 12:21:00 [INFO] ✅ [P0/3] 日线数据补齐完成
2026-05-06 12:21:00 [INFO] 同步级别为「仅日线」，跳过分钟线同步
2026-05-06 12:21:00 [INFO] === 自动数据补齐全部完成 ===
2026-05-06 12:40:48 [INFO] 自动同步级别: daily
2026-05-06 12:40:48 [INFO] 自动同步级别: daily
2026-05-06 12:40:48 [INFO] 后台自动数据同步线程已创建（不阻塞页面加载）
2026-05-06 12:40:48 [INFO] 后台自动数据同步线程已创建（不阻塞页面加载）
2026-05-06 12:40:48 [INFO] === 启动自动数据补齐（最近 5 个交易日）===
2026-05-06 12:40:48 [INFO] === 启动自动数据补齐（最近 5 个交易日）===
2026-05-06 12:40:48 [INFO] [P0/3] 开始检查并补齐日线数据...
2026-05-06 12:40:48 [INFO] [P0/3] 开始检查并补齐日线数据...
2026-05-06 12:40:48 [INFO] [P0] 正在拉取 20260506 (1/5)...
2026-05-06 12:40:48 [INFO] [P0] 正在拉取 20260506 (1/5)...
2026-05-06 12:40:48 [INFO] [P0] 正在拉取 20260430 (2/5)...
2026-05-06 12:40:48 [INFO] [P0] 正在拉取 20260430 (2/5)...
2026-05-06 12:40:49 [INFO] [P0] 正在拉取 20260429 (3/5)...
2026-05-06 12:40:49 [INFO] [P0] 正在拉取 20260429 (3/5)...
2026-05-06 12:40:50 [INFO] [P0] 正在拉取 20260428 (4/5)...
2026-05-06 12:40:50 [INFO] [P0] 正在拉取 20260428 (4/5)...
2026-05-06 12:40:51 [INFO] [P0] 正在拉取 20260427 (5/5)...
2026-05-06 12:40:51 [INFO] [P0] 正在拉取 20260427 (5/5)...
2026-05-06 12:40:51 [INFO] [P0] 正在批量写入 5507 只股票的 Parquet 文件...
2026-05-06 12:40:51 [INFO] [P0] 正在批量写入 5507 只股票的 Parquet 文件...
2026-05-06 12:41:45 [INFO] [P0] 正在重建数据视图...
2026-05-06 12:41:45 [INFO] [P0] 正在重建数据视图...
2026-05-06 12:41:47 [INFO] [P0] 同步完成！
2026-05-06 12:41:47 [INFO] [P0] 同步完成！
2026-05-06 12:41:47 [INFO] ✅ [P0/3] 日线数据补齐完成
2026-05-06 12:41:47 [INFO] ✅ [P0/3] 日线数据补齐完成
2026-05-06 12:41:47 [INFO] 同步级别为「仅日线」，跳过分钟线同步
2026-05-06 12:41:47 [INFO] 同步级别为「仅日线」，跳过分钟线同步
2026-05-06 12:41:47 [INFO] === 自动数据补齐全部完成 ===
2026-05-06 12:41:47 [INFO] === 自动数据补齐全部完成 ===
2026-05-06 12:47:24 [INFO] 自动同步级别: daily
2026-05-06 12:47:24 [INFO] 自动同步级别: daily
程已创建（不阻塞页面加载）
2026-05-06 12:47:24 [INFO] 后台自动数据同步线程已创建（不阻塞页面加载）
2026-05-06 12:47:24 [INFO] === 启动自动数据补齐（最近 5 个交易日）===
2026-05-06 12:47:24 [INFO] === 启动自动数据补齐（最近 5 个交易日）===
2026-05-06 12:47:24 [INFO] [P0/3] 开始检查并补齐日线数据...
2026-05-06 12:47:24 [INFO] [P0/3] 开始检查并补齐日线数据...
2026-05-06 12:47:24 [INFO] [P0] 正在拉取 20260506 (1/5)...
2026-05-06 12:47:24 [INFO] [P0] 正在拉取 20260506 (1/5)...
2026-05-06 12:47:25 [INFO] [P0] 正在拉取 20260430 (2/5)...
2026-05-06 12:47:25 [INFO] [P0] 正在拉取 20260430 (2/5)...
2026-05-06 12:47:25 [INFO] [P0] 正在拉取 20260429 (3/5)...
2026-05-06 12:47:25 [INFO] [P0] 正在拉取 20260429 (3/5)...
2026-05-06 12:47:26 [INFO] [P0] 正在拉取 20260428 (4/5)...
2026-05-06 12:47:26 [INFO] [P0] 正在拉取 20260428 (4/5)...
2026-05-06 12:47:27 [INFO] [P0] 正在拉取 20260427 (5/5)...
2026-05-06 12:47:27 [INFO] [P0] 正在拉取 20260427 (5/5)...
2026-05-06 12:47:28 [INFO] [P0] 正在批量写入 5507 只股票的 Parquet 文件...
2026-05-06 12:47:28 [INFO] [P0] 正在批量写入 5507 只股票的 Parquet 文件...
2026-05-06 12:48:20 [INFO] [P0] 正在重建数据视图...
2026-05-06 12:48:20 [INFO] [P0] 正在重建数据视图...
2026-05-06 12:48:23 [INFO] [P0] 同步完成！
2026-05-06 12:48:23 [INFO] [P0] 同步完成！
2026-05-06 12:48:23 [INFO] ✅ [P0/3] 日线数据补齐完成
2026-05-06 12:48:23 [INFO] ✅ [P0/3] 日线数据补齐完成
2026-05-06 12:48:23 [INFO] 同步级别为「仅日线」，跳过分钟线同步
2026-05-06 12:48:23 [INFO] 同步级别为「仅日线」，跳过分钟线同步
2026-05-06 12:48:23 [INFO] === 自动数据补齐全部完成 ===
2026-05-06 12:48:23 [INFO] === 自动数据补齐全部完成 ===
2026-05-06 13:02:07 [INFO] 后台自动数据同步线程已创建（不阻塞页面加载）
2026-05-06 13:02:07 [INFO] 后台自动数据同步线程已创建（不阻塞页面加载）
2026-05-06 13:02:07 [INFO] 自动同步级别: daily
2026-05-06 13:02:07 [INFO] 自动同步级别: daily
2026-05-06 13:02:07 [INFO] === 启动自动数据补齐（最近 5 个交易日）===
2026-05-06 13:02:07 [INFO] === 启动自动数据补齐（最近 5 个交易日）===
2026-05-06 13:02:07 [INFO] [P0/3] 开始检查并补齐日线数据...
2026-05-06 13:02:07 [INFO] [P0/3] 开始检查并补齐日线数据...
2026-05-06 13:02:07 [INFO] [P0] 正在拉取 20260506 (1/5)...
2026-05-06 13:02:07 [INFO] [P0] 正在拉取 20260506 (1/5)...
2026-05-06 13:02:07 [INFO] [P0] 正在拉取 20260430 (2/5)...
2026-05-06 13:02:07 [INFO] [P0] 正在拉取 20260430 (2/5)...
2026-05-06 13:02:08 [INFO] [P0] 正在拉取 20260429 (3/5)...
2026-05-06 13:02:08 [INFO] [P0] 正在拉取 20260429 (3/5)...
2026-05-06 13:02:09 [INFO] [P0] 正在拉取 20260428 (4/5)...
2026-05-06 13:02:09 [INFO] [P0] 正在拉取 20260428 (4/5)...
2026-05-06 13:02:10 [INFO] [P0] 正在拉取 20260427 (5/5)...
2026-05-06 13:02:10 [INFO] [P0] 正在拉取 20260427 (5/5)...
2026-05-06 13:02:11 [INFO] [P0] 正在批量写入 5507 只股票的 Parquet 文件...
2026-05-06 13:02:11 [INFO] [P0] 正在批量写入 5507 只股票的 Parquet 文件...
2026-05-06 13:03:13 [INFO] [P0] 正在重建数据视图...
2026-05-06 13:03:13 [INFO] [P0] 正在重建数据视图...
2026-05-06 13:03:15 [INFO] [P0] 同步完成！
2026-05-06 13:03:15 [INFO] [P0] 同步完成！
2026-05-06 13:03:15 [INFO] ✅ [P0/3] 日线数据补齐完成
2026-05-06 13:03:15 [INFO] ✅ [P0/3] 日线数据补齐完成
2026-05-06 13:03:15 [INFO] 同步级别为「仅日线」，跳过分钟线同步
2026-05-06 13:03:15 [INFO] 同步级别为「仅日线」，跳过分钟线同步
2026-05-06 13:03:15 [INFO] === 自动数据补齐全部完成 ===
2026-05-06 13:03:15 [INFO] === 自动数据补齐全部完成 ===
2026-05-06 13:07:32 [INFO] 后台自动数据同步线程已创建（不阻塞页面加载）
2026-05-06 13:07:32 [INFO] 后台自动数据同步线程已创建（不阻塞页面加载）
2026-05-06 13:07:32 [INFO] 自动同步级别: daily
2026-05-06 13:07:32 [INFO] 自动同步级别: daily
2026-05-06 13:07:32 [INFO] === 启动自动数据补齐（最近 5 个交易日）===
2026-05-06 13:07:32 [INFO] === 启动自动数据补齐（最近 5 个交易日）===
2026-05-06 13:07:32 [INFO] [P0/3] 开始检查并补齐日线数据...
2026-05-06 13:07:32 [INFO] [P0/3] 开始检查并补齐日线数据...
2026-05-06 13:07:32 [INFO] [P0] 正在拉取 20260506 (1/5)...
2026-05-06 13:07:32 [INFO] [P0] 正在拉取 20260506 (1/5)...
2026-05-06 13:07:32 [INFO] [P0] 正在拉取 20260430 (2/5)...
2026-05-06 13:07:32 [INFO] [P0] 正在拉取 20260430 (2/5)...
2026-05-06 13:07:33 [INFO] [P0] 正在拉取 20260429 (3/5)...
2026-05-06 13:07:33 [INFO] [P0] 正在拉取 20260429 (3/5)...
2026-05-06 13:07:33 [INFO] [P0] 正在拉取 20260428 (4/5)...
2026-05-06 13:07:33 [INFO] [P0] 正在拉取 20260428 (4/5)...
2026-05-06 13:07:34 [INFO] [P0] 正在拉取 20260427 (5/5)...
2026-05-06 13:07:34 [INFO] [P0] 正在拉取 20260427 (5/5)...
2026-05-06 13:07:35 [INFO] [P0] 正在批量写入 5507 只股票的 Parquet 文件...
2026-05-06 13:07:35 [INFO] [P0] 正在批量写入 5507 只股票的 Parquet 文件...
2026-05-06 13:09:16 [INFO] [P0] 正在重建数据视图...
2026-05-06 13:09:16 [INFO] [P0] 正在重建数据视图...
2026-05-06 13:09:18 [INFO] [P0] 同步完成！
2026-05-06 13:09:18 [INFO] [P0] 同步完成！
2026-05-06 13:09:18 [INFO] ✅ [P0/3] 日线数据补齐完成
2026-05-06 13:09:18 [INFO] ✅ [P0/3] 日线数据补齐完成
2026-05-06 13:09:18 [INFO] 同步级别为「仅日线」，跳过分钟线同步
2026-05-06 13:09:18 [INFO] 同步级别为「仅日线」，跳过分钟线同步
2026-05-06 13:09:18 [INFO] === 自动数据补齐全部完成 ===
2026-05-06 13:09:18 [INFO] === 自动数据补齐全部完成 ===
2026-05-06 13:12:44 [INFO] 自动同步级别: daily
2026-05-06 13:12:44 [INFO] === 启动自动数据补齐（最近 5 个交易日）===
2026-05-06 13:12:44 [INFO] [P0/3] 开始检查并补齐日线数据...
2026-05-06 13:12:45 [INFO] [P0] 正在拉取 20260506 (1/5)...
2026-05-06 13:12:45 [INFO] [P0] 正在拉取 20260430 (2/5)...
2026-05-06 13:12:46 [INFO] [P0] 正在拉取 20260429 (3/5)...
2026-05-06 13:12:46 [INFO] [P0] 正在拉取 20260428 (4/5)...
2026-05-06 13:12:47 [INFO] [P0] 正在拉取 20260427 (5/5)...
2026-05-06 13:12:48 [INFO] [P0] 正在批量写入 5507 只股票的 Parquet 文件...
2026-05-06 13:14:04 [INFO] [P0] 正在重建数据视图...
2026-05-06 13:14:05 [INFO] [P0] 同步完成！
2026-05-06 13:14:05 [INFO] ✅ [P0/3] 日线数据补齐完成
2026-05-06 13:14:05 [INFO] 同步级别为「仅日线」，跳过分钟线同步
2026-05-06 13:14:05 [INFO] === 自动数据补齐全部完成 ===
2026-05-06 13:16:35 [INFO] 自动同步级别: daily
2026-05-06 13:16:35 [INFO] 自动同步级别: daily
2026-05-06 13:16:35 [INFO] 后台自动数据同步线程已创建（不阻塞页面加载）
2026-05-06 13:16:35 [INFO] 后台自动数据同步线程已创建（不阻塞页面加载）
2026-05-06 13:16:35 [INFO] === 启动自动数据补齐（最近 5 个交易日）===
2026-05-06 13:16:35 [INFO] === 启动自动数据补齐（最近 5 个交易日）===
2026-05-06 13:16:35 [INFO] [P0/3] 开始检查并补齐日线数据...
2026-05-06 13:16:35 [INFO] [P0/3] 开始检查并补齐日线数据...
2026-05-06 13:16:35 [INFO] [P0] 正在拉取 20260506 (1/5)...
2026-05-06 13:16:35 [INFO] [P0] 正在拉取 20260506 (1/5)...
2026-05-06 13:16:35 [INFO] [P0] 正在拉取 20260430 (2/5)...
2026-05-06 13:16:35 [INFO] [P0] 正在拉取 20260430 (2/5)...
2026-05-06 13:16:36 [INFO] [P0] 正在拉取 20260429 (3/5)...
2026-05-06 13:16:36 [INFO] [P0] 正在拉取 20260429 (3/5)...
2026-05-06 13:16:37 [INFO] [P0] 正在拉取 20260428 (4/5)...
2026-05-06 13:16:37 [INFO] [P0] 正在拉取 20260428 (4/5)...
2026-05-06 13:16:37 [INFO] [P0] 正在拉取 20260427 (5/5)...
2026-05-06 13:16:37 [INFO] [P0] 正在拉取 20260427 (5/5)...
2026-05-06 13:16:38 [INFO] [P0] 正在批量写入 5507 只股票的 Parquet 文件...
2026-05-06 13:16:38 [INFO] [P0] 正在批量写入 5507 只股票的 Parquet 文件...
2026-05-06 13:17:31 [INFO] [P0] 正在重建数据视图...
2026-05-06 13:17:31 [INFO] [P0] 正在重建数据视图...
2026-05-06 13:17:34 [INFO] [P0] 同步完成！
2026-05-06 13:17:34 [INFO] [P0] 同步完成！
2026-05-06 13:17:34 [INFO] ✅ [P0/3] 日线数据补齐完成
2026-05-06 13:17:34 [INFO] ✅ [P0/3] 日线数据补齐完成
2026-05-06 13:17:34 [INFO] 同步级别为「仅日线」，跳过分钟线同步
2026-05-06 13:17:34 [INFO] 同步级别为「仅日线」，跳过分钟线同步
2026-05-06 13:17:34 [INFO] === 自动数据补齐全部完成 ===
2026-05-06 13:17:34 [INFO] === 自动数据补齐全部完成 ===
2026-05-06 15:59:39 [INFO] 自动同步级别: daily
2026-05-06 15:59:39 [INFO] 自动同步级别: daily
2026-05-06 15:59:39 [INFO] 后台自动数据同步线程已创建（不阻塞页面加载）
2026-05-06 15:59:39 [INFO] 后台自动数据同步线程已创建（不阻塞页面加载）
2026-05-06 15:59:39 [INFO] === 启动自动数据补齐（最近 5 个交易日）===
2026-05-06 15:59:39 [INFO] === 启动自动数据补齐（最近 5 个交易日）===
2026-05-06 15:59:39 [INFO] [P0/3] 开始检查并补齐日线数据...
2026-05-06 15:59:39 [INFO] [P0/3] 开始检查并补齐日线数据...
2026-05-06 15:59:39 [INFO] [P0] 正在拉取 20260506 (1/5)...
2026-05-06 15:59:39 [INFO] [P0] 正在拉取 20260506 (1/5)...
2026-05-06 15:59:39 [INFO] [P0] 正在拉取 20260430 (2/5)...
2026-05-06 15:59:39 [INFO] [P0] 正在拉取 20260430 (2/5)...
2026-05-06 15:59:40 [INFO] [P0] 正在拉取 20260429 (3/5)...
2026-05-06 15:59:40 [INFO] [P0] 正在拉取 20260429 (3/5)...
2026-05-06 15:59:41 [INFO] [P0] 正在拉取 20260428 (4/5)...
2026-05-06 15:59:41 [INFO] [P0] 正在拉取 20260428 (4/5)...
2026-05-06 15:59:42 [INFO] [P0] 正在拉取 20260427 (5/5)...
2026-05-06 15:59:42 [INFO] [P0] 正在拉取 20260427 (5/5)...
2026-05-06 15:59:43 [INFO] [P0] 正在批量写入 5507 只股票的 Parquet 文件...
2026-05-06 15:59:43 [INFO] [P0] 正在批量写入 5507 只股票的 Parquet 文件...
2026-05-06 16:03:49 [INFO] [P0] 正在重建数据视图...
2026-05-06 16:03:49 [INFO] [P0] 正在重建数据视图...
2026-05-06 16:03:53 [INFO] [P0] 同步完成！
2026-05-06 16:03:53 [INFO] [P0] 同步完成！
2026-05-06 16:03:53 [INFO] ✅ [P0/3] 日线数据补齐完成
2026-05-06 16:03:53 [INFO] ✅ [P0/3] 日线数据补齐完成
2026-05-06 16:03:53 [INFO] 同步级别为「仅日线」，跳过分钟线同步
2026-05-06 16:03:53 [INFO] 同步级别为「仅日线」，跳过分钟线同步
2026-05-06 16:03:53 [INFO] === 自动数据补齐全部完成 ===
2026-05-06 16:03:53 [INFO] === 自动数据补齐全部完成 ===
2026-05-06 16:09:12 [INFO] 后台自动数据同步线程已创建（不阻塞页面加载）
2026-05-06 16:09:12 [INFO] 自动同步级别: daily
2026-05-06 16:09:12 [INFO] === 启动自动数据补齐（最近 5 个交易日）===
2026-05-06 16:09:12 [INFO] [P0/3] 开始检查并补齐日线数据...
2026-05-06 16:09:12 [INFO] [P0] 正在拉取 20260506 (1/5)...
2026-05-06 16:09:13 [INFO] [P0] 正在拉取 20260430 (2/5)...
2026-05-06 16:09:13 [INFO] [P0] 正在拉取 20260429 (3/5)...
2026-05-06 16:09:14 [INFO] [P0] 正在拉取 20260428 (4/5)...
2026-05-06 16:09:15 [INFO] [P0] 正在拉取 20260427 (5/5)...
2026-05-06 16:09:16 [INFO] [P0] 正在批量写入 5507 只股票的 Parquet 文件...
2026-05-06 16:10:34 [INFO] [P0] 正在重建数据视图...
2026-05-06 16:10:41 [INFO] [P0] 同步完成！
2026-05-06 16:10:41 [INFO] ✅ [P0/3] 日线数据补齐完成
2026-05-06 16:10:41 [INFO] 同步级别为「仅日线」，跳过分钟线同步
2026-05-06 16:10:41 [INFO] === 自动数据补齐全部完成 ===
2026-05-06 17:30:00 [INFO] === 全量数据洗盘开始 ===
2026-05-06 17:30:00 [INFO] [1/4] 正在同步股票列表（新股/退市检测）...
2026-05-06 17:30:00 [INFO] ✅ [1/4] 股票列表同步: 新增 0, 退市 311
2026-05-06 17:30:00 [INFO] [2/4] 正在同步股票基础信息...
2026-05-06 17:30:00 [INFO] [3/4] 正在同步财务快照...
2026-05-06 17:32:36 [INFO] ✅ [3/4] 财务快照已完成
2026-05-06 17:32:36 [INFO] [4/4] 正在拉取日 K 线并写入 Parquet...
2026-05-06 17:35:20 [INFO] ✅ [4/4] 日 K 线已更新
2026-05-06 17:35:20 [INFO] ✅ === 全量数据洗盘完成 ===
